Component: ARM Compiler 5.06 update 1 (build 61) Tool: armlink [4d35a8]

==============================================================================

Section Cross References

    app.o(.text) refers to protocol.o(.text) for crc16_modbus
    app.o(.text) refers to usart.o(.text) for USART_OUT
    app.o(.text) refers to os_time.o(.text) for OSTimeDly
    app.o(.text) refers to memseta.o(.text) for __aeabi_memclr4
    app.o(.text) refers to dhcp_2.o(.text) for dhcp_coarse_tmr
    app.o(.text) refers to timer.o(.text) for timer_is_timeout_1MS
    app.o(.text) refers to stm32f2xx_gpio.o(.text) for GPIO_ReadOutputDataBit
    app.o(.text) refers to os_task.o(.text) for OSTaskCreate
    app.o(.text) refers to dhcp.o(.text) for dhcp_task_create
    app.o(.text) refers to os_tmr.o(.text) for OSTmrCreate
    app.o(.text) refers to os_q.o(.text) for OSQCreate
    app.o(.text) refers to cpu_core.o(.text) for CPU_Init
    app.o(.text) refers to bsp.o(.text) for BSP_CPU_TickInit
    app.o(.text) refers to os_stat.o(.text) for OSStatTaskCPUUsageInit
    app.o(.text) refers to os_core.o(.text) for OSSchedRoundRobinCfg
    app.o(.text) refers to cpu_a.o(.text) for CPU_SR_Save
    app.o(.text) refers to app.o(.bss) for led0_task_stk
    app.o(.text) refers to usart.o(.data) for usart2_rx_status
    os_app_hooks.o(.text) refers to cpu_a.o(.text) for CPU_SR_Save
    os_app_hooks.o(.text) refers to os_var.o(.data) for OS_AppTaskCreateHookPtr
    system_stm32f2xx.o(.text) refers to system_stm32f2xx.o(.data) for SystemCoreClock
    protocol.o(.text) refers to os_time.o(.text) for OSTimeDly
    protocol.o(.text) refers to cpu_a.o(.text) for CPU_SR_Save
    protocol.o(.text) refers to os_task.o(.text) for OSTaskCreate
    protocol.o(.text) refers to usart.o(.text) for USART_OUT
    protocol.o(.text) refers to memseta.o(.text) for __aeabi_memclr4
    protocol.o(.text) refers to rawudp.o(.text) for rawudp_send_data
    protocol.o(.text) refers to gprs.o(.data) for gprs_rx_flag
    protocol.o(.text) refers to app.o(.bss) for protocol_task_stk
    protocol.o(.text) refers to protocol.o(.constdata) for crc_table
    protocol.o(.text) refers to protocol.o(.bss) for dev_info
    protocol.o(.text) refers to rawudp.o(.data) for udppcb
    protocol.o(.text) refers to memcpya.o(.text) for __aeabi_memcpy
    protocol.o(.text) refers to usart.o(.data) for gprs_rx_buff
    bsp.o(.text) refers to system_stm32f2xx.o(.text) for SystemInit
    bsp.o(.text) refers to stm32f2xx_rcc.o(.text) for RCC_AHB1PeriphClockCmd
    bsp.o(.text) refers to stm32f2xx_gpio.o(.text) for GPIO_Init
    bsp.o(.text) refers to misc.o(.text) for NVIC_PriorityGroupConfig
    bsp.o(.text) refers to usart.o(.text) for usart2_init
    bsp.o(.text) refers to timer.o(.text) for timer3_init
    bsp.o(.text) refers to w25qxx.o(.text) for w25qxx_init
    bsp.o(.text) refers to rtc.o(.text) for rtc_init
    bsp.o(.text) refers to os_cpu_c.o(.text) for OS_CPU_SysTickInit
    bsp.o(.text) refers to os_cfg_app.o(.constdata) for OSCfg_TickRate_Hz
    bsp.o(.text) refers to cpu_core.o(.text) for CPU_TS_TmrFreqSet
    bsp.o(.text) refers to stm32f2xx_iwdg.o(.text) for IWDG_ReloadCounter
    bsp_int.o(.text) refers to cpu_c.o(.text) for CPU_IntSrcDis
    bsp_int.o(.text) refers to cpu_a.o(.text) for CPU_IntDis
    bsp_int.o(.text) refers to os_core.o(.text) for OSIntEnter
    bsp_int.o(.text) refers to bsp_int.o(.bss) for BSP_IntVectTbl
    bsp_ioe.o(.text) refers to stm32f2xx_rcc.o(.text) for RCC_AHB1PeriphClockCmd
    bsp_ioe.o(.text) refers to stm32f2xx_dma.o(.text) for DMA_DeInit
    bsp_ioe.o(.text) refers to stm32f2xx_i2c.o(.text) for I2C_GenerateSTART
    bsp_ioe.o(.text) refers to bsp_ioe.o(.data) for IOE_TimeOut
    bsp_ioe.o(.text) refers to bsp_os.o(.text) for BSP_OS_TimeDlyMs
    bsp_ioe.o(.text) refers to stm32f2xx_gpio.o(.text) for GPIO_Init
    bsp_ioe.o(.text) refers to stm32f2xx_syscfg.o(.text) for SYSCFG_EXTILineConfig
    bsp_lcd.o(.text) refers to stm32f2xx_rcc.o(.text) for RCC_AHB3PeriphClockCmd
    bsp_lcd.o(.text) refers to stm32f2xx_fsmc.o(.text) for FSMC_NORSRAMInit
    bsp_lcd.o(.text) refers to stm32f2xx_gpio.o(.text) for GPIO_Init
    bsp_lcd.o(.text) refers to bsp_os.o(.text) for BSP_OS_TimeDlyMs
    bsp_os.o(.text) refers to os_sem.o(.text) for OSSemCreate
    bsp_os.o(.text) refers to os_time.o(.text) for OSTimeDlyHMSM
    bsp_os.o(.text) refers to os_cfg_app.o(.constdata) for OSCfg_TickRate_Hz
    bsp_ser.o(.text) refers to stm32f2xx_usart.o(.text) for USART_ReceiveData
    bsp_ser.o(.text) refers to bsp_os.o(.text) for BSP_OS_SemPost
    bsp_ser.o(.text) refers to stm32f2xx_rcc.o(.text) for RCC_AHB1PeriphClockCmd
    bsp_ser.o(.text) refers to stm32f2xx_gpio.o(.text) for GPIO_Init
    bsp_ser.o(.text) refers to bsp_int.o(.text) for BSP_IntVectSet
    bsp_ser.o(.text) refers to printfa.o(i.__0vsnprintf) for __c89vsnprintf
    bsp_ser.o(.text) refers to lib_ascii.o(.text) for ASCII_IsPrint
    bsp_ser.o(.text) refers to bsp_ser.o(.data) for BSP_SerRxData
[...]
    CPU_NameClr                              0x08007d41   Thumb Code    42  cpu_core.o(.text)
    CPU_Init                                 0x08007d81   Thumb Code    12  cpu_core.o(.text)
    CPU_SW_Exception                         0x08007d8d   Thumb Code     4  cpu_core.o(.text)
    CPU_NameGet                              0x08007d91   Thumb Code    70  cpu_core.o(.text)
    CPU_NameSet                              0x08007dd7   Thumb Code    96  cpu_core.o(.text)
    CPU_TS_Get32                             0x08007e37   Thumb Code    12  cpu_core.o(.text)
    CPU_TS_Update                            0x08007e43   Thumb Code     2  cpu_core.o(.text)
    CPU_TS_TmrFreqGet                        0x08007e45   Thumb Code    30  cpu_core.o(.text)
    CPU_TS_TmrFreqSet                        0x08007e63   Thumb Code     6  cpu_core.o(.text)
    CPU_CntLeadZeros08                       0x08007e69   Thumb Code    18  cpu_core.o(.text)
    CPU_CntLeadZeros16                       0x08007e7b   Thumb Code    18  cpu_core.o(.text)
    CPU_CntLeadZeros32                       0x08007e8d   Thumb Code    18  cpu_core.o(.text)
    CPU_CntLeadZeros64                       0x08007e9f   Thumb Code   188  cpu_core.o(.text)
    CPU_CntTrailZeros08                      0x08007f5b   Thumb Code    22  cpu_core.o(.text)
    CPU_CntTrailZeros16                      0x08007f71   Thumb Code    22  cpu_core.o(.text)
    CPU_CntTrailZeros32                      0x08007f87   Thumb Code    22  cpu_core.o(.text)
    CPU_CntTrailZeros64                      0x08007f9d   Thumb Code    62  cpu_core.o(.text)
    CPU_BitBandClr                           0x08007fe9   Thumb Code    58  cpu_c.o(.text)
    CPU_BitBandSet                           0x08008023   Thumb Code    58  cpu_c.o(.text)
    CPU_IntSrcDis                            0x0800805d   Thumb Code   328  cpu_c.o(.text)
    CPU_IntSrcEn                             0x080081a5   Thumb Code   328  cpu_c.o(.text)
    CPU_IntSrcPendClr                        0x080082ed   Thumb Code   164  cpu_c.o(.text)
    CPU_IntSrcPrioSet                        0x08008391   Thumb Code   522  cpu_c.o(.text)
    CPU_IntSrcPrioGet                        0x0800859b   Thumb Code   450  cpu_c.o(.text)
    CPU_IntDis                               0x08008765   Thumb Code     0  cpu_a.o(.text)
    CPU_IntEn                                0x08008769   Thumb Code     0  cpu_a.o(.text)
    CPU_SR_Save                              0x0800876d   Thumb Code     0  cpu_a.o(.text)
    CPU_SR_Restore                           0x08008775   Thumb Code     0  cpu_a.o(.text)
    CPU_WaitForInt                           0x0800877b   Thumb Code     0  cpu_a.o(.text)
    CPU_WaitForExcept                        0x0800877f   Thumb Code     0  cpu_a.o(.text)
    CPU_CntLeadZeros                         0x08008783   Thumb Code     0  cpu_a.o(.text)
    CPU_CntTrailZeros                        0x08008789   Thumb Code     0  cpu_a.o(.text)
    CPU_RevBits                              0x08008793   Thumb Code     0  cpu_a.o(.text)
    OSIdleTaskHook                           0x08008799   Thumb Code    16  os_cpu_c.o(.text)
    OSInitHook                               0x080087a9   Thumb Code    42  os_cpu_c.o(.text)
    OSStatTaskHook                           0x080087d3   Thumb Code    16  os_cpu_c.o(.text)
    OSTaskCreateHook                         0x080087e3   Thumb Code    20  os_cpu_c.o(.text)
    OSTaskDelHook                            0x080087f7   Thumb Code    20  os_cpu_c.o(.text)
    OSTaskReturnHook                         0x0800880b   Thumb Code    20  os_cpu_c.o(.text)
    OSTaskStkInit                            0x0800881f   Thumb Code   188  os_cpu_c.o(.text)
    OSTaskSwHook                             0x080088db   Thumb Code   120  os_cpu_c.o(.text)
    OSTimeTickHook                           0x08008953   Thumb Code    16  os_cpu_c.o(.text)
    OS_CPU_SysTickHandler                    0x08008963   Thumb Code    52  os_cpu_c.o(.text)
    OS_CPU_SysTickInit                       0x08008997   Thumb Code    44  os_cpu_c.o(.text)
    OSCfg_Init                               0x08008a05   Thumb Code     2  os_cfg_app.o(.text)
    OS_IdleTask                              0x08008a09   Thumb Code    60  os_core.o(.text)
    OS_IdleTaskInit                          0x08008a45   Thumb Code    68  os_core.o(.text)
    OS_RdyListInit                           0x08008a89   Thumb Code    32  os_core.o(.text)
    OSInit                                   0x08008aa9   Thumb Code   288  os_core.o(.text)
    OSIntEnter                               0x08008bc9   Thumb Code    34  os_core.o(.text)
    OSIntExit                                0x08008beb   Thumb Code   192  os_core.o(.text)
    OSSched                                  0x08008cab   Thumb Code   134  os_core.o(.text)
    OS_SchedLockTimeMeasStart                0x08008d31   Thumb Code    20  os_core.o(.text)
    OSSchedLock                              0x08008d45   Thumb Code   104  os_core.o(.text)
    OS_SchedLockTimeMeasStop                 0x08008dad   Thumb Code    44  os_core.o(.text)
    OSSchedUnlock                            0x08008dd9   Thumb Code   290  os_core.o(.text)
    OSSchedRoundRobinCfg                     0x08008efb   Thumb Code    88  os_core.o(.text)
    OS_RdyListMoveHeadToTail                 0x08008f53   Thumb Code    68  os_core.o(.text)
    OSSchedRoundRobinYield                   0x08008f97   Thumb Code   164  os_core.o(.text)
    OSStart                                  0x0800903b   Thumb Code    78  os_core.o(.text)
    OSVersion                                0x08009089   Thumb Code    12  os_core.o(.text)
    OS_PendDbgNameAdd                        0x08009095   Thumb Code    66  os_core.o(.text)
    OS_PendListInsertPrio                    0x080090d7   Thumb Code   102  os_core.o(.text)
    OS_PendDataInit                          0x0800913d   Thumb Code    38  os_core.o(.text)
    OS_RdyListRemove                         0x08009163   Thumb Code    86  os_core.o(.text)
    OS_TaskBlock                             0x080091b9   Thumb Code    56  os_core.o(.text)
    OS_Pend                                  0x080091f1   Thumb Code    98  os_core.o(.text)
    OS_PendListRemove1                       0x08009253   Thumb Code   136  os_core.o(.text)
    OS_PendListRemove                        0x080092db   Thumb Code    48  os_core.o(.text)
    OS_PendAbort1                            0x0800930b   Thumb Code    36  os_core.o(.text)
    OS_RdyListInsertHead                     0x0800932f   Thumb Code    58  os_core.o(.text)
    OS_RdyListInsertTail                     0x08009369   Thumb Code    56  os_core.o(.text)
    OS_RdyListInsert                         0x080093a1   Thumb Code    40  os_core.o(.text)
    OS_TaskRdy                               0x080093c9   Thumb Code    28  os_core.o(.text)
    OS_PendAbort                             0x080093e5   Thumb Code   166  os_core.o(.text)
    OS_PendDbgNameRemove                     0x0800948b   Thumb Code    34  os_core.o(.text)
    OS_PendListChangePrio                    0x080094ad   Thumb Code    70  os_core.o(.text)
    OS_PendListInit                          0x080094f3   Thumb Code    10  os_core.o(.text)
    OS_PendListInsertHead                    0x080094fd   Thumb Code    32  os_core.o(.text)
    OS_PendObjDel1                           0x0800951d   Thumb Code    36  os_core.o(.text)
    OS_PendObjDel                            0x08009541   Thumb Code   162  os_core.o(.text)
    OS_Post1                                 0x080095e3   Thumb Code    42  os_core.o(.text)
    OS_Post                                  0x0800960d   Thumb Code   192  os_core.o(.text)
    OS_SchedRoundRobin                       0x080096cd   Thumb Code   208  os_core.o(.text)
    OS_Dbg_Init                              0x080097a5   Thumb Code   148  os_dbg.o(.text)
    OS_FlagDbgListAdd                        0x08009951   Thumb Code    38  os_flag.o(.text)
    OSFlagCreate                             0x08009977   Thumb Code   116  os_flag.o(.text)
    OS_FlagClr                               0x080099eb   Thumb Code    28  os_flag.o(.text)
    OS_FlagDbgListRemove                     0x08009a07   Thumb Code    44  os_flag.o(.text)
    OSFlagDel                                0x08009a33   Thumb Code   306  os_flag.o(.text)
    OS_FlagBlock                             0x08009b65   Thumb Code    58  os_flag.o(.text)
    OSFlagPend                               0x08009b9f   Thumb Code  1248  os_flag.o(.text)
    OSFlagPendAbort                          0x0800a07f   Thumb Code   236  os_flag.o(.text)
    OSFlagPendGetFlagsRdy                    0x0800a16b   Thumb Code    86  os_flag.o(.text)
    OS_FlagTaskRdy                           0x0800a1c1   Thumb Code    86  os_flag.o(.text)
    OS_FlagPost                              0x0800a217   Thumb Code   418  os_flag.o(.text)
    OSFlagPost                               0x0800a3b9   Thumb Code   112  os_flag.o(.text)
    OS_FlagInit                              0x0800a429   Thumb Code    14  os_flag.o(.text)
    OS_MemDbgListAdd                         0x0800a449   Thumb Code    34  os_mem.o(.text)
    OSMemCreate                              0x0800a46b   Thumb Code   232  os_mem.o(.text)
    OSMemGet                                 0x0800a553   Thumb Code   100  os_mem.o(.text)
    OSMemPut                                 0x0800a5b7   Thumb Code   112  os_mem.o(.text)
    OS_MemInit                               0x0800a627   Thumb Code    14  os_mem.o(.text)
    OS_MsgPoolInit                           0x0800a645   Thumb Code   110  os_msg.o(.text)
    OS_MsgQFreeAll                           0x0800a6b3   Thumb Code    62  os_msg.o(.text)
    OS_MsgQInit                              0x0800a6f1   Thumb Code    14  os_msg.o(.text)
    OS_MsgQGet                               0x0800a6ff   Thumb Code    98  os_msg.o(.text)
    OS_MsgQPut                               0x0800a761   Thumb Code   254  os_msg.o(.text)
    OS_MutexDbgListAdd                       0x0800a86d   Thumb Code    38  os_mutex.o(.text)
    OSMutexCreate                            0x0800a893   Thumb Code   122  os_mutex.o(.text)
    OS_MutexClr                              0x0800a90d   Thumb Code    38  os_mutex.o(.text)
    OS_MutexDbgListRemove                    0x0800a933   Thumb Code    44  os_mutex.o(.text)
    OSMutexDel                               0x0800a95f   Thumb Code   442  os_mutex.o(.text)
    OSMutexPend                              0x0800ab19   Thumb Code   618  os_mutex.o(.text)
    OSMutexPendAbort                         0x0800ad83   Thumb Code   236  os_mutex.o(.text)
    OSMutexPost                              0x0800ae6f   Thumb Code   354  os_mutex.o(.text)
    OS_MutexInit                             0x0800afd1   Thumb Code    14  os_mutex.o(.text)
    OS_PrioInit                              0x0800aff9   Thumb Code    20  os_prio.o(.text)
    OS_PrioGetHighest                        0x0800b00d   Thumb Code    36  os_prio.o(.text)
    OS_PrioInsert                            0x0800b031   Thumb Code    32  os_prio.o(.text)
    OS_PrioRemove                            0x0800b051   Thumb Code    32  os_prio.o(.text)
    OS_QDbgListAdd                           0x0800b075   Thumb Code    38  os_q.o(.text)
    OSQCreate                                0x0800b09b   Thumb Code   130  os_q.o(.text)
    OS_QClr                                  0x0800b11d   Thumb Code    40  os_q.o(.text)
    OS_QDbgListRemove                        0x0800b145   Thumb Code    44  os_q.o(.text)
    OSQDel                                   0x0800b171   Thumb Code   306  os_q.o(.text)
    OSQFlush                                 0x0800b2a3   Thumb Code   106  os_q.o(.text)
    OSQPend                                  0x0800b30d   Thumb Code   484  os_q.o(.text)
    OSQPendAbort                             0x0800b4f1   Thumb Code   236  os_q.o(.text)
    OS_QPost                                 0x0800b5dd   Thumb Code   190  os_q.o(.text)
    OSQPost                                  0x0800b69b   Thumb Code   144  os_q.o(.text)
    OS_QInit                                 0x0800b72b   Thumb Code    14  os_q.o(.text)
    OS_SemDbgListAdd                         0x0800b74d   Thumb Code    38  os_sem.o(.text)
    OSSemCreate                              0x0800b773   Thumb Code   116  os_sem.o(.text)
    OS_SemClr                                0x0800b7e7   Thumb Code    28  os_sem.o(.text)
    OS_SemDbgListRemove                      0x0800b803   Thumb Code    44  os_sem.o(.text)
    OSSemDel                                 0x0800b82f   Thumb Code   306  os_sem.o(.text)
    OSSemPend                                0x0800b961   Thumb Code   406  os_sem.o(.text)
    OSSemPendAbort                           0x0800baf7   Thumb Code   278  os_sem.o(.text)
    OS_SemPost                               0x0800bc0d   Thumb Code   294  os_sem.o(.text)
    OSSemPost                                0x0800bd33   Thumb Code   108  os_sem.o(.text)
    OSSemSet                                 0x0800bd9f   Thumb Code   120  os_sem.o(.text)
    OS_SemInit                               0x0800be17   Thumb Code    14  os_sem.o(.text)
    OSStatReset                              0x0800be35   Thumb Code   262  os_stat.o(.text)
    OSStatTaskCPUUsageInit                   0x0800bf3b   Thumb Code   212  os_stat.o(.text)
    OS_StatTask                              0x0800c00f   Thumb Code   768  os_stat.o(.text)
    OS_StatTaskInit                          0x0800c30f   Thumb Code   138  os_stat.o(.text)
    OSTaskChangePrio                         0x0800c3dd   Thumb Code   274  os_task.o(.text)
    OS_TaskDbgListAdd                        0x0800c4ef   Thumb Code    42  os_task.o(.text)
    OS_TaskInitTCB                           0x0800c519   Thumb Code   190  os_task.o(.text)
    OSTaskCreate                             0x0800c5d7   Thumb Code   412  os_task.o(.text)
    OS_TaskDbgListRemove                     0x0800c773   Thumb Code    64  os_task.o(.text)
    OSTaskDel                                0x0800c7b3   Thumb Code   324  os_task.o(.text)
    OSTaskQFlush                             0x0800c8f7   Thumb Code   110  os_task.o(.text)
    OSTaskQPend                              0x0800c965   Thumb Code   458  os_task.o(.text)
    OSTaskQPendAbort                         0x0800cb2f   Thumb Code   206  os_task.o(.text)
    OS_TaskQPost                             0x0800cbfd   Thumb Code   220  os_task.o(.text)
    OSTaskQPost                              0x0800ccd9   Thumb Code    82  os_task.o(.text)
    OSTaskRegGet                             0x0800cd2b   Thumb Code    78  os_task.o(.text)
    OSTaskRegGetID                           0x0800cd79   Thumb Code    84  os_task.o(.text)
    OSTaskRegSet                             0x0800cdcd   Thumb Code    78  os_task.o(.text)
    OS_TaskResume                            0x0800ce1b   Thumb Code   256  os_task.o(.text)
    OSTaskResume                             0x0800cf1b   Thumb Code    96  os_task.o(.text)
    OSTaskSemPend                            0x0800cf7b   Thumb Code   478  os_task.o(.text)
    OSTaskSemPendAbort                       0x0800d159   Thumb Code   214  os_task.o(.text)
    OS_TaskSemPost                           0x0800d22f   Thumb Code   448  os_task.o(.text)
    OSTaskSemPost                            0x0800d3ef   Thumb Code    76  os_task.o(.text)
    OSTaskSemSet                             0x0800d43b   Thumb Code    80  os_task.o(.text)
    OSTaskStkChk                             0x0800d48b   Thumb Code   204  os_task.o(.text)
    OS_TaskSuspend                           0x0800d557   Thumb Code   272  os_task.o(.text)
    OSTaskSuspend                            0x0800d667   Thumb Code    48  os_task.o(.text)
    OSTaskTimeQuantaSet                      0x0800d697   Thumb Code    96  os_task.o(.text)
    OS_TaskInit                              0x0800d6f7   Thumb Code    18  os_task.o(.text)
    OS_TaskReturn                            0x0800d709   Thumb Code    20  os_task.o(.text)
    OS_TickListRemove                        0x0800d73d   Thumb Code    56  os_tick.o(.text)
    OS_TickListUpdate                        0x0800d775   Thumb Code   376  os_tick.o(.text)
    OS_TickTask                              0x0800d8ed   Thumb Code    38  os_tick.o(.text)
    OS_TickListInit                          0x0800d913   Thumb Code    32  os_tick.o(.text)
    OS_TickTaskInit                          0x0800d933   Thumb Code   130  os_tick.o(.text)
    OS_TickListInsert                        0x0800d9b5   Thumb Code   430  os_tick.o(.text)
    OS_TickListResetPeak                     0x0800db63   Thumb Code    94  os_tick.o(.text)
    OSTimeDly                                0x0800dbc1   Thumb Code   182  os_time.o(.text)
    OSTimeDlyHMSM                            0x0800dc77   Thumb Code   394  os_time.o(.text)
    OSTimeDlyResume                          0x0800de01   Thumb Code   334  os_time.o(.text)
    OSTimeGet                                0x0800df4f   Thumb Code    46  os_time.o(.text)
    OSTimeSet                                0x0800df7d   Thumb Code    68  os_time.o(.text)
    OSTimeTick                               0x0800dfc1   Thumb Code    68  os_time.o(.text)
    OS_TmrDbgListAdd                         0x0800e01d   Thumb Code    34  os_tmr.o(.text)
    OSTmrCreate                              0x0800e03f   Thumb Code   192  os_tmr.o(.text)
    OS_TmrClr                                0x0800e0ff   Thumb Code    36  os_tmr.o(.text)
    OS_TmrUnlink                             0x0800e123   Thumb Code    72  os_tmr.o(.text)
    OS_TmrDbgListRemove                      0x0800e16b   Thumb Code    44  os_tmr.o(.text)
    OSTmrDel                                 0x0800e197   Thumb Code   182  os_tmr.o(.text)
    OSTmrRemainGet                           0x0800e24d   Thumb Code   188  os_tmr.o(.text)
    OS_TmrLink                               0x0800e309   Thumb Code   196  os_tmr.o(.text)
    OSTmrStart                               0x0800e3cd   Thumb Code   212  os_tmr.o(.text)
    OSTmrStateGet                            0x0800e4a1   Thumb Code   134  os_tmr.o(.text)
    OSTmrStop                                0x0800e527   Thumb Code   246  os_tmr.o(.text)
    OS_TmrTask                               0x0800e61d   Thumb Code   176  os_tmr.o(.text)
    OS_TmrInit                               0x0800e6cd   Thumb Code   208  os_tmr.o(.text)
    OS_TmrResetPeak                          0x0800e79d   Thumb Code    28  os_tmr.o(.text)
    Reset_Handler                            0x0800e815   Thumb Code     4  cstartup.o(.text)
    App_NMI_ISR                              0x0800e819   Thumb Code     2  cstartup.o(.text)
    App_Fault_ISR                            0x0800e81b   Thumb Code     2  cstartup.o(.text)
    App_MemFault_ISR                         0x0800e81d   Thumb Code     2  cstartup.o(.text)
    App_BusFault_ISR                         0x0800e81f   Thumb Code     2  cstartup.o(.text)
    App_UsageFault_ISR                       0x0800e821   Thumb Code     2  cstartup.o(.text)
    App_Spurious_ISR                         0x0800e823   Thumb Code     2  cstartup.o(.text)
    App_Reserved_ISR                         0x0800e825   Thumb Code     2  cstartup.o(.text)
    sys_mbox_new                             0x0800e82d   Thumb Code    40  sys_arch.o(.text)
    sys_mbox_free                            0x0800e855   Thumb Code    50  sys_arch.o(.text)
    sys_mbox_post                            0x0800e887   Thumb Code   100  sys_arch.o(.text)
    sys_mbox_trypost                         0x0800e8eb   Thumb Code    42  sys_arch.o(.text)
    sys_arch_mbox_fetch                      0x0800e915   Thumb Code   172  sys_arch.o(.text)
    sys_arch_mbox_tryfetch                   0x0800e9c1   Thumb Code    18  sys_arch.o(.text)
    sys_mbox_valid                           0x0800e9d3   Thumb Code    30  sys_arch.o(.text)
    sys_mbox_set_invalid                     0x0800e9f1   Thumb Code    20  sys_arch.o(.text)
    sys_sem_new                              0x0800ea05   Thumb Code    56  sys_arch.o(.text)
    sys_arch_sem_wait                        0x0800ea3d   Thumb Code   118  sys_arch.o(.text)
    sys_sem_signal                           0x0800eab3   Thumb Code    42  sys_arch.o(.text)
    sys_sem_free                             0x0800eadd   Thumb Code    46  sys_arch.o(.text)
    sys_sem_valid                            0x0800eb0b   Thumb Code    30  sys_arch.o(.text)
    sys_sem_set_invalid                      0x0800eb29   Thumb Code    20  sys_arch.o(.text)
    sys_init                                 0x0800eb3d   Thumb Code     2  sys_arch.o(.text)
    sys_thread_new                           0x0800eb3f   Thumb Code   122  sys_arch.o(.text)
    sys_now                                  0x0800ebb9   Thumb Code    30  sys_arch.o(.text)
    rawudp_send_data                         0x0800ece5   Thumb Code    76  rawudp.o(.text)
    rawudp_recv_callback                     0x0800ed31   Thumb Code   160  rawudp.o(.text)
    rawudp_task_create                       0x0800eedb   Thumb Code   110  rawudp.o(.text)
    rawudp_connection_close                  0x0800ef49   Thumb Code    18  rawudp.o(.text)
    dhcp_task_delete                         0x0800efd5   Thumb Code    18  dhcp.o(.text)
    dhcp_task_create                         0x0800f101   Thumb Code   120  dhcp.o(.text)
    lwip_comm_default_ip_set                 0x0800f2c9   Thumb Code    90  lwip_comm_1.o(.text)
    lwip_comm_dev_init                       0x0800f323   Thumb Code   128  lwip_comm_1.o(.text)
    lwip_comm_pkt_handle                     0x0800f3a3   Thumb Code    10  lwip_comm_1.o(.text)
    tcpip_inpkt                              0x0800f467   Thumb Code    38  tcpip.o(.text)
    tcpip_input                              0x0800f48d   Thumb Code    40  tcpip.o(.text)
    tcpip_callback_with_block                0x0800f4b5   Thumb Code   104  tcpip.o(.text)
    tcpip_send_msg_wait_sem                  0x0800f51d   Thumb Code    30  tcpip.o(.text)
    tcpip_api_call                           0x0800f53b   Thumb Code    30  tcpip.o(.text)
    tcpip_callbackmsg_new                    0x0800f559   Thumb Code    32  tcpip.o(.text)
    tcpip_callbackmsg_delete                 0x0800f579   Thumb Code    14  tcpip.o(.text)
    tcpip_trycallback                        0x0800f587   Thumb Code    44  tcpip.o(.text)
    tcpip_init                               0x0800f5b3   Thumb Code   102  tcpip.o(.text)
    pbuf_free_callback                       0x0800f627   Thumb Code    16  tcpip.o(.text)
    mem_free_callback                        0x0800f637   Thumb Code    16  tcpip.o(.text)
    ethernet_input                           0x0800f735   Thumb Code   196  ethernet.o(.text)
    ethernet_output                          0x0800f7f9   Thumb Code   112  ethernet.o(.text)
    ethernetif_input                         0x0800f9f3   Thumb Code    36  ethernetif.o(.text)
    ethernetif_init                          0x0800fa17   Thumb Code    82  ethernetif.o(.text)
    lwip_htons                               0x0800fadd   Thumb Code    12  def.o(.text)
    lwip_htonl                               0x0800fae9   Thumb Code    26  def.o(.text)
    lwip_strnstr                             0x0800fb03   Thumb Code    74  def.o(.text)
    lwip_stricmp                             0x0800fb4d   Thumb Code    60  def.o(.text)
    lwip_strnicmp                            0x0800fb89   Thumb Code    70  def.o(.text)
    lwip_itoa                                0x0800fbcf   Thumb Code    98  def.o(.text)
    lwip_standard_chksum                     0x0800fc35   Thumb Code    94  inet_chksum.o(.text)
    inet_chksum_pseudo                       0x0800fd11   Thumb Code    76  inet_chksum.o(.text)
    ip_chksum_pseudo                         0x0800fd5d   Thumb Code    36  inet_chksum.o(.text)
    inet_chksum_pseudo_partial               0x0800fe2d   Thumb Code    80  inet_chksum.o(.text)
    ip_chksum_pseudo_partial                 0x0800fe7d   Thumb Code    36  inet_chksum.o(.text)
    inet_chksum                              0x0800fea1   Thumb Code    20  inet_chksum.o(.text)
    inet_chksum_pbuf                         0x0800feb5   Thumb Code    82  inet_chksum.o(.text)
    lwip_init                                0x0800ff5d   Thumb Code    68  init.o(.text)
    mem_init                                 0x080100c7   Thumb Code   108  mem.o(.text)
    mem_free                                 0x08010133   Thumb Code   174  mem.o(.text)
    mem_trim                                 0x080101e1   Thumb Code   334  mem.o(.text)
    mem_malloc                               0x0801032f   Thumb Code   778  mem.o(.text)
    mem_calloc                               0x08010639   Thumb Code    34  mem.o(.text)
    memp_init_pool                           0x0801070d   Thumb Code    44  memp.o(.text)
    memp_init                                0x08010739   Thumb Code    26  memp.o(.text)
    memp_malloc_pool                         0x0801079b   Thumb Code    42  memp.o(.text)
    memp_malloc                              0x080107c5   Thumb Code    50  memp.o(.text)
    memp_free_pool                           0x08010837   Thumb Code    48  memp.o(.text)
    memp_free                                0x08010867   Thumb Code    54  memp.o(.text)
    netif_init                               0x08010975   Thumb Code     2  netif.o(.text)
    netif_input                              0x08010977   Thumb Code    36  netif.o(.text)
    netif_set_ipaddr                         0x080109bf   Thumb Code    72  netif.o(.text)
    netif_set_gw                             0x08010a07   Thumb Code    12  netif.o(.text)
    netif_set_netmask                        0x08010a13   Thumb Code    12  netif.o(.text)
    netif_set_addr                           0x08010a1f   Thumb Code    72  netif.o(.text)
    netif_add                                0x08010a67   Thumb Code   126  netif.o(.text)
    netif_set_default                        0x08010ae5   Thumb Code     6  netif.o(.text)
    netif_set_down                           0x08010aeb   Thumb Code    42  netif.o(.text)
    netif_remove                             0x08010b15   Thumb Code   110  netif.o(.text)
    netif_find                               0x08010b83   Thumb Code    64  netif.o(.text)
    netif_set_up                             0x08010bc3   Thumb Code    44  netif.o(.text)
    netif_set_link_up                        0x08010bef   Thumb Code    52  netif.o(.text)
    netif_set_link_down                      0x08010c23   Thumb Code    24  netif.o(.text)
    pbuf_free                                0x08010ca9   Thumb Code   254  pbuf.o(.text)
    pbuf_alloc                               0x08010da7   Thumb Code   660  pbuf.o(.text)
    pbuf_alloced_custom                      0x0801103b   Thumb Code   660  pbuf.o(.text)
    pbuf_realloc                             0x080112cf   Thumb Code   276  pbuf.o(.text)
    pbuf_header                              0x080114c5   Thumb Code    18  pbuf.o(.text)
    pbuf_header_force                        0x080114d7   Thumb Code    18  pbuf.o(.text)
    pbuf_clen                                0x080114e9   Thumb Code    18  pbuf.o(.text)
    pbuf_ref                                 0x080114fb   Thumb Code    64  pbuf.o(.text)
    pbuf_cat                                 0x0801153b   Thumb Code   138  pbuf.o(.text)
    pbuf_chain                               0x080115c5   Thumb Code    22  pbuf.o(.text)
    pbuf_dechain                             0x080115db   Thumb Code   122  pbuf.o(.text)
    pbuf_copy                                0x08011655   Thumb Code   764  pbuf.o(.text)
    pbuf_copy_partial                        0x08011951   Thumb Code   190  pbuf.o(.text)
    pbuf_skip                                0x08011a31   Thumb Code    28  pbuf.o(.text)
    pbuf_take                                0x08011a4d   Thumb Code   260  pbuf.o(.text)
    pbuf_take_at                             0x08011b51   Thumb Code   118  pbuf.o(.text)
    pbuf_coalesce                            0x08011bc7   Thumb Code    84  pbuf.o(.text)
    pbuf_try_get_at                          0x08011c1b   Thumb Code    46  pbuf.o(.text)
    pbuf_get_at                              0x08011c49   Thumb Code   364  pbuf.o(.text)
    pbuf_put_at                              0x08011db5   Thumb Code    42  pbuf.o(.text)
    pbuf_memcmp                              0x08011ddf   Thumb Code    98  pbuf.o(.text)
    pbuf_memfind                             0x08011e41   Thumb Code    72  pbuf.o(.text)
    pbuf_strstr                              0x08011e89   Thumb Code    60  pbuf.o(.text)
    tcp_init                                 0x08011ec5   Thumb Code     2  tcp.o(.text)
    tcp_seg_free                             0x08011ec7   Thumb Code    26  tcp.o(.text)
    tcp_segs_free                            0x08011ee1   Thumb Code    24  tcp.o(.text)
    tcp_pcb_purge                            0x08011ef9   Thumb Code    64  tcp.o(.text)
    tcp_slowtmr                              0x08011f39   Thumb Code  1416  tcp.o(.text)
    tcp_pcb_remove                           0x08012545   Thumb Code   172  tcp.o(.text)
    tcp_close                                0x080127cb   Thumb Code    28  tcp.o(.text)
    tcp_update_rcv_ann_wnd                   0x080127e7   Thumb Code   334  tcp.o(.text)
    tcp_recved                               0x08012935   Thumb Code   148  tcp.o(.text)
    tcp_recv_null                            0x080129c9   Thumb Code    46  tcp.o(.text)
    tcp_process_refused_data                 0x080129f7   Thumb Code   146  tcp.o(.text)
    tcp_fasttmr                              0x08012a89   Thumb Code   130  tcp.o(.text)
    tcp_tmr                                  0x08012b0b   Thumb Code    30  tcp.o(.text)
    tcp_shutdown                             0x08012b29   Thumb Code    98  tcp.o(.text)
    tcp_abandon                              0x08012b8b   Thumb Code   248  tcp.o(.text)
    tcp_abort                                0x08012c83   Thumb Code    14  tcp.o(.text)
    tcp_bind                                 0x08012cf1   Thumb Code   380  tcp.o(.text)
    tcp_listen_with_backlog_and_err          0x08012e81   Thumb Code   214  tcp.o(.text)
    tcp_listen_with_backlog                  0x08012f57   Thumb Code    18  tcp.o(.text)
    tcp_eff_send_mss_impl                    0x08012f69   Thumb Code    58  tcp.o(.text)
    tcp_next_iss                             0x08012fa3   Thumb Code    22  tcp.o(.text)
    tcp_connect                              0x08012fb9   Thumb Code   340  tcp.o(.text)
    tcp_txnow                                0x0801310d   Thumb Code    30  tcp.o(.text)
    tcp_setprio                              0x0801312b   Thumb Code     4  tcp.o(.text)
    tcp_alloc                                0x080132c3   Thumb Code   168  tcp.o(.text)
    tcp_new                                  0x0801336b   Thumb Code    10  tcp.o(.text)
    tcp_new_ip_type                          0x08013375   Thumb Code    16  tcp.o(.text)
    tcp_arg                                  0x08013385   Thumb Code     6  tcp.o(.text)
    tcp_recv                                 0x0801338b   Thumb Code    44  tcp.o(.text)
    tcp_sent                                 0x080133b7   Thumb Code    44  tcp.o(.text)
    tcp_err                                  0x080133e3   Thumb Code    46  tcp.o(.text)
    tcp_accept                               0x08013411   Thumb Code    16  tcp.o(.text)
    tcp_poll                                 0x08013421   Thumb Code    46  tcp.o(.text)
    tcp_netif_ip_addr_changed                0x08013479   Thumb Code    70  tcp.o(.text)
    tcp_debug_state_str                      0x080134bf   Thumb Code    10  tcp.o(.text)
    tcp_input                                0x08014791   Thumb Code  1878  tcp_in.o(.text)
    tcp_trigger_input_pcb_close              0x08014ee7   Thumb Code    14  tcp_in.o(.text)
    tcp_enqueue_flags                        0x080150af   Thumb Code   394  tcp_out.o(.text)
    tcp_send_fin                             0x08015239   Thumb Code    74  tcp_out.o(.text)
    tcp_write                                0x0801550f   Thumb Code  1900  tcp_out.o(.text)
    tcp_send_empty_ack                       0x08015c7b   Thumb Code   142  tcp_out.o(.text)
    tcp_output                               0x08015ddf   Thumb Code   862  tcp_out.o(.text)
    tcp_rst                                  0x0801613d   Thumb Code   182  tcp_out.o(.text)
    tcp_rexmit_rto                           0x080161f3   Thumb Code    66  tcp_out.o(.text)
    tcp_rexmit                               0x08016235   Thumb Code    98  tcp_out.o(.text)
    tcp_rexmit_fast                          0x08016297   Thumb Code   110  tcp_out.o(.text)
    tcp_keepalive                            0x08016305   Thumb Code   114  tcp_out.o(.text)
    tcp_zero_window_probe                    0x08016377   Thumb Code   264  tcp_out.o(.text)
    sys_timeout                              0x08016481   Thumb Code   226  timeouts.o(.text)
    tcp_timer_needed                         0x0801658b   Thumb Code    38  timeouts.o(.text)
    sys_timeouts_init                        0x080165c7   Thumb Code    38  timeouts.o(.text)
    sys_untimeout                            0x080165ed   Thumb Code    90  timeouts.o(.text)
    sys_restart_timeouts                     0x080166b9   Thumb Code    12  timeouts.o(.text)
    sys_timeouts_mbox_fetch                  0x080166f5   Thumb Code    58  timeouts.o(.text)
    udp_init                                 0x080167d9   Thumb Code     2  udp.o(.text)
    udp_input                                0x0801686d   Thumb Code   362  udp.o(.text)
    udp_bind                                 0x080169d7   Thumb Code   138  udp.o(.text)
    udp_sendto_if_src                        0x08016a61   Thumb Code   256  udp.o(.text)
    udp_sendto_if                            0x08016b61   Thumb Code    82  udp.o(.text)
    udp_sendto                               0x08016bb3   Thumb Code   210  udp.o(.text)
    udp_send                                 0x08016c85   Thumb Code    30  udp.o(.text)
    udp_connect                              0x08016ca3   Thumb Code   104  udp.o(.text)
    udp_disconnect                           0x08016d0b   Thumb Code    16  udp.o(.text)
    udp_recv                                 0x08016d1b   Thumb Code     6  udp.o(.text)
    udp_remove                               0x08016d21   Thumb Code    64  udp.o(.text)
    udp_new                                  0x08016d61   Thumb Code    28  udp.o(.text)
    udp_new_ip_type                          0x08016d7d   Thumb Code    14  udp.o(.text)
    udp_netif_ip_addr_changed                0x08016d8b   Thumb Code    42  udp.o(.text)
    dhcp_renew                               0x08017f35   Thumb Code   178  dhcp_2.o(.text)
    dhcp_supplied_address                    0x08018121   Thumb Code    40  dhcp_2.o(.text)
    dhcp_release                             0x08018149   Thumb Code   162  dhcp_2.o(.text)
    dhcp_coarse_tmr                          0x080181eb   Thumb Code   100  dhcp_2.o(.text)
    dhcp_fine_tmr                            0x080183fb   Thumb Code    54  dhcp_2.o(.text)
    dhcp_set_struct                          0x08018431   Thumb Code    98  dhcp_2.o(.text)
    dhcp_cleanup                             0x08018493   Thumb Code    46  dhcp_2.o(.text)
    dhcp_stop                                0x080184c1   Thumb Code    92  dhcp_2.o(.text)
    dhcp_start                               0x0801851d   Thumb Code   230  dhcp_2.o(.text)
    dhcp_inform                              0x08018603   Thumb Code   144  dhcp_2.o(.text)
    dhcp_network_changed                     0x08018693   Thumb Code    74  dhcp_2.o(.text)
    dhcp_arp_reply                           0x0801881b   Thumb Code    64  dhcp_2.o(.text)
    etharp_request                           0x080189ab   Thumb Code    18  etharp.o(.text)
    etharp_tmr                               0x080189bd   Thumb Code   216  etharp.o(.text)
    etharp_cleanup_netif                     0x08018e61   Thumb Code    52  etharp.o(.text)
    etharp_find_addr                         0x08018e95   Thumb Code   110  etharp.o(.text)
    etharp_get_entry                         0x08018f03   Thumb Code   164  etharp.o(.text)
    etharp_input                             0x08018fa7   Thumb Code   214  etharp.o(.text)
    etharp_query                             0x08019221   Thumb Code   472  etharp.o(.text)
    etharp_output                            0x080193f9   Thumb Code   376  etharp.o(.text)
    icmp_input                               0x080195cd   Thumb Code   470  icmp.o(.text)
    icmp_dest_unreach                        0x08019839   Thumb Code    18  icmp.o(.text)
    icmp_time_exceeded                       0x0801984b   Thumb Code    18  icmp.o(.text)
    ip4_route                                0x08019941   Thumb Code   134  ip4.o(.text)
    ip4_input                                0x080199c7   Thumb Code   510  ip4.o(.text)
    ip4_output_if_src                        0x08019bc5   Thumb Code   336  ip4.o(.text)
    ip4_output_if                            0x08019d15   Thumb Code   206  ip4.o(.text)
    ip4_output                               0x08019de3   Thumb Code    86  ip4.o(.text)
    ip4_addr_isbroadcast_u32                 0x08019e39   Thumb Code    78  ip4_addr.o(.text)
    ip4_addr_netmask_valid                   0x08019e87   Thumb Code    56  ip4_addr.o(.text)
    ip4addr_aton                             0x08019ebf   Thumb Code   414  ip4_addr.o(.text)
    ipaddr_addr                              0x0801a05d   Thumb Code    24  ip4_addr.o(.text)
    ip4addr_ntoa_r                           0x0801a075   Thumb Code   168  ip4_addr.o(.text)
    ip4addr_ntoa                             0x0801a11d   Thumb Code    16  ip4_addr.o(.text)
    ip_reass_tmr                             0x0801a2d7   Thumb Code    48  ip4_frag.o(.text)
    ip4_reass                                0x0801a711   Thumb Code   474  ip4_frag.o(.text)
    ip4_frag                                 0x0801a971   Thumb Code   716  ip4_frag.o(.text)
    __aeabi_memcpy                           0x0801ac41   Thumb Code    36  memcpya.o(.text)
    __aeabi_memcpy4                          0x0801ac41   Thumb Code     0  memcpya.o(.text)
    __aeabi_memcpy8                          0x0801ac41   Thumb Code     0  memcpya.o(.text)
    __aeabi_memset                           0x0801ac65   Thumb Code    14  memseta.o(.text)
    __aeabi_memset4                          0x0801ac65   Thumb Code     0  memseta.o(.text)
    __aeabi_memset8                          0x0801ac65   Thumb Code     0  memseta.o(.text)
    __aeabi_memclr                           0x0801ac73   Thumb Code     4  memseta.o(.text)
    __aeabi_memclr4                          0x0801ac73   Thumb Code     0  memseta.o(.text)
    __aeabi_memclr8                          0x0801ac73   Thumb Code     0  memseta.o(.text)
    _memset$wrapper                          0x0801ac77   Thumb Code    18  memseta.o(.text)
    strlen                                   0x0801ac89   Thumb Code    14  strlen.o(.text)
    strcmp                                   0x0801ac97   Thumb Code    28  strcmp.o(.text)
    memcmp                                   0x0801acb3   Thumb Code    26  memcmp.o(.text)
    strncmp                                  0x0801accd   Thumb Code    30  strncmp.o(.text)
    __aeabi_uidiv                            0x0801aceb   Thumb Code     0  uidiv.o(.text)
    __aeabi_uidivmod                         0x0801aceb   Thumb Code    44  uidiv.o(.text)
    __scatterload                            0x0801ad19   Thumb Code    28  init.o(.text)
    __scatterload_rt2                        0x0801ad19   Thumb Code     0  init.o(.text)
    __I$use$semihosting$fputc                0x0801ad3d   Thumb Code     0  iusesemip.o(.text)
    __decompress                             0x0801ad3d   Thumb Code     0  __dczerorl2.o(.text)
    __decompress1                            0x0801ad3d   Thumb Code    86  __dczerorl2.o(.text)
    __semihosting_library_function           0x0801ad3d   Thumb Code     0  semi.o(.text)
    OSStartHighRdy                           0x0801ad95   Thumb Code     0  os_cpu_a.o(CODE)
    OS_CPU_PendSVHandler                     0x0801adb7   Thumb Code     0  os_cpu_a.o(CODE)
    __0printf$3                              0x0801ae19   Thumb Code    22  printf3.o(i.__0printf$3)
    __1printf$3                              0x0801ae19   Thumb Code     0  printf3.o(i.__0printf$3)
    __2printf                                0x0801ae19   Thumb Code     0  printf3.o(i.__0printf$3)
    __0sprintf$3                             0x0801ae39   Thumb Code    34  printf3.o(i.__0sprintf$3)
    __1sprintf$3                             0x0801ae39   Thumb Code     0  printf3.o(i.__0sprintf$3)
    __2sprintf                               0x0801ae39   Thumb Code     0  printf3.o(i.__0sprintf$3)
    __scatterload_copy                       0x0801ae61   Thumb Code    14  handlers.o(i.__scatterload_copy)
    __scatterload_null                       0x0801ae6f   Thumb Code     2  handlers.o(i.__scatterload_null)
    __scatterload_zeroinit                   0x0801ae71   Thumb Code    14  handlers.o(i.__scatterload_zeroinit)
    fputc                                    0x0801b043   Thumb Code    18  fputc.o(i.fputc)
    crc_table                                0x0801b054   Data         512  protocol.o(.constdata)
    OSCfg_IdleTaskStkBasePtr                 0x0801b3e8   Data           4  os_cfg_app.o(.constdata)
    OSCfg_IdleTaskStkLimit                   0x0801b3ec   Data           4  os_cfg_app.o(.constdata)
    OSCfg_IdleTaskStkSize                    0x0801b3f0   Data           4  os_cfg_app.o(.constdata)
    OSCfg_IdleTaskStkSizeRAM                 0x0801b3f4   Data           4  os_cfg_app.o(.constdata)
    OSCfg_IntQBasePtr                        0x0801b3f8   Data           4  os_cfg_app.o(.constdata)
    OSCfg_IntQSize                           0x0801b3fc   Data           2  os_cfg_app.o(.constdata)
    OSCfg_IntQSizeRAM                        0x0801b400   Data           4  os_cfg_app.o(.constdata)
    OSCfg_IntQTaskStkBasePtr                 0x0801b404   Data           4  os_cfg_app.o(.constdata)
    OSCfg_IntQTaskStkLimit                   0x0801b408   Data           4  os_cfg_app.o(.constdata)
    OSCfg_IntQTaskStkSize                    0x0801b40c   Data           4  os_cfg_app.o(.constdata)
    OSCfg_IntQTaskStkSizeRAM                 0x0801b410   Data           4  os_cfg_app.o(.constdata)
    OSCfg_ISRStkBasePtr                      0x0801b414   Data           4  os_cfg_app.o(.constdata)
    OSCfg_ISRStkSize                         0x0801b418   Data           4  os_cfg_app.o(.constdata)
    OSCfg_ISRStkSizeRAM                      0x0801b41c   Data           4  os_cfg_app.o(.constdata)
    OSCfg_MsgPoolSize                        0x0801b420   Data           2  os_cfg_app.o(.constdata)
    OSCfg_MsgPoolSizeRAM                     0x0801b424   Data           4  os_cfg_app.o(.constdata)
    OSCfg_MsgPoolBasePtr                     0x0801b428   Data           4  os_cfg_app.o(.constdata)
    OSCfg_StatTaskPrio                       0x0801b42c   Data           1  os_cfg_app.o(.constdata)
    OSCfg_StatTaskRate_Hz                    0x0801b430   Data           4  os_cfg_app.o(.constdata)
    OSCfg_StatTaskStkBasePtr                 0x0801b434   Data           4  os_cfg_app.o(.constdata)
    OSCfg_StatTaskStkLimit                   0x0801b438   Data           4  os_cfg_app.o(.constdata)
    OSCfg_StatTaskStkSize                    0x0801b43c   Data           4  os_cfg_app.o(.constdata)
    OSCfg_StatTaskStkSizeRAM                 0x0801b440   Data           4  os_cfg_app.o(.constdata)
    OSCfg_StkSizeMin                         0x0801b444   Data           4  os_cfg_app.o(.constdata)
    OSCfg_TickRate_Hz                        0x0801b448   Data           4  os_cfg_app.o(.constdata)
    OSCfg_TickTaskPrio                       0x0801b44c   Data           1  os_cfg_app.o(.constdata)
    OSCfg_TickTaskStkBasePtr                 0x0801b450   Data           4  os_cfg_app.o(.constdata)
    OSCfg_TickTaskStkLimit                   0x0801b454   Data           4  os_cfg_app.o(.constdata)
    OSCfg_TickTaskStkSize                    0x0801b458   Data           4  os_cfg_app.o(.constdata)
    OSCfg_TickTaskStkSizeRAM                 0x0801b45c   Data           4  os_cfg_app.o(.constdata)
    OSCfg_TickWheelSize                      0x0801b460   Data           2  os_cfg_app.o(.constdata)
    OSCfg_TickWheelSizeRAM                   0x0801b464   Data           4  os_cfg_app.o(.constdata)
    OSCfg_TmrTaskPrio                        0x0801b468   Data           1  os_cfg_app.o(.constdata)
    OSCfg_TmrTaskRate_Hz                     0x0801b46c   Data           4  os_cfg_app.o(.constdata)
    OSCfg_TmrTaskStkBasePtr                  0x0801b470   Data           4  os_cfg_app.o(.constdata)
    OSCfg_TmrTaskStkLimit                    0x0801b474   Data           4  os_cfg_app.o(.constdata)
    OSCfg_TmrTaskStkSize                     0x0801b478   Data           4  os_cfg_app.o(.constdata)
    OSCfg_TmrTaskStkSizeRAM                  0x0801b47c   Data           4  os_cfg_app.o(.constdata)
    OSCfg_TmrWheelSize                       0x0801b480   Data           2  os_cfg_app.o(.constdata)
    OSCfg_TmrWheelSizeRAM                    0x0801b484   Data           4  os_cfg_app.o(.constdata)
    OSCfg_DataSizeRAM                        0x0801b488   Data           4  os_cfg_app.o(.constdata)
    OSDbg_DbgEn                              0x0801b48c   Data           1  os_dbg.o(.constdata)
    OSDbg_ArgChkEn                           0x0801b48d   Data           1  os_dbg.o(.constdata)
    OSDbg_AppHooksEn                         0x0801b48e   Data           1  os_dbg.o(.constdata)
    OSDbg_EndiannessTest                     0x0801b490   Data           4  os_dbg.o(.constdata)
    OSDbg_CalledFromISRChkEn                 0x0801b494   Data           1  os_dbg.o(.constdata)
    OSDbg_FlagEn                             0x0801b495   Data           1  os_dbg.o(.constdata)
    OSDbg_FlagGrp                            0x0801b498   Data          40  os_dbg.o(.constdata)
    OSDbg_FlagDelEn                          0x0801b4c0   Data           1  os_dbg.o(.constdata)
    OSDbg_FlagModeClrEn                      0x0801b4c1   Data           1  os_dbg.o(.constdata)
    OSDbg_FlagPendAbortEn                    0x0801b4c2   Data           1  os_dbg.o(.constdata)
    OSDbg_FlagGrpSize                        0x0801b4c4   Data           2  os_dbg.o(.constdata)
    OSDbg_FlagWidth                          0x0801b4c6   Data           2  os_dbg.o(.constdata)
    OSDbg_IntQ                               0x0801b4c8   Data           2  os_dbg.o(.constdata)
    OSDbg_ISRPostDeferredEn                  0x0801b4ca   Data           1  os_dbg.o(.constdata)
    OSDbg_Mem                                0x0801b4cc   Data          32  os_dbg.o(.constdata)
    OSDbg_MemEn                              0x0801b4ec   Data           1  os_dbg.o(.constdata)
    OSDbg_MemSize                            0x0801b4ee   Data           2  os_dbg.o(.constdata)
    OSDbg_MsgEn                              0x0801b4f0   Data           1  os_dbg.o(.constdata)
    OSDbg_MsgSize                            0x0801b4f2   Data           2  os_dbg.o(.constdata)
    OSDbg_MsgPoolSize                        0x0801b4f4   Data           2  os_dbg.o(.constdata)
    OSDbg_MsgQSize                           0x0801b4f6   Data           2  os_dbg.o(.constdata)
    OSDbg_Mutex                              0x0801b4f8   Data          44  os_dbg.o(.constdata)
    OSDbg_MutexEn                            0x0801b524   Data           1  os_dbg.o(.constdata)
    OSDbg_MutexDelEn                         0x0801b525   Data           1  os_dbg.o(.constdata)
    OSDbg_MutexPendAbortEn                   0x0801b526   Data           1  os_dbg.o(.constdata)
    OSDbg_MutexSize                          0x0801b528   Data           2  os_dbg.o(.constdata)
    OSDbg_ObjTypeChkEn                       0x0801b52a   Data           1  os_dbg.o(.constdata)
    OSDbg_PendMultiEn                        0x0801b52b   Data           1  os_dbg.o(.constdata)
    OSDbg_PendDataSize                       0x0801b52c   Data           2  os_dbg.o(.constdata)
    OSDbg_PendListSize                       0x0801b52e   Data           2  os_dbg.o(.constdata)
    OSDbg_PendObjSize                        0x0801b530   Data           2  os_dbg.o(.constdata)
    OSDbg_PrioMax                            0x0801b532   Data           2  os_dbg.o(.constdata)
    OSDbg_PrioTblSize                        0x0801b534   Data           2  os_dbg.o(.constdata)
    OSDbg_PtrSize                            0x0801b536   Data           2  os_dbg.o(.constdata)
    OSDbg_Q                                  0x0801b538   Data          48  os_dbg.o(.constdata)
    OSDbg_QEn                                0x0801b568   Data           1  os_dbg.o(.constdata)
    OSDbg_QDelEn                             0x0801b569   Data           1  os_dbg.o(.constdata)
    OSDbg_QFlushEn                           0x0801b56a   Data           1  os_dbg.o(.constdata)
    OSDbg_QPendAbortEn                       0x0801b56b   Data           1  os_dbg.o(.constdata)
    OSDbg_QSize                              0x0801b56c   Data           2  os_dbg.o(.constdata)
    OSDbg_SchedRoundRobinEn                  0x0801b56e   Data           1  os_dbg.o(.constdata)
    OSDbg_Sem                                0x0801b570   Data          40  os_dbg.o(.constdata)
    OSDbg_SemEn                              0x0801b598   Data           1  os_dbg.o(.constdata)
    OSDbg_SemDelEn                           0x0801b599   Data           1  os_dbg.o(.constdata)
    OSDbg_SemPendAbortEn                     0x0801b59a   Data           1  os_dbg.o(.constdata)
    OSDbg_SemSetEn                           0x0801b59b   Data           1  os_dbg.o(.constdata)
    OSDbg_SemSize                            0x0801b59c   Data           2  os_dbg.o(.constdata)
    OSDbg_RdyList                            0x0801b59e   Data           2  os_dbg.o(.constdata)
    OSDbg_RdyListSize                        0x0801b5a0   Data           4  os_dbg.o(.constdata)
    OSDbg_StkWidth                           0x0801b5a4   Data           1  os_dbg.o(.constdata)
    OSDbg_StatTaskEn                         0x0801b5a5   Data           1  os_dbg.o(.constdata)
    OSDbg_StatTaskStkChkEn                   0x0801b5a6   Data           1  os_dbg.o(.constdata)
    OSDbg_TaskChangePrioEn                   0x0801b5a7   Data           1  os_dbg.o(.constdata)
    OSDbg_TaskDelEn                          0x0801b5a8   Data           1  os_dbg.o(.constdata)
    OSDbg_TaskQEn                            0x0801b5a9   Data           1  os_dbg.o(.constdata)
    OSDbg_TaskQPendAbortEn                   0x0801b5aa   Data           1  os_dbg.o(.constdata)
    OSDbg_TaskProfileEn                      0x0801b5ab   Data           1  os_dbg.o(.constdata)
    OSDbg_TaskRegTblSize                     0x0801b5ac   Data           2  os_dbg.o(.constdata)
    OSDbg_TaskSemPendAbortEn                 0x0801b5ae   Data           1  os_dbg.o(.constdata)
    OSDbg_TaskSuspendEn                      0x0801b5af   Data           1  os_dbg.o(.constdata)
    OSDbg_TCBSize                            0x0801b5b0   Data           2  os_dbg.o(.constdata)
    OSDbg_TickSpokeSize                      0x0801b5b2   Data           2  os_dbg.o(.constdata)
    OSDbg_TimeDlyHMSMEn                      0x0801b5b4   Data           1  os_dbg.o(.constdata)
    OSDbg_TimeDlyResumeEn                    0x0801b5b5   Data           1  os_dbg.o(.constdata)
    OSDbg_TLS_TblSize                        0x0801b5b6   Data           2  os_dbg.o(.constdata)
    OSDbg_Tmr                                0x0801b5b8   Data          52  os_dbg.o(.constdata)
    OSDbg_TmrEn                              0x0801b5ec   Data           1  os_dbg.o(.constdata)
    OSDbg_TmrDelEn                           0x0801b5ed   Data           1  os_dbg.o(.constdata)
    OSDbg_TmrSize                            0x0801b5ee   Data           2  os_dbg.o(.constdata)
    OSDbg_TmrSpokeSize                       0x0801b5f0   Data           2  os_dbg.o(.constdata)
    OSDbg_VersionNbr                         0x0801b5f2   Data           2  os_dbg.o(.constdata)
    OSDbg_DataSize                           0x0801b5f4   Data           4  os_dbg.o(.constdata)
    pvNullPointer                            0x0801b5f8   Data           4  sys_arch.o(.constdata)
    ethbroadcast                             0x0801b5fc   Data           6  ethernet.o(.constdata)
    ethzero                                  0x0801b602   Data           6  ethernet.o(.constdata)
    memp_UDP_PCB                             0x0801b608   Data          12  memp.o(.constdata)
    memp_TCP_PCB                             0x0801b614   Data          12  memp.o(.constdata)
    memp_TCP_PCB_LISTEN                      0x0801b620   Data          12  memp.o(.constdata)
    memp_TCP_SEG                             0x0801b62c   Data          12  memp.o(.constdata)
    memp_REASSDATA                           0x0801b638   Data          12  memp.o(.constdata)
    memp_FRAG_PBUF                           0x0801b644   Data          12  memp.o(.constdata)
    memp_NETBUF                              0x0801b650   Data          12  memp.o(.constdata)
    memp_NETCONN                             0x0801b65c   Data          12  memp.o(.constdata)
    memp_TCPIP_MSG_API                       0x0801b668   Data          12  memp.o(.constdata)
    memp_SYS_TIMEOUT                         0x0801b674   Data          12  memp.o(.constdata)
    memp_PBUF                                0x0801b680   Data          12  memp.o(.constdata)
    memp_PBUF_POOL                           0x0801b68c   Data          12  memp.o(.constdata)
    memp_pools                               0x0801b698   Data          48  memp.o(.constdata)
    tcp_pcb_lists                            0x0801b708   Data          16  tcp.o(.constdata)
    lwip_cyclic_timers                       0x0801b718   Data          40  timeouts.o(.constdata)
    ip_addr_any                              0x0801b740   Data           4  ip4_addr.o(.constdata)
    ip_addr_broadcast                        0x0801b744   Data           4  ip4_addr.o(.constdata)
    Region$$Table$$Base                      0x0801b974   Number         0  anon$$obj.o(Region$$Table)
    Region$$Table$$Limit                     0x0801b994   Number         0  anon$$obj.o(Region$$Table)
    SystemCoreClock                          0x20000000   Data           4  system_stm32f2xx.o(.data)
    AHBPrescTable                            0x20000004   Data          16  system_stm32f2xx.o(.data)
    usart3_buff                              0x20000014   Data           4  usart.o(.data)
    gprs_rx_buff                             0x20000018   Data           4  usart.o(.data)
    usart5_buff                              0x2000001c   Data           4  usart.o(.data)
    usart2_rx_status                         0x20000020   Data           2  usart.o(.data)
    gprs_err_cnt                             0x20000022   Data           1  gprs.o(.data)
    gprs_status                              0x20000023   Data           1  gprs.o(.data)
    gprs_rx_cnt                              0x20000024   Data           2  gprs.o(.data)
    gprs_send_at_flag                        0x20000026   Data           1  gprs.o(.data)
    gprs_rx_flag                             0x20000027   Data           1  gprs.o(.data)
    g_timeout_cnt                            0x2000002c   Data           4  timer.o(.data)
    lwip_localtime                           0x20000030   Data           4  lan8720.o(.data)
    DMATxDescToSet                           0x20000034   Data           4  stm32f2x7_eth.o(.data)
    DMARxDescToGet                           0x20000038   Data           4  stm32f2x7_eth.o(.data)
    DMA_RX_FRAME_infos                       0x2000003c   Data           4  stm32f2x7_eth.o(.data)
    Frame_Rx_index                           0x20000040   Data           4  stm32f2x7_eth.o(.data)
    Mem_PoolTbl                              0x20000054   Data           4  lib_mem.o(.data)
    CPU_TS_TmrFreq_Hz                        0x20000058   Data           4  cpu_core.o(.data)
    OS_CPU_ExceptStkBase                     0x2000005c   Data           4  os_cpu_c.o(.data)
    OSPrioTbl                                0x20000060   Data           8  os_prio.o(.data)
    OS_AppTaskCreateHookPtr                  0x20000068   Data           4  os_var.o(.data)
    OS_AppTaskDelHookPtr                     0x2000006c   Data           4  os_var.o(.data)
    OS_AppTaskReturnHookPtr                  0x20000070   Data           4  os_var.o(.data)
    OS_AppIdleTaskHookPtr                    0x20000074   Data           4  os_var.o(.data)
    OS_AppStatTaskHookPtr                    0x20000078   Data           4  os_var.o(.data)
    OS_AppTaskSwHookPtr                      0x2000007c   Data           4  os_var.o(.data)
    OS_AppTimeTickHookPtr                    0x20000080   Data           4  os_var.o(.data)
    OSIdleTaskCtr                            0x20000084   Data           4  os_var.o(.data)
    OSIntNestingCtr                          0x20000088   Data           1  os_var.o(.data)
    OSRunning                                0x20000089   Data           1  os_var.o(.data)
    OSFlagDbgListPtr                         0x2000008c   Data           4  os_var.o(.data)
    OSFlagQty                                0x20000090   Data           2  os_var.o(.data)
    OSMemDbgListPtr                          0x20000094   Data           4  os_var.o(.data)
    OSMemQty                                 0x20000098   Data           2  os_var.o(.data)
    OSMutexDbgListPtr                        0x2000009c   Data           4  os_var.o(.data)
    OSMutexQty                               0x200000a0   Data           2  os_var.o(.data)
    OSPrioCur                                0x200000a2   Data           1  os_var.o(.data)
    OSPrioHighRdy                            0x200000a3   Data           1  os_var.o(.data)
    OSPrioSaved                              0x200000a4   Data           1  os_var.o(.data)
    OSQDbgListPtr                            0x200000a8   Data           4  os_var.o(.data)
    OSQQty                                   0x200000ac   Data           2  os_var.o(.data)
    OSSchedLockTimeBegin                     0x200000b0   Data           4  os_var.o(.data)
    OSSchedLockTimeMax                       0x200000b4   Data           4  os_var.o(.data)
    OSSchedLockTimeMaxCur                    0x200000b8   Data           4  os_var.o(.data)
    OSSchedLockNestingCtr                    0x200000bc   Data           1  os_var.o(.data)
    OSSchedRoundRobinDfltTimeQuanta          0x200000c0   Data           4  os_var.o(.data)
    OSSchedRoundRobinEn                      0x200000c4   Data           1  os_var.o(.data)
    OSSemDbgListPtr                          0x200000c8   Data           4  os_var.o(.data)
    OSSemQty                                 0x200000cc   Data           2  os_var.o(.data)
    OSStatResetFlag                          0x200000ce   Data           1  os_var.o(.data)
    OSStatTaskCPUUsage                       0x200000d0   Data           2  os_var.o(.data)
    OSStatTaskCPUUsageMax                    0x200000d2   Data           2  os_var.o(.data)
    OSStatTaskCtr                            0x200000d4   Data           4  os_var.o(.data)
    OSStatTaskCtrMax                         0x200000d8   Data           4  os_var.o(.data)
    OSStatTaskCtrRun                         0x200000dc   Data           4  os_var.o(.data)
    OSStatTaskRdy                            0x200000e0   Data           1  os_var.o(.data)
    OSStatTaskTimeMax                        0x200000e4   Data           4  os_var.o(.data)
    OSTaskCtxSwCtr                           0x200000e8   Data           4  os_var.o(.data)
    OSTaskDbgListPtr                         0x200000ec   Data           4  os_var.o(.data)
    OSTaskQty                                0x200000f0   Data           2  os_var.o(.data)
    OSTaskRegNextAvailID                     0x200000f2   Data           1  os_var.o(.data)
    OSTickCtr                                0x200000f4   Data           4  os_var.o(.data)
    OSTickTaskTimeMax                        0x200000f8   Data           4  os_var.o(.data)
    OSTmrDbgListPtr                          0x200000fc   Data           4  os_var.o(.data)
    OSTmrQty                                 0x20000100   Data           2  os_var.o(.data)
    OSTmrTaskTimeMax                         0x20000104   Data           4  os_var.o(.data)
    OSTmrTickCtr                             0x20000108   Data           4  os_var.o(.data)
    OSTmrUpdateCnt                           0x2000010c   Data           4  os_var.o(.data)
    OSTmrUpdateCtr                           0x20000110   Data           4  os_var.o(.data)
    OSTCBCurPtr                              0x20000114   Data           4  os_var.o(.data)
    OSTCBHighRdyPtr                          0x20000118   Data           4  os_var.o(.data)
    udppcb                                   0x2000011c   Data           4  rawudp.o(.data)
    netif_list                               0x20000164   Data           4  netif.o(.data)
    netif_default                            0x20000168   Data           4  netif.o(.data)
    tcp_ticks                                0x20000174   Data           4  tcp.o(.data)
    tcp_bound_pcbs                           0x20000178   Data           4  tcp.o(.data)
    tcp_listen_pcbs                          0x2000017c   Data           4  tcp.o(.data)
    tcp_active_pcbs                          0x20000180   Data           4  tcp.o(.data)
    tcp_tw_pcbs                              0x20000184   Data           4  tcp.o(.data)
    tcp_active_pcbs_changed                  0x20000188   Data           1  tcp.o(.data)
    tcp_input_pcb                            0x200001b4   Data           4  tcp_in.o(.data)
    udp_pcbs                                 0x200001c8   Data           4  udp.o(.data)
    dhcp_rx_options_given                    0x200001cc   Data           8  dhcp_2.o(.data)
    __stdout                                 0x200001f0   Data           4  stdout.o(.data)
    gprs_init_task_TCB                       0x20000a40   Data         196  app.o(.bss)
    gprs_init_task_stk                       0x20000b04   Data         512  app.o(.bss)
    eth_init_task_TCB                        0x20000d04   Data         196  app.o(.bss)
    eth_init_task_stk                        0x20000dc8   Data        1024  app.o(.bss)
    usart3_task_TCB                          0x200011c8   Data         196  app.o(.bss)
    usart3_task_stk                          0x2000128c   Data        4000  app.o(.bss)
    protocol_task_TCB                        0x2000222c   Data         196  app.o(.bss)
    protocol_task_stk                        0x200022f0   Data        1024  app.o(.bss)
    usart3_msg                               0x200026f0   Data          48  app.o(.bss)
    eth_msg                                  0x20002720   Data          48  app.o(.bss)
    tmr1                                     0x20002750   Data          52  app.o(.bss)
    gprs                                     0x20002784   Data          52  app.o(.bss)
    dev_info                                 0x200027b8   Data          76  protocol.o(.bss)
    w25qxx_flash_buf                         0x2000294c   Data        4096  w25qxx.o(.bss)
    g_timer_cnt                              0x20003b50   Data          36  timer.o(.bss)
    DMARxDscrTab                             0x20003b74   Data         160  stm32f2x7_eth.o(.bss)
    DMATxDscrTab                             0x20003c14   Data         160  stm32f2x7_eth.o(.bss)
    Rx_Buff                                  0x20003cb4   Data        7620  stm32f2x7_eth.o(.bss)
    Tx_Buff                                  0x20005a78   Data        7620  stm32f2x7_eth.o(.bss)
    RX_Frame_Descriptor                      0x2000783c   Data          12  stm32f2x7_eth.o(.bss)
    Mem_PoolHeap                             0x20007848   Data          72  lib_mem.o(.bss)
    Mem_Heap                                 0x20007890   Data        9216  lib_mem.o(.bss)
    CPU_Name                                 0x20009c90   Data          16  cpu_core.o(.bss)
    OSCfg_IdleTaskStk                        0x20009ca0   Data         512  os_cfg_app.o(.bss)
    OSCfg_ISRStk                             0x20009ea0   Data        1024  os_cfg_app.o(.bss)
    OSCfg_MsgPool                            0x2000a2a0   Data        1600  os_cfg_app.o(.bss)
    OSCfg_StatTaskStk                        0x2000a8e0   Data         512  os_cfg_app.o(.bss)
    OSCfg_TickTaskStk                        0x2000aae0   Data         512  os_cfg_app.o(.bss)
    OSCfg_TickWheel                          0x2000ace0   Data         128  os_cfg_app.o(.bss)
    OSCfg_TmrTaskStk                         0x2000ad60   Data         512  os_cfg_app.o(.bss)
    OSCfg_TmrWheel                           0x2000af60   Data         128  os_cfg_app.o(.bss)
    OSIdleTaskTCB                            0x2000afe0   Data         196  os_var.o(.bss)
    OSMsgPool                                0x2000b0a4   Data          12  os_var.o(.bss)
    OSRdyList                                0x2000b0b0   Data         768  os_var.o(.bss)
    OSStatTaskTCB                            0x2000b3b0   Data         196  os_var.o(.bss)
    OSTickTaskTCB                            0x2000b474   Data         196  os_var.o(.bss)
    OSTmrTaskTCB                             0x2000b538   Data         196  os_var.o(.bss)
    tcpip_thread_task_stk                    0x2000b5fc   Data        4000  sys_arch.o(.bss)
    tcpip_thread_task_TCB                    0x2000c59c   Data         196  sys_arch.o(.bss)
    rawudp_task_TCB                          0x2000c660   Data         196  rawudp.o(.bss)
    rawudp_task_stk                          0x2000c724   Data        1024  rawudp.o(.bss)
    rawudp_recv_buff                         0x2000cb24   Data         512  rawudp.o(.bss)
    rawudp_send_buff                         0x2000cd24   Data         512  rawudp.o(.bss)
    dhcp_task_TCB                            0x2000cf24   Data         196  dhcp.o(.bss)
    dhcp_task_stk                            0x2000cfe8   Data        1024  dhcp.o(.bss)
    lwip_dev                                 0x2000d3e8   Data          23  lwip_comm_1.o(.bss)
    lwip_netif                               0x2000d400   Data          52  lwip_comm_1.o(.bss)
    lock_tcpip_core                          0x2000d464   Data          40  tcpip.o(.bss)
    ip_data                                  0x2000d48c   Data          24  ip.o(.bss)
    ram_heap                                 0x2000d4a4   Data        5139  mem.o(.bss)
    memp_memory_UDP_PCB_base                 0x2000e8e0   Data         195  memp.o(.bss)
    memp_memory_TCP_PCB_base                 0x2000e9a3   Data        1483  memp.o(.bss)
    memp_memory_TCP_PCB_LISTEN_base          0x2000ef6e   Data         171  memp.o(.bss)
    memp_memory_TCP_SEG_base                 0x2000f019   Data         195  memp.o(.bss)
    memp_memory_REASSDATA_base               0x2000f0dc   Data         163  memp.o(.bss)
    memp_memory_FRAG_PBUF_base               0x2000f17f   Data         363  memp.o(.bss)
    memp_memory_NETBUF_base                  0x2000f2ea   Data          35  memp.o(.bss)
    memp_memory_NETCONN_base                 0x2000f30d   Data         691  memp.o(.bss)
    memp_memory_TCPIP_MSG_API_base           0x2000f5c0   Data         131  memp.o(.bss)
    memp_memory_SYS_TIMEOUT_base             0x2000f643   Data         131  memp.o(.bss)
    memp_memory_PBUF_base                    0x2000f6c6   Data         163  memp.o(.bss)
    memp_memory_PBUF_POOL_base               0x2000f769   Data       15163  memp.o(.bss)
    dhcp_rx_options_val                      0x200132b4   Data          32  dhcp_2.o(.bss)
    __initial_sp                             0x200137d8   Data           0  cstartup.o(STACK)



==============================================================================

Memory Map of the image

  Image Entry point : 0x08000185

  Load Region LR_IROM1 (Base: 0x08000000, Size: 0x0001bb88, Max: 0x00080000, ABSOLUTE, COMPRESSED[0x0001b9c4])

    Execution Region ER_IROM1 (Base: 0x08000000, Size: 0x0001b994, Max: 0x00080000, ABSOLUTE)

    Base Addr    Size         Type   Attr      Idx    E Section Name        Object

    0x08000000   0x00000184   Data   RO         1609    RESET               cstartup.o
    0x08000184   0x00000000   Code   RO         2678  * .ARM.Collect$$$$00000000  mc_w.l(entry.o)
    0x08000184   0x00000004   Code   RO         2958    .ARM.Collect$$$$00000001  mc_w.l(entry2.o)
    0x08000188   0x00000004   Code   RO         2961    .ARM.Collect$$$$00000004  mc_w.l(entry5.o)
    0x0800018c   0x00000000   Code   RO         2963    .ARM.Collect$$$$00000008  mc_w.l(entry7b.o)
    0x0800018c   0x00000000   Code   RO         2965    .ARM.Collect$$$$0000000A  mc_w.l(entry8b.o)
    0x0800018c   0x00000008   Code   RO         2966    .ARM.Collect$$$$0000000B  mc_w.l(entry9a.o)
    0x08000194   0x00000000   Code   RO         2968    .ARM.Collect$$$$0000000D  mc_w.l(entry10a.o)
    0x08000194   0x00000000   Code   RO         2970    .ARM.Collect$$$$0000000F  mc_w.l(entry11a.o)
    0x08000194   0x00000004   Code   RO         2959    .ARM.Collect$$$$00002712  mc_w.l(entry2.o)
    0x08000198   0x00000424   Code   RO            2    .text               app.o
    0x080005bc   0x000001e0   Code   RO          370    .text               system_stm32f2xx.o
    0x0800079c   0x00000724   Code   RO          392    .text               protocol.o
    0x08000ec0   0x00000650   Code   RO          416    .text               bsp.o
    0x08001510   0x00000428   Code   RO          449    .text               bsp_int.o
    0x08001938   0x00000328   Code   RO          556    .text               w25qxx.o
    0x08001c60   0x000003cc   Code   RO          579    .text               usart.o
    0x0800202c   0x000000e0   Code   RO          625    .text               timer.o
    0x0800210c   0x00000084   Code   RO          649    .text               spi.o
    0x08002190   0x000002dc   Code   RO          665    .text               rtc.o
    0x0800246c   0x0000034c   Code   RO          681    .text               lan8720.o
    0x080027b8   0x00000e34   Code   RO          819    .text               stm32f2x7_eth.o
    0x080035ec   0x000000e0   Code   RO          839    .text               misc.o
    0x080036cc   0x0000011c   Code   RO          999    .text               stm32f2xx_exti.o
    0x080037e8   0x0000025c   Code   RO         1047    .text               stm32f2xx_gpio.o
    0x08003a44   0x00000040   Code   RO         1079    .text               stm32f2xx_iwdg.o
    0x08003a84   0x000000d8   Code   RO         1095    .text               stm32f2xx_pwr.o
    0x08003b5c   0x00000588   Code   RO         1111    .text               stm32f2xx_rcc.o
    0x080040e4   0x00000b08   Code   RO         1145    .text               stm32f2xx_rtc.o
    0x08004bec   0x000003a8   Code   RO         1161    .text               stm32f2xx_spi.o
    0x08004f94   0x0000008c   Code   RO         1177    .text               stm32f2xx_syscfg.o
    0x08005020   0x00000ca2   Code   RO         1193    .text               stm32f2xx_tim.o
    0x08005cc2   0x00000002   PAD
    0x08005cc4   0x0000041a   Code   RO         1209    .text               stm32f2xx_usart.o
    0x080060de   0x00000256   Code   RO         1240    .text               lib_ascii.o
    0x08006334   0x00000ec4   Code   RO         1273    .text               lib_mem.o
    0x080071f8   0x00000928   Code   RO         1292    .text               lib_str.o
    0x08007b20   0x00000220   Code   RO         1309    .text               lib_mem_a.o
    0x08007d40   0x000002a8   Code   RO         1312    .text               cpu_core.o
    0x08007fe8   0x0000077c   Code   RO         1338    .text               cpu_c.o
    0x08008764   0x00000034   Code   RO         1350    .text               cpu_a.o
    0x08008798   0x0000026c   Code   RO         1353    .text               os_cpu_c.o
    0x08008a04   0x00000002   Code   RO         1374    .text               os_cfg_app.o
    0x08008a06   0x00000002   PAD
    0x08008a08   0x00000d9c   Code   RO         1397    .text               os_core.o
    0x080097a4   0x000001ac   Code   RO         1409    .text               os_dbg.o
    0x08009950   0x00000af8   Code   RO         1424    .text               os_flag.o
    0x0800a448   0x000001fc   Code   RO         1442    .text               os_mem.o
    0x0800a644   0x00000228   Code   RO         1454    .text               os_msg.o
    0x0800a86c   0x0000078c   Code   RO         1466    .text               os_mutex.o
    0x0800aff8   0x0000007c   Code   RO         1490    .text               os_prio.o
    0x0800b074   0x000006d8   Code   RO         1509    .text               os_q.o
    0x0800b74c   0x000006e8   Code   RO         1521    .text               os_sem.o
    0x0800be34   0x000005a8   Code   RO         1533    .text               os_stat.o
    0x0800c3dc   0x00001360   Code   RO         1545    .text               os_task.o
    0x0800d73c   0x00000484   Code   RO         1557    .text               os_tick.o
    0x0800dbc0   0x0000045c   Code   RO         1569    .text               os_time.o
    0x0800e01c   0x000007f8   Code   RO         1581    .text               os_tmr.o
    0x0800e814   0x00000018   Code   RO         1610    .text               cstartup.o
    0x0800e82c   0x000004b8   Code   RO         1615    .text               sys_arch.o
    0x0800ece4   0x000002f0   Code   RO         1653    .text               rawudp.o
    0x0800efd4   0x000002f4   Code   RO         1681    .text               dhcp.o
    0x0800f2c8   0x0000010c   Code   RO         1722    .text               lwip_comm_1.o
    0x0800f3d4   0x00000360   Code   RO         2005    .text               tcpip.o
    0x0800f734   0x000001b4   Code   RO         2038    .text               ethernet.o
    0x0800f8e8   0x000001f4   Code   RO         2066    .text               ethernetif.o
    0x0800fadc   0x00000158   Code   RO         2107    .text               def.o
    0x0800fc34   0x00000328   Code   RO         2134    .text               inet_chksum.o
    0x0800ff5c   0x00000088   Code   RO         2153    .text               init.o
    0x0800ffe4   0x00000728   Code   RO         2208    .text               mem.o
    0x0801070c   0x00000268   Code   RO         2235    .text               memp.o
    0x08010974   0x00000334   Code   RO         2290    .text               netif.o
    0x08010ca8   0x0000121c   Code   RO         2329    .text               pbuf.o
    0x08011ec4   0x000016c0   Code   RO         2384    .text               tcp.o
    0x08013584   0x000019b8   Code   RO         2416    .text               tcp_in.o
    0x08014f3c   0x00001542   Code   RO         2446    .text               tcp_out.o
    0x0801647e   0x00000002   PAD
    0x08016480   0x00000358   Code   RO         2470    .text               timeouts.o
    0x080167d8   0x000005e0   Code   RO         2496    .text               udp.o
    0x08016db8   0x00001ab4   Code   RO         2534    .text               dhcp_2.o
    0x0801886c   0x00000d60   Code   RO         2561    .text               etharp.o
    0x080195cc   0x00000374   Code   RO         2584    .text               icmp.o
    0x08019940   0x000004f8   Code   RO         2613    .text               ip4.o
    0x08019e38   0x00000350   Code   RO         2631    .text               ip4_addr.o
    0x0801a188   0x00000ab8   Code   RO         2658    .text               ip4_frag.o
    0x0801ac40   0x00000024   Code   RO         2681    .text               mc_w.l(memcpya.o)
    0x0801ac64   0x00000024   Code   RO         2683    .text               mc_w.l(memseta.o)
    0x0801ac88   0x0000000e   Code   RO         2687    .text               mc_w.l(strlen.o)
    0x0801ac96   0x0000001c   Code   RO         2689    .text               mc_w.l(strcmp.o)
    0x0801acb2   0x0000001a   Code   RO         2691    .text               mc_w.l(memcmp.o)
    0x0801accc   0x0000001e   Code   RO         2693    .text               mc_w.l(strncmp.o)
    0x0801acea   0x0000002c   Code   RO         2975    .text               mc_w.l(uidiv.o)
    0x0801ad16   0x00000002   PAD
    0x0801ad18   0x00000024   Code   RO         2990    .text               mc_w.l(init.o)
    0x0801ad3c   0x00000000   Code   RO         2992    .text               mc_w.l(semi.o)
    0x0801ad3c   0x00000000   Code   RO         2999    .text               mc_w.l(iusesemip.o)
    0x0801ad3c   0x00000056   Code   RO         3010    .text               mc_w.l(__dczerorl2.o)
    0x0801ad92   0x00000002   PAD
    0x0801ad94   0x00000084   Code   RO         1371    CODE                os_cpu_a.o
    0x0801ae18   0x00000020   Code   RO         2786    i.__0printf$3       mc_w.l(printf3.o)
    0x0801ae38   0x00000028   Code   RO         2788    i.__0sprintf$3      mc_w.l(printf3.o)
    0x0801ae60   0x0000000e   Code   RO         3004    i.__scatterload_copy  mc_w.l(handlers.o)
    0x0801ae6e   0x00000002   Code   RO         3005    i.__scatterload_null  mc_w.l(handlers.o)
    0x0801ae70   0x0000000e   Code   RO         3006    i.__scatterload_zeroinit  mc_w.l(handlers.o)
    0x0801ae7e   0x00000002   PAD
    0x0801ae80   0x000001b8   Code   RO         2793    i._printf_core      mc_w.l(printf3.o)
    0x0801b038   0x0000000a   Code   RO         2795    i._sputc            mc_w.l(printf3.o)
    0x0801b042   0x00000012   Code   RO         2972    i.fputc             mc_w.l(fputc.o)
    0x0801b054   0x00000200   Data   RO          394    .constdata          protocol.o
    0x0801b254   0x00000094   Data   RO         1293    .constdata          lib_str.o
    0x0801b2e8   0x00000100   Data   RO         1314    .constdata          cpu_core.o
    0x0801b3e8   0x000000a4   Data   RO         1376    .constdata          os_cfg_app.o
    0x0801b48c   0x0000016c   Data   RO         1410    .constdata          os_dbg.o
    0x0801b5f8   0x00000004   Data   RO         1617    .constdata          sys_arch.o
    0x0801b5fc   0x0000000c   Data   RO         2039    .constdata          ethernet.o
    0x0801b608   0x000000c0   Data   RO         2237    .constdata          memp.o
    0x0801b6c8   0x00000050   Data   RO         2385    .constdata          tcp.o
    0x0801b718   0x00000028   Data   RO         2471    .constdata          timeouts.o
    0x0801b740   0x00000008   Data   RO         2633    .constdata          ip4_addr.o
    0x0801b748   0x00000048   Data   RO         2108    .conststring        def.o
    0x0801b790   0x00000041   Data   RO         2154    .conststring        init.o
    0x0801b7d1   0x00000003   PAD
    0x0801b7d4   0x00000075   Data   RO         2386    .conststring        tcp.o
    0x0801b849   0x00000003   PAD
    0x0801b84c   0x00000055   Data   RO         2447    .conststring        tcp_out.o
    0x0801b8a1   0x00000003   PAD
    0x0801b8a4   0x0000008c   Data   RO         2536    .conststring        dhcp_2.o
    0x0801b930   0x00000041   Data   RO         2563    .conststring        etharp.o
    0x0801b971   0x00000003   PAD
    0x0801b974   0x00000020   Data   RO         3002    Region$$Table       anon$$obj.o


    Execution Region RW_IRAM1 (Base: 0x20000000, Size: 0x000137d8, Max: 0x00020000, ABSOLUTE, COMPRESSED[0x00000030])

    Base Addr    Size         Type   Attr      Idx    E Section Name        Object

    0x20000000   0x00000014   Data   RW          371    .data               system_stm32f2xx.o
    0x20000014   0x0000000e   Data   RW          581    .data               usart.o
    0x20000022   0x00000007   Data   RW          606    .data               gprs.o
    0x20000029   0x00000003   PAD
    0x2000002c   0x00000004   Data   RW          627    .data               timer.o
    0x20000030   0x00000004   Data   RW          682    .data               lan8720.o
    0x20000034   0x00000010   Data   RW          821    .data               stm32f2x7_eth.o
    0x20000044   0x00000010   Data   RW         1112    .data               stm32f2xx_rcc.o
    0x20000054   0x00000004   Data   RW         1275    .data               lib_mem.o
    0x20000058   0x00000004   Data   RW         1315    .data               cpu_core.o
    0x2000005c   0x00000004   Data   RW         1354    .data               os_cpu_c.o
    0x20000060   0x00000008   Data   RW         1491    .data               os_prio.o
    0x20000068   0x000000b4   Data   RW         1594    .data               os_var.o
    0x2000011c   0x00000004   Data   RW         1655    .data               rawudp.o
    0x20000120   0x00000008   Data   RW         2007    .data               tcpip.o
    0x20000128   0x0000000c   Data   RW         2210    .data               mem.o
    0x20000134   0x00000030   Data   RW         2238    .data               memp.o
    0x20000164   0x00000009   Data   RW         2291    .data               netif.o
    0x2000016d   0x00000003   PAD
    0x20000170   0x00000020   Data   RW         2387    .data               tcp.o
    0x20000190   0x00000028   Data   RW         2418    .data               tcp_in.o
    0x200001b8   0x0000000c   Data   RW         2472    .data               timeouts.o
    0x200001c4   0x00000008   Data   RW         2497    .data               udp.o
    0x200001cc   0x00000018   Data   RW         2537    .data               dhcp_2.o
    0x200001e4   0x00000001   Data   RW         2564    .data               etharp.o
    0x200001e5   0x00000001   PAD
    0x200001e6   0x00000002   Data   RW         2614    .data               ip4.o
    0x200001e8   0x00000006   Data   RW         2659    .data               ip4_frag.o
    0x200001ee   0x00000002   PAD
    0x200001f0   0x00000004   Data   RW         2974    .data               mc_w.l(stdout.o)
    0x200001f4   0x000025c4   Zero   RW            3    .bss                app.o
    0x200027b8   0x0000004c   Zero   RW          393    .bss                protocol.o
    0x20002804   0x00000148   Zero   RW          450    .bss                bsp_int.o
    0x2000294c   0x00001000   Zero   RW          557    .bss                w25qxx.o
    0x2000394c   0x00000202   Zero   RW          580    .bss                usart.o
    0x20003b4e   0x00000002   PAD
    0x20003b50   0x00000024   Zero   RW          626    .bss                timer.o
    0x20003b74   0x00003cd4   Zero   RW          820    .bss                stm32f2x7_eth.o
    0x20007848   0x00002448   Zero   RW         1274    .bss                lib_mem.o
    0x20009c90   0x00000010   Zero   RW         1313    .bss                cpu_core.o
    0x20009ca0   0x00001340   Zero   RW         1375    .bss                os_cfg_app.o
    0x2000afe0   0x0000061c   Zero   RW         1593    .bss                os_var.o
    0x2000b5fc   0x00001064   Zero   RW         1616    .bss                sys_arch.o
    0x2000c660   0x000008c4   Zero   RW         1654    .bss                rawudp.o
    0x2000cf24   0x000004c4   Zero   RW         1682    .bss                dhcp.o
    0x2000d3e8   0x0000004c   Zero   RW         1723    .bss                lwip_comm_1.o
    0x2000d434   0x00000058   Zero   RW         2006    .bss                tcpip.o
    0x2000d48c   0x00000018   Zero   RW         2192    .bss                ip.o
    0x2000d4a4   0x0000143c   Zero   RW         2209    .bss                mem.o
    0x2000e8e0   0x000049c4   Zero   RW         2236    .bss                memp.o
    0x200132a4   0x00000010   Zero   RW         2417    .bss                tcp_in.o
    0x200132b4   0x00000020   Zero   RW         2535    .bss                dhcp_2.o
    0x200132d4   0x000000f0   Zero   RW         2562    .bss                etharp.o
    0x200133c4   0x00000010   Zero   RW         2632    .bss                ip4_addr.o
    0x200133d4   0x00000004   PAD
    0x200133d8   0x00000400   Zero   RW         1607    STACK               cstartup.o


==============================================================================

Image component sizes


      Code (inc. data)   RO Data    RW Data    ZI Data      Debug   Object Name

         0          0          0          0          0       2335   api_lib.o
         0          0          0          0          0       2923   api_msg.o
      1060        262          0          0       9668     377374   app.o
      1616         60          0          0          0      21495   bsp.o
      1064         10          0          0        328      13598   bsp_int.o
         0          0          0          0          0        564   bsp_ser.o
        52          0          0          0          0        316   cpu_a.o
      1916        102          0          0          0       3489   cpu_c.o
       680         14        256          4         16      14200   cpu_core.o
        24          6        388          0       1024        608   cstartup.o
       344          4         72          0          0       2566   def.o
       756        336          0          0       1220       6706   dhcp.o
      6836       1234        140         24         32      18244   dhcp_2.o
      3424        560         65          1        240       8231   etharp.o
       436        128         12          0          0       2068   ethernet.o
       500        116          0          0          0       3203   ethernetif.o
         0          0          0          7          0       2969   gprs.o
       884        228          0          0          0       3170   icmp.o
       808         86          0          0          0       4500   inet_chksum.o
       136         68         65          0          0        468   init.o
         0          0          0          0         24       2910   ip.o
      1272        150          0          2          0       4429   ip4.o
       848         98          8          0         16       9074   ip4_addr.o
      2744        492          0          6          0       7798   ip4_frag.o
       844         38          0          4          0       3601   lan8720.o
       598          0          0          0          0       3856   lib_ascii.o
      3780         62          0          4       9288      24888   lib_mem.o
       544          0          0          0          0        460   lib_mem_a.o
      2344          4        148          0          0      13710   lib_str.o
       268         40          0          0         76       5549   lwip_comm_1.o
      1832        552          0         12       5180       4002   mem.o
       616        216        192         48      18884       8864   memp.o
       224         20          0          0          0       1849   misc.o
         0          0          0          0          0       6984   netbuf.o
       820        110          0          9          0       7381   netif.o
         2          0        164          0       4928      19498   os_cfg_app.o
      3484        272          0          0          0      12211   os_core.o
       132         32          0          0          0        360   os_cpu_a.o
       620         66          0          4          0       3697   os_cpu_c.o
       428        280        364          0          0       4697   os_dbg.o
      2808         84          0          0          0       7683   os_flag.o
       508         16          0          0          0       2696   os_mem.o
       552         14          0          0          0       2614   os_msg.o
      1932         84          0          0          0       5218   os_mutex.o
       124          4          0          8          0       1668   os_prio.o
      1752         58          0          0          0       6112   os_q.o
      1768         58          0          0          0       6152   os_sem.o
      1448        150          0          0          0       2733   os_stat.o
      4960        188          0          0          0      13346   os_task.o
      1156         74          0          0          0       3189   os_tick.o
      1116         54          0          0          0       3141   os_time.o
      2040        134          0          0          0       6630   os_tmr.o
         0          0          0        180       1564      18073   os_var.o
      4636       1284          0          0          0      13130   pbuf.o
      1828        264        512          0         76       5050   protocol.o
       752        122          0          4       2244       2702   rawudp.o
       732         88          0          0          0       3097   rtc.o
       132          4          0          0          0        727   spi.o
      3636        100          0         16      15572      19920   stm32f2x7_eth.o
       284         10          0          0          0       2307   stm32f2xx_exti.o
       604         36          0          0          0       4009   stm32f2xx_gpio.o
        64          6          0          0          0       1293   stm32f2xx_iwdg.o
       216         12          0          0          0       2276   stm32f2xx_pwr.o
      1416         48          0         16          0      10991   stm32f2xx_rcc.o
      2824         36          0          0          0      12101   stm32f2xx_rtc.o
       936         22          0          0          0       6412   stm32f2xx_spi.o
       140         12          0          0          0       1531   stm32f2xx_syscfg.o
      3234         60          0          0          0      22896   stm32f2xx_tim.o
      1050         26          0          0          0       7744   stm32f2xx_usart.o
      1208        270          4          0       4196      10271   sys_arch.o
       480         40          0         20          0       1719   system_stm32f2xx.o
      5824       1148        197         32          0      25030   tcp.o
      6584       1076          0         40         16      15805   tcp_in.o
      5442        996         85          0          0      19646   tcp_out.o
       864        238          0          8         88       6642   tcpip.o
       856        170         40         12          0       4597   timeouts.o
       224         18          0          4         36       1868   timer.o
      1504        152          0          8          0       8410   udp.o
       972         36          0         14        514       3079   usart.o
       808         30          0          0       4096       3808   w25qxx.o

    ----------------------------------------------------------------------
    109356      12868       2756        496      79332     931161   Object Totals
         0          0         32          0          0          0   (incl. Generated)
         6          0         12          9          6          0   (incl. Padding)

    ----------------------------------------------------------------------

      Code (inc. data)   RO Data    RW Data    ZI Data      Debug   Library Member Name

        86          0          0          0          0          0   __dczerorl2.o
         0          0          0          0          0          0   entry.o
         0          0          0          0          0          0   entry10a.o
         0          0          0          0          0          0   entry11a.o
         8          4          0          0          0          0   entry2.o
         4          0          0          0          0          0   entry5.o
         0          0          0          0          0          0   entry7b.o
         0          0          0          0          0          0   entry8b.o
         8          4          0          0          0          0   entry9a.o
        18          0          0          0          0         80   fputc.o
        30          0          0          0          0          0   handlers.o
        36          8          0          0          0         68   init.o
         0          0          0          0          0          0   iusesemip.o
        26          0          0          0          0         80   memcmp.o
        36          0          0          0          0         68   memcpya.o
        36          0          0          0          0        108   memseta.o
       522         20          0          0          0        336   printf3.o
         0          0          0          0          0          0   semi.o
         0          0          0          4          0          0   stdout.o
        28          0          0          0          0         76   strcmp.o
        14          0          0          0          0         68   strlen.o
        30          0          0          0          0         80   strncmp.o
        44          0          0          0          0         80   uidiv.o

    ----------------------------------------------------------------------
       932         36          0          4          0       1044   Library Totals
         6          0          0          0          0          0   (incl. Padding)

    ----------------------------------------------------------------------

      Code (inc. data)   RO Data    RW Data    ZI Data      Debug   Library Name

       926         36          0          4          0       1044   mc_w.l

    ----------------------------------------------------------------------
       932         36          0          4          0       1044   Library Totals

    ----------------------------------------------------------------------

==============================================================================


      Code (inc. data)   RO Data    RW Data    ZI Data      Debug   

    110288      12904       2756        500      79332     924949   Grand Totals
    110288      12904       2756         48      79332     924949   ELF Image Totals (compressed)
    110288      12904       2756         48          0          0   ROM Totals

==============================================================================

    Total RO  Size (Code + RO Data)               113044 ( 110.39kB)
    Total RW  Size (RW Data + ZI Data)             79832 (  77.96kB)
    Total ROM Size (Code + RO Data + RW Data)     113092 ( 110.44kB)

==============================================================================

