Component: ARM Compiler 5.06 update 1 (build 61) Tool: armlink [4d35a8]

==============================================================================

Section Cross References

    app.o(.text) refers to memseta.o(.text) for __aeabi_memclr4
    app.o(.text) refers to os_time.o(.text) for OSTimeDly
    app.o(.text) refers to timer.o(.text) for timer_is_timeout_1MS
    app.o(.text) refers to stm32f2xx_gpio.o(.text) for GPIO_ReadOutputDataBit
    app.o(.text) refers to os_task.o(.text) for OSTaskCreate
    app.o(.text) refers to usart.o(.text) for USART_OUT
    app.o(.text) refers to translate.o(.text) for usart3_task_create
    app.o(.text) refers to dhcp.o(.text) for dhcp_task_create
    app.o(.text) refers to os_tmr.o(.text) for OSTmrCreate
    app.o(.text) refers to os_q.o(.text) for OSQCreate
    app.o(.text) refers to cpu_core.o(.text) for CPU_Init
    app.o(.text) refers to bsp.o(.text) for BSP_CPU_TickInit
    app.o(.text) refers to os_stat.o(.text) for OSStatTaskCPUUsageInit
    app.o(.text) refers to os_core.o(.text) for OSSchedRoundRobinCfg
    app.o(.text) refers to cpu_a.o(.text) for CPU_SR_Save
    app.o(.text) refers to app.o(.bss) for led0_task_stk
    os_app_hooks.o(.text) refers to cpu_a.o(.text) for CPU_SR_Save
    os_app_hooks.o(.text) refers to os_var.o(.data) for OS_AppTaskCreateHookPtr
    system_stm32f2xx.o(.text) refers to system_stm32f2xx.o(.data) for SystemCoreClock
    protocol.o(.text) refers to memseta.o(.text) for __aeabi_memclr4
    protocol.o(.text) refers to usart.o(.text) for usart_printf
    protocol.o(.text) refers to rawudp.o(.text) for rawudp_send_data
    protocol.o(.text) refers to memcpya.o(.text) for __aeabi_memcpy
    protocol.o(.text) refers to protocol.o(.data) for protocol_stream_num
    protocol.o(.text) refers to rawudp.o(.data) for udppcb
    protocol.o(.text) refers to protocol.o(.bss) for dev_info
    protocol.o(.text) refers to usart.o(.data) for usart3_rx_status
    protocol.o(.text) refers to timer.o(.text) for timer_get_heart_ms
    protocol.o(.text) refers to os_time.o(.text) for OSTimeDly
    protocol.o(.text) refers to cpu_a.o(.text) for CPU_SR_Save
    protocol.o(.text) refers to os_task.o(.text) for OSTaskCreate
    protocol.o(.text) refers to gprs.o(.data) for gprs_rx_flag
    protocol.o(.text) refers to app.o(.bss) for protocol_task_stk
    protocol.o(.text) refers to protocol.o(.constdata) for crc_table
    translate.o(.text) refers to protocol.o(.text) for fire_alarm_0101
    translate.o(.text) refers to memseta.o(.text) for __aeabi_memclr4
    translate.o(.text) refers to os_q.o(.text) for OSQPend
    translate.o(.text) refers to usart.o(.text) for usart_printf
    translate.o(.text) refers to os_time.o(.text) for OSTimeDlyHMSM
    translate.o(.text) refers to os_task.o(.text) for OSTaskCreate
    translate.o(.text) refers to app.o(.bss) for usart1_msg
    translate.o(.text) refers to usart.o(.data) for usart1_rx_status
    translate.o(.text) refers to translate.o(.bss) for usart1_task_stk
    bsp.o(.text) refers to system_stm32f2xx.o(.text) for SystemInit
    bsp.o(.text) refers to stm32f2xx_rcc.o(.text) for RCC_AHB1PeriphClockCmd
    bsp.o(.text) refers to stm32f2xx_gpio.o(.text) for GPIO_Init
    bsp.o(.text) refers to misc.o(.text) for NVIC_PriorityGroupConfig
    bsp.o(.text) refers to usart.o(.text) for usart2_init
    bsp.o(.text) refers to timer.o(.text) for timer3_init
    bsp.o(.text) refers to w25qxx.o(.text) for w25qxx_init
    bsp.o(.text) refers to rtc.o(.text) for rtc_init
    bsp.o(.text) refers to os_cpu_c.o(.text) for OS_CPU_SysTickInit
    bsp.o(.text) refers to os_cfg_app.o(.constdata) for OSCfg_TickRate_Hz
    bsp.o(.text) refers to cpu_core.o(.text) for CPU_TS_TmrFreqSet
    bsp.o(.text) refers to stm32f2xx_iwdg.o(.text) for IWDG_ReloadCounter
    bsp_int.o(.text) refers to cpu_c.o(.text) for CPU_IntSrcDis
    bsp_int.o(.text) refers to cpu_a.o(.text) for CPU_IntDis
    bsp_int.o(.text) refers to os_core.o(.text) for OSIntEnter
    bsp_int.o(.text) refers to bsp_int.o(.bss) for BSP_IntVectTbl
    bsp_ioe.o(.text) refers to stm32f2xx_rcc.o(.text) for RCC_AHB1PeriphClockCmd
    bsp_ioe.o(.text) refers to stm32f2xx_dma.o(.text) for DMA_DeInit
    bsp_ioe.o(.text) refers to stm32f2xx_i2c.o(.text) for I2C_GenerateSTART
    bsp_ioe.o(.text) refers to bsp_ioe.o(.data) for IOE_TimeOut
    bsp_ioe.o(.text) refers to bsp_os.o(.text) for BSP_OS_TimeDlyMs
    bsp_ioe.o(.text) refers to stm32f2xx_gpio.o(.text) for GPIO_Init
    bsp_ioe.o(.text) refers to stm32f2xx_syscfg.o(.text) for SYSCFG_EXTILineConfig
    bsp_lcd.o(.text) refers to stm32f2xx_rcc.o(.text) for RCC_AHB3PeriphClockCmd
    bsp_lcd.o(.text) refers to stm32f2xx_fsmc.o(.text) for FSMC_NORSRAMInit
    bsp_lcd.o(.text) refers to stm32f2xx_gpio.o(.text) for GPIO_Init
    bsp_lcd.o(.text) refers to bsp_os.o(.text) for BSP_OS_TimeDlyMs
    bsp_os.o(.text) refers to os_sem.o(.text) for OSSemCreate
    bsp_os.o(.text) refers to os_time.o(.text) for OSTimeDlyHMSM
[...]
    CPU_WaitForExcept                        0x08008fc3   Thumb Code     0  cpu_a.o(.text)
    CPU_CntLeadZeros                         0x08008fc7   Thumb Code     0  cpu_a.o(.text)
    CPU_CntTrailZeros                        0x08008fcd   Thumb Code     0  cpu_a.o(.text)
    CPU_RevBits                              0x08008fd7   Thumb Code     0  cpu_a.o(.text)
    OSIdleTaskHook                           0x08008fdd   Thumb Code    16  os_cpu_c.o(.text)
    OSInitHook                               0x08008fed   Thumb Code    42  os_cpu_c.o(.text)
    OSStatTaskHook                           0x08009017   Thumb Code    16  os_cpu_c.o(.text)
    OSTaskCreateHook                         0x08009027   Thumb Code    20  os_cpu_c.o(.text)
    OSTaskDelHook                            0x0800903b   Thumb Code    20  os_cpu_c.o(.text)
    OSTaskReturnHook                         0x0800904f   Thumb Code    20  os_cpu_c.o(.text)
    OSTaskStkInit                            0x08009063   Thumb Code   188  os_cpu_c.o(.text)
    OSTaskSwHook                             0x0800911f   Thumb Code   120  os_cpu_c.o(.text)
    OSTimeTickHook                           0x08009197   Thumb Code    16  os_cpu_c.o(.text)
    OS_CPU_SysTickHandler                    0x080091a7   Thumb Code    52  os_cpu_c.o(.text)
    OS_CPU_SysTickInit                       0x080091db   Thumb Code    44  os_cpu_c.o(.text)
    OSCfg_Init                               0x08009249   Thumb Code     2  os_cfg_app.o(.text)
    OS_IdleTask                              0x0800924d   Thumb Code    60  os_core.o(.text)
    OS_IdleTaskInit                          0x08009289   Thumb Code    68  os_core.o(.text)
    OS_RdyListInit                           0x080092cd   Thumb Code    32  os_core.o(.text)
    OSInit                                   0x080092ed   Thumb Code   288  os_core.o(.text)
    OSIntEnter                               0x0800940d   Thumb Code    34  os_core.o(.text)
    OSIntExit                                0x0800942f   Thumb Code   192  os_core.o(.text)
    OSSched                                  0x080094ef   Thumb Code   134  os_core.o(.text)
    OS_SchedLockTimeMeasStart                0x08009575   Thumb Code    20  os_core.o(.text)
    OSSchedLock                              0x08009589   Thumb Code   104  os_core.o(.text)
    OS_SchedLockTimeMeasStop                 0x080095f1   Thumb Code    44  os_core.o(.text)
    OSSchedUnlock                            0x0800961d   Thumb Code   290  os_core.o(.text)
    OSSchedRoundRobinCfg                     0x0800973f   Thumb Code    88  os_core.o(.text)
    OS_RdyListMoveHeadToTail                 0x08009797   Thumb Code    68  os_core.o(.text)
    OSSchedRoundRobinYield                   0x080097db   Thumb Code   164  os_core.o(.text)
    OSStart                                  0x0800987f   Thumb Code    78  os_core.o(.text)
    OSVersion                                0x080098cd   Thumb Code    12  os_core.o(.text)
    OS_PendDbgNameAdd                        0x080098d9   Thumb Code    66  os_core.o(.text)
    OS_PendListInsertPrio                    0x0800991b   Thumb Code   102  os_core.o(.text)
    OS_PendDataInit                          0x08009981   Thumb Code    38  os_core.o(.text)
    OS_RdyListRemove                         0x080099a7   Thumb Code    86  os_core.o(.text)
    OS_TaskBlock                             0x080099fd   Thumb Code    56  os_core.o(.text)
    OS_Pend                                  0x08009a35   Thumb Code    98  os_core.o(.text)
    OS_PendListRemove1                       0x08009a97   Thumb Code   136  os_core.o(.text)
    OS_PendListRemove                        0x08009b1f   Thumb Code    48  os_core.o(.text)
    OS_PendAbort1                            0x08009b4f   Thumb Code    36  os_core.o(.text)
    OS_RdyListInsertHead                     0x08009b73   Thumb Code    58  os_core.o(.text)
    OS_RdyListInsertTail                     0x08009bad   Thumb Code    56  os_core.o(.text)
    OS_RdyListInsert                         0x08009be5   Thumb Code    40  os_core.o(.text)
    OS_TaskRdy                               0x08009c0d   Thumb Code    28  os_core.o(.text)
    OS_PendAbort                             0x08009c29   Thumb Code   166  os_core.o(.text)
    OS_PendDbgNameRemove                     0x08009ccf   Thumb Code    34  os_core.o(.text)
    OS_PendListChangePrio                    0x08009cf1   Thumb Code    70  os_core.o(.text)
    OS_PendListInit                          0x08009d37   Thumb Code    10  os_core.o(.text)
    OS_PendListInsertHead                    0x08009d41   Thumb Code    32  os_core.o(.text)
    OS_PendObjDel1                           0x08009d61   Thumb Code    36  os_core.o(.text)
    OS_PendObjDel                            0x08009d85   Thumb Code   162  os_core.o(.text)
    OS_Post1                                 0x08009e27   Thumb Code    42  os_core.o(.text)
    OS_Post                                  0x08009e51   Thumb Code   192  os_core.o(.text)
    OS_SchedRoundRobin                       0x08009f11   Thumb Code   208  os_core.o(.text)
    OS_Dbg_Init                              0x08009fe9   Thumb Code   148  os_dbg.o(.text)
    OS_FlagDbgListAdd                        0x0800a195   Thumb Code    38  os_flag.o(.text)
    OSFlagCreate                             0x0800a1bb   Thumb Code   116  os_flag.o(.text)
    OS_FlagClr                               0x0800a22f   Thumb Code    28  os_flag.o(.text)
    OS_FlagDbgListRemove                     0x0800a24b   Thumb Code    44  os_flag.o(.text)
    OSFlagDel                                0x0800a277   Thumb Code   306  os_flag.o(.text)
    OS_FlagBlock                             0x0800a3a9   Thumb Code    58  os_flag.o(.text)
    OSFlagPend                               0x0800a3e3   Thumb Code  1248  os_flag.o(.text)
    OSFlagPendAbort                          0x0800a8c3   Thumb Code   236  os_flag.o(.text)
    OSFlagPendGetFlagsRdy                    0x0800a9af   Thumb Code    86  os_flag.o(.text)
    OS_FlagTaskRdy                           0x0800aa05   Thumb Code    86  os_flag.o(.text)
    OS_FlagPost                              0x0800aa5b   Thumb Code   418  os_flag.o(.text)
    OSFlagPost                               0x0800abfd   Thumb Code   112  os_flag.o(.text)
    OS_FlagInit                              0x0800ac6d   Thumb Code    14  os_flag.o(.text)
    OS_MemDbgListAdd                         0x0800ac8d   Thumb Code    34  os_mem.o(.text)
    OSMemCreate                              0x0800acaf   Thumb Code   232  os_mem.o(.text)
    OSMemGet                                 0x0800ad97   Thumb Code   100  os_mem.o(.text)
    OSMemPut                                 0x0800adfb   Thumb Code   112  os_mem.o(.text)
    OS_MemInit                               0x0800ae6b   Thumb Code    14  os_mem.o(.text)
    OS_MsgPoolInit                           0x0800ae89   Thumb Code   110  os_msg.o(.text)
    OS_MsgQFreeAll                           0x0800aef7   Thumb Code    62  os_msg.o(.text)
    OS_MsgQInit                              0x0800af35   Thumb Code    14  os_msg.o(.text)
    OS_MsgQGet                               0x0800af43   Thumb Code    98  os_msg.o(.text)
    OS_MsgQPut                               0x0800afa5   Thumb Code   254  os_msg.o(.text)
    OS_MutexDbgListAdd                       0x0800b0b1   Thumb Code    38  os_mutex.o(.text)
    OSMutexCreate                            0x0800b0d7   Thumb Code   122  os_mutex.o(.text)
    OS_MutexClr                              0x0800b151   Thumb Code    38  os_mutex.o(.text)
    OS_MutexDbgListRemove                    0x0800b177   Thumb Code    44  os_mutex.o(.text)
    OSMutexDel                               0x0800b1a3   Thumb Code   442  os_mutex.o(.text)
    OSMutexPend                              0x0800b35d   Thumb Code   618  os_mutex.o(.text)
    OSMutexPendAbort                         0x0800b5c7   Thumb Code   236  os_mutex.o(.text)
    OSMutexPost                              0x0800b6b3   Thumb Code   354  os_mutex.o(.text)
    OS_MutexInit                             0x0800b815   Thumb Code    14  os_mutex.o(.text)
    OS_PrioInit                              0x0800b83d   Thumb Code    20  os_prio.o(.text)
    OS_PrioGetHighest                        0x0800b851   Thumb Code    36  os_prio.o(.text)
    OS_PrioInsert                            0x0800b875   Thumb Code    32  os_prio.o(.text)
    OS_PrioRemove                            0x0800b895   Thumb Code    32  os_prio.o(.text)
    OS_QDbgListAdd                           0x0800b8b9   Thumb Code    38  os_q.o(.text)
    OSQCreate                                0x0800b8df   Thumb Code   130  os_q.o(.text)
    OS_QClr                                  0x0800b961   Thumb Code    40  os_q.o(.text)
    OS_QDbgListRemove                        0x0800b989   Thumb Code    44  os_q.o(.text)
    OSQDel                                   0x0800b9b5   Thumb Code   306  os_q.o(.text)
    OSQFlush                                 0x0800bae7   Thumb Code   106  os_q.o(.text)
    OSQPend                                  0x0800bb51   Thumb Code   484  os_q.o(.text)
    OSQPendAbort                             0x0800bd35   Thumb Code   236  os_q.o(.text)
    OS_QPost                                 0x0800be21   Thumb Code   190  os_q.o(.text)
    OSQPost                                  0x0800bedf   Thumb Code   144  os_q.o(.text)
    OS_QInit                                 0x0800bf6f   Thumb Code    14  os_q.o(.text)
    OS_SemDbgListAdd                         0x0800bf91   Thumb Code    38  os_sem.o(.text)
    OSSemCreate                              0x0800bfb7   Thumb Code   116  os_sem.o(.text)
    OS_SemClr                                0x0800c02b   Thumb Code    28  os_sem.o(.text)
    OS_SemDbgListRemove                      0x0800c047   Thumb Code    44  os_sem.o(.text)
    OSSemDel                                 0x0800c073   Thumb Code   306  os_sem.o(.text)
    OSSemPend                                0x0800c1a5   Thumb Code   406  os_sem.o(.text)
    OSSemPendAbort                           0x0800c33b   Thumb Code   278  os_sem.o(.text)
    OS_SemPost                               0x0800c451   Thumb Code   294  os_sem.o(.text)
    OSSemPost                                0x0800c577   Thumb Code   108  os_sem.o(.text)
    OSSemSet                                 0x0800c5e3   Thumb Code   120  os_sem.o(.text)
    OS_SemInit                               0x0800c65b   Thumb Code    14  os_sem.o(.text)
    OSStatReset                              0x0800c679   Thumb Code   262  os_stat.o(.text)
    OSStatTaskCPUUsageInit                   0x0800c77f   Thumb Code   212  os_stat.o(.text)
    OS_StatTask                              0x0800c853   Thumb Code   768  os_stat.o(.text)
    OS_StatTaskInit                          0x0800cb53   Thumb Code   138  os_stat.o(.text)
    OSTaskChangePrio                         0x0800cc21   Thumb Code   274  os_task.o(.text)
    OS_TaskDbgListAdd                        0x0800cd33   Thumb Code    42  os_task.o(.text)
    OS_TaskInitTCB                           0x0800cd5d   Thumb Code   190  os_task.o(.text)
    OSTaskCreate                             0x0800ce1b   Thumb Code   412  os_task.o(.text)
    OS_TaskDbgListRemove                     0x0800cfb7   Thumb Code    64  os_task.o(.text)
    OSTaskDel                                0x0800cff7   Thumb Code   324  os_task.o(.text)
    OSTaskQFlush                             0x0800d13b   Thumb Code   110  os_task.o(.text)
    OSTaskQPend                              0x0800d1a9   Thumb Code   458  os_task.o(.text)
    OSTaskQPendAbort                         0x0800d373   Thumb Code   206  os_task.o(.text)
    OS_TaskQPost                             0x0800d441   Thumb Code   220  os_task.o(.text)
    OSTaskQPost                              0x0800d51d   Thumb Code    82  os_task.o(.text)
    OSTaskRegGet                             0x0800d56f   Thumb Code    78  os_task.o(.text)
    OSTaskRegGetID                           0x0800d5bd   Thumb Code    84  os_task.o(.text)
    OSTaskRegSet                             0x0800d611   Thumb Code    78  os_task.o(.text)
    OS_TaskResume                            0x0800d65f   Thumb Code   256  os_task.o(.text)
    OSTaskResume                             0x0800d75f   Thumb Code    96  os_task.o(.text)
    OSTaskSemPend                            0x0800d7bf   Thumb Code   478  os_task.o(.text)
    OSTaskSemPendAbort                       0x0800d99d   Thumb Code   214  os_task.o(.text)
    OS_TaskSemPost                           0x0800da73   Thumb Code   448  os_task.o(.text)
    OSTaskSemPost                            0x0800dc33   Thumb Code    76  os_task.o(.text)
    OSTaskSemSet                             0x0800dc7f   Thumb Code    80  os_task.o(.text)
    OSTaskStkChk                             0x0800dccf   Thumb Code   204  os_task.o(.text)
    OS_TaskSuspend                           0x0800dd9b   Thumb Code   272  os_task.o(.text)
    OSTaskSuspend                            0x0800deab   Thumb Code    48  os_task.o(.text)
    OSTaskTimeQuantaSet                      0x0800dedb   Thumb Code    96  os_task.o(.text)
    OS_TaskInit                              0x0800df3b   Thumb Code    18  os_task.o(.text)
    OS_TaskReturn                            0x0800df4d   Thumb Code    20  os_task.o(.text)
    OS_TickListRemove                        0x0800df81   Thumb Code    56  os_tick.o(.text)
    OS_TickListUpdate                        0x0800dfb9   Thumb Code   376  os_tick.o(.text)
    OS_TickTask                              0x0800e131   Thumb Code    38  os_tick.o(.text)
    OS_TickListInit                          0x0800e157   Thumb Code    32  os_tick.o(.text)
    OS_TickTaskInit                          0x0800e177   Thumb Code   130  os_tick.o(.text)
    OS_TickListInsert                        0x0800e1f9   Thumb Code   430  os_tick.o(.text)
    OS_TickListResetPeak                     0x0800e3a7   Thumb Code    94  os_tick.o(.text)
    OSTimeDly                                0x0800e405   Thumb Code   182  os_time.o(.text)
    OSTimeDlyHMSM                            0x0800e4bb   Thumb Code   394  os_time.o(.text)
    OSTimeDlyResume                          0x0800e645   Thumb Code   334  os_time.o(.text)
    OSTimeGet                                0x0800e793   Thumb Code    46  os_time.o(.text)
    OSTimeSet                                0x0800e7c1   Thumb Code    68  os_time.o(.text)
    OSTimeTick                               0x0800e805   Thumb Code    68  os_time.o(.text)
    OS_TmrDbgListAdd                         0x0800e861   Thumb Code    34  os_tmr.o(.text)
    OSTmrCreate                              0x0800e883   Thumb Code   192  os_tmr.o(.text)
    OS_TmrClr                                0x0800e943   Thumb Code    36  os_tmr.o(.text)
    OS_TmrUnlink                             0x0800e967   Thumb Code    72  os_tmr.o(.text)
    OS_TmrDbgListRemove                      0x0800e9af   Thumb Code    44  os_tmr.o(.text)
    OSTmrDel                                 0x0800e9db   Thumb Code   182  os_tmr.o(.text)
    OSTmrRemainGet                           0x0800ea91   Thumb Code   188  os_tmr.o(.text)
    OS_TmrLink                               0x0800eb4d   Thumb Code   196  os_tmr.o(.text)
    OSTmrStart                               0x0800ec11   Thumb Code   212  os_tmr.o(.text)
    OSTmrStateGet                            0x0800ece5   Thumb Code   134  os_tmr.o(.text)
    OSTmrStop                                0x0800ed6b   Thumb Code   246  os_tmr.o(.text)
    OS_TmrTask                               0x0800ee61   Thumb Code   176  os_tmr.o(.text)
    OS_TmrInit                               0x0800ef11   Thumb Code   208  os_tmr.o(.text)
    OS_TmrResetPeak                          0x0800efe1   Thumb Code    28  os_tmr.o(.text)
    Reset_Handler                            0x0800f059   Thumb Code     4  cstartup.o(.text)
    App_NMI_ISR                              0x0800f05d   Thumb Code     2  cstartup.o(.text)
    App_Fault_ISR                            0x0800f05f   Thumb Code     2  cstartup.o(.text)
    App_MemFault_ISR                         0x0800f061   Thumb Code     2  cstartup.o(.text)
    App_BusFault_ISR                         0x0800f063   Thumb Code     2  cstartup.o(.text)
    App_UsageFault_ISR                       0x0800f065   Thumb Code     2  cstartup.o(.text)
    App_Spurious_ISR                         0x0800f067   Thumb Code     2  cstartup.o(.text)
    App_Reserved_ISR                         0x0800f069   Thumb Code     2  cstartup.o(.text)
    sys_mbox_new                             0x0800f071   Thumb Code    40  sys_arch.o(.text)
    sys_mbox_free                            0x0800f099   Thumb Code    50  sys_arch.o(.text)
    sys_mbox_post                            0x0800f0cb   Thumb Code   100  sys_arch.o(.text)
    sys_mbox_trypost                         0x0800f12f   Thumb Code    42  sys_arch.o(.text)
    sys_arch_mbox_fetch                      0x0800f159   Thumb Code   172  sys_arch.o(.text)
    sys_arch_mbox_tryfetch                   0x0800f205   Thumb Code    18  sys_arch.o(.text)
    sys_mbox_valid                           0x0800f217   Thumb Code    30  sys_arch.o(.text)
    sys_mbox_set_invalid                     0x0800f235   Thumb Code    20  sys_arch.o(.text)
    sys_sem_new                              0x0800f249   Thumb Code    56  sys_arch.o(.text)
    sys_arch_sem_wait                        0x0800f281   Thumb Code   118  sys_arch.o(.text)
    sys_sem_signal                           0x0800f2f7   Thumb Code    42  sys_arch.o(.text)
    sys_sem_free                             0x0800f321   Thumb Code    46  sys_arch.o(.text)
    sys_sem_valid                            0x0800f34f   Thumb Code    30  sys_arch.o(.text)
    sys_sem_set_invalid                      0x0800f36d   Thumb Code    20  sys_arch.o(.text)
    sys_init                                 0x0800f381   Thumb Code     2  sys_arch.o(.text)
    sys_thread_new                           0x0800f383   Thumb Code   122  sys_arch.o(.text)
    sys_now                                  0x0800f3fd   Thumb Code    30  sys_arch.o(.text)
    rawudp_send_data                         0x0800f529   Thumb Code    62  rawudp.o(.text)
    rawudp_recv_callback                     0x0800f567   Thumb Code   234  rawudp.o(.text)
    rawudp_task_create                       0x0800f761   Thumb Code   110  rawudp.o(.text)
    rawudp_connection_close                  0x0800f7cf   Thumb Code    18  rawudp.o(.text)
    dhcp_task_delete                         0x0800f865   Thumb Code    18  dhcp.o(.text)
    dhcp_task_create                         0x0800f991   Thumb Code   118  dhcp.o(.text)
    lwip_comm_default_ip_set                 0x0800fb59   Thumb Code    90  lwip_comm_1.o(.text)
    lwip_comm_dev_init                       0x0800fbb3   Thumb Code   128  lwip_comm_1.o(.text)
    lwip_comm_pkt_handle                     0x0800fc33   Thumb Code    10  lwip_comm_1.o(.text)
    tcpip_inpkt                              0x0800fcf7   Thumb Code    38  tcpip.o(.text)
    tcpip_input                              0x0800fd1d   Thumb Code    40  tcpip.o(.text)
    tcpip_callback_with_block                0x0800fd45   Thumb Code   104  tcpip.o(.text)
    tcpip_send_msg_wait_sem                  0x0800fdad   Thumb Code    30  tcpip.o(.text)
    tcpip_api_call                           0x0800fdcb   Thumb Code    30  tcpip.o(.text)
    tcpip_callbackmsg_new                    0x0800fde9   Thumb Code    32  tcpip.o(.text)
    tcpip_callbackmsg_delete                 0x0800fe09   Thumb Code    14  tcpip.o(.text)
    tcpip_trycallback                        0x0800fe17   Thumb Code    44  tcpip.o(.text)
    tcpip_init                               0x0800fe43   Thumb Code   102  tcpip.o(.text)
    pbuf_free_callback                       0x0800feb7   Thumb Code    16  tcpip.o(.text)
    mem_free_callback                        0x0800fec7   Thumb Code    16  tcpip.o(.text)
    ethernet_input                           0x0800ffc5   Thumb Code   196  ethernet.o(.text)
    ethernet_output                          0x08010089   Thumb Code   112  ethernet.o(.text)
    ethernetif_input                         0x08010283   Thumb Code    36  ethernetif.o(.text)
    ethernetif_init                          0x080102a7   Thumb Code    82  ethernetif.o(.text)
    lwip_htons                               0x0801036d   Thumb Code    12  def.o(.text)
    lwip_htonl                               0x08010379   Thumb Code    26  def.o(.text)
    lwip_strnstr                             0x08010393   Thumb Code    74  def.o(.text)
    lwip_stricmp                             0x080103dd   Thumb Code    60  def.o(.text)
    lwip_strnicmp                            0x08010419   Thumb Code    70  def.o(.text)
    lwip_itoa                                0x0801045f   Thumb Code    98  def.o(.text)
    lwip_standard_chksum                     0x080104c5   Thumb Code    94  inet_chksum.o(.text)
    inet_chksum_pseudo                       0x080105a1   Thumb Code    76  inet_chksum.o(.text)
    ip_chksum_pseudo                         0x080105ed   Thumb Code    36  inet_chksum.o(.text)
    inet_chksum_pseudo_partial               0x080106bd   Thumb Code    80  inet_chksum.o(.text)
    ip_chksum_pseudo_partial                 0x0801070d   Thumb Code    36  inet_chksum.o(.text)
    inet_chksum                              0x08010731   Thumb Code    20  inet_chksum.o(.text)
    inet_chksum_pbuf                         0x08010745   Thumb Code    82  inet_chksum.o(.text)
    lwip_init                                0x080107ed   Thumb Code    68  init.o(.text)
    mem_init                                 0x08010957   Thumb Code   108  mem.o(.text)
    mem_free                                 0x080109c3   Thumb Code   174  mem.o(.text)
    mem_trim                                 0x08010a71   Thumb Code   334  mem.o(.text)
    mem_malloc                               0x08010bbf   Thumb Code   778  mem.o(.text)
    mem_calloc                               0x08010ec9   Thumb Code    34  mem.o(.text)
    memp_init_pool                           0x08010f9d   Thumb Code    44  memp.o(.text)
    memp_init                                0x08010fc9   Thumb Code    26  memp.o(.text)
    memp_malloc_pool                         0x0801102b   Thumb Code    42  memp.o(.text)
    memp_malloc                              0x08011055   Thumb Code    50  memp.o(.text)
    memp_free_pool                           0x080110c7   Thumb Code    48  memp.o(.text)
    memp_free                                0x080110f7   Thumb Code    54  memp.o(.text)
    netif_init                               0x08011205   Thumb Code     2  netif.o(.text)
    netif_input                              0x08011207   Thumb Code    36  netif.o(.text)
    netif_set_ipaddr                         0x0801124f   Thumb Code    72  netif.o(.text)
    netif_set_gw                             0x08011297   Thumb Code    12  netif.o(.text)
    netif_set_netmask                        0x080112a3   Thumb Code    12  netif.o(.text)
    netif_set_addr                           0x080112af   Thumb Code    72  netif.o(.text)
    netif_add                                0x080112f7   Thumb Code   126  netif.o(.text)
    netif_set_default                        0x08011375   Thumb Code     6  netif.o(.text)
    netif_set_down                           0x0801137b   Thumb Code    42  netif.o(.text)
    netif_remove                             0x080113a5   Thumb Code   110  netif.o(.text)
    netif_find                               0x08011413   Thumb Code    64  netif.o(.text)
    netif_set_up                             0x08011453   Thumb Code    44  netif.o(.text)
    netif_set_link_up                        0x0801147f   Thumb Code    52  netif.o(.text)
    netif_set_link_down                      0x080114b3   Thumb Code    24  netif.o(.text)
    pbuf_free                                0x08011539   Thumb Code   254  pbuf.o(.text)
    pbuf_alloc                               0x08011637   Thumb Code   660  pbuf.o(.text)
    pbuf_alloced_custom                      0x080118cb   Thumb Code   660  pbuf.o(.text)
    pbuf_realloc                             0x08011b5f   Thumb Code   276  pbuf.o(.text)
    pbuf_header                              0x08011d55   Thumb Code    18  pbuf.o(.text)
    pbuf_header_force                        0x08011d67   Thumb Code    18  pbuf.o(.text)
    pbuf_clen                                0x08011d79   Thumb Code    18  pbuf.o(.text)
    pbuf_ref                                 0x08011d8b   Thumb Code    64  pbuf.o(.text)
    pbuf_cat                                 0x08011dcb   Thumb Code   138  pbuf.o(.text)
    pbuf_chain                               0x08011e55   Thumb Code    22  pbuf.o(.text)
    pbuf_dechain                             0x08011e6b   Thumb Code   122  pbuf.o(.text)
    pbuf_copy                                0x08011ee5   Thumb Code   764  pbuf.o(.text)
    pbuf_copy_partial                        0x080121e1   Thumb Code   190  pbuf.o(.text)
    pbuf_skip                                0x080122c1   Thumb Code    28  pbuf.o(.text)
    pbuf_take                                0x080122dd   Thumb Code   260  pbuf.o(.text)
    pbuf_take_at                             0x080123e1   Thumb Code   118  pbuf.o(.text)
    pbuf_coalesce                            0x08012457   Thumb Code    84  pbuf.o(.text)
    pbuf_try_get_at                          0x080124ab   Thumb Code    46  pbuf.o(.text)
    pbuf_get_at                              0x080124d9   Thumb Code   364  pbuf.o(.text)
    pbuf_put_at                              0x08012645   Thumb Code    42  pbuf.o(.text)
    pbuf_memcmp                              0x0801266f   Thumb Code    98  pbuf.o(.text)
    pbuf_memfind                             0x080126d1   Thumb Code    72  pbuf.o(.text)
    pbuf_strstr                              0x08012719   Thumb Code    60  pbuf.o(.text)
    tcp_init                                 0x08012755   Thumb Code     2  tcp.o(.text)
    tcp_seg_free                             0x08012757   Thumb Code    26  tcp.o(.text)
    tcp_segs_free                            0x08012771   Thumb Code    24  tcp.o(.text)
    tcp_pcb_purge                            0x08012789   Thumb Code    64  tcp.o(.text)
    tcp_slowtmr                              0x080127c9   Thumb Code  1416  tcp.o(.text)
    tcp_pcb_remove                           0x08012dd5   Thumb Code   172  tcp.o(.text)
    tcp_close                                0x0801305b   Thumb Code    28  tcp.o(.text)
    tcp_update_rcv_ann_wnd                   0x08013077   Thumb Code   334  tcp.o(.text)
    tcp_recved                               0x080131c5   Thumb Code   148  tcp.o(.text)
    tcp_recv_null                            0x08013259   Thumb Code    46  tcp.o(.text)
    tcp_process_refused_data                 0x08013287   Thumb Code   146  tcp.o(.text)
    tcp_fasttmr                              0x08013319   Thumb Code   130  tcp.o(.text)
    tcp_tmr                                  0x0801339b   Thumb Code    30  tcp.o(.text)
    tcp_shutdown                             0x080133b9   Thumb Code    98  tcp.o(.text)
    tcp_abandon                              0x0801341b   Thumb Code   248  tcp.o(.text)
    tcp_abort                                0x08013513   Thumb Code    14  tcp.o(.text)
    tcp_bind                                 0x08013581   Thumb Code   380  tcp.o(.text)
    tcp_listen_with_backlog_and_err          0x08013711   Thumb Code   214  tcp.o(.text)
    tcp_listen_with_backlog                  0x080137e7   Thumb Code    18  tcp.o(.text)
    tcp_eff_send_mss_impl                    0x080137f9   Thumb Code    58  tcp.o(.text)
    tcp_next_iss                             0x08013833   Thumb Code    22  tcp.o(.text)
    tcp_connect                              0x08013849   Thumb Code   340  tcp.o(.text)
    tcp_txnow                                0x0801399d   Thumb Code    30  tcp.o(.text)
    tcp_setprio                              0x080139bb   Thumb Code     4  tcp.o(.text)
    tcp_alloc                                0x08013b53   Thumb Code   168  tcp.o(.text)
    tcp_new                                  0x08013bfb   Thumb Code    10  tcp.o(.text)
    tcp_new_ip_type                          0x08013c05   Thumb Code    16  tcp.o(.text)
    tcp_arg                                  0x08013c15   Thumb Code     6  tcp.o(.text)
    tcp_recv                                 0x08013c1b   Thumb Code    44  tcp.o(.text)
    tcp_sent                                 0x08013c47   Thumb Code    44  tcp.o(.text)
    tcp_err                                  0x08013c73   Thumb Code    46  tcp.o(.text)
    tcp_accept                               0x08013ca1   Thumb Code    16  tcp.o(.text)
    tcp_poll                                 0x08013cb1   Thumb Code    46  tcp.o(.text)
    tcp_netif_ip_addr_changed                0x08013d09   Thumb Code    70  tcp.o(.text)
    tcp_debug_state_str                      0x08013d4f   Thumb Code    10  tcp.o(.text)
    tcp_input                                0x08015021   Thumb Code  1878  tcp_in.o(.text)
    tcp_trigger_input_pcb_close              0x08015777   Thumb Code    14  tcp_in.o(.text)
    tcp_enqueue_flags                        0x0801593f   Thumb Code   394  tcp_out.o(.text)
    tcp_send_fin                             0x08015ac9   Thumb Code    74  tcp_out.o(.text)
    tcp_write                                0x08015d9f   Thumb Code  1900  tcp_out.o(.text)
    tcp_send_empty_ack                       0x0801650b   Thumb Code   142  tcp_out.o(.text)
    tcp_output                               0x0801666f   Thumb Code   862  tcp_out.o(.text)
    tcp_rst                                  0x080169cd   Thumb Code   182  tcp_out.o(.text)
    tcp_rexmit_rto                           0x08016a83   Thumb Code    66  tcp_out.o(.text)
    tcp_rexmit                               0x08016ac5   Thumb Code    98  tcp_out.o(.text)
    tcp_rexmit_fast                          0x08016b27   Thumb Code   110  tcp_out.o(.text)
    tcp_keepalive                            0x08016b95   Thumb Code   114  tcp_out.o(.text)
    tcp_zero_window_probe                    0x08016c07   Thumb Code   264  tcp_out.o(.text)
    sys_timeout                              0x08016d11   Thumb Code   226  timeouts.o(.text)
    tcp_timer_needed                         0x08016e1b   Thumb Code    38  timeouts.o(.text)
    sys_timeouts_init                        0x08016e57   Thumb Code    38  timeouts.o(.text)
    sys_untimeout                            0x08016e7d   Thumb Code    90  timeouts.o(.text)
    sys_restart_timeouts                     0x08016f49   Thumb Code    12  timeouts.o(.text)
    sys_timeouts_mbox_fetch                  0x08016f85   Thumb Code    58  timeouts.o(.text)
    udp_init                                 0x08017069   Thumb Code     2  udp.o(.text)
    udp_input                                0x080170fd   Thumb Code   362  udp.o(.text)
    udp_bind                                 0x08017267   Thumb Code   138  udp.o(.text)
    udp_sendto_if_src                        0x080172f1   Thumb Code   256  udp.o(.text)
    udp_sendto_if                            0x080173f1   Thumb Code    82  udp.o(.text)
    udp_sendto                               0x08017443   Thumb Code   210  udp.o(.text)
    udp_send                                 0x08017515   Thumb Code    30  udp.o(.text)
    udp_connect                              0x08017533   Thumb Code   104  udp.o(.text)
    udp_disconnect                           0x0801759b   Thumb Code    16  udp.o(.text)
    udp_recv                                 0x080175ab   Thumb Code     6  udp.o(.text)
    udp_remove                               0x080175b1   Thumb Code    64  udp.o(.text)
    udp_new                                  0x080175f1   Thumb Code    28  udp.o(.text)
    udp_new_ip_type                          0x0801760d   Thumb Code    14  udp.o(.text)
    udp_netif_ip_addr_changed                0x0801761b   Thumb Code    42  udp.o(.text)
    dhcp_renew                               0x080187c5   Thumb Code   178  dhcp_1.o(.text)
    dhcp_supplied_address                    0x080189b1   Thumb Code    40  dhcp_1.o(.text)
    dhcp_release                             0x080189d9   Thumb Code   162  dhcp_1.o(.text)
    dhcp_coarse_tmr                          0x08018a7b   Thumb Code   100  dhcp_1.o(.text)
    dhcp_fine_tmr                            0x08018c8b   Thumb Code    54  dhcp_1.o(.text)
    dhcp_set_struct                          0x08018cc1   Thumb Code    98  dhcp_1.o(.text)
    dhcp_cleanup                             0x08018d23   Thumb Code    46  dhcp_1.o(.text)
    dhcp_stop                                0x08018d51   Thumb Code    92  dhcp_1.o(.text)
    dhcp_start                               0x08018dad   Thumb Code   230  dhcp_1.o(.text)
    dhcp_inform                              0x08018e93   Thumb Code   144  dhcp_1.o(.text)
    dhcp_network_changed                     0x08018f23   Thumb Code    74  dhcp_1.o(.text)
    dhcp_arp_reply                           0x080190ab   Thumb Code    64  dhcp_1.o(.text)
    etharp_request                           0x0801923b   Thumb Code    18  etharp.o(.text)
    etharp_tmr                               0x0801924d   Thumb Code   216  etharp.o(.text)
    etharp_cleanup_netif                     0x080196f1   Thumb Code    52  etharp.o(.text)
    etharp_find_addr                         0x08019725   Thumb Code   110  etharp.o(.text)
    etharp_get_entry                         0x08019793   Thumb Code   164  etharp.o(.text)
    etharp_input                             0x08019837   Thumb Code   214  etharp.o(.text)
    etharp_query                             0x08019ab1   Thumb Code   472  etharp.o(.text)
    etharp_output                            0x08019c89   Thumb Code   376  etharp.o(.text)
    icmp_input                               0x08019e5d   Thumb Code   470  icmp.o(.text)
    icmp_dest_unreach                        0x0801a0c9   Thumb Code    18  icmp.o(.text)
    icmp_time_exceeded                       0x0801a0db   Thumb Code    18  icmp.o(.text)
    ip4_route                                0x0801a1d1   Thumb Code   134  ip4.o(.text)
    ip4_input                                0x0801a257   Thumb Code   510  ip4.o(.text)
    ip4_output_if_src                        0x0801a455   Thumb Code   336  ip4.o(.text)
    ip4_output_if                            0x0801a5a5   Thumb Code   206  ip4.o(.text)
    ip4_output                               0x0801a673   Thumb Code    86  ip4.o(.text)
    ip4_addr_isbroadcast_u32                 0x0801a6c9   Thumb Code    78  ip4_addr.o(.text)
    ip4_addr_netmask_valid                   0x0801a717   Thumb Code    56  ip4_addr.o(.text)
    ip4addr_aton                             0x0801a74f   Thumb Code   414  ip4_addr.o(.text)
    ipaddr_addr                              0x0801a8ed   Thumb Code    24  ip4_addr.o(.text)
    ip4addr_ntoa_r                           0x0801a905   Thumb Code   168  ip4_addr.o(.text)
    ip4addr_ntoa                             0x0801a9ad   Thumb Code    16  ip4_addr.o(.text)
    ip_reass_tmr                             0x0801ab67   Thumb Code    48  ip4_frag.o(.text)
    ip4_reass                                0x0801afa1   Thumb Code   474  ip4_frag.o(.text)
    ip4_frag                                 0x0801b201   Thumb Code   716  ip4_frag.o(.text)
    __aeabi_memcpy                           0x0801b4d1   Thumb Code    36  memcpya.o(.text)
    __aeabi_memcpy4                          0x0801b4d1   Thumb Code     0  memcpya.o(.text)
    __aeabi_memcpy8                          0x0801b4d1   Thumb Code     0  memcpya.o(.text)
    __aeabi_memset                           0x0801b4f5   Thumb Code    14  memseta.o(.text)
    __aeabi_memset4                          0x0801b4f5   Thumb Code     0  memseta.o(.text)
    __aeabi_memset8                          0x0801b4f5   Thumb Code     0  memseta.o(.text)
    __aeabi_memclr                           0x0801b503   Thumb Code     4  memseta.o(.text)
    __aeabi_memclr4                          0x0801b503   Thumb Code     0  memseta.o(.text)
    __aeabi_memclr8                          0x0801b503   Thumb Code     0  memseta.o(.text)
    _memset$wrapper                          0x0801b507   Thumb Code    18  memseta.o(.text)
    strlen                                   0x0801b519   Thumb Code    14  strlen.o(.text)
    strcmp                                   0x0801b527   Thumb Code    28  strcmp.o(.text)
    memcmp                                   0x0801b543   Thumb Code    26  memcmp.o(.text)
    strncmp                                  0x0801b55d   Thumb Code    30  strncmp.o(.text)
    __aeabi_uidiv                            0x0801b57b   Thumb Code     0  uidiv.o(.text)
    __aeabi_uidivmod                         0x0801b57b   Thumb Code    44  uidiv.o(.text)
    __scatterload                            0x0801b5a9   Thumb Code    28  init.o(.text)
    __scatterload_rt2                        0x0801b5a9   Thumb Code     0  init.o(.text)
    __I$use$semihosting$fputc                0x0801b5cd   Thumb Code     0  iusesemip.o(.text)
    __decompress                             0x0801b5cd   Thumb Code     0  __dczerorl2.o(.text)
    __decompress1                            0x0801b5cd   Thumb Code    86  __dczerorl2.o(.text)
    __semihosting_library_function           0x0801b5cd   Thumb Code     0  semi.o(.text)
    OSStartHighRdy                           0x0801b625   Thumb Code     0  os_cpu_a.o(CODE)
    OS_CPU_PendSVHandler                     0x0801b647   Thumb Code     0  os_cpu_a.o(CODE)
    __0printf$3                              0x0801b6a9   Thumb Code    22  printf3.o(i.__0printf$3)
    __1printf$3                              0x0801b6a9   Thumb Code     0  printf3.o(i.__0printf$3)
    __2printf                                0x0801b6a9   Thumb Code     0  printf3.o(i.__0printf$3)
    __0sprintf$3                             0x0801b6c9   Thumb Code    34  printf3.o(i.__0sprintf$3)
    __1sprintf$3                             0x0801b6c9   Thumb Code     0  printf3.o(i.__0sprintf$3)
    __2sprintf                               0x0801b6c9   Thumb Code     0  printf3.o(i.__0sprintf$3)
    __scatterload_copy                       0x0801b6f1   Thumb Code    14  handlers.o(i.__scatterload_copy)
    __scatterload_null                       0x0801b6ff   Thumb Code     2  handlers.o(i.__scatterload_null)
    __scatterload_zeroinit                   0x0801b701   Thumb Code    14  handlers.o(i.__scatterload_zeroinit)
    fputc                                    0x0801b8d3   Thumb Code    18  fputc.o(i.fputc)
    crc_table                                0x0801b8e4   Data         512  protocol.o(.constdata)
    OSCfg_IdleTaskStkBasePtr                 0x0801bc78   Data           4  os_cfg_app.o(.constdata)
    OSCfg_IdleTaskStkLimit                   0x0801bc7c   Data           4  os_cfg_app.o(.constdata)
    OSCfg_IdleTaskStkSize                    0x0801bc80   Data           4  os_cfg_app.o(.constdata)
    OSCfg_IdleTaskStkSizeRAM                 0x0801bc84   Data           4  os_cfg_app.o(.constdata)
    OSCfg_IntQBasePtr                        0x0801bc88   Data           4  os_cfg_app.o(.constdata)
    OSCfg_IntQSize                           0x0801bc8c   Data           2  os_cfg_app.o(.constdata)
    OSCfg_IntQSizeRAM                        0x0801bc90   Data           4  os_cfg_app.o(.constdata)
    OSCfg_IntQTaskStkBasePtr                 0x0801bc94   Data           4  os_cfg_app.o(.constdata)
    OSCfg_IntQTaskStkLimit                   0x0801bc98   Data           4  os_cfg_app.o(.constdata)
    OSCfg_IntQTaskStkSize                    0x0801bc9c   Data           4  os_cfg_app.o(.constdata)
    OSCfg_IntQTaskStkSizeRAM                 0x0801bca0   Data           4  os_cfg_app.o(.constdata)
    OSCfg_ISRStkBasePtr                      0x0801bca4   Data           4  os_cfg_app.o(.constdata)
    OSCfg_ISRStkSize                         0x0801bca8   Data           4  os_cfg_app.o(.constdata)
    OSCfg_ISRStkSizeRAM                      0x0801bcac   Data           4  os_cfg_app.o(.constdata)
    OSCfg_MsgPoolSize                        0x0801bcb0   Data           2  os_cfg_app.o(.constdata)
    OSCfg_MsgPoolSizeRAM                     0x0801bcb4   Data           4  os_cfg_app.o(.constdata)
    OSCfg_MsgPoolBasePtr                     0x0801bcb8   Data           4  os_cfg_app.o(.constdata)
    OSCfg_StatTaskPrio                       0x0801bcbc   Data           1  os_cfg_app.o(.constdata)
    OSCfg_StatTaskRate_Hz                    0x0801bcc0   Data           4  os_cfg_app.o(.constdata)
    OSCfg_StatTaskStkBasePtr                 0x0801bcc4   Data           4  os_cfg_app.o(.constdata)
    OSCfg_StatTaskStkLimit                   0x0801bcc8   Data           4  os_cfg_app.o(.constdata)
    OSCfg_StatTaskStkSize                    0x0801bccc   Data           4  os_cfg_app.o(.constdata)
    OSCfg_StatTaskStkSizeRAM                 0x0801bcd0   Data           4  os_cfg_app.o(.constdata)
    OSCfg_StkSizeMin                         0x0801bcd4   Data           4  os_cfg_app.o(.constdata)
    OSCfg_TickRate_Hz                        0x0801bcd8   Data           4  os_cfg_app.o(.constdata)
    OSCfg_TickTaskPrio                       0x0801bcdc   Data           1  os_cfg_app.o(.constdata)
    OSCfg_TickTaskStkBasePtr                 0x0801bce0   Data           4  os_cfg_app.o(.constdata)
    OSCfg_TickTaskStkLimit                   0x0801bce4   Data           4  os_cfg_app.o(.constdata)
    OSCfg_TickTaskStkSize                    0x0801bce8   Data           4  os_cfg_app.o(.constdata)
    OSCfg_TickTaskStkSizeRAM                 0x0801bcec   Data           4  os_cfg_app.o(.constdata)
    OSCfg_TickWheelSize                      0x0801bcf0   Data           2  os_cfg_app.o(.constdata)
    OSCfg_TickWheelSizeRAM                   0x0801bcf4   Data           4  os_cfg_app.o(.constdata)
    OSCfg_TmrTaskPrio                        0x0801bcf8   Data           1  os_cfg_app.o(.constdata)
    OSCfg_TmrTaskRate_Hz                     0x0801bcfc   Data           4  os_cfg_app.o(.constdata)
    OSCfg_TmrTaskStkBasePtr                  0x0801bd00   Data           4  os_cfg_app.o(.constdata)
    OSCfg_TmrTaskStkLimit                    0x0801bd04   Data           4  os_cfg_app.o(.constdata)
    OSCfg_TmrTaskStkSize                     0x0801bd08   Data           4  os_cfg_app.o(.constdata)
    OSCfg_TmrTaskStkSizeRAM                  0x0801bd0c   Data           4  os_cfg_app.o(.constdata)
    OSCfg_TmrWheelSize                       0x0801bd10   Data           2  os_cfg_app.o(.constdata)
    OSCfg_TmrWheelSizeRAM                    0x0801bd14   Data           4  os_cfg_app.o(.constdata)
    OSCfg_DataSizeRAM                        0x0801bd18   Data           4  os_cfg_app.o(.constdata)
    OSDbg_DbgEn                              0x0801bd1c   Data           1  os_dbg.o(.constdata)
    OSDbg_ArgChkEn                           0x0801bd1d   Data           1  os_dbg.o(.constdata)
    OSDbg_AppHooksEn                         0x0801bd1e   Data           1  os_dbg.o(.constdata)
    OSDbg_EndiannessTest                     0x0801bd20   Data           4  os_dbg.o(.constdata)
    OSDbg_CalledFromISRChkEn                 0x0801bd24   Data           1  os_dbg.o(.constdata)
    OSDbg_FlagEn                             0x0801bd25   Data           1  os_dbg.o(.constdata)
    OSDbg_FlagGrp                            0x0801bd28   Data          40  os_dbg.o(.constdata)
    OSDbg_FlagDelEn                          0x0801bd50   Data           1  os_dbg.o(.constdata)
    OSDbg_FlagModeClrEn                      0x0801bd51   Data           1  os_dbg.o(.constdata)
    OSDbg_FlagPendAbortEn                    0x0801bd52   Data           1  os_dbg.o(.constdata)
    OSDbg_FlagGrpSize                        0x0801bd54   Data           2  os_dbg.o(.constdata)
    OSDbg_FlagWidth                          0x0801bd56   Data           2  os_dbg.o(.constdata)
    OSDbg_IntQ                               0x0801bd58   Data           2  os_dbg.o(.constdata)
    OSDbg_ISRPostDeferredEn                  0x0801bd5a   Data           1  os_dbg.o(.constdata)
    OSDbg_Mem                                0x0801bd5c   Data          32  os_dbg.o(.constdata)
    OSDbg_MemEn                              0x0801bd7c   Data           1  os_dbg.o(.constdata)
    OSDbg_MemSize                            0x0801bd7e   Data           2  os_dbg.o(.constdata)
    OSDbg_MsgEn                              0x0801bd80   Data           1  os_dbg.o(.constdata)
    OSDbg_MsgSize                            0x0801bd82   Data           2  os_dbg.o(.constdata)
    OSDbg_MsgPoolSize                        0x0801bd84   Data           2  os_dbg.o(.constdata)
    OSDbg_MsgQSize                           0x0801bd86   Data           2  os_dbg.o(.constdata)
    OSDbg_Mutex                              0x0801bd88   Data          44  os_dbg.o(.constdata)
    OSDbg_MutexEn                            0x0801bdb4   Data           1  os_dbg.o(.constdata)
    OSDbg_MutexDelEn                         0x0801bdb5   Data           1  os_dbg.o(.constdata)
    OSDbg_MutexPendAbortEn                   0x0801bdb6   Data           1  os_dbg.o(.constdata)
    OSDbg_MutexSize                          0x0801bdb8   Data           2  os_dbg.o(.constdata)
    OSDbg_ObjTypeChkEn                       0x0801bdba   Data           1  os_dbg.o(.constdata)
    OSDbg_PendMultiEn                        0x0801bdbb   Data           1  os_dbg.o(.constdata)
    OSDbg_PendDataSize                       0x0801bdbc   Data           2  os_dbg.o(.constdata)
    OSDbg_PendListSize                       0x0801bdbe   Data           2  os_dbg.o(.constdata)
    OSDbg_PendObjSize                        0x0801bdc0   Data           2  os_dbg.o(.constdata)
    OSDbg_PrioMax                            0x0801bdc2   Data           2  os_dbg.o(.constdata)
    OSDbg_PrioTblSize                        0x0801bdc4   Data           2  os_dbg.o(.constdata)
    OSDbg_PtrSize                            0x0801bdc6   Data           2  os_dbg.o(.constdata)
    OSDbg_Q                                  0x0801bdc8   Data          48  os_dbg.o(.constdata)
    OSDbg_QEn                                0x0801bdf8   Data           1  os_dbg.o(.constdata)
    OSDbg_QDelEn                             0x0801bdf9   Data           1  os_dbg.o(.constdata)
    OSDbg_QFlushEn                           0x0801bdfa   Data           1  os_dbg.o(.constdata)
    OSDbg_QPendAbortEn                       0x0801bdfb   Data           1  os_dbg.o(.constdata)
    OSDbg_QSize                              0x0801bdfc   Data           2  os_dbg.o(.constdata)
    OSDbg_SchedRoundRobinEn                  0x0801bdfe   Data           1  os_dbg.o(.constdata)
    OSDbg_Sem                                0x0801be00   Data          40  os_dbg.o(.constdata)
    OSDbg_SemEn                              0x0801be28   Data           1  os_dbg.o(.constdata)
    OSDbg_SemDelEn                           0x0801be29   Data           1  os_dbg.o(.constdata)
    OSDbg_SemPendAbortEn                     0x0801be2a   Data           1  os_dbg.o(.constdata)
    OSDbg_SemSetEn                           0x0801be2b   Data           1  os_dbg.o(.constdata)
    OSDbg_SemSize                            0x0801be2c   Data           2  os_dbg.o(.constdata)
    OSDbg_RdyList                            0x0801be2e   Data           2  os_dbg.o(.constdata)
    OSDbg_RdyListSize                        0x0801be30   Data           4  os_dbg.o(.constdata)
    OSDbg_StkWidth                           0x0801be34   Data           1  os_dbg.o(.constdata)
    OSDbg_StatTaskEn                         0x0801be35   Data           1  os_dbg.o(.constdata)
    OSDbg_StatTaskStkChkEn                   0x0801be36   Data           1  os_dbg.o(.constdata)
    OSDbg_TaskChangePrioEn                   0x0801be37   Data           1  os_dbg.o(.constdata)
    OSDbg_TaskDelEn                          0x0801be38   Data           1  os_dbg.o(.constdata)
    OSDbg_TaskQEn                            0x0801be39   Data           1  os_dbg.o(.constdata)
    OSDbg_TaskQPendAbortEn                   0x0801be3a   Data           1  os_dbg.o(.constdata)
    OSDbg_TaskProfileEn                      0x0801be3b   Data           1  os_dbg.o(.constdata)
    OSDbg_TaskRegTblSize                     0x0801be3c   Data           2  os_dbg.o(.constdata)
    OSDbg_TaskSemPendAbortEn                 0x0801be3e   Data           1  os_dbg.o(.constdata)
    OSDbg_TaskSuspendEn                      0x0801be3f   Data           1  os_dbg.o(.constdata)
    OSDbg_TCBSize                            0x0801be40   Data           2  os_dbg.o(.constdata)
    OSDbg_TickSpokeSize                      0x0801be42   Data           2  os_dbg.o(.constdata)
    OSDbg_TimeDlyHMSMEn                      0x0801be44   Data           1  os_dbg.o(.constdata)
    OSDbg_TimeDlyResumeEn                    0x0801be45   Data           1  os_dbg.o(.constdata)
    OSDbg_TLS_TblSize                        0x0801be46   Data           2  os_dbg.o(.constdata)
    OSDbg_Tmr                                0x0801be48   Data          52  os_dbg.o(.constdata)
    OSDbg_TmrEn                              0x0801be7c   Data           1  os_dbg.o(.constdata)
    OSDbg_TmrDelEn                           0x0801be7d   Data           1  os_dbg.o(.constdata)
    OSDbg_TmrSize                            0x0801be7e   Data           2  os_dbg.o(.constdata)
    OSDbg_TmrSpokeSize                       0x0801be80   Data           2  os_dbg.o(.constdata)
    OSDbg_VersionNbr                         0x0801be82   Data           2  os_dbg.o(.constdata)
    OSDbg_DataSize                           0x0801be84   Data           4  os_dbg.o(.constdata)
    pvNullPointer                            0x0801be88   Data           4  sys_arch.o(.constdata)
    ethbroadcast                             0x0801be8c   Data           6  ethernet.o(.constdata)
    ethzero                                  0x0801be92   Data           6  ethernet.o(.constdata)
    memp_UDP_PCB                             0x0801be98   Data          12  memp.o(.constdata)
    memp_TCP_PCB                             0x0801bea4   Data          12  memp.o(.constdata)
    memp_TCP_PCB_LISTEN                      0x0801beb0   Data          12  memp.o(.constdata)
    memp_TCP_SEG                             0x0801bebc   Data          12  memp.o(.constdata)
    memp_REASSDATA                           0x0801bec8   Data          12  memp.o(.constdata)
    memp_FRAG_PBUF                           0x0801bed4   Data          12  memp.o(.constdata)
    memp_NETBUF                              0x0801bee0   Data          12  memp.o(.constdata)
    memp_NETCONN                             0x0801beec   Data          12  memp.o(.constdata)
    memp_TCPIP_MSG_API                       0x0801bef8   Data          12  memp.o(.constdata)
    memp_SYS_TIMEOUT                         0x0801bf04   Data          12  memp.o(.constdata)
    memp_PBUF                                0x0801bf10   Data          12  memp.o(.constdata)
    memp_PBUF_POOL                           0x0801bf1c   Data          12  memp.o(.constdata)
    memp_pools                               0x0801bf28   Data          48  memp.o(.constdata)
    tcp_pcb_lists                            0x0801bf98   Data          16  tcp.o(.constdata)
    lwip_cyclic_timers                       0x0801bfa8   Data          40  timeouts.o(.constdata)
    ip_addr_any                              0x0801bfd0   Data           4  ip4_addr.o(.constdata)
    ip_addr_broadcast                        0x0801bfd4   Data           4  ip4_addr.o(.constdata)
    Region$$Table$$Base                      0x0801c204   Number         0  anon$$obj.o(Region$$Table)
    Region$$Table$$Limit                     0x0801c224   Number         0  anon$$obj.o(Region$$Table)
    SystemCoreClock                          0x20000000   Data           4  system_stm32f2xx.o(.data)
    AHBPrescTable                            0x20000004   Data          16  system_stm32f2xx.o(.data)
    heart_time_cnt                           0x20000014   Data           4  protocol.o(.data)
    protocol_stream_num                      0x20000018   Data           2  protocol.o(.data)
    protocol_buff_len                        0x2000001c   Data           4  protocol.o(.data)
    usart1_rx_buff                           0x20000020   Data           4  usart.o(.data)
    usart2_rx_buff                           0x20000024   Data           4  usart.o(.data)
    usart3_rx_buff                           0x20000028   Data           4  usart.o(.data)
    usart4_rx_buff                           0x2000002c   Data           4  usart.o(.data)
    usart5_rx_buff                           0x20000030   Data           4  usart.o(.data)
    gprs_rx_buff                             0x20000034   Data           4  usart.o(.data)
    usart1_rx_status                         0x20000038   Data           1  usart.o(.data)
    usart2_rx_status                         0x20000039   Data           1  usart.o(.data)
    usart3_rx_status                         0x2000003a   Data           1  usart.o(.data)
    usart4_rx_status                         0x2000003b   Data           1  usart.o(.data)
    usart5_rx_status                         0x2000003c   Data           1  usart.o(.data)
    gprs_err_cnt                             0x2000003e   Data           1  gprs.o(.data)
    gprs_status                              0x2000003f   Data           1  gprs.o(.data)
    gprs_rx_cnt                              0x20000040   Data           2  gprs.o(.data)
    gprs_send_at_flag                        0x20000042   Data           1  gprs.o(.data)
    gprs_rx_flag                             0x20000043   Data           1  gprs.o(.data)
    g_timeout_cnt                            0x20000048   Data           4  timer.o(.data)
    time_heart_ms                            0x2000004c   Data           4  timer.o(.data)
    time_ms                                  0x20000050   Data           4  timer.o(.data)
    time_second                              0x20000054   Data           1  timer.o(.data)
    time_minute                              0x20000055   Data           1  timer.o(.data)
    time_hour                                0x20000056   Data           1  timer.o(.data)
    DMATxDescToSet                           0x20000058   Data           4  stm32f2x7_eth.o(.data)
    DMARxDescToGet                           0x2000005c   Data           4  stm32f2x7_eth.o(.data)
    DMA_RX_FRAME_infos                       0x20000060   Data           4  stm32f2x7_eth.o(.data)
    Frame_Rx_index                           0x20000064   Data           4  stm32f2x7_eth.o(.data)
    Mem_PoolTbl                              0x20000078   Data           4  lib_mem.o(.data)
    CPU_TS_TmrFreq_Hz                        0x2000007c   Data           4  cpu_core.o(.data)
    OS_CPU_ExceptStkBase                     0x20000080   Data           4  os_cpu_c.o(.data)
    OSPrioTbl                                0x20000084   Data           8  os_prio.o(.data)
    OS_AppTaskCreateHookPtr                  0x2000008c   Data           4  os_var.o(.data)
    OS_AppTaskDelHookPtr                     0x20000090   Data           4  os_var.o(.data)
    OS_AppTaskReturnHookPtr                  0x20000094   Data           4  os_var.o(.data)
    OS_AppIdleTaskHookPtr                    0x20000098   Data           4  os_var.o(.data)
    OS_AppStatTaskHookPtr                    0x2000009c   Data           4  os_var.o(.data)
    OS_AppTaskSwHookPtr                      0x200000a0   Data           4  os_var.o(.data)
    OS_AppTimeTickHookPtr                    0x200000a4   Data           4  os_var.o(.data)
    OSIdleTaskCtr                            0x200000a8   Data           4  os_var.o(.data)
    OSIntNestingCtr                          0x200000ac   Data           1  os_var.o(.data)
    OSRunning                                0x200000ad   Data           1  os_var.o(.data)
    OSFlagDbgListPtr                         0x200000b0   Data           4  os_var.o(.data)
    OSFlagQty                                0x200000b4   Data           2  os_var.o(.data)
    OSMemDbgListPtr                          0x200000b8   Data           4  os_var.o(.data)
    OSMemQty                                 0x200000bc   Data           2  os_var.o(.data)
    OSMutexDbgListPtr                        0x200000c0   Data           4  os_var.o(.data)
    OSMutexQty                               0x200000c4   Data           2  os_var.o(.data)
    OSPrioCur                                0x200000c6   Data           1  os_var.o(.data)
    OSPrioHighRdy                            0x200000c7   Data           1  os_var.o(.data)
    OSPrioSaved                              0x200000c8   Data           1  os_var.o(.data)
    OSQDbgListPtr                            0x200000cc   Data           4  os_var.o(.data)
    OSQQty                                   0x200000d0   Data           2  os_var.o(.data)
    OSSchedLockTimeBegin                     0x200000d4   Data           4  os_var.o(.data)
    OSSchedLockTimeMax                       0x200000d8   Data           4  os_var.o(.data)
    OSSchedLockTimeMaxCur                    0x200000dc   Data           4  os_var.o(.data)
    OSSchedLockNestingCtr                    0x200000e0   Data           1  os_var.o(.data)
    OSSchedRoundRobinDfltTimeQuanta          0x200000e4   Data           4  os_var.o(.data)
    OSSchedRoundRobinEn                      0x200000e8   Data           1  os_var.o(.data)
    OSSemDbgListPtr                          0x200000ec   Data           4  os_var.o(.data)
    OSSemQty                                 0x200000f0   Data           2  os_var.o(.data)
    OSStatResetFlag                          0x200000f2   Data           1  os_var.o(.data)
    OSStatTaskCPUUsage                       0x200000f4   Data           2  os_var.o(.data)
    OSStatTaskCPUUsageMax                    0x200000f6   Data           2  os_var.o(.data)
    OSStatTaskCtr                            0x200000f8   Data           4  os_var.o(.data)
    OSStatTaskCtrMax                         0x200000fc   Data           4  os_var.o(.data)
    OSStatTaskCtrRun                         0x20000100   Data           4  os_var.o(.data)
    OSStatTaskRdy                            0x20000104   Data           1  os_var.o(.data)
    OSStatTaskTimeMax                        0x20000108   Data           4  os_var.o(.data)
    OSTaskCtxSwCtr                           0x2000010c   Data           4  os_var.o(.data)
    OSTaskDbgListPtr                         0x20000110   Data           4  os_var.o(.data)
    OSTaskQty                                0x20000114   Data           2  os_var.o(.data)
    OSTaskRegNextAvailID                     0x20000116   Data           1  os_var.o(.data)
    OSTickCtr                                0x20000118   Data           4  os_var.o(.data)
    OSTickTaskTimeMax                        0x2000011c   Data           4  os_var.o(.data)
    OSTmrDbgListPtr                          0x20000120   Data           4  os_var.o(.data)
    OSTmrQty                                 0x20000124   Data           2  os_var.o(.data)
    OSTmrTaskTimeMax                         0x20000128   Data           4  os_var.o(.data)
    OSTmrTickCtr                             0x2000012c   Data           4  os_var.o(.data)
    OSTmrUpdateCnt                           0x20000130   Data           4  os_var.o(.data)
    OSTmrUpdateCtr                           0x20000134   Data           4  os_var.o(.data)
    OSTCBCurPtr                              0x20000138   Data           4  os_var.o(.data)
    OSTCBHighRdyPtr                          0x2000013c   Data           4  os_var.o(.data)
    udppcb                                   0x20000140   Data           4  rawudp.o(.data)
    rawudp_recv_buff_len                     0x20000144   Data           4  rawudp.o(.data)
    eth_rx_flag                              0x20000148   Data           1  rawudp.o(.data)
    netif_list                               0x20000190   Data           4  netif.o(.data)
    netif_default                            0x20000194   Data           4  netif.o(.data)
    tcp_ticks                                0x200001a0   Data           4  tcp.o(.data)
    tcp_bound_pcbs                           0x200001a4   Data           4  tcp.o(.data)
    tcp_listen_pcbs                          0x200001a8   Data           4  tcp.o(.data)
    tcp_active_pcbs                          0x200001ac   Data           4  tcp.o(.data)
    tcp_tw_pcbs                              0x200001b0   Data           4  tcp.o(.data)
    tcp_active_pcbs_changed                  0x200001b4   Data           1  tcp.o(.data)
    tcp_input_pcb                            0x200001e0   Data           4  tcp_in.o(.data)
    udp_pcbs                                 0x200001f4   Data           4  udp.o(.data)
    dhcp_rx_options_given                    0x200001f8   Data           8  dhcp_1.o(.data)
    __stdout                                 0x2000021c   Data           4  stdout.o(.data)
    gprs_init_task_TCB                       0x20000a6c   Data         196  app.o(.bss)
    gprs_init_task_stk                       0x20000b30   Data         512  app.o(.bss)
    eth_init_task_TCB                        0x20000d30   Data         196  app.o(.bss)
    eth_init_task_stk                        0x20000df4   Data         512  app.o(.bss)
    protocol_task_TCB                        0x20000ff4   Data         196  app.o(.bss)
    protocol_task_stk                        0x200010b8   Data        2400  app.o(.bss)
    usart1_msg                               0x20001a18   Data          48  app.o(.bss)
    usart2_msg                               0x20001a48   Data          48  app.o(.bss)
    usart3_msg                               0x20001a78   Data          48  app.o(.bss)
    usart4_msg                               0x20001aa8   Data          48  app.o(.bss)
    usart5_msg                               0x20001ad8   Data          48  app.o(.bss)
    eth_msg                                  0x20001b08   Data          48  app.o(.bss)
    tmr1                                     0x20001b38   Data          52  app.o(.bss)
    gprs                                     0x20001b6c   Data          52  app.o(.bss)
    dev_info                                 0x20001ba0   Data          76  protocol.o(.bss)
    protocol_buff                            0x20001bec   Data         512  protocol.o(.bss)
    usart1_task_TCB                          0x20001dec   Data         196  translate.o(.bss)
    usart1_task_stk                          0x20001eb0   Data        2400  translate.o(.bss)
    usart3_task_TCB                          0x20002810   Data         196  translate.o(.bss)
    usart3_task_stk                          0x200028d4   Data        4000  translate.o(.bss)
    translate_task_TCB                       0x20003874   Data         196  translate.o(.bss)
    translate_task_stk                       0x20003938   Data         512  translate.o(.bss)
    translate_buff                           0x20003b38   Data         512  translate.o(.bss)
    w25qxx_flash_buf                         0x20003e80   Data        4096  w25qxx.o(.bss)
    g_timer_cnt                              0x20005084   Data          44  timer.o(.bss)
    DMARxDscrTab                             0x200050b0   Data         160  stm32f2x7_eth.o(.bss)
    DMATxDscrTab                             0x20005150   Data         160  stm32f2x7_eth.o(.bss)
    Rx_Buff                                  0x200051f0   Data        7620  stm32f2x7_eth.o(.bss)
    Tx_Buff                                  0x20006fb4   Data        7620  stm32f2x7_eth.o(.bss)
    RX_Frame_Descriptor                      0x20008d78   Data          12  stm32f2x7_eth.o(.bss)
    Mem_PoolHeap                             0x20008d84   Data          72  lib_mem.o(.bss)
    Mem_Heap                                 0x20008dcc   Data        9216  lib_mem.o(.bss)
    CPU_Name                                 0x2000b1cc   Data          16  cpu_core.o(.bss)
    OSCfg_IdleTaskStk                        0x2000b1dc   Data         512  os_cfg_app.o(.bss)
    OSCfg_ISRStk                             0x2000b3dc   Data        1024  os_cfg_app.o(.bss)
    OSCfg_MsgPool                            0x2000b7dc   Data        1600  os_cfg_app.o(.bss)
    OSCfg_StatTaskStk                        0x2000be1c   Data         512  os_cfg_app.o(.bss)
    OSCfg_TickTaskStk                        0x2000c01c   Data         512  os_cfg_app.o(.bss)
    OSCfg_TickWheel                          0x2000c21c   Data         128  os_cfg_app.o(.bss)
    OSCfg_TmrTaskStk                         0x2000c29c   Data         512  os_cfg_app.o(.bss)
    OSCfg_TmrWheel                           0x2000c49c   Data         128  os_cfg_app.o(.bss)
    OSIdleTaskTCB                            0x2000c51c   Data         196  os_var.o(.bss)
    OSMsgPool                                0x2000c5e0   Data          12  os_var.o(.bss)
    OSRdyList                                0x2000c5ec   Data         768  os_var.o(.bss)
    OSStatTaskTCB                            0x2000c8ec   Data         196  os_var.o(.bss)
    OSTickTaskTCB                            0x2000c9b0   Data         196  os_var.o(.bss)
    OSTmrTaskTCB                             0x2000ca74   Data         196  os_var.o(.bss)
    tcpip_thread_task_stk                    0x2000cb38   Data        4000  sys_arch.o(.bss)
    tcpip_thread_task_TCB                    0x2000dad8   Data         196  sys_arch.o(.bss)
    rawudp_task_TCB                          0x2000db9c   Data         196  rawudp.o(.bss)
    rawudp_task_stk                          0x2000dc60   Data        1024  rawudp.o(.bss)
    rawudp_recv_buff                         0x2000e060   Data         512  rawudp.o(.bss)
    rawudp_send_buff                         0x2000e260   Data         512  rawudp.o(.bss)
    dhcp_task_TCB                            0x2000e460   Data         196  dhcp.o(.bss)
    dhcp_task_stk                            0x2000e524   Data         512  dhcp.o(.bss)
    lwip_dev                                 0x2000e724   Data          23  lwip_comm_1.o(.bss)
    lwip_netif                               0x2000e73c   Data          52  lwip_comm_1.o(.bss)
    lock_tcpip_core                          0x2000e7a0   Data          40  tcpip.o(.bss)
    ip_data                                  0x2000e7c8   Data          24  ip.o(.bss)
    ram_heap                                 0x2000e7e0   Data        5139  mem.o(.bss)
    memp_memory_UDP_PCB_base                 0x2000fc1c   Data         195  memp.o(.bss)
    memp_memory_TCP_PCB_base                 0x2000fcdf   Data        1483  memp.o(.bss)
    memp_memory_TCP_PCB_LISTEN_base          0x200102aa   Data         171  memp.o(.bss)
    memp_memory_TCP_SEG_base                 0x20010355   Data         195  memp.o(.bss)
    memp_memory_REASSDATA_base               0x20010418   Data         163  memp.o(.bss)
    memp_memory_FRAG_PBUF_base               0x200104bb   Data         363  memp.o(.bss)
    memp_memory_NETBUF_base                  0x20010626   Data          35  memp.o(.bss)
    memp_memory_NETCONN_base                 0x20010649   Data         691  memp.o(.bss)
    memp_memory_TCPIP_MSG_API_base           0x200108fc   Data         131  memp.o(.bss)
    memp_memory_SYS_TIMEOUT_base             0x2001097f   Data         131  memp.o(.bss)
    memp_memory_PBUF_base                    0x20010a02   Data         163  memp.o(.bss)
    memp_memory_PBUF_POOL_base               0x20010aa5   Data       15163  memp.o(.bss)
    dhcp_rx_options_val                      0x200145f0   Data          32  dhcp_1.o(.bss)
    __initial_sp                             0x20014b10   Data           0  cstartup.o(STACK)



==============================================================================

Memory Map of the image

  Image Entry point : 0x08000185

  Load Region LR_IROM1 (Base: 0x08000000, Size: 0x0001c444, Max: 0x00080000, ABSOLUTE, COMPRESSED[0x0001c258])

    Execution Region ER_IROM1 (Base: 0x08000000, Size: 0x0001c224, Max: 0x00080000, ABSOLUTE)

    Base Addr    Size         Type   Attr      Idx    E Section Name        Object

    0x08000000   0x00000184   Data   RO         1630    RESET               cstartup.o
    0x08000184   0x00000000   Code   RO         2700  * .ARM.Collect$$$$00000000  mc_w.l(entry.o)
    0x08000184   0x00000004   Code   RO         2980    .ARM.Collect$$$$00000001  mc_w.l(entry2.o)
    0x08000188   0x00000004   Code   RO         2983    .ARM.Collect$$$$00000004  mc_w.l(entry5.o)
    0x0800018c   0x00000000   Code   RO         2985    .ARM.Collect$$$$00000008  mc_w.l(entry7b.o)
    0x0800018c   0x00000000   Code   RO         2987    .ARM.Collect$$$$0000000A  mc_w.l(entry8b.o)
    0x0800018c   0x00000008   Code   RO         2988    .ARM.Collect$$$$0000000B  mc_w.l(entry9a.o)
    0x08000194   0x00000000   Code   RO         2990    .ARM.Collect$$$$0000000D  mc_w.l(entry10a.o)
    0x08000194   0x00000000   Code   RO         2992    .ARM.Collect$$$$0000000F  mc_w.l(entry11a.o)
    0x08000194   0x00000004   Code   RO         2981    .ARM.Collect$$$$00002712  mc_w.l(entry2.o)
    0x08000198   0x000003b8   Code   RO            2    .text               app.o
    0x08000550   0x000001e0   Code   RO          376    .text               system_stm32f2xx.o
    0x08000730   0x000009d4   Code   RO          398    .text               protocol.o
    0x08001104   0x0000029c   Code   RO          420    .text               translate.o
    0x080013a0   0x00000650   Code   RO          441    .text               bsp.o
    0x080019f0   0x00000428   Code   RO          474    .text               bsp_int.o
    0x08001e18   0x00000328   Code   RO          581    .text               w25qxx.o
    0x08002140   0x0000068c   Code   RO          604    .text               usart.o
    0x080027cc   0x00000184   Code   RO          650    .text               timer.o
    0x08002950   0x00000084   Code   RO          673    .text               spi.o
    0x080029d4   0x000002dc   Code   RO          689    .text               rtc.o
    0x08002cb0   0x0000034c   Code   RO          705    .text               lan8720.o
    0x08002ffc   0x00000e34   Code   RO          840    .text               stm32f2x7_eth.o
    0x08003e30   0x000000e0   Code   RO          860    .text               misc.o
    0x08003f10   0x0000011c   Code   RO         1020    .text               stm32f2xx_exti.o
    0x0800402c   0x0000025c   Code   RO         1068    .text               stm32f2xx_gpio.o
    0x08004288   0x00000040   Code   RO         1100    .text               stm32f2xx_iwdg.o
    0x080042c8   0x000000d8   Code   RO         1116    .text               stm32f2xx_pwr.o
    0x080043a0   0x00000588   Code   RO         1132    .text               stm32f2xx_rcc.o
    0x08004928   0x00000b08   Code   RO         1166    .text               stm32f2xx_rtc.o
    0x08005430   0x000003a8   Code   RO         1182    .text               stm32f2xx_spi.o
    0x080057d8   0x0000008c   Code   RO         1198    .text               stm32f2xx_syscfg.o
    0x08005864   0x00000ca2   Code   RO         1214    .text               stm32f2xx_tim.o
    0x08006506   0x00000002   PAD
    0x08006508   0x0000041a   Code   RO         1230    .text               stm32f2xx_usart.o
    0x08006922   0x00000256   Code   RO         1261    .text               lib_ascii.o
    0x08006b78   0x00000ec4   Code   RO         1294    .text               lib_mem.o
    0x08007a3c   0x00000928   Code   RO         1313    .text               lib_str.o
    0x08008364   0x00000220   Code   RO         1330    .text               lib_mem_a.o
    0x08008584   0x000002a8   Code   RO         1333    .text               cpu_core.o
    0x0800882c   0x0000077c   Code   RO         1359    .text               cpu_c.o
    0x08008fa8   0x00000034   Code   RO         1371    .text               cpu_a.o
    0x08008fdc   0x0000026c   Code   RO         1374    .text               os_cpu_c.o
    0x08009248   0x00000002   Code   RO         1395    .text               os_cfg_app.o
    0x0800924a   0x00000002   PAD
    0x0800924c   0x00000d9c   Code   RO         1418    .text               os_core.o
    0x08009fe8   0x000001ac   Code   RO         1430    .text               os_dbg.o
    0x0800a194   0x00000af8   Code   RO         1445    .text               os_flag.o
    0x0800ac8c   0x000001fc   Code   RO         1463    .text               os_mem.o
    0x0800ae88   0x00000228   Code   RO         1475    .text               os_msg.o
    0x0800b0b0   0x0000078c   Code   RO         1487    .text               os_mutex.o
    0x0800b83c   0x0000007c   Code   RO         1511    .text               os_prio.o
    0x0800b8b8   0x000006d8   Code   RO         1530    .text               os_q.o
    0x0800bf90   0x000006e8   Code   RO         1542    .text               os_sem.o
    0x0800c678   0x000005a8   Code   RO         1554    .text               os_stat.o
    0x0800cc20   0x00001360   Code   RO         1566    .text               os_task.o
    0x0800df80   0x00000484   Code   RO         1578    .text               os_tick.o
    0x0800e404   0x0000045c   Code   RO         1590    .text               os_time.o
    0x0800e860   0x000007f8   Code   RO         1602    .text               os_tmr.o
    0x0800f058   0x00000018   Code   RO         1631    .text               cstartup.o
    0x0800f070   0x000004b8   Code   RO         1636    .text               sys_arch.o
    0x0800f528   0x0000033c   Code   RO         1674    .text               rawudp.o
    0x0800f864   0x000002f4   Code   RO         1703    .text               dhcp.o
    0x0800fb58   0x0000010c   Code   RO         1744    .text               lwip_comm_1.o
    0x0800fc64   0x00000360   Code   RO         2027    .text               tcpip.o
    0x0800ffc4   0x000001b4   Code   RO         2060    .text               ethernet.o
    0x08010178   0x000001f4   Code   RO         2088    .text               ethernetif.o
    0x0801036c   0x00000158   Code   RO         2129    .text               def.o
    0x080104c4   0x00000328   Code   RO         2156    .text               inet_chksum.o
    0x080107ec   0x00000088   Code   RO         2175    .text               init.o
    0x08010874   0x00000728   Code   RO         2230    .text               mem.o
    0x08010f9c   0x00000268   Code   RO         2257    .text               memp.o
    0x08011204   0x00000334   Code   RO         2312    .text               netif.o
    0x08011538   0x0000121c   Code   RO         2351    .text               pbuf.o
    0x08012754   0x000016c0   Code   RO         2406    .text               tcp.o
    0x08013e14   0x000019b8   Code   RO         2438    .text               tcp_in.o
    0x080157cc   0x00001542   Code   RO         2468    .text               tcp_out.o
    0x08016d0e   0x00000002   PAD
    0x08016d10   0x00000358   Code   RO         2492    .text               timeouts.o
    0x08017068   0x000005e0   Code   RO         2518    .text               udp.o
    0x08017648   0x00001ab4   Code   RO         2556    .text               dhcp_1.o
    0x080190fc   0x00000d60   Code   RO         2583    .text               etharp.o
    0x08019e5c   0x00000374   Code   RO         2606    .text               icmp.o
    0x0801a1d0   0x000004f8   Code   RO         2635    .text               ip4.o
    0x0801a6c8   0x00000350   Code   RO         2653    .text               ip4_addr.o
    0x0801aa18   0x00000ab8   Code   RO         2680    .text               ip4_frag.o
    0x0801b4d0   0x00000024   Code   RO         2703    .text               mc_w.l(memcpya.o)
    0x0801b4f4   0x00000024   Code   RO         2705    .text               mc_w.l(memseta.o)
    0x0801b518   0x0000000e   Code   RO         2709    .text               mc_w.l(strlen.o)
    0x0801b526   0x0000001c   Code   RO         2711    .text               mc_w.l(strcmp.o)
    0x0801b542   0x0000001a   Code   RO         2713    .text               mc_w.l(memcmp.o)
    0x0801b55c   0x0000001e   Code   RO         2715    .text               mc_w.l(strncmp.o)
    0x0801b57a   0x0000002c   Code   RO         2997    .text               mc_w.l(uidiv.o)
    0x0801b5a6   0x00000002   PAD
    0x0801b5a8   0x00000024   Code   RO         3012    .text               mc_w.l(init.o)
    0x0801b5cc   0x00000000   Code   RO         3014    .text               mc_w.l(semi.o)
    0x0801b5cc   0x00000000   Code   RO         3021    .text               mc_w.l(iusesemip.o)
    0x0801b5cc   0x00000056   Code   RO         3032    .text               mc_w.l(__dczerorl2.o)
    0x0801b622   0x00000002   PAD
    0x0801b624   0x00000084   Code   RO         1392    CODE                os_cpu_a.o
    0x0801b6a8   0x00000020   Code   RO         2808    i.__0printf$3       mc_w.l(printf3.o)
    0x0801b6c8   0x00000028   Code   RO         2810    i.__0sprintf$3      mc_w.l(printf3.o)
    0x0801b6f0   0x0000000e   Code   RO         3026    i.__scatterload_copy  mc_w.l(handlers.o)
    0x0801b6fe   0x00000002   Code   RO         3027    i.__scatterload_null  mc_w.l(handlers.o)
    0x0801b700   0x0000000e   Code   RO         3028    i.__scatterload_zeroinit  mc_w.l(handlers.o)
    0x0801b70e   0x00000002   PAD
    0x0801b710   0x000001b8   Code   RO         2815    i._printf_core      mc_w.l(printf3.o)
    0x0801b8c8   0x0000000a   Code   RO         2817    i._sputc            mc_w.l(printf3.o)
    0x0801b8d2   0x00000012   Code   RO         2994    i.fputc             mc_w.l(fputc.o)
    0x0801b8e4   0x00000200   Data   RO          400    .constdata          protocol.o
    0x0801bae4   0x00000094   Data   RO         1314    .constdata          lib_str.o
    0x0801bb78   0x00000100   Data   RO         1335    .constdata          cpu_core.o
    0x0801bc78   0x000000a4   Data   RO         1397    .constdata          os_cfg_app.o
    0x0801bd1c   0x0000016c   Data   RO         1431    .constdata          os_dbg.o
    0x0801be88   0x00000004   Data   RO         1638    .constdata          sys_arch.o
    0x0801be8c   0x0000000c   Data   RO         2061    .constdata          ethernet.o
    0x0801be98   0x000000c0   Data   RO         2259    .constdata          memp.o
    0x0801bf58   0x00000050   Data   RO         2407    .constdata          tcp.o
    0x0801bfa8   0x00000028   Data   RO         2493    .constdata          timeouts.o
    0x0801bfd0   0x00000008   Data   RO         2655    .constdata          ip4_addr.o
    0x0801bfd8   0x00000048   Data   RO         2130    .conststring        def.o
    0x0801c020   0x00000041   Data   RO         2176    .conststring        init.o
    0x0801c061   0x00000003   PAD
    0x0801c064   0x00000075   Data   RO         2408    .conststring        tcp.o
    0x0801c0d9   0x00000003   PAD
    0x0801c0dc   0x00000055   Data   RO         2469    .conststring        tcp_out.o
    0x0801c131   0x00000003   PAD
    0x0801c134   0x0000008c   Data   RO         2558    .conststring        dhcp_1.o
    0x0801c1c0   0x00000041   Data   RO         2585    .conststring        etharp.o
    0x0801c201   0x00000003   PAD
    0x0801c204   0x00000020   Data   RO         3024    Region$$Table       anon$$obj.o


    Execution Region RW_IRAM1 (Base: 0x20000000, Size: 0x00014b10, Max: 0x00020000, ABSOLUTE, COMPRESSED[0x00000034])

    Base Addr    Size         Type   Attr      Idx    E Section Name        Object

    0x20000000   0x00000014   Data   RW          377    .data               system_stm32f2xx.o
    0x20000014   0x0000000c   Data   RW          401    .data               protocol.o
    0x20000020   0x0000001d   Data   RW          606    .data               usart.o
    0x2000003d   0x00000001   PAD
    0x2000003e   0x00000007   Data   RW          631    .data               gprs.o
    0x20000045   0x00000003   PAD
    0x20000048   0x0000000f   Data   RW          652    .data               timer.o
    0x20000057   0x00000001   PAD
    0x20000058   0x00000010   Data   RW          842    .data               stm32f2x7_eth.o
    0x20000068   0x00000010   Data   RW         1133    .data               stm32f2xx_rcc.o
    0x20000078   0x00000004   Data   RW         1296    .data               lib_mem.o
    0x2000007c   0x00000004   Data   RW         1336    .data               cpu_core.o
    0x20000080   0x00000004   Data   RW         1375    .data               os_cpu_c.o
    0x20000084   0x00000008   Data   RW         1512    .data               os_prio.o
    0x2000008c   0x000000b4   Data   RW         1615    .data               os_var.o
    0x20000140   0x00000009   Data   RW         1676    .data               rawudp.o
    0x20000149   0x00000003   PAD
    0x2000014c   0x00000008   Data   RW         2029    .data               tcpip.o
    0x20000154   0x0000000c   Data   RW         2232    .data               mem.o
    0x20000160   0x00000030   Data   RW         2260    .data               memp.o
    0x20000190   0x00000009   Data   RW         2313    .data               netif.o
    0x20000199   0x00000003   PAD
    0x2000019c   0x00000020   Data   RW         2409    .data               tcp.o
    0x200001bc   0x00000028   Data   RW         2440    .data               tcp_in.o
    0x200001e4   0x0000000c   Data   RW         2494    .data               timeouts.o
    0x200001f0   0x00000008   Data   RW         2519    .data               udp.o
    0x200001f8   0x00000018   Data   RW         2559    .data               dhcp_1.o
    0x20000210   0x00000001   Data   RW         2586    .data               etharp.o
    0x20000211   0x00000001   PAD
    0x20000212   0x00000002   Data   RW         2636    .data               ip4.o
    0x20000214   0x00000006   Data   RW         2681    .data               ip4_frag.o
    0x2000021a   0x00000002   PAD
    0x2000021c   0x00000004   Data   RW         2996    .data               mc_w.l(stdout.o)
    0x20000220   0x00001980   Zero   RW            3    .bss                app.o
    0x20001ba0   0x0000024c   Zero   RW          399    .bss                protocol.o
    0x20001dec   0x00001f4c   Zero   RW          421    .bss                translate.o
    0x20003d38   0x00000148   Zero   RW          475    .bss                bsp_int.o
    0x20003e80   0x00001000   Zero   RW          582    .bss                w25qxx.o
    0x20004e80   0x00000202   Zero   RW          605    .bss                usart.o
    0x20005082   0x00000002   PAD
    0x20005084   0x0000002c   Zero   RW          651    .bss                timer.o
    0x200050b0   0x00003cd4   Zero   RW          841    .bss                stm32f2x7_eth.o
    0x20008d84   0x00002448   Zero   RW         1295    .bss                lib_mem.o
    0x2000b1cc   0x00000010   Zero   RW         1334    .bss                cpu_core.o
    0x2000b1dc   0x00001340   Zero   RW         1396    .bss                os_cfg_app.o
    0x2000c51c   0x0000061c   Zero   RW         1614    .bss                os_var.o
    0x2000cb38   0x00001064   Zero   RW         1637    .bss                sys_arch.o
    0x2000db9c   0x000008c4   Zero   RW         1675    .bss                rawudp.o
    0x2000e460   0x000002c4   Zero   RW         1704    .bss                dhcp.o
    0x2000e724   0x0000004c   Zero   RW         1745    .bss                lwip_comm_1.o
    0x2000e770   0x00000058   Zero   RW         2028    .bss                tcpip.o
    0x2000e7c8   0x00000018   Zero   RW         2214    .bss                ip.o
    0x2000e7e0   0x0000143c   Zero   RW         2231    .bss                mem.o
    0x2000fc1c   0x000049c4   Zero   RW         2258    .bss                memp.o
    0x200145e0   0x00000010   Zero   RW         2439    .bss                tcp_in.o
    0x200145f0   0x00000020   Zero   RW         2557    .bss                dhcp_1.o
    0x20014610   0x000000f0   Zero   RW         2584    .bss                etharp.o
    0x20014700   0x00000010   Zero   RW         2654    .bss                ip4_addr.o
    0x20014710   0x00000400   Zero   RW         1628    STACK               cstartup.o


==============================================================================

Image component sizes


      Code (inc. data)   RO Data    RW Data    ZI Data      Debug   Object Name

         0          0          0          0          0       2335   api_lib.o
         0          0          0          0          0       2923   api_msg.o
       952        254          0          0       6528     377288   app.o
      1616         60          0          0          0      21495   bsp.o
      1064         10          0          0        328      13598   bsp_int.o
         0          0          0          0          0        564   bsp_ser.o
        52          0          0          0          0        316   cpu_a.o
      1916        102          0          0          0       3489   cpu_c.o
       680         14        256          4         16      14200   cpu_core.o
        24          6        388          0       1024        608   cstartup.o
       344          4         72          0          0       2566   def.o
       756        338          0          0        708       6706   dhcp.o
      6836       1234        140         24         32      18244   dhcp_1.o
      3424        560         65          1        240       8231   etharp.o
       436        128         12          0          0       2068   ethernet.o
       500        116          0          0          0       3203   ethernetif.o
         0          0          0          7          0       3527   gprs.o
       884        228          0          0          0       3170   icmp.o
       808         86          0          0          0       4500   inet_chksum.o
       136         68         65          0          0        468   init.o
         0          0          0          0         24       2910   ip.o
      1272        150          0          2          0       4429   ip4.o
       848         98          8          0         16       9074   ip4_addr.o
      2744        492          0          6          0       7798   ip4_frag.o
       844         38          0          0          0       3404   lan8720.o
       598          0          0          0          0       3856   lib_ascii.o
      3780         62          0          4       9288      24888   lib_mem.o
       544          0          0          0          0        460   lib_mem_a.o
      2344          4        148          0          0      13710   lib_str.o
       268         40          0          0         76       5549   lwip_comm_1.o
      1832        552          0         12       5180       4002   mem.o
       616        216        192         48      18884       8864   memp.o
       224         20          0          0          0       1849   misc.o
         0          0          0          0          0       6984   netbuf.o
       820        110          0          9          0       7381   netif.o
         2          0        164          0       4928      19498   os_cfg_app.o
      3484        272          0          0          0      12211   os_core.o
       132         32          0          0          0        360   os_cpu_a.o
       620         66          0          4          0       3697   os_cpu_c.o
       428        280        364          0          0       4697   os_dbg.o
      2808         84          0          0          0       7683   os_flag.o
       508         16          0          0          0       2696   os_mem.o
       552         14          0          0          0       2614   os_msg.o
      1932         84          0          0          0       5218   os_mutex.o
       124          4          0          8          0       1668   os_prio.o
      1752         58          0          0          0       6112   os_q.o
      1768         58          0          0          0       6152   os_sem.o
      1448        150          0          0          0       2733   os_stat.o
      4960        188          0          0          0      13346   os_task.o
      1156         74          0          0          0       3189   os_tick.o
      1116         54          0          0          0       3141   os_time.o
      2040        134          0          0          0       6630   os_tmr.o
         0          0          0        180       1564      18073   os_var.o
      4636       1284          0          0          0      13130   pbuf.o
      2516        508        512         12        588       8596   protocol.o
       828        132          0          9       2244       2973   rawudp.o
       732         88          0          0          0       3097   rtc.o
       132          4          0          0          0        727   spi.o
      3636        100          0         16      15572      19920   stm32f2x7_eth.o
       284         10          0          0          0       2307   stm32f2xx_exti.o
       604         36          0          0          0       4009   stm32f2xx_gpio.o
        64          6          0          0          0       1293   stm32f2xx_iwdg.o
       216         12          0          0          0       2276   stm32f2xx_pwr.o
      1416         48          0         16          0      10991   stm32f2xx_rcc.o
      2824         36          0          0          0      12101   stm32f2xx_rtc.o
       936         22          0          0          0       6412   stm32f2xx_spi.o
       140         12          0          0          0       1531   stm32f2xx_syscfg.o
      3234         60          0          0          0      22896   stm32f2xx_tim.o
      1050         26          0          0          0       7744   stm32f2xx_usart.o
      1208        270          4          0       4196      10271   sys_arch.o
       480         40          0         20          0       1719   system_stm32f2xx.o
      5824       1148        197         32          0      25030   tcp.o
      6584       1076          0         40         16      15805   tcp_in.o
      5442        996         85          0          0      19646   tcp_out.o
       864        238          0          8         88       6642   tcpip.o
       856        170         40         12          0       4597   timeouts.o
       388         32          0         15         44       3425   timer.o
       668        166          0          0       8012       3338   translate.o
      1504        152          0          8          0       8410   udp.o
      1676         72          0         29        514       5603   usart.o
       808         30          0          0       4096       3808   w25qxx.o

    ----------------------------------------------------------------------
    111548      13332       2756        540      84208     942672   Object Totals
         0          0         32          0          0          0   (incl. Generated)
         6          0         12         14          2          0   (incl. Padding)

    ----------------------------------------------------------------------

      Code (inc. data)   RO Data    RW Data    ZI Data      Debug   Library Member Name

        86          0          0          0          0          0   __dczerorl2.o
         0          0          0          0          0          0   entry.o
         0          0          0          0          0          0   entry10a.o
         0          0          0          0          0          0   entry11a.o
         8          4          0          0          0          0   entry2.o
         4          0          0          0          0          0   entry5.o
         0          0          0          0          0          0   entry7b.o
         0          0          0          0          0          0   entry8b.o
         8          4          0          0          0          0   entry9a.o
        18          0          0          0          0         80   fputc.o
        30          0          0          0          0          0   handlers.o
        36          8          0          0          0         68   init.o
         0          0          0          0          0          0   iusesemip.o
        26          0          0          0          0         80   memcmp.o
        36          0          0          0          0         68   memcpya.o
        36          0          0          0          0        108   memseta.o
       522         20          0          0          0        336   printf3.o
         0          0          0          0          0          0   semi.o
         0          0          0          4          0          0   stdout.o
        28          0          0          0          0         76   strcmp.o
        14          0          0          0          0         68   strlen.o
        30          0          0          0          0         80   strncmp.o
        44          0          0          0          0         80   uidiv.o

    ----------------------------------------------------------------------
       932         36          0          4          0       1044   Library Totals
         6          0          0          0          0          0   (incl. Padding)

    ----------------------------------------------------------------------

      Code (inc. data)   RO Data    RW Data    ZI Data      Debug   Library Name

       926         36          0          4          0       1044   mc_w.l

    ----------------------------------------------------------------------
       932         36          0          4          0       1044   Library Totals

    ----------------------------------------------------------------------

==============================================================================


      Code (inc. data)   RO Data    RW Data    ZI Data      Debug   

    112480      13368       2756        544      84208     936356   Grand Totals
    112480      13368       2756         52      84208     936356   ELF Image Totals (compressed)
    112480      13368       2756         52          0          0   ROM Totals

==============================================================================

    Total RO  Size (Code + RO Data)               115236 ( 112.54kB)
    Total RW  Size (RW Data + ZI Data)             84752 (  82.77kB)
    Total ROM Size (Code + RO Data + RW Data)     115288 ( 112.59kB)

==============================================================================

