Component: ARM Compiler 5.06 update 1 (build 61) Tool: armlink [4d35a8]

==============================================================================

Section Cross References

    app.o(.text) refers to os_time.o(.text) for OSTimeDly
    app.o(.text) refers to gprs.o(.text) for gprs_power_on
    app.o(.text) refers to memseta.o(.text) for __aeabi_memclr4
    app.o(.text) refers to app.o(.data) for gprs_init_flag
    app.o(.text) refers to dhcp_2.o(.text) for dhcp_coarse_tmr
    app.o(.text) refers to timer.o(.text) for timer_is_timeout_1MS
    app.o(.text) refers to stm32f2xx_gpio.o(.text) for GPIO_ReadOutputDataBit
    app.o(.text) refers to os_task.o(.text) for OSTaskCreate
    app.o(.text) refers to usart.o(.text) for USART_OUT
    app.o(.text) refers to dhcp.o(.text) for dhcp_task_create
    app.o(.text) refers to os_tmr.o(.text) for OSTmrCreate
    app.o(.text) refers to os_q.o(.text) for OSQCreate
    app.o(.text) refers to cpu_core.o(.text) for CPU_Init
    app.o(.text) refers to bsp.o(.text) for BSP_CPU_TickInit
    app.o(.text) refers to os_stat.o(.text) for OSStatTaskCPUUsageInit
    app.o(.text) refers to os_core.o(.text) for OSSchedRoundRobinCfg
    app.o(.text) refers to cpu_a.o(.text) for CPU_SR_Save
    app.o(.text) refers to app.o(.bss) for led0_task_stk
    app.o(.text) refers to usart.o(.data) for usart2_rx_status
    os_app_hooks.o(.text) refers to cpu_a.o(.text) for CPU_SR_Save
    os_app_hooks.o(.text) refers to os_var.o(.data) for OS_AppTaskCreateHookPtr
    system_stm32f2xx.o(.text) refers to system_stm32f2xx.o(.data) for SystemCoreClock
    bsp.o(.text) refers to system_stm32f2xx.o(.text) for SystemInit
    bsp.o(.text) refers to stm32f2xx_rcc.o(.text) for RCC_AHB1PeriphClockCmd
    bsp.o(.text) refers to stm32f2xx_gpio.o(.text) for GPIO_Init
    bsp.o(.text) refers to misc.o(.text) for NVIC_PriorityGroupConfig
    bsp.o(.text) refers to usart.o(.text) for usart2_init
    bsp.o(.text) refers to timer.o(.text) for timer3_init
    bsp.o(.text) refers to w25qxx.o(.text) for w25qxx_init
    bsp.o(.text) refers to rtc.o(.text) for rtc_init
    bsp.o(.text) refers to os_cpu_c.o(.text) for OS_CPU_SysTickInit
    bsp.o(.text) refers to os_cfg_app.o(.constdata) for OSCfg_TickRate_Hz
    bsp.o(.text) refers to cpu_core.o(.text) for CPU_TS_TmrFreqSet
    bsp.o(.text) refers to stm32f2xx_iwdg.o(.text) for IWDG_ReloadCounter
    bsp_int.o(.text) refers to cpu_c.o(.text) for CPU_IntSrcDis
    bsp_int.o(.text) refers to cpu_a.o(.text) for CPU_IntDis
    bsp_int.o(.text) refers to os_core.o(.text) for OSIntEnter
    bsp_int.o(.text) refers to bsp_int.o(.bss) for BSP_IntVectTbl
    bsp_ioe.o(.text) refers to stm32f2xx_rcc.o(.text) for RCC_AHB1PeriphClockCmd
    bsp_ioe.o(.text) refers to stm32f2xx_dma.o(.text) for DMA_DeInit
    bsp_ioe.o(.text) refers to stm32f2xx_i2c.o(.text) for I2C_GenerateSTART
    bsp_ioe.o(.text) refers to bsp_ioe.o(.data) for IOE_TimeOut
    bsp_ioe.o(.text) refers to bsp_os.o(.text) for BSP_OS_TimeDlyMs
    bsp_ioe.o(.text) refers to stm32f2xx_gpio.o(.text) for GPIO_Init
    bsp_ioe.o(.text) refers to stm32f2xx_syscfg.o(.text) for SYSCFG_EXTILineConfig
    bsp_lcd.o(.text) refers to stm32f2xx_rcc.o(.text) for RCC_AHB3PeriphClockCmd
    bsp_lcd.o(.text) refers to stm32f2xx_fsmc.o(.text) for FSMC_NORSRAMInit
    bsp_lcd.o(.text) refers to stm32f2xx_gpio.o(.text) for GPIO_Init
    bsp_lcd.o(.text) refers to bsp_os.o(.text) for BSP_OS_TimeDlyMs
    bsp_os.o(.text) refers to os_sem.o(.text) for OSSemCreate
    bsp_os.o(.text) refers to os_time.o(.text) for OSTimeDlyHMSM
    bsp_os.o(.text) refers to os_cfg_app.o(.constdata) for OSCfg_TickRate_Hz
    bsp_ser.o(.text) refers to stm32f2xx_usart.o(.text) for USART_ReceiveData
    bsp_ser.o(.text) refers to bsp_os.o(.text) for BSP_OS_SemPost
    bsp_ser.o(.text) refers to stm32f2xx_rcc.o(.text) for RCC_AHB1PeriphClockCmd
    bsp_ser.o(.text) refers to stm32f2xx_gpio.o(.text) for GPIO_Init
    bsp_ser.o(.text) refers to bsp_int.o(.text) for BSP_IntVectSet
    bsp_ser.o(.text) refers to printfa.o(i.__0vsnprintf) for __c89vsnprintf
    bsp_ser.o(.text) refers to lib_ascii.o(.text) for ASCII_IsPrint
    bsp_ser.o(.text) refers to bsp_ser.o(.data) for BSP_SerRxData
    bsp_ser.o(.text) refers to bsp_ser.o(.bss) for BSP_SerRxWait
    w25qxx.o(.text) refers to stm32f2xx_gpio.o(.text) for GPIO_ResetBits
    w25qxx.o(.text) refers to spi.o(.text) for spi1_exchange_byte
    w25qxx.o(.text) refers to usart.o(.text) for USART_OUT
    w25qxx.o(.text) refers to w25qxx.o(.bss) for w25qxx_flash_buf
    usart.o(.text) refers to os_core.o(.text) for OSIntEnter
    usart.o(.text) refers to stm32f2xx_usart.o(.text) for USART_GetITStatus
    usart.o(.text) refers to memseta.o(.text) for __aeabi_memclr
    usart.o(.text) refers to bsp_int.o(.text) for BSP_IntVectSet
    usart.o(.text) refers to os_q.o(.text) for OSQPost
    usart.o(.text) refers to printf3.o(i.__0sprintf$3) for __2sprintf
    usart.o(.text) refers to usart.o(.data) for usart2_rx_status
[...]
    Str_Str                                  0x08007c25   Thumb Code    24  lib_str.o(.text)
    Str_FmtNbr_Int32U                        0x08007e17   Thumb Code    46  lib_str.o(.text)
    Str_FmtNbr_Int32S                        0x08007e45   Thumb Code    62  lib_str.o(.text)
    Str_ParseNbr_Int32U                      0x08008041   Thumb Code    30  lib_str.o(.text)
    Str_ParseNbr_Int32S                      0x0800805f   Thumb Code    74  lib_str.o(.text)
    Mem_Copy                                 0x080080ad   Thumb Code     0  lib_mem_a.o(.text)
    CPU_NameClr                              0x080082cd   Thumb Code    42  cpu_core.o(.text)
    CPU_Init                                 0x0800830d   Thumb Code    12  cpu_core.o(.text)
    CPU_SW_Exception                         0x08008319   Thumb Code     4  cpu_core.o(.text)
    CPU_NameGet                              0x0800831d   Thumb Code    70  cpu_core.o(.text)
    CPU_NameSet                              0x08008363   Thumb Code    96  cpu_core.o(.text)
    CPU_TS_Get32                             0x080083c3   Thumb Code    12  cpu_core.o(.text)
    CPU_TS_Update                            0x080083cf   Thumb Code     2  cpu_core.o(.text)
    CPU_TS_TmrFreqGet                        0x080083d1   Thumb Code    30  cpu_core.o(.text)
    CPU_TS_TmrFreqSet                        0x080083ef   Thumb Code     6  cpu_core.o(.text)
    CPU_CntLeadZeros08                       0x080083f5   Thumb Code    18  cpu_core.o(.text)
    CPU_CntLeadZeros16                       0x08008407   Thumb Code    18  cpu_core.o(.text)
    CPU_CntLeadZeros32                       0x08008419   Thumb Code    18  cpu_core.o(.text)
    CPU_CntLeadZeros64                       0x0800842b   Thumb Code   188  cpu_core.o(.text)
    CPU_CntTrailZeros08                      0x080084e7   Thumb Code    22  cpu_core.o(.text)
    CPU_CntTrailZeros16                      0x080084fd   Thumb Code    22  cpu_core.o(.text)
    CPU_CntTrailZeros32                      0x08008513   Thumb Code    22  cpu_core.o(.text)
    CPU_CntTrailZeros64                      0x08008529   Thumb Code    62  cpu_core.o(.text)
    CPU_BitBandClr                           0x08008575   Thumb Code    58  cpu_c.o(.text)
    CPU_BitBandSet                           0x080085af   Thumb Code    58  cpu_c.o(.text)
    CPU_IntSrcDis                            0x080085e9   Thumb Code   328  cpu_c.o(.text)
    CPU_IntSrcEn                             0x08008731   Thumb Code   328  cpu_c.o(.text)
    CPU_IntSrcPendClr                        0x08008879   Thumb Code   164  cpu_c.o(.text)
    CPU_IntSrcPrioSet                        0x0800891d   Thumb Code   522  cpu_c.o(.text)
    CPU_IntSrcPrioGet                        0x08008b27   Thumb Code   450  cpu_c.o(.text)
    CPU_IntDis                               0x08008cf1   Thumb Code     0  cpu_a.o(.text)
    CPU_IntEn                                0x08008cf5   Thumb Code     0  cpu_a.o(.text)
    CPU_SR_Save                              0x08008cf9   Thumb Code     0  cpu_a.o(.text)
    CPU_SR_Restore                           0x08008d01   Thumb Code     0  cpu_a.o(.text)
    CPU_WaitForInt                           0x08008d07   Thumb Code     0  cpu_a.o(.text)
    CPU_WaitForExcept                        0x08008d0b   Thumb Code     0  cpu_a.o(.text)
    CPU_CntLeadZeros                         0x08008d0f   Thumb Code     0  cpu_a.o(.text)
    CPU_CntTrailZeros                        0x08008d15   Thumb Code     0  cpu_a.o(.text)
    CPU_RevBits                              0x08008d1f   Thumb Code     0  cpu_a.o(.text)
    OSIdleTaskHook                           0x08008d25   Thumb Code    16  os_cpu_c.o(.text)
    OSInitHook                               0x08008d35   Thumb Code    42  os_cpu_c.o(.text)
    OSStatTaskHook                           0x08008d5f   Thumb Code    16  os_cpu_c.o(.text)
    OSTaskCreateHook                         0x08008d6f   Thumb Code    20  os_cpu_c.o(.text)
    OSTaskDelHook                            0x08008d83   Thumb Code    20  os_cpu_c.o(.text)
    OSTaskReturnHook                         0x08008d97   Thumb Code    20  os_cpu_c.o(.text)
    OSTaskStkInit                            0x08008dab   Thumb Code   188  os_cpu_c.o(.text)
    OSTaskSwHook                             0x08008e67   Thumb Code   120  os_cpu_c.o(.text)
    OSTimeTickHook                           0x08008edf   Thumb Code    16  os_cpu_c.o(.text)
    OS_CPU_SysTickHandler                    0x08008eef   Thumb Code    52  os_cpu_c.o(.text)
    OS_CPU_SysTickInit                       0x08008f23   Thumb Code    44  os_cpu_c.o(.text)
    OSCfg_Init                               0x08008f91   Thumb Code     2  os_cfg_app.o(.text)
    OS_IdleTask                              0x08008f95   Thumb Code    60  os_core.o(.text)
    OS_IdleTaskInit                          0x08008fd1   Thumb Code    68  os_core.o(.text)
    OS_RdyListInit                           0x08009015   Thumb Code    32  os_core.o(.text)
    OSInit                                   0x08009035   Thumb Code   288  os_core.o(.text)
    OSIntEnter                               0x08009155   Thumb Code    34  os_core.o(.text)
    OSIntExit                                0x08009177   Thumb Code   192  os_core.o(.text)
    OSSched                                  0x08009237   Thumb Code   134  os_core.o(.text)
    OS_SchedLockTimeMeasStart                0x080092bd   Thumb Code    20  os_core.o(.text)
    OSSchedLock                              0x080092d1   Thumb Code   104  os_core.o(.text)
    OS_SchedLockTimeMeasStop                 0x08009339   Thumb Code    44  os_core.o(.text)
    OSSchedUnlock                            0x08009365   Thumb Code   290  os_core.o(.text)
    OSSchedRoundRobinCfg                     0x08009487   Thumb Code    88  os_core.o(.text)
    OS_RdyListMoveHeadToTail                 0x080094df   Thumb Code    68  os_core.o(.text)
    OSSchedRoundRobinYield                   0x08009523   Thumb Code   164  os_core.o(.text)
    OSStart                                  0x080095c7   Thumb Code    78  os_core.o(.text)
    OSVersion                                0x08009615   Thumb Code    12  os_core.o(.text)
    OS_PendDbgNameAdd                        0x08009621   Thumb Code    66  os_core.o(.text)
    OS_PendListInsertPrio                    0x08009663   Thumb Code   102  os_core.o(.text)
    OS_PendDataInit                          0x080096c9   Thumb Code    38  os_core.o(.text)
    OS_RdyListRemove                         0x080096ef   Thumb Code    86  os_core.o(.text)
    OS_TaskBlock                             0x08009745   Thumb Code    56  os_core.o(.text)
    OS_Pend                                  0x0800977d   Thumb Code    98  os_core.o(.text)
    OS_PendListRemove1                       0x080097df   Thumb Code   136  os_core.o(.text)
    OS_PendListRemove                        0x08009867   Thumb Code    48  os_core.o(.text)
    OS_PendAbort1                            0x08009897   Thumb Code    36  os_core.o(.text)
    OS_RdyListInsertHead                     0x080098bb   Thumb Code    58  os_core.o(.text)
    OS_RdyListInsertTail                     0x080098f5   Thumb Code    56  os_core.o(.text)
    OS_RdyListInsert                         0x0800992d   Thumb Code    40  os_core.o(.text)
    OS_TaskRdy                               0x08009955   Thumb Code    28  os_core.o(.text)
    OS_PendAbort                             0x08009971   Thumb Code   166  os_core.o(.text)
    OS_PendDbgNameRemove                     0x08009a17   Thumb Code    34  os_core.o(.text)
    OS_PendListChangePrio                    0x08009a39   Thumb Code    70  os_core.o(.text)
    OS_PendListInit                          0x08009a7f   Thumb Code    10  os_core.o(.text)
    OS_PendListInsertHead                    0x08009a89   Thumb Code    32  os_core.o(.text)
    OS_PendObjDel1                           0x08009aa9   Thumb Code    36  os_core.o(.text)
    OS_PendObjDel                            0x08009acd   Thumb Code   162  os_core.o(.text)
    OS_Post1                                 0x08009b6f   Thumb Code    42  os_core.o(.text)
    OS_Post                                  0x08009b99   Thumb Code   192  os_core.o(.text)
    OS_SchedRoundRobin                       0x08009c59   Thumb Code   208  os_core.o(.text)
    OS_Dbg_Init                              0x08009d31   Thumb Code   148  os_dbg.o(.text)
    OS_FlagDbgListAdd                        0x08009edd   Thumb Code    38  os_flag.o(.text)
    OSFlagCreate                             0x08009f03   Thumb Code   116  os_flag.o(.text)
    OS_FlagClr                               0x08009f77   Thumb Code    28  os_flag.o(.text)
    OS_FlagDbgListRemove                     0x08009f93   Thumb Code    44  os_flag.o(.text)
    OSFlagDel                                0x08009fbf   Thumb Code   306  os_flag.o(.text)
    OS_FlagBlock                             0x0800a0f1   Thumb Code    58  os_flag.o(.text)
    OSFlagPend                               0x0800a12b   Thumb Code  1248  os_flag.o(.text)
    OSFlagPendAbort                          0x0800a60b   Thumb Code   236  os_flag.o(.text)
    OSFlagPendGetFlagsRdy                    0x0800a6f7   Thumb Code    86  os_flag.o(.text)
    OS_FlagTaskRdy                           0x0800a74d   Thumb Code    86  os_flag.o(.text)
    OS_FlagPost                              0x0800a7a3   Thumb Code   418  os_flag.o(.text)
    OSFlagPost                               0x0800a945   Thumb Code   112  os_flag.o(.text)
    OS_FlagInit                              0x0800a9b5   Thumb Code    14  os_flag.o(.text)
    OS_MemDbgListAdd                         0x0800a9d5   Thumb Code    34  os_mem.o(.text)
    OSMemCreate                              0x0800a9f7   Thumb Code   232  os_mem.o(.text)
    OSMemGet                                 0x0800aadf   Thumb Code   100  os_mem.o(.text)
    OSMemPut                                 0x0800ab43   Thumb Code   112  os_mem.o(.text)
    OS_MemInit                               0x0800abb3   Thumb Code    14  os_mem.o(.text)
    OS_MsgPoolInit                           0x0800abd1   Thumb Code   110  os_msg.o(.text)
    OS_MsgQFreeAll                           0x0800ac3f   Thumb Code    62  os_msg.o(.text)
    OS_MsgQInit                              0x0800ac7d   Thumb Code    14  os_msg.o(.text)
    OS_MsgQGet                               0x0800ac8b   Thumb Code    98  os_msg.o(.text)
    OS_MsgQPut                               0x0800aced   Thumb Code   254  os_msg.o(.text)
    OS_MutexDbgListAdd                       0x0800adf9   Thumb Code    38  os_mutex.o(.text)
    OSMutexCreate                            0x0800ae1f   Thumb Code   122  os_mutex.o(.text)
    OS_MutexClr                              0x0800ae99   Thumb Code    38  os_mutex.o(.text)
    OS_MutexDbgListRemove                    0x0800aebf   Thumb Code    44  os_mutex.o(.text)
    OSMutexDel                               0x0800aeeb   Thumb Code   442  os_mutex.o(.text)
    OSMutexPend                              0x0800b0a5   Thumb Code   618  os_mutex.o(.text)
    OSMutexPendAbort                         0x0800b30f   Thumb Code   236  os_mutex.o(.text)
    OSMutexPost                              0x0800b3fb   Thumb Code   354  os_mutex.o(.text)
    OS_MutexInit                             0x0800b55d   Thumb Code    14  os_mutex.o(.text)
    OS_PrioInit                              0x0800b585   Thumb Code    20  os_prio.o(.text)
    OS_PrioGetHighest                        0x0800b599   Thumb Code    36  os_prio.o(.text)
    OS_PrioInsert                            0x0800b5bd   Thumb Code    32  os_prio.o(.text)
    OS_PrioRemove                            0x0800b5dd   Thumb Code    32  os_prio.o(.text)
    OS_QDbgListAdd                           0x0800b601   Thumb Code    38  os_q.o(.text)
    OSQCreate                                0x0800b627   Thumb Code   130  os_q.o(.text)
    OS_QClr                                  0x0800b6a9   Thumb Code    40  os_q.o(.text)
    OS_QDbgListRemove                        0x0800b6d1   Thumb Code    44  os_q.o(.text)
    OSQDel                                   0x0800b6fd   Thumb Code   306  os_q.o(.text)
    OSQFlush                                 0x0800b82f   Thumb Code   106  os_q.o(.text)
    OSQPend                                  0x0800b899   Thumb Code   484  os_q.o(.text)
    OSQPendAbort                             0x0800ba7d   Thumb Code   236  os_q.o(.text)
    OS_QPost                                 0x0800bb69   Thumb Code   190  os_q.o(.text)
    OSQPost                                  0x0800bc27   Thumb Code   144  os_q.o(.text)
    OS_QInit                                 0x0800bcb7   Thumb Code    14  os_q.o(.text)
    OS_SemDbgListAdd                         0x0800bcd9   Thumb Code    38  os_sem.o(.text)
    OSSemCreate                              0x0800bcff   Thumb Code   116  os_sem.o(.text)
    OS_SemClr                                0x0800bd73   Thumb Code    28  os_sem.o(.text)
    OS_SemDbgListRemove                      0x0800bd8f   Thumb Code    44  os_sem.o(.text)
    OSSemDel                                 0x0800bdbb   Thumb Code   306  os_sem.o(.text)
    OSSemPend                                0x0800beed   Thumb Code   406  os_sem.o(.text)
    OSSemPendAbort                           0x0800c083   Thumb Code   278  os_sem.o(.text)
    OS_SemPost                               0x0800c199   Thumb Code   294  os_sem.o(.text)
    OSSemPost                                0x0800c2bf   Thumb Code   108  os_sem.o(.text)
    OSSemSet                                 0x0800c32b   Thumb Code   120  os_sem.o(.text)
    OS_SemInit                               0x0800c3a3   Thumb Code    14  os_sem.o(.text)
    OSStatReset                              0x0800c3c1   Thumb Code   262  os_stat.o(.text)
    OSStatTaskCPUUsageInit                   0x0800c4c7   Thumb Code   212  os_stat.o(.text)
    OS_StatTask                              0x0800c59b   Thumb Code   768  os_stat.o(.text)
    OS_StatTaskInit                          0x0800c89b   Thumb Code   138  os_stat.o(.text)
    OSTaskChangePrio                         0x0800c969   Thumb Code   274  os_task.o(.text)
    OS_TaskDbgListAdd                        0x0800ca7b   Thumb Code    42  os_task.o(.text)
    OS_TaskInitTCB                           0x0800caa5   Thumb Code   190  os_task.o(.text)
    OSTaskCreate                             0x0800cb63   Thumb Code   412  os_task.o(.text)
    OS_TaskDbgListRemove                     0x0800ccff   Thumb Code    64  os_task.o(.text)
    OSTaskDel                                0x0800cd3f   Thumb Code   324  os_task.o(.text)
    OSTaskQFlush                             0x0800ce83   Thumb Code   110  os_task.o(.text)
    OSTaskQPend                              0x0800cef1   Thumb Code   458  os_task.o(.text)
    OSTaskQPendAbort                         0x0800d0bb   Thumb Code   206  os_task.o(.text)
    OS_TaskQPost                             0x0800d189   Thumb Code   220  os_task.o(.text)
    OSTaskQPost                              0x0800d265   Thumb Code    82  os_task.o(.text)
    OSTaskRegGet                             0x0800d2b7   Thumb Code    78  os_task.o(.text)
    OSTaskRegGetID                           0x0800d305   Thumb Code    84  os_task.o(.text)
    OSTaskRegSet                             0x0800d359   Thumb Code    78  os_task.o(.text)
    OS_TaskResume                            0x0800d3a7   Thumb Code   256  os_task.o(.text)
    OSTaskResume                             0x0800d4a7   Thumb Code    96  os_task.o(.text)
    OSTaskSemPend                            0x0800d507   Thumb Code   478  os_task.o(.text)
    OSTaskSemPendAbort                       0x0800d6e5   Thumb Code   214  os_task.o(.text)
    OS_TaskSemPost                           0x0800d7bb   Thumb Code   448  os_task.o(.text)
    OSTaskSemPost                            0x0800d97b   Thumb Code    76  os_task.o(.text)
    OSTaskSemSet                             0x0800d9c7   Thumb Code    80  os_task.o(.text)
    OSTaskStkChk                             0x0800da17   Thumb Code   204  os_task.o(.text)
    OS_TaskSuspend                           0x0800dae3   Thumb Code   272  os_task.o(.text)
    OSTaskSuspend                            0x0800dbf3   Thumb Code    48  os_task.o(.text)
    OSTaskTimeQuantaSet                      0x0800dc23   Thumb Code    96  os_task.o(.text)
    OS_TaskInit                              0x0800dc83   Thumb Code    18  os_task.o(.text)
    OS_TaskReturn                            0x0800dc95   Thumb Code    20  os_task.o(.text)
    OS_TickListRemove                        0x0800dcc9   Thumb Code    56  os_tick.o(.text)
    OS_TickListUpdate                        0x0800dd01   Thumb Code   376  os_tick.o(.text)
    OS_TickTask                              0x0800de79   Thumb Code    38  os_tick.o(.text)
    OS_TickListInit                          0x0800de9f   Thumb Code    32  os_tick.o(.text)
    OS_TickTaskInit                          0x0800debf   Thumb Code   130  os_tick.o(.text)
    OS_TickListInsert                        0x0800df41   Thumb Code   430  os_tick.o(.text)
    OS_TickListResetPeak                     0x0800e0ef   Thumb Code    94  os_tick.o(.text)
    OSTimeDly                                0x0800e14d   Thumb Code   182  os_time.o(.text)
    OSTimeDlyHMSM                            0x0800e203   Thumb Code   394  os_time.o(.text)
    OSTimeDlyResume                          0x0800e38d   Thumb Code   334  os_time.o(.text)
    OSTimeGet                                0x0800e4db   Thumb Code    46  os_time.o(.text)
    OSTimeSet                                0x0800e509   Thumb Code    68  os_time.o(.text)
    OSTimeTick                               0x0800e54d   Thumb Code    68  os_time.o(.text)
    OS_TmrDbgListAdd                         0x0800e5a9   Thumb Code    34  os_tmr.o(.text)
    OSTmrCreate                              0x0800e5cb   Thumb Code   192  os_tmr.o(.text)
    OS_TmrClr                                0x0800e68b   Thumb Code    36  os_tmr.o(.text)
    OS_TmrUnlink                             0x0800e6af   Thumb Code    72  os_tmr.o(.text)
    OS_TmrDbgListRemove                      0x0800e6f7   Thumb Code    44  os_tmr.o(.text)
    OSTmrDel                                 0x0800e723   Thumb Code   182  os_tmr.o(.text)
    OSTmrRemainGet                           0x0800e7d9   Thumb Code   188  os_tmr.o(.text)
    OS_TmrLink                               0x0800e895   Thumb Code   196  os_tmr.o(.text)
    OSTmrStart                               0x0800e959   Thumb Code   212  os_tmr.o(.text)
    OSTmrStateGet                            0x0800ea2d   Thumb Code   134  os_tmr.o(.text)
    OSTmrStop                                0x0800eab3   Thumb Code   246  os_tmr.o(.text)
    OS_TmrTask                               0x0800eba9   Thumb Code   176  os_tmr.o(.text)
    OS_TmrInit                               0x0800ec59   Thumb Code   208  os_tmr.o(.text)
    OS_TmrResetPeak                          0x0800ed29   Thumb Code    28  os_tmr.o(.text)
    Reset_Handler                            0x0800eda1   Thumb Code     4  cstartup.o(.text)
    App_NMI_ISR                              0x0800eda5   Thumb Code     2  cstartup.o(.text)
    App_Fault_ISR                            0x0800eda7   Thumb Code     2  cstartup.o(.text)
    App_MemFault_ISR                         0x0800eda9   Thumb Code     2  cstartup.o(.text)
    App_BusFault_ISR                         0x0800edab   Thumb Code     2  cstartup.o(.text)
    App_UsageFault_ISR                       0x0800edad   Thumb Code     2  cstartup.o(.text)
    App_Spurious_ISR                         0x0800edaf   Thumb Code     2  cstartup.o(.text)
    App_Reserved_ISR                         0x0800edb1   Thumb Code     2  cstartup.o(.text)
    sys_mbox_new                             0x0800edb9   Thumb Code    40  sys_arch.o(.text)
    sys_mbox_free                            0x0800ede1   Thumb Code    50  sys_arch.o(.text)
    sys_mbox_post                            0x0800ee13   Thumb Code   100  sys_arch.o(.text)
    sys_mbox_trypost                         0x0800ee77   Thumb Code    42  sys_arch.o(.text)
    sys_arch_mbox_fetch                      0x0800eea1   Thumb Code   172  sys_arch.o(.text)
    sys_arch_mbox_tryfetch                   0x0800ef4d   Thumb Code    18  sys_arch.o(.text)
    sys_mbox_valid                           0x0800ef5f   Thumb Code    30  sys_arch.o(.text)
    sys_mbox_set_invalid                     0x0800ef7d   Thumb Code    20  sys_arch.o(.text)
    sys_sem_new                              0x0800ef91   Thumb Code    56  sys_arch.o(.text)
    sys_arch_sem_wait                        0x0800efc9   Thumb Code   118  sys_arch.o(.text)
    sys_sem_signal                           0x0800f03f   Thumb Code    42  sys_arch.o(.text)
    sys_sem_free                             0x0800f069   Thumb Code    46  sys_arch.o(.text)
    sys_sem_valid                            0x0800f097   Thumb Code    30  sys_arch.o(.text)
    sys_sem_set_invalid                      0x0800f0b5   Thumb Code    20  sys_arch.o(.text)
    sys_init                                 0x0800f0c9   Thumb Code     2  sys_arch.o(.text)
    sys_thread_new                           0x0800f0cb   Thumb Code   122  sys_arch.o(.text)
    sys_now                                  0x0800f145   Thumb Code    30  sys_arch.o(.text)
    rawudp_send_data                         0x0800f271   Thumb Code    76  rawudp.o(.text)
    rawudp_recv_callback                     0x0800f2bd   Thumb Code   160  rawudp.o(.text)
    rawudp_task_create                       0x0800f467   Thumb Code   108  rawudp.o(.text)
    rawudp_connection_close                  0x0800f4d3   Thumb Code    18  rawudp.o(.text)
    dhcp_task_delete                         0x0800f561   Thumb Code    18  dhcp.o(.text)
    dhcp_task_create                         0x0800f687   Thumb Code   120  dhcp.o(.text)
    tcpip_inpkt                              0x0800f8e3   Thumb Code    38  tcpip.o(.text)
    tcpip_input                              0x0800f909   Thumb Code    40  tcpip.o(.text)
    tcpip_callback_with_block                0x0800f931   Thumb Code   104  tcpip.o(.text)
    tcpip_send_msg_wait_sem                  0x0800f999   Thumb Code    30  tcpip.o(.text)
    tcpip_api_call                           0x0800f9b7   Thumb Code    30  tcpip.o(.text)
    tcpip_callbackmsg_new                    0x0800f9d5   Thumb Code    32  tcpip.o(.text)
    tcpip_callbackmsg_delete                 0x0800f9f5   Thumb Code    14  tcpip.o(.text)
    tcpip_trycallback                        0x0800fa03   Thumb Code    44  tcpip.o(.text)
    tcpip_init                               0x0800fa2f   Thumb Code   102  tcpip.o(.text)
    pbuf_free_callback                       0x0800faa3   Thumb Code    16  tcpip.o(.text)
    mem_free_callback                        0x0800fab3   Thumb Code    16  tcpip.o(.text)
    ethernet_input                           0x0800fbb1   Thumb Code   196  ethernet.o(.text)
    ethernet_output                          0x0800fc75   Thumb Code   112  ethernet.o(.text)
    ethernetif_input                         0x0800fe6f   Thumb Code    36  ethernetif.o(.text)
    ethernetif_init                          0x0800fe93   Thumb Code    82  ethernetif.o(.text)
    lwip_htons                               0x0800ff59   Thumb Code    12  def.o(.text)
    lwip_htonl                               0x0800ff65   Thumb Code    26  def.o(.text)
    lwip_strnstr                             0x0800ff7f   Thumb Code    74  def.o(.text)
    lwip_stricmp                             0x0800ffc9   Thumb Code    60  def.o(.text)
    lwip_strnicmp                            0x08010005   Thumb Code    70  def.o(.text)
    lwip_itoa                                0x0801004b   Thumb Code    98  def.o(.text)
    lwip_standard_chksum                     0x080100b1   Thumb Code    94  inet_chksum.o(.text)
    inet_chksum_pseudo                       0x0801018d   Thumb Code    76  inet_chksum.o(.text)
    ip_chksum_pseudo                         0x080101d9   Thumb Code    36  inet_chksum.o(.text)
    inet_chksum_pseudo_partial               0x080102a9   Thumb Code    80  inet_chksum.o(.text)
    ip_chksum_pseudo_partial                 0x080102f9   Thumb Code    36  inet_chksum.o(.text)
    inet_chksum                              0x0801031d   Thumb Code    20  inet_chksum.o(.text)
    inet_chksum_pbuf                         0x08010331   Thumb Code    82  inet_chksum.o(.text)
    lwip_init                                0x080103d9   Thumb Code    68  init.o(.text)
    mem_init                                 0x08010543   Thumb Code   108  mem.o(.text)
    mem_free                                 0x080105af   Thumb Code   174  mem.o(.text)
    mem_trim                                 0x0801065d   Thumb Code   334  mem.o(.text)
    mem_malloc                               0x080107ab   Thumb Code   778  mem.o(.text)
    mem_calloc                               0x08010ab5   Thumb Code    34  mem.o(.text)
    memp_init_pool                           0x08010b89   Thumb Code    44  memp.o(.text)
    memp_init                                0x08010bb5   Thumb Code    26  memp.o(.text)
    memp_malloc_pool                         0x08010c17   Thumb Code    42  memp.o(.text)
    memp_malloc                              0x08010c41   Thumb Code    50  memp.o(.text)
    memp_free_pool                           0x08010cb3   Thumb Code    48  memp.o(.text)
    memp_free                                0x08010ce3   Thumb Code    54  memp.o(.text)
    netif_init                               0x08010df1   Thumb Code     2  netif.o(.text)
    netif_input                              0x08010df3   Thumb Code    36  netif.o(.text)
    netif_set_ipaddr                         0x08010e3b   Thumb Code    72  netif.o(.text)
    netif_set_gw                             0x08010e83   Thumb Code    12  netif.o(.text)
    netif_set_netmask                        0x08010e8f   Thumb Code    12  netif.o(.text)
    netif_set_addr                           0x08010e9b   Thumb Code    72  netif.o(.text)
    netif_add                                0x08010ee3   Thumb Code   126  netif.o(.text)
    netif_set_default                        0x08010f61   Thumb Code     6  netif.o(.text)
    netif_set_down                           0x08010f67   Thumb Code    42  netif.o(.text)
    netif_remove                             0x08010f91   Thumb Code   110  netif.o(.text)
    netif_find                               0x08010fff   Thumb Code    64  netif.o(.text)
    netif_set_up                             0x0801103f   Thumb Code    44  netif.o(.text)
    netif_set_link_up                        0x0801106b   Thumb Code    52  netif.o(.text)
    netif_set_link_down                      0x0801109f   Thumb Code    24  netif.o(.text)
    pbuf_free                                0x08011125   Thumb Code   254  pbuf.o(.text)
    pbuf_alloc                               0x08011223   Thumb Code   660  pbuf.o(.text)
    pbuf_alloced_custom                      0x080114b7   Thumb Code   660  pbuf.o(.text)
    pbuf_realloc                             0x0801174b   Thumb Code   276  pbuf.o(.text)
    pbuf_header                              0x08011941   Thumb Code    18  pbuf.o(.text)
    pbuf_header_force                        0x08011953   Thumb Code    18  pbuf.o(.text)
    pbuf_clen                                0x08011965   Thumb Code    18  pbuf.o(.text)
    pbuf_ref                                 0x08011977   Thumb Code    64  pbuf.o(.text)
    pbuf_cat                                 0x080119b7   Thumb Code   138  pbuf.o(.text)
    pbuf_chain                               0x08011a41   Thumb Code    22  pbuf.o(.text)
    pbuf_dechain                             0x08011a57   Thumb Code   122  pbuf.o(.text)
    pbuf_copy                                0x08011ad1   Thumb Code   764  pbuf.o(.text)
    pbuf_copy_partial                        0x08011dcd   Thumb Code   190  pbuf.o(.text)
    pbuf_skip                                0x08011ead   Thumb Code    28  pbuf.o(.text)
    pbuf_take                                0x08011ec9   Thumb Code   260  pbuf.o(.text)
    pbuf_take_at                             0x08011fcd   Thumb Code   118  pbuf.o(.text)
    pbuf_coalesce                            0x08012043   Thumb Code    84  pbuf.o(.text)
    pbuf_try_get_at                          0x08012097   Thumb Code    46  pbuf.o(.text)
    pbuf_get_at                              0x080120c5   Thumb Code   364  pbuf.o(.text)
    pbuf_put_at                              0x08012231   Thumb Code    42  pbuf.o(.text)
    pbuf_memcmp                              0x0801225b   Thumb Code    98  pbuf.o(.text)
    pbuf_memfind                             0x080122bd   Thumb Code    72  pbuf.o(.text)
    pbuf_strstr                              0x08012305   Thumb Code    60  pbuf.o(.text)
    tcp_init                                 0x08012341   Thumb Code     2  tcp.o(.text)
    tcp_seg_free                             0x08012343   Thumb Code    26  tcp.o(.text)
    tcp_segs_free                            0x0801235d   Thumb Code    24  tcp.o(.text)
    tcp_pcb_purge                            0x08012375   Thumb Code    64  tcp.o(.text)
    tcp_slowtmr                              0x080123b5   Thumb Code  1416  tcp.o(.text)
    tcp_pcb_remove                           0x080129c1   Thumb Code   172  tcp.o(.text)
    tcp_close                                0x08012c47   Thumb Code    28  tcp.o(.text)
    tcp_update_rcv_ann_wnd                   0x08012c63   Thumb Code   334  tcp.o(.text)
    tcp_recved                               0x08012db1   Thumb Code   148  tcp.o(.text)
    tcp_recv_null                            0x08012e45   Thumb Code    46  tcp.o(.text)
    tcp_process_refused_data                 0x08012e73   Thumb Code   146  tcp.o(.text)
    tcp_fasttmr                              0x08012f05   Thumb Code   130  tcp.o(.text)
    tcp_tmr                                  0x08012f87   Thumb Code    30  tcp.o(.text)
    tcp_shutdown                             0x08012fa5   Thumb Code    98  tcp.o(.text)
    tcp_abandon                              0x08013007   Thumb Code   248  tcp.o(.text)
    tcp_abort                                0x080130ff   Thumb Code    14  tcp.o(.text)
    tcp_bind                                 0x0801316d   Thumb Code   380  tcp.o(.text)
    tcp_listen_with_backlog_and_err          0x080132fd   Thumb Code   214  tcp.o(.text)
    tcp_listen_with_backlog                  0x080133d3   Thumb Code    18  tcp.o(.text)
    tcp_eff_send_mss_impl                    0x080133e5   Thumb Code    58  tcp.o(.text)
    tcp_next_iss                             0x0801341f   Thumb Code    22  tcp.o(.text)
    tcp_connect                              0x08013435   Thumb Code   340  tcp.o(.text)
    tcp_txnow                                0x08013589   Thumb Code    30  tcp.o(.text)
    tcp_setprio                              0x080135a7   Thumb Code     4  tcp.o(.text)
    tcp_alloc                                0x0801373f   Thumb Code   168  tcp.o(.text)
    tcp_new                                  0x080137e7   Thumb Code    10  tcp.o(.text)
    tcp_new_ip_type                          0x080137f1   Thumb Code    16  tcp.o(.text)
    tcp_arg                                  0x08013801   Thumb Code     6  tcp.o(.text)
    tcp_recv                                 0x08013807   Thumb Code    44  tcp.o(.text)
    tcp_sent                                 0x08013833   Thumb Code    44  tcp.o(.text)
    tcp_err                                  0x0801385f   Thumb Code    46  tcp.o(.text)
    tcp_accept                               0x0801388d   Thumb Code    16  tcp.o(.text)
    tcp_poll                                 0x0801389d   Thumb Code    46  tcp.o(.text)
    tcp_netif_ip_addr_changed                0x080138f5   Thumb Code    70  tcp.o(.text)
    tcp_debug_state_str                      0x0801393b   Thumb Code    10  tcp.o(.text)
    tcp_input                                0x08014c0d   Thumb Code  1878  tcp_in.o(.text)
    tcp_trigger_input_pcb_close              0x08015363   Thumb Code    14  tcp_in.o(.text)
    tcp_enqueue_flags                        0x0801552b   Thumb Code   394  tcp_out.o(.text)
    tcp_send_fin                             0x080156b5   Thumb Code    74  tcp_out.o(.text)
    tcp_write                                0x0801598b   Thumb Code  1900  tcp_out.o(.text)
    tcp_send_empty_ack                       0x080160f7   Thumb Code   142  tcp_out.o(.text)
    tcp_output                               0x0801625b   Thumb Code   862  tcp_out.o(.text)
    tcp_rst                                  0x080165b9   Thumb Code   182  tcp_out.o(.text)
    tcp_rexmit_rto                           0x0801666f   Thumb Code    66  tcp_out.o(.text)
    tcp_rexmit                               0x080166b1   Thumb Code    98  tcp_out.o(.text)
    tcp_rexmit_fast                          0x08016713   Thumb Code   110  tcp_out.o(.text)
    tcp_keepalive                            0x08016781   Thumb Code   114  tcp_out.o(.text)
    tcp_zero_window_probe                    0x080167f3   Thumb Code   264  tcp_out.o(.text)
    sys_timeout                              0x080168fd   Thumb Code   226  timeouts.o(.text)
    tcp_timer_needed                         0x08016a07   Thumb Code    38  timeouts.o(.text)
    sys_timeouts_init                        0x08016a43   Thumb Code    38  timeouts.o(.text)
    sys_untimeout                            0x08016a69   Thumb Code    90  timeouts.o(.text)
    sys_restart_timeouts                     0x08016b35   Thumb Code    12  timeouts.o(.text)
    sys_timeouts_mbox_fetch                  0x08016b71   Thumb Code    58  timeouts.o(.text)
    udp_init                                 0x08016c55   Thumb Code     2  udp.o(.text)
    udp_input                                0x08016ce9   Thumb Code   362  udp.o(.text)
    udp_bind                                 0x08016e53   Thumb Code   138  udp.o(.text)
    udp_sendto_if_src                        0x08016edd   Thumb Code   256  udp.o(.text)
    udp_sendto_if                            0x08016fdd   Thumb Code    82  udp.o(.text)
    udp_sendto                               0x0801702f   Thumb Code   210  udp.o(.text)
    udp_send                                 0x08017101   Thumb Code    30  udp.o(.text)
    udp_connect                              0x0801711f   Thumb Code   104  udp.o(.text)
    udp_disconnect                           0x08017187   Thumb Code    16  udp.o(.text)
    udp_recv                                 0x08017197   Thumb Code     6  udp.o(.text)
    udp_remove                               0x0801719d   Thumb Code    64  udp.o(.text)
    udp_new                                  0x080171dd   Thumb Code    28  udp.o(.text)
    udp_new_ip_type                          0x080171f9   Thumb Code    14  udp.o(.text)
    udp_netif_ip_addr_changed                0x08017207   Thumb Code    42  udp.o(.text)
    dhcp_renew                               0x080183b1   Thumb Code   178  dhcp_2.o(.text)
    dhcp_supplied_address                    0x0801859d   Thumb Code    40  dhcp_2.o(.text)
    dhcp_release                             0x080185c5   Thumb Code   162  dhcp_2.o(.text)
    dhcp_coarse_tmr                          0x08018667   Thumb Code   100  dhcp_2.o(.text)
    dhcp_fine_tmr                            0x08018877   Thumb Code    54  dhcp_2.o(.text)
    dhcp_set_struct                          0x080188ad   Thumb Code    98  dhcp_2.o(.text)
    dhcp_cleanup                             0x0801890f   Thumb Code    46  dhcp_2.o(.text)
    dhcp_stop                                0x0801893d   Thumb Code    92  dhcp_2.o(.text)
    dhcp_start                               0x08018999   Thumb Code   230  dhcp_2.o(.text)
    dhcp_inform                              0x08018a7f   Thumb Code   144  dhcp_2.o(.text)
    dhcp_network_changed                     0x08018b0f   Thumb Code    74  dhcp_2.o(.text)
    dhcp_arp_reply                           0x08018c97   Thumb Code    64  dhcp_2.o(.text)
    etharp_request                           0x08018e27   Thumb Code    18  etharp.o(.text)
    etharp_tmr                               0x08018e39   Thumb Code   216  etharp.o(.text)
    etharp_cleanup_netif                     0x080192dd   Thumb Code    52  etharp.o(.text)
    etharp_find_addr                         0x08019311   Thumb Code   110  etharp.o(.text)
    etharp_get_entry                         0x0801937f   Thumb Code   164  etharp.o(.text)
    etharp_input                             0x08019423   Thumb Code   214  etharp.o(.text)
    etharp_query                             0x0801969d   Thumb Code   472  etharp.o(.text)
    etharp_output                            0x08019875   Thumb Code   376  etharp.o(.text)
    icmp_input                               0x08019a49   Thumb Code   470  icmp.o(.text)
    icmp_dest_unreach                        0x08019cb5   Thumb Code    18  icmp.o(.text)
    icmp_time_exceeded                       0x08019cc7   Thumb Code    18  icmp.o(.text)
    ip4_route                                0x08019dbd   Thumb Code   134  ip4.o(.text)
    ip4_input                                0x08019e43   Thumb Code   510  ip4.o(.text)
    ip4_output_if_src                        0x0801a041   Thumb Code   336  ip4.o(.text)
    ip4_output_if                            0x0801a191   Thumb Code   206  ip4.o(.text)
    ip4_output                               0x0801a25f   Thumb Code    86  ip4.o(.text)
    ip4_addr_isbroadcast_u32                 0x0801a2b5   Thumb Code    78  ip4_addr.o(.text)
    ip4_addr_netmask_valid                   0x0801a303   Thumb Code    56  ip4_addr.o(.text)
    ip4addr_aton                             0x0801a33b   Thumb Code   414  ip4_addr.o(.text)
    ipaddr_addr                              0x0801a4d9   Thumb Code    24  ip4_addr.o(.text)
    ip4addr_ntoa_r                           0x0801a4f1   Thumb Code   168  ip4_addr.o(.text)
    ip4addr_ntoa                             0x0801a599   Thumb Code    16  ip4_addr.o(.text)
    ip_reass_tmr                             0x0801a753   Thumb Code    48  ip4_frag.o(.text)
    ip4_reass                                0x0801ab8d   Thumb Code   474  ip4_frag.o(.text)
    ip4_frag                                 0x0801aded   Thumb Code   716  ip4_frag.o(.text)
    __aeabi_memcpy                           0x0801b0bd   Thumb Code    36  memcpya.o(.text)
    __aeabi_memcpy4                          0x0801b0bd   Thumb Code     0  memcpya.o(.text)
    __aeabi_memcpy8                          0x0801b0bd   Thumb Code     0  memcpya.o(.text)
    __aeabi_memset                           0x0801b0e1   Thumb Code    14  memseta.o(.text)
    __aeabi_memset4                          0x0801b0e1   Thumb Code     0  memseta.o(.text)
    __aeabi_memset8                          0x0801b0e1   Thumb Code     0  memseta.o(.text)
    __aeabi_memclr                           0x0801b0ef   Thumb Code     4  memseta.o(.text)
    __aeabi_memclr4                          0x0801b0ef   Thumb Code     0  memseta.o(.text)
    __aeabi_memclr8                          0x0801b0ef   Thumb Code     0  memseta.o(.text)
    _memset$wrapper                          0x0801b0f3   Thumb Code    18  memseta.o(.text)
    strstr                                   0x0801b105   Thumb Code    36  strstr.o(.text)
    strlen                                   0x0801b129   Thumb Code    14  strlen.o(.text)
    strcmp                                   0x0801b137   Thumb Code    28  strcmp.o(.text)
    memcmp                                   0x0801b153   Thumb Code    26  memcmp.o(.text)
    strncmp                                  0x0801b16d   Thumb Code    30  strncmp.o(.text)
    __aeabi_uidiv                            0x0801b18b   Thumb Code     0  uidiv.o(.text)
    __aeabi_uidivmod                         0x0801b18b   Thumb Code    44  uidiv.o(.text)
    __scatterload                            0x0801b1b9   Thumb Code    28  init.o(.text)
    __scatterload_rt2                        0x0801b1b9   Thumb Code     0  init.o(.text)
    __I$use$semihosting$fputc                0x0801b1dd   Thumb Code     0  iusesemip.o(.text)
    __decompress                             0x0801b1dd   Thumb Code     0  __dczerorl2.o(.text)
    __decompress1                            0x0801b1dd   Thumb Code    86  __dczerorl2.o(.text)
    __semihosting_library_function           0x0801b1dd   Thumb Code     0  semi.o(.text)
    OSStartHighRdy                           0x0801b235   Thumb Code     0  os_cpu_a.o(CODE)
    OS_CPU_PendSVHandler                     0x0801b257   Thumb Code     0  os_cpu_a.o(CODE)
    __0printf$3                              0x0801b2b9   Thumb Code    22  printf3.o(i.__0printf$3)
    __1printf$3                              0x0801b2b9   Thumb Code     0  printf3.o(i.__0printf$3)
    __2printf                                0x0801b2b9   Thumb Code     0  printf3.o(i.__0printf$3)
    __0sprintf$3                             0x0801b2d9   Thumb Code    34  printf3.o(i.__0sprintf$3)
    __1sprintf$3                             0x0801b2d9   Thumb Code     0  printf3.o(i.__0sprintf$3)
    __2sprintf                               0x0801b2d9   Thumb Code     0  printf3.o(i.__0sprintf$3)
    __scatterload_copy                       0x0801b301   Thumb Code    14  handlers.o(i.__scatterload_copy)
    __scatterload_null                       0x0801b30f   Thumb Code     2  handlers.o(i.__scatterload_null)
    __scatterload_zeroinit                   0x0801b311   Thumb Code    14  handlers.o(i.__scatterload_zeroinit)
    fputc                                    0x0801b4e3   Thumb Code    18  fputc.o(i.fputc)
    OSCfg_IdleTaskStkBasePtr                 0x0801b688   Data           4  os_cfg_app.o(.constdata)
    OSCfg_IdleTaskStkLimit                   0x0801b68c   Data           4  os_cfg_app.o(.constdata)
    OSCfg_IdleTaskStkSize                    0x0801b690   Data           4  os_cfg_app.o(.constdata)
    OSCfg_IdleTaskStkSizeRAM                 0x0801b694   Data           4  os_cfg_app.o(.constdata)
    OSCfg_IntQBasePtr                        0x0801b698   Data           4  os_cfg_app.o(.constdata)
    OSCfg_IntQSize                           0x0801b69c   Data           2  os_cfg_app.o(.constdata)
    OSCfg_IntQSizeRAM                        0x0801b6a0   Data           4  os_cfg_app.o(.constdata)
    OSCfg_IntQTaskStkBasePtr                 0x0801b6a4   Data           4  os_cfg_app.o(.constdata)
    OSCfg_IntQTaskStkLimit                   0x0801b6a8   Data           4  os_cfg_app.o(.constdata)
    OSCfg_IntQTaskStkSize                    0x0801b6ac   Data           4  os_cfg_app.o(.constdata)
    OSCfg_IntQTaskStkSizeRAM                 0x0801b6b0   Data           4  os_cfg_app.o(.constdata)
    OSCfg_ISRStkBasePtr                      0x0801b6b4   Data           4  os_cfg_app.o(.constdata)
    OSCfg_ISRStkSize                         0x0801b6b8   Data           4  os_cfg_app.o(.constdata)
    OSCfg_ISRStkSizeRAM                      0x0801b6bc   Data           4  os_cfg_app.o(.constdata)
    OSCfg_MsgPoolSize                        0x0801b6c0   Data           2  os_cfg_app.o(.constdata)
    OSCfg_MsgPoolSizeRAM                     0x0801b6c4   Data           4  os_cfg_app.o(.constdata)
    OSCfg_MsgPoolBasePtr                     0x0801b6c8   Data           4  os_cfg_app.o(.constdata)
    OSCfg_StatTaskPrio                       0x0801b6cc   Data           1  os_cfg_app.o(.constdata)
    OSCfg_StatTaskRate_Hz                    0x0801b6d0   Data           4  os_cfg_app.o(.constdata)
    OSCfg_StatTaskStkBasePtr                 0x0801b6d4   Data           4  os_cfg_app.o(.constdata)
    OSCfg_StatTaskStkLimit                   0x0801b6d8   Data           4  os_cfg_app.o(.constdata)
    OSCfg_StatTaskStkSize                    0x0801b6dc   Data           4  os_cfg_app.o(.constdata)
    OSCfg_StatTaskStkSizeRAM                 0x0801b6e0   Data           4  os_cfg_app.o(.constdata)
    OSCfg_StkSizeMin                         0x0801b6e4   Data           4  os_cfg_app.o(.constdata)
    OSCfg_TickRate_Hz                        0x0801b6e8   Data           4  os_cfg_app.o(.constdata)
    OSCfg_TickTaskPrio                       0x0801b6ec   Data           1  os_cfg_app.o(.constdata)
    OSCfg_TickTaskStkBasePtr                 0x0801b6f0   Data           4  os_cfg_app.o(.constdata)
    OSCfg_TickTaskStkLimit                   0x0801b6f4   Data           4  os_cfg_app.o(.constdata)
    OSCfg_TickTaskStkSize                    0x0801b6f8   Data           4  os_cfg_app.o(.constdata)
    OSCfg_TickTaskStkSizeRAM                 0x0801b6fc   Data           4  os_cfg_app.o(.constdata)
    OSCfg_TickWheelSize                      0x0801b700   Data           2  os_cfg_app.o(.constdata)
    OSCfg_TickWheelSizeRAM                   0x0801b704   Data           4  os_cfg_app.o(.constdata)
    OSCfg_TmrTaskPrio                        0x0801b708   Data           1  os_cfg_app.o(.constdata)
    OSCfg_TmrTaskRate_Hz                     0x0801b70c   Data           4  os_cfg_app.o(.constdata)
    OSCfg_TmrTaskStkBasePtr                  0x0801b710   Data           4  os_cfg_app.o(.constdata)
    OSCfg_TmrTaskStkLimit                    0x0801b714   Data           4  os_cfg_app.o(.constdata)
    OSCfg_TmrTaskStkSize                     0x0801b718   Data           4  os_cfg_app.o(.constdata)
    OSCfg_TmrTaskStkSizeRAM                  0x0801b71c   Data           4  os_cfg_app.o(.constdata)
    OSCfg_TmrWheelSize                       0x0801b720   Data           2  os_cfg_app.o(.constdata)
    OSCfg_TmrWheelSizeRAM                    0x0801b724   Data           4  os_cfg_app.o(.constdata)
    OSCfg_DataSizeRAM                        0x0801b728   Data           4  os_cfg_app.o(.constdata)
    OSDbg_DbgEn                              0x0801b72c   Data           1  os_dbg.o(.constdata)
    OSDbg_ArgChkEn                           0x0801b72d   Data           1  os_dbg.o(.constdata)
    OSDbg_AppHooksEn                         0x0801b72e   Data           1  os_dbg.o(.constdata)
    OSDbg_EndiannessTest                     0x0801b730   Data           4  os_dbg.o(.constdata)
    OSDbg_CalledFromISRChkEn                 0x0801b734   Data           1  os_dbg.o(.constdata)
    OSDbg_FlagEn                             0x0801b735   Data           1  os_dbg.o(.constdata)
    OSDbg_FlagGrp                            0x0801b738   Data          40  os_dbg.o(.constdata)
    OSDbg_FlagDelEn                          0x0801b760   Data           1  os_dbg.o(.constdata)
    OSDbg_FlagModeClrEn                      0x0801b761   Data           1  os_dbg.o(.constdata)
    OSDbg_FlagPendAbortEn                    0x0801b762   Data           1  os_dbg.o(.constdata)
    OSDbg_FlagGrpSize                        0x0801b764   Data           2  os_dbg.o(.constdata)
    OSDbg_FlagWidth                          0x0801b766   Data           2  os_dbg.o(.constdata)
    OSDbg_IntQ                               0x0801b768   Data           2  os_dbg.o(.constdata)
    OSDbg_ISRPostDeferredEn                  0x0801b76a   Data           1  os_dbg.o(.constdata)
    OSDbg_Mem                                0x0801b76c   Data          32  os_dbg.o(.constdata)
    OSDbg_MemEn                              0x0801b78c   Data           1  os_dbg.o(.constdata)
    OSDbg_MemSize                            0x0801b78e   Data           2  os_dbg.o(.constdata)
    OSDbg_MsgEn                              0x0801b790   Data           1  os_dbg.o(.constdata)
    OSDbg_MsgSize                            0x0801b792   Data           2  os_dbg.o(.constdata)
    OSDbg_MsgPoolSize                        0x0801b794   Data           2  os_dbg.o(.constdata)
    OSDbg_MsgQSize                           0x0801b796   Data           2  os_dbg.o(.constdata)
    OSDbg_Mutex                              0x0801b798   Data          44  os_dbg.o(.constdata)
    OSDbg_MutexEn                            0x0801b7c4   Data           1  os_dbg.o(.constdata)
    OSDbg_MutexDelEn                         0x0801b7c5   Data           1  os_dbg.o(.constdata)
    OSDbg_MutexPendAbortEn                   0x0801b7c6   Data           1  os_dbg.o(.constdata)
    OSDbg_MutexSize                          0x0801b7c8   Data           2  os_dbg.o(.constdata)
    OSDbg_ObjTypeChkEn                       0x0801b7ca   Data           1  os_dbg.o(.constdata)
    OSDbg_PendMultiEn                        0x0801b7cb   Data           1  os_dbg.o(.constdata)
    OSDbg_PendDataSize                       0x0801b7cc   Data           2  os_dbg.o(.constdata)
    OSDbg_PendListSize                       0x0801b7ce   Data           2  os_dbg.o(.constdata)
    OSDbg_PendObjSize                        0x0801b7d0   Data           2  os_dbg.o(.constdata)
    OSDbg_PrioMax                            0x0801b7d2   Data           2  os_dbg.o(.constdata)
    OSDbg_PrioTblSize                        0x0801b7d4   Data           2  os_dbg.o(.constdata)
    OSDbg_PtrSize                            0x0801b7d6   Data           2  os_dbg.o(.constdata)
    OSDbg_Q                                  0x0801b7d8   Data          48  os_dbg.o(.constdata)
    OSDbg_QEn                                0x0801b808   Data           1  os_dbg.o(.constdata)
    OSDbg_QDelEn                             0x0801b809   Data           1  os_dbg.o(.constdata)
    OSDbg_QFlushEn                           0x0801b80a   Data           1  os_dbg.o(.constdata)
    OSDbg_QPendAbortEn                       0x0801b80b   Data           1  os_dbg.o(.constdata)
    OSDbg_QSize                              0x0801b80c   Data           2  os_dbg.o(.constdata)
    OSDbg_SchedRoundRobinEn                  0x0801b80e   Data           1  os_dbg.o(.constdata)
    OSDbg_Sem                                0x0801b810   Data          40  os_dbg.o(.constdata)
    OSDbg_SemEn                              0x0801b838   Data           1  os_dbg.o(.constdata)
    OSDbg_SemDelEn                           0x0801b839   Data           1  os_dbg.o(.constdata)
    OSDbg_SemPendAbortEn                     0x0801b83a   Data           1  os_dbg.o(.constdata)
    OSDbg_SemSetEn                           0x0801b83b   Data           1  os_dbg.o(.constdata)
    OSDbg_SemSize                            0x0801b83c   Data           2  os_dbg.o(.constdata)
    OSDbg_RdyList                            0x0801b83e   Data           2  os_dbg.o(.constdata)
    OSDbg_RdyListSize                        0x0801b840   Data           4  os_dbg.o(.constdata)
    OSDbg_StkWidth                           0x0801b844   Data           1  os_dbg.o(.constdata)
    OSDbg_StatTaskEn                         0x0801b845   Data           1  os_dbg.o(.constdata)
    OSDbg_StatTaskStkChkEn                   0x0801b846   Data           1  os_dbg.o(.constdata)
    OSDbg_TaskChangePrioEn                   0x0801b847   Data           1  os_dbg.o(.constdata)
    OSDbg_TaskDelEn                          0x0801b848   Data           1  os_dbg.o(.constdata)
    OSDbg_TaskQEn                            0x0801b849   Data           1  os_dbg.o(.constdata)
    OSDbg_TaskQPendAbortEn                   0x0801b84a   Data           1  os_dbg.o(.constdata)
    OSDbg_TaskProfileEn                      0x0801b84b   Data           1  os_dbg.o(.constdata)
    OSDbg_TaskRegTblSize                     0x0801b84c   Data           2  os_dbg.o(.constdata)
    OSDbg_TaskSemPendAbortEn                 0x0801b84e   Data           1  os_dbg.o(.constdata)
    OSDbg_TaskSuspendEn                      0x0801b84f   Data           1  os_dbg.o(.constdata)
    OSDbg_TCBSize                            0x0801b850   Data           2  os_dbg.o(.constdata)
    OSDbg_TickSpokeSize                      0x0801b852   Data           2  os_dbg.o(.constdata)
    OSDbg_TimeDlyHMSMEn                      0x0801b854   Data           1  os_dbg.o(.constdata)
    OSDbg_TimeDlyResumeEn                    0x0801b855   Data           1  os_dbg.o(.constdata)
    OSDbg_TLS_TblSize                        0x0801b856   Data           2  os_dbg.o(.constdata)
    OSDbg_Tmr                                0x0801b858   Data          52  os_dbg.o(.constdata)
    OSDbg_TmrEn                              0x0801b88c   Data           1  os_dbg.o(.constdata)
    OSDbg_TmrDelEn                           0x0801b88d   Data           1  os_dbg.o(.constdata)
    OSDbg_TmrSize                            0x0801b88e   Data           2  os_dbg.o(.constdata)
    OSDbg_TmrSpokeSize                       0x0801b890   Data           2  os_dbg.o(.constdata)
    OSDbg_VersionNbr                         0x0801b892   Data           2  os_dbg.o(.constdata)
    OSDbg_DataSize                           0x0801b894   Data           4  os_dbg.o(.constdata)
    pvNullPointer                            0x0801b898   Data           4  sys_arch.o(.constdata)
    ethbroadcast                             0x0801b89c   Data           6  ethernet.o(.constdata)
    ethzero                                  0x0801b8a2   Data           6  ethernet.o(.constdata)
    memp_UDP_PCB                             0x0801b8a8   Data          12  memp.o(.constdata)
    memp_TCP_PCB                             0x0801b8b4   Data          12  memp.o(.constdata)
    memp_TCP_PCB_LISTEN                      0x0801b8c0   Data          12  memp.o(.constdata)
    memp_TCP_SEG                             0x0801b8cc   Data          12  memp.o(.constdata)
    memp_REASSDATA                           0x0801b8d8   Data          12  memp.o(.constdata)
    memp_FRAG_PBUF                           0x0801b8e4   Data          12  memp.o(.constdata)
    memp_NETBUF                              0x0801b8f0   Data          12  memp.o(.constdata)
    memp_NETCONN                             0x0801b8fc   Data          12  memp.o(.constdata)
    memp_TCPIP_MSG_API                       0x0801b908   Data          12  memp.o(.constdata)
    memp_SYS_TIMEOUT                         0x0801b914   Data          12  memp.o(.constdata)
    memp_PBUF                                0x0801b920   Data          12  memp.o(.constdata)
    memp_PBUF_POOL                           0x0801b92c   Data          12  memp.o(.constdata)
    memp_pools                               0x0801b938   Data          48  memp.o(.constdata)
    tcp_pcb_lists                            0x0801b9a8   Data          16  tcp.o(.constdata)
    lwip_cyclic_timers                       0x0801b9b8   Data          40  timeouts.o(.constdata)
    ip_addr_any                              0x0801b9e0   Data           4  ip4_addr.o(.constdata)
    ip_addr_broadcast                        0x0801b9e4   Data           4  ip4_addr.o(.constdata)
    Region$$Table$$Base                      0x0801bc14   Number         0  anon$$obj.o(Region$$Table)
    Region$$Table$$Limit                     0x0801bc34   Number         0  anon$$obj.o(Region$$Table)
    status                                   0x20000000   Data           1  app.o(.data)
    gprs_err_cnt                             0x20000001   Data           1  app.o(.data)
    fatfs                                    0x20000004   Data           4  app.o(.data)
    SystemCoreClock                          0x2000000c   Data           4  system_stm32f2xx.o(.data)
    AHBPrescTable                            0x20000010   Data          16  system_stm32f2xx.o(.data)
    usart3_buff                              0x20000020   Data           4  usart.o(.data)
    gprs_rx_buff                             0x20000024   Data           4  usart.o(.data)
    usart5_buff                              0x20000028   Data           4  usart.o(.data)
    usart2_rx_status                         0x2000002c   Data           2  usart.o(.data)
    g_timeout_cnt                            0x20000030   Data           4  timer.o(.data)
    TCPTimer                                 0x20000034   Data           4  lan8720.o(.data)
    ARPTimer                                 0x20000038   Data           4  lan8720.o(.data)
    lwip_localtime                           0x2000003c   Data           4  lan8720.o(.data)
    DHCPfineTimer                            0x20000040   Data           4  lan8720.o(.data)
    DHCPcoarseTimer                          0x20000044   Data           4  lan8720.o(.data)
    DMATxDescToSet                           0x20000048   Data           4  stm32f2x7_eth.o(.data)
    DMARxDescToGet                           0x2000004c   Data           4  stm32f2x7_eth.o(.data)
    DMA_RX_FRAME_infos                       0x20000050   Data           4  stm32f2x7_eth.o(.data)
    Frame_Rx_index                           0x20000054   Data           4  stm32f2x7_eth.o(.data)
    Mem_PoolTbl                              0x20000068   Data           4  lib_mem.o(.data)
    CPU_TS_TmrFreq_Hz                        0x2000006c   Data           4  cpu_core.o(.data)
    OS_CPU_ExceptStkBase                     0x20000070   Data           4  os_cpu_c.o(.data)
    OSPrioTbl                                0x20000074   Data           8  os_prio.o(.data)
    OS_AppTaskCreateHookPtr                  0x2000007c   Data           4  os_var.o(.data)
    OS_AppTaskDelHookPtr                     0x20000080   Data           4  os_var.o(.data)
    OS_AppTaskReturnHookPtr                  0x20000084   Data           4  os_var.o(.data)
    OS_AppIdleTaskHookPtr                    0x20000088   Data           4  os_var.o(.data)
    OS_AppStatTaskHookPtr                    0x2000008c   Data           4  os_var.o(.data)
    OS_AppTaskSwHookPtr                      0x20000090   Data           4  os_var.o(.data)
    OS_AppTimeTickHookPtr                    0x20000094   Data           4  os_var.o(.data)
    OSIdleTaskCtr                            0x20000098   Data           4  os_var.o(.data)
    OSIntNestingCtr                          0x2000009c   Data           1  os_var.o(.data)
    OSRunning                                0x2000009d   Data           1  os_var.o(.data)
    OSFlagDbgListPtr                         0x200000a0   Data           4  os_var.o(.data)
    OSFlagQty                                0x200000a4   Data           2  os_var.o(.data)
    OSMemDbgListPtr                          0x200000a8   Data           4  os_var.o(.data)
    OSMemQty                                 0x200000ac   Data           2  os_var.o(.data)
    OSMutexDbgListPtr                        0x200000b0   Data           4  os_var.o(.data)
    OSMutexQty                               0x200000b4   Data           2  os_var.o(.data)
    OSPrioCur                                0x200000b6   Data           1  os_var.o(.data)
    OSPrioHighRdy                            0x200000b7   Data           1  os_var.o(.data)
    OSPrioSaved                              0x200000b8   Data           1  os_var.o(.data)
    OSQDbgListPtr                            0x200000bc   Data           4  os_var.o(.data)
    OSQQty                                   0x200000c0   Data           2  os_var.o(.data)
    OSSchedLockTimeBegin                     0x200000c4   Data           4  os_var.o(.data)
    OSSchedLockTimeMax                       0x200000c8   Data           4  os_var.o(.data)
    OSSchedLockTimeMaxCur                    0x200000cc   Data           4  os_var.o(.data)
    OSSchedLockNestingCtr                    0x200000d0   Data           1  os_var.o(.data)
    OSSchedRoundRobinDfltTimeQuanta          0x200000d4   Data           4  os_var.o(.data)
    OSSchedRoundRobinEn                      0x200000d8   Data           1  os_var.o(.data)
    OSSemDbgListPtr                          0x200000dc   Data           4  os_var.o(.data)
    OSSemQty                                 0x200000e0   Data           2  os_var.o(.data)
    OSStatResetFlag                          0x200000e2   Data           1  os_var.o(.data)
    OSStatTaskCPUUsage                       0x200000e4   Data           2  os_var.o(.data)
    OSStatTaskCPUUsageMax                    0x200000e6   Data           2  os_var.o(.data)
    OSStatTaskCtr                            0x200000e8   Data           4  os_var.o(.data)
    OSStatTaskCtrMax                         0x200000ec   Data           4  os_var.o(.data)
    OSStatTaskCtrRun                         0x200000f0   Data           4  os_var.o(.data)
    OSStatTaskRdy                            0x200000f4   Data           1  os_var.o(.data)
    OSStatTaskTimeMax                        0x200000f8   Data           4  os_var.o(.data)
    OSTaskCtxSwCtr                           0x200000fc   Data           4  os_var.o(.data)
    OSTaskDbgListPtr                         0x20000100   Data           4  os_var.o(.data)
    OSTaskQty                                0x20000104   Data           2  os_var.o(.data)
    OSTaskRegNextAvailID                     0x20000106   Data           1  os_var.o(.data)
    OSTickCtr                                0x20000108   Data           4  os_var.o(.data)
    OSTickTaskTimeMax                        0x2000010c   Data           4  os_var.o(.data)
    OSTmrDbgListPtr                          0x20000110   Data           4  os_var.o(.data)
    OSTmrQty                                 0x20000114   Data           2  os_var.o(.data)
    OSTmrTaskTimeMax                         0x20000118   Data           4  os_var.o(.data)
    OSTmrTickCtr                             0x2000011c   Data           4  os_var.o(.data)
    OSTmrUpdateCnt                           0x20000120   Data           4  os_var.o(.data)
    OSTmrUpdateCtr                           0x20000124   Data           4  os_var.o(.data)
    OSTCBCurPtr                              0x20000128   Data           4  os_var.o(.data)
    OSTCBHighRdyPtr                          0x2000012c   Data           4  os_var.o(.data)
    udppcb                                   0x20000130   Data           4  rawudp.o(.data)
    netif_list                               0x20000178   Data           4  netif.o(.data)
    netif_default                            0x2000017c   Data           4  netif.o(.data)
    tcp_ticks                                0x20000188   Data           4  tcp.o(.data)
    tcp_bound_pcbs                           0x2000018c   Data           4  tcp.o(.data)
    tcp_listen_pcbs                          0x20000190   Data           4  tcp.o(.data)
    tcp_active_pcbs                          0x20000194   Data           4  tcp.o(.data)
    tcp_tw_pcbs                              0x20000198   Data           4  tcp.o(.data)
    tcp_active_pcbs_changed                  0x2000019c   Data           1  tcp.o(.data)
    tcp_input_pcb                            0x200001c8   Data           4  tcp_in.o(.data)
    udp_pcbs                                 0x200001dc   Data           4  udp.o(.data)
    dhcp_rx_options_given                    0x200001e0   Data           8  dhcp_2.o(.data)
    __stdout                                 0x20000204   Data           4  stdout.o(.data)
    gprs_init_task_TCB                       0x20000a54   Data         196  app.o(.bss)
    gprs_init_task_stk                       0x20000b18   Data         512  app.o(.bss)
    eth_init_task_TCB                        0x20000d18   Data         196  app.o(.bss)
    eth_init_task_stk                        0x20000ddc   Data        1024  app.o(.bss)
    usart3_task_TCB                          0x200011dc   Data         196  app.o(.bss)
    usart3_task_stk                          0x200012a0   Data        4000  app.o(.bss)
    usart3_msg                               0x20002240   Data          48  app.o(.bss)
    eth_msg                                  0x20002270   Data          48  app.o(.bss)
    tmr1                                     0x200022a0   Data          52  app.o(.bss)
    gprs                                     0x200022d4   Data          52  app.o(.bss)
    w25qxx_flash_buf                         0x20002450   Data        4096  w25qxx.o(.bss)
    g_timer_cnt                              0x20003654   Data          36  timer.o(.bss)
    lwip_dev                                 0x20003678   Data          23  lan8720.o(.bss)
    lwip_netif                               0x20003690   Data          52  lan8720.o(.bss)
    DMARxDscrTab                             0x200036c4   Data         160  stm32f2x7_eth.o(.bss)
    DMATxDscrTab                             0x20003764   Data         160  stm32f2x7_eth.o(.bss)
    Rx_Buff                                  0x20003804   Data        7620  stm32f2x7_eth.o(.bss)
    Tx_Buff                                  0x200055c8   Data        7620  stm32f2x7_eth.o(.bss)
    RX_Frame_Descriptor                      0x2000738c   Data          12  stm32f2x7_eth.o(.bss)
    Mem_PoolHeap                             0x20007398   Data          72  lib_mem.o(.bss)
    Mem_Heap                                 0x200073e0   Data        9216  lib_mem.o(.bss)
    CPU_Name                                 0x200097e0   Data          16  cpu_core.o(.bss)
    OSCfg_IdleTaskStk                        0x200097f0   Data         512  os_cfg_app.o(.bss)
    OSCfg_ISRStk                             0x200099f0   Data        1024  os_cfg_app.o(.bss)
    OSCfg_MsgPool                            0x20009df0   Data        1600  os_cfg_app.o(.bss)
    OSCfg_StatTaskStk                        0x2000a430   Data         512  os_cfg_app.o(.bss)
    OSCfg_TickTaskStk                        0x2000a630   Data         512  os_cfg_app.o(.bss)
    OSCfg_TickWheel                          0x2000a830   Data         128  os_cfg_app.o(.bss)
    OSCfg_TmrTaskStk                         0x2000a8b0   Data         512  os_cfg_app.o(.bss)
    OSCfg_TmrWheel                           0x2000aab0   Data         128  os_cfg_app.o(.bss)
    OSIdleTaskTCB                            0x2000ab30   Data         196  os_var.o(.bss)
    OSMsgPool                                0x2000abf4   Data          12  os_var.o(.bss)
    OSRdyList                                0x2000ac00   Data         768  os_var.o(.bss)
    OSStatTaskTCB                            0x2000af00   Data         196  os_var.o(.bss)
    OSTickTaskTCB                            0x2000afc4   Data         196  os_var.o(.bss)
    OSTmrTaskTCB                             0x2000b088   Data         196  os_var.o(.bss)
    tcpip_thread_task_stk                    0x2000b14c   Data        4000  sys_arch.o(.bss)
    tcpip_thread_task_TCB                    0x2000c0ec   Data         196  sys_arch.o(.bss)
    rawudp_task_TCB                          0x2000c1b0   Data         196  rawudp.o(.bss)
    rawudp_task_stk                          0x2000c274   Data        1024  rawudp.o(.bss)
    rawudp_recv_buff                         0x2000c674   Data         512  rawudp.o(.bss)
    rawudp_send_buff                         0x2000c874   Data         512  rawudp.o(.bss)
    dhcp_task_TCB                            0x2000ca74   Data         196  dhcp.o(.bss)
    dhcp_task_stk                            0x2000cb38   Data        1024  dhcp.o(.bss)
    lock_tcpip_core                          0x2000cf68   Data          40  tcpip.o(.bss)
    ip_data                                  0x2000cf90   Data          24  ip.o(.bss)
    ram_heap                                 0x2000cfa8   Data        5139  mem.o(.bss)
    memp_memory_UDP_PCB_base                 0x2000e3e4   Data         195  memp.o(.bss)
    memp_memory_TCP_PCB_base                 0x2000e4a7   Data        1483  memp.o(.bss)
    memp_memory_TCP_PCB_LISTEN_base          0x2000ea72   Data         171  memp.o(.bss)
    memp_memory_TCP_SEG_base                 0x2000eb1d   Data         195  memp.o(.bss)
    memp_memory_REASSDATA_base               0x2000ebe0   Data         163  memp.o(.bss)
    memp_memory_FRAG_PBUF_base               0x2000ec83   Data         363  memp.o(.bss)
    memp_memory_NETBUF_base                  0x2000edee   Data          35  memp.o(.bss)
    memp_memory_NETCONN_base                 0x2000ee11   Data         691  memp.o(.bss)
    memp_memory_TCPIP_MSG_API_base           0x2000f0c4   Data         131  memp.o(.bss)
    memp_memory_SYS_TIMEOUT_base             0x2000f147   Data         131  memp.o(.bss)
    memp_memory_PBUF_base                    0x2000f1ca   Data         163  memp.o(.bss)
    memp_memory_PBUF_POOL_base               0x2000f26d   Data       15163  memp.o(.bss)
    dhcp_rx_options_val                      0x20012db8   Data          32  dhcp_2.o(.bss)
    __initial_sp                             0x200132d8   Data           0  cstartup.o(STACK)



==============================================================================

Memory Map of the image

  Image Entry point : 0x08000185

  Load Region LR_IROM1 (Base: 0x08000000, Size: 0x0001be3c, Max: 0x00080000, ABSOLUTE, COMPRESSED[0x0001bc64])

    Execution Region ER_IROM1 (Base: 0x08000000, Size: 0x0001bc34, Max: 0x00080000, ABSOLUTE)

    Base Addr    Size         Type   Attr      Idx    E Section Name        Object

    0x08000000   0x00000184   Data   RO         1612    RESET               cstartup.o
    0x08000184   0x00000000   Code   RO         2608  * .ARM.Collect$$$$00000000  mc_w.l(entry.o)
    0x08000184   0x00000004   Code   RO         2888    .ARM.Collect$$$$00000001  mc_w.l(entry2.o)
    0x08000188   0x00000004   Code   RO         2891    .ARM.Collect$$$$00000004  mc_w.l(entry5.o)
    0x0800018c   0x00000000   Code   RO         2893    .ARM.Collect$$$$00000008  mc_w.l(entry7b.o)
    0x0800018c   0x00000000   Code   RO         2895    .ARM.Collect$$$$0000000A  mc_w.l(entry8b.o)
    0x0800018c   0x00000008   Code   RO         2896    .ARM.Collect$$$$0000000B  mc_w.l(entry9a.o)
    0x08000194   0x00000000   Code   RO         2898    .ARM.Collect$$$$0000000D  mc_w.l(entry10a.o)
    0x08000194   0x00000000   Code   RO         2900    .ARM.Collect$$$$0000000F  mc_w.l(entry11a.o)
    0x08000194   0x00000004   Code   RO         2889    .ARM.Collect$$$$00002712  mc_w.l(entry2.o)
    0x08000198   0x0000093c   Code   RO            2    .text               app.o
    0x08000ad4   0x000001e0   Code   RO          370    .text               system_stm32f2xx.o
    0x08000cb4   0x00000650   Code   RO          409    .text               bsp.o
    0x08001304   0x00000428   Code   RO          438    .text               bsp_int.o
    0x0800172c   0x00000328   Code   RO          545    .text               w25qxx.o
    0x08001a54   0x000003cc   Code   RO          568    .text               usart.o
    0x08001e20   0x00000138   Code   RO          593    .text               gprs.o
    0x08001f58   0x000000e0   Code   RO          614    .text               timer.o
    0x08002038   0x00000084   Code   RO          638    .text               spi.o
    0x080020bc   0x000002dc   Code   RO          654    .text               rtc.o
    0x08002398   0x000009ac   Code   RO          670    .text               lan8720.o
    0x08002d44   0x00000e34   Code   RO          822    .text               stm32f2x7_eth.o
    0x08003b78   0x000000e0   Code   RO          842    .text               misc.o
    0x08003c58   0x0000011c   Code   RO         1002    .text               stm32f2xx_exti.o
    0x08003d74   0x0000025c   Code   RO         1050    .text               stm32f2xx_gpio.o
    0x08003fd0   0x00000040   Code   RO         1082    .text               stm32f2xx_iwdg.o
    0x08004010   0x000000d8   Code   RO         1098    .text               stm32f2xx_pwr.o
    0x080040e8   0x00000588   Code   RO         1114    .text               stm32f2xx_rcc.o
    0x08004670   0x00000b08   Code   RO         1148    .text               stm32f2xx_rtc.o
    0x08005178   0x000003a8   Code   RO         1164    .text               stm32f2xx_spi.o
    0x08005520   0x0000008c   Code   RO         1180    .text               stm32f2xx_syscfg.o
    0x080055ac   0x00000ca2   Code   RO         1196    .text               stm32f2xx_tim.o
    0x0800624e   0x00000002   PAD
    0x08006250   0x0000041a   Code   RO         1212    .text               stm32f2xx_usart.o
    0x0800666a   0x00000256   Code   RO         1243    .text               lib_ascii.o
    0x080068c0   0x00000ec4   Code   RO         1276    .text               lib_mem.o
    0x08007784   0x00000928   Code   RO         1295    .text               lib_str.o
    0x080080ac   0x00000220   Code   RO         1312    .text               lib_mem_a.o
    0x080082cc   0x000002a8   Code   RO         1315    .text               cpu_core.o
    0x08008574   0x0000077c   Code   RO         1341    .text               cpu_c.o
    0x08008cf0   0x00000034   Code   RO         1353    .text               cpu_a.o
    0x08008d24   0x0000026c   Code   RO         1356    .text               os_cpu_c.o
    0x08008f90   0x00000002   Code   RO         1377    .text               os_cfg_app.o
    0x08008f92   0x00000002   PAD
    0x08008f94   0x00000d9c   Code   RO         1400    .text               os_core.o
    0x08009d30   0x000001ac   Code   RO         1412    .text               os_dbg.o
    0x08009edc   0x00000af8   Code   RO         1427    .text               os_flag.o
    0x0800a9d4   0x000001fc   Code   RO         1445    .text               os_mem.o
    0x0800abd0   0x00000228   Code   RO         1457    .text               os_msg.o
    0x0800adf8   0x0000078c   Code   RO         1469    .text               os_mutex.o
    0x0800b584   0x0000007c   Code   RO         1493    .text               os_prio.o
    0x0800b600   0x000006d8   Code   RO         1512    .text               os_q.o
    0x0800bcd8   0x000006e8   Code   RO         1524    .text               os_sem.o
    0x0800c3c0   0x000005a8   Code   RO         1536    .text               os_stat.o
    0x0800c968   0x00001360   Code   RO         1548    .text               os_task.o
    0x0800dcc8   0x00000484   Code   RO         1560    .text               os_tick.o
    0x0800e14c   0x0000045c   Code   RO         1572    .text               os_time.o
    0x0800e5a8   0x000007f8   Code   RO         1584    .text               os_tmr.o
    0x0800eda0   0x00000018   Code   RO         1613    .text               cstartup.o
    0x0800edb8   0x000004b8   Code   RO         1618    .text               sys_arch.o
    0x0800f270   0x000002f0   Code   RO         1650    .text               rawudp.o
    0x0800f560   0x000002f0   Code   RO         1674    .text               dhcp.o
    0x0800f850   0x00000360   Code   RO         1935    .text               tcpip.o
    0x0800fbb0   0x000001b4   Code   RO         1968    .text               ethernet.o
    0x0800fd64   0x000001f4   Code   RO         1996    .text               ethernetif.o
    0x0800ff58   0x00000158   Code   RO         2037    .text               def.o
    0x080100b0   0x00000328   Code   RO         2064    .text               inet_chksum.o
    0x080103d8   0x00000088   Code   RO         2083    .text               init.o
    0x08010460   0x00000728   Code   RO         2138    .text               mem.o
    0x08010b88   0x00000268   Code   RO         2165    .text               memp.o
    0x08010df0   0x00000334   Code   RO         2220    .text               netif.o
    0x08011124   0x0000121c   Code   RO         2259    .text               pbuf.o
    0x08012340   0x000016c0   Code   RO         2314    .text               tcp.o
    0x08013a00   0x000019b8   Code   RO         2346    .text               tcp_in.o
    0x080153b8   0x00001542   Code   RO         2376    .text               tcp_out.o
    0x080168fa   0x00000002   PAD
    0x080168fc   0x00000358   Code   RO         2400    .text               timeouts.o
    0x08016c54   0x000005e0   Code   RO         2426    .text               udp.o
    0x08017234   0x00001ab4   Code   RO         2464    .text               dhcp_2.o
    0x08018ce8   0x00000d60   Code   RO         2491    .text               etharp.o
    0x08019a48   0x00000374   Code   RO         2514    .text               icmp.o
    0x08019dbc   0x000004f8   Code   RO         2543    .text               ip4.o
    0x0801a2b4   0x00000350   Code   RO         2561    .text               ip4_addr.o
    0x0801a604   0x00000ab8   Code   RO         2588    .text               ip4_frag.o
    0x0801b0bc   0x00000024   Code   RO         2611    .text               mc_w.l(memcpya.o)
    0x0801b0e0   0x00000024   Code   RO         2613    .text               mc_w.l(memseta.o)
    0x0801b104   0x00000024   Code   RO         2615    .text               mc_w.l(strstr.o)
    0x0801b128   0x0000000e   Code   RO         2617    .text               mc_w.l(strlen.o)
    0x0801b136   0x0000001c   Code   RO         2619    .text               mc_w.l(strcmp.o)
    0x0801b152   0x0000001a   Code   RO         2621    .text               mc_w.l(memcmp.o)
    0x0801b16c   0x0000001e   Code   RO         2623    .text               mc_w.l(strncmp.o)
    0x0801b18a   0x0000002c   Code   RO         2905    .text               mc_w.l(uidiv.o)
    0x0801b1b6   0x00000002   PAD
    0x0801b1b8   0x00000024   Code   RO         2920    .text               mc_w.l(init.o)
    0x0801b1dc   0x00000000   Code   RO         2922    .text               mc_w.l(semi.o)
    0x0801b1dc   0x00000000   Code   RO         2929    .text               mc_w.l(iusesemip.o)
    0x0801b1dc   0x00000056   Code   RO         2940    .text               mc_w.l(__dczerorl2.o)
    0x0801b232   0x00000002   PAD
    0x0801b234   0x00000084   Code   RO         1374    CODE                os_cpu_a.o
    0x0801b2b8   0x00000020   Code   RO         2716    i.__0printf$3       mc_w.l(printf3.o)
    0x0801b2d8   0x00000028   Code   RO         2718    i.__0sprintf$3      mc_w.l(printf3.o)
    0x0801b300   0x0000000e   Code   RO         2934    i.__scatterload_copy  mc_w.l(handlers.o)
    0x0801b30e   0x00000002   Code   RO         2935    i.__scatterload_null  mc_w.l(handlers.o)
    0x0801b310   0x0000000e   Code   RO         2936    i.__scatterload_zeroinit  mc_w.l(handlers.o)
    0x0801b31e   0x00000002   PAD
    0x0801b320   0x000001b8   Code   RO         2723    i._printf_core      mc_w.l(printf3.o)
    0x0801b4d8   0x0000000a   Code   RO         2725    i._sputc            mc_w.l(printf3.o)
    0x0801b4e2   0x00000012   Code   RO         2902    i.fputc             mc_w.l(fputc.o)
    0x0801b4f4   0x00000094   Data   RO         1296    .constdata          lib_str.o
    0x0801b588   0x00000100   Data   RO         1317    .constdata          cpu_core.o
    0x0801b688   0x000000a4   Data   RO         1379    .constdata          os_cfg_app.o
    0x0801b72c   0x0000016c   Data   RO         1413    .constdata          os_dbg.o
    0x0801b898   0x00000004   Data   RO         1620    .constdata          sys_arch.o
    0x0801b89c   0x0000000c   Data   RO         1969    .constdata          ethernet.o
    0x0801b8a8   0x000000c0   Data   RO         2167    .constdata          memp.o
    0x0801b968   0x00000050   Data   RO         2315    .constdata          tcp.o
    0x0801b9b8   0x00000028   Data   RO         2401    .constdata          timeouts.o
    0x0801b9e0   0x00000008   Data   RO         2563    .constdata          ip4_addr.o
    0x0801b9e8   0x00000048   Data   RO         2038    .conststring        def.o
    0x0801ba30   0x00000041   Data   RO         2084    .conststring        init.o
    0x0801ba71   0x00000003   PAD
    0x0801ba74   0x00000075   Data   RO         2316    .conststring        tcp.o
    0x0801bae9   0x00000003   PAD
    0x0801baec   0x00000055   Data   RO         2377    .conststring        tcp_out.o
    0x0801bb41   0x00000003   PAD
    0x0801bb44   0x0000008c   Data   RO         2466    .conststring        dhcp_2.o
    0x0801bbd0   0x00000041   Data   RO         2493    .conststring        etharp.o
    0x0801bc11   0x00000003   PAD
    0x0801bc14   0x00000020   Data   RO         2932    Region$$Table       anon$$obj.o


    Execution Region RW_IRAM1 (Base: 0x20000000, Size: 0x000132d8, Max: 0x00020000, ABSOLUTE, COMPRESSED[0x00000030])

    Base Addr    Size         Type   Attr      Idx    E Section Name        Object

    0x20000000   0x0000000a   Data   RW            4    .data               app.o
    0x2000000a   0x00000002   PAD
    0x2000000c   0x00000014   Data   RW          371    .data               system_stm32f2xx.o
    0x20000020   0x0000000e   Data   RW          570    .data               usart.o
    0x2000002e   0x00000002   PAD
    0x20000030   0x00000004   Data   RW          616    .data               timer.o
    0x20000034   0x00000014   Data   RW          672    .data               lan8720.o
    0x20000048   0x00000010   Data   RW          824    .data               stm32f2x7_eth.o
    0x20000058   0x00000010   Data   RW         1115    .data               stm32f2xx_rcc.o
    0x20000068   0x00000004   Data   RW         1278    .data               lib_mem.o
    0x2000006c   0x00000004   Data   RW         1318    .data               cpu_core.o
    0x20000070   0x00000004   Data   RW         1357    .data               os_cpu_c.o
    0x20000074   0x00000008   Data   RW         1494    .data               os_prio.o
    0x2000007c   0x000000b4   Data   RW         1597    .data               os_var.o
    0x20000130   0x00000004   Data   RW         1652    .data               rawudp.o
    0x20000134   0x00000008   Data   RW         1937    .data               tcpip.o
    0x2000013c   0x0000000c   Data   RW         2140    .data               mem.o
    0x20000148   0x00000030   Data   RW         2168    .data               memp.o
    0x20000178   0x00000009   Data   RW         2221    .data               netif.o
    0x20000181   0x00000003   PAD
    0x20000184   0x00000020   Data   RW         2317    .data               tcp.o
    0x200001a4   0x00000028   Data   RW         2348    .data               tcp_in.o
    0x200001cc   0x0000000c   Data   RW         2402    .data               timeouts.o
    0x200001d8   0x00000008   Data   RW         2427    .data               udp.o
    0x200001e0   0x00000018   Data   RW         2467    .data               dhcp_2.o
    0x200001f8   0x00000001   Data   RW         2494    .data               etharp.o
    0x200001f9   0x00000001   PAD
    0x200001fa   0x00000002   Data   RW         2544    .data               ip4.o
    0x200001fc   0x00000006   Data   RW         2589    .data               ip4_frag.o
    0x20000202   0x00000002   PAD
    0x20000204   0x00000004   Data   RW         2904    .data               mc_w.l(stdout.o)
    0x20000208   0x00002100   Zero   RW            3    .bss                app.o
    0x20002308   0x00000148   Zero   RW          439    .bss                bsp_int.o
    0x20002450   0x00001000   Zero   RW          546    .bss                w25qxx.o
    0x20003450   0x00000202   Zero   RW          569    .bss                usart.o
    0x20003652   0x00000002   PAD
    0x20003654   0x00000024   Zero   RW          615    .bss                timer.o
    0x20003678   0x0000004c   Zero   RW          671    .bss                lan8720.o
    0x200036c4   0x00003cd4   Zero   RW          823    .bss                stm32f2x7_eth.o
    0x20007398   0x00002448   Zero   RW         1277    .bss                lib_mem.o
    0x200097e0   0x00000010   Zero   RW         1316    .bss                cpu_core.o
    0x200097f0   0x00001340   Zero   RW         1378    .bss                os_cfg_app.o
    0x2000ab30   0x0000061c   Zero   RW         1596    .bss                os_var.o
    0x2000b14c   0x00001064   Zero   RW         1619    .bss                sys_arch.o
    0x2000c1b0   0x000008c4   Zero   RW         1651    .bss                rawudp.o
    0x2000ca74   0x000004c4   Zero   RW         1675    .bss                dhcp.o
    0x2000cf38   0x00000058   Zero   RW         1936    .bss                tcpip.o
    0x2000cf90   0x00000018   Zero   RW         2122    .bss                ip.o
    0x2000cfa8   0x0000143c   Zero   RW         2139    .bss                mem.o
    0x2000e3e4   0x000049c4   Zero   RW         2166    .bss                memp.o
    0x20012da8   0x00000010   Zero   RW         2347    .bss                tcp_in.o
    0x20012db8   0x00000020   Zero   RW         2465    .bss                dhcp_2.o
    0x20012dd8   0x000000f0   Zero   RW         2492    .bss                etharp.o
    0x20012ec8   0x00000010   Zero   RW         2562    .bss                ip4_addr.o
    0x20012ed8   0x00000400   Zero   RW         1610    STACK               cstartup.o


==============================================================================

Image component sizes


      Code (inc. data)   RO Data    RW Data    ZI Data      Debug   Object Name

         0          0          0          0          0       2335   api_lib.o
         0          0          0          0          0       2923   api_msg.o
      2364        602          0         10       8448     378654   app.o
      1616         60          0          0          0      20275   bsp.o
      1064         10          0          0        328      13598   bsp_int.o
         0          0          0          0          0        564   bsp_ser.o
        52          0          0          0          0        316   cpu_a.o
      1916        102          0          0          0       3489   cpu_c.o
       680         14        256          4         16      14200   cpu_core.o
        24          6        388          0       1024        608   cstartup.o
       344          4         72          0          0       2566   def.o
       752        338          0          0       1220       6666   dhcp.o
      6836       1234        140         24         32      18244   dhcp_2.o
      3424        560         65          1        240       8231   etharp.o
       436        128         12          0          0       2068   ethernet.o
       500        116          0          0          0       3171   ethernetif.o
       312         30          0          0          0       1604   gprs.o
       884        228          0          0          0       3170   icmp.o
       808         86          0          0          0       4500   inet_chksum.o
       136         68         65          0          0        468   init.o
         0          0          0          0         24       2910   ip.o
      1272        150          0          2          0       4429   ip4.o
       848         98          8          0         16       9074   ip4_addr.o
      2744        492          0          6          0       7798   ip4_frag.o
      2476        520          0         20         76      10075   lan8720.o
       598          0          0          0          0       3856   lib_ascii.o
      3780         62          0          4       9288      24888   lib_mem.o
       544          0          0          0          0        460   lib_mem_a.o
      2344          4        148          0          0      13710   lib_str.o
      1832        552          0         12       5180       4002   mem.o
       616        216        192         48      18884       8864   memp.o
       224         20          0          0          0       1849   misc.o
         0          0          0          0          0       6984   netbuf.o
       820        110          0          9          0       7381   netif.o
         2          0        164          0       4928      19498   os_cfg_app.o
      3484        272          0          0          0      12211   os_core.o
       132         32          0          0          0        360   os_cpu_a.o
       620         66          0          4          0       3697   os_cpu_c.o
       428        280        364          0          0       4697   os_dbg.o
      2808         84          0          0          0       7683   os_flag.o
       508         16          0          0          0       2696   os_mem.o
       552         14          0          0          0       2614   os_msg.o
      1932         84          0          0          0       5218   os_mutex.o
       124          4          0          8          0       1668   os_prio.o
      1752         58          0          0          0       6112   os_q.o
      1768         58          0          0          0       6152   os_sem.o
      1448        150          0          0          0       2733   os_stat.o
      4960        188          0          0          0      13346   os_task.o
      1156         74          0          0          0       3189   os_tick.o
      1116         54          0          0          0       3141   os_time.o
      2040        134          0          0          0       6630   os_tmr.o
         0          0          0        180       1564      18073   os_var.o
      4636       1284          0          0          0      13130   pbuf.o
         0          0          0          0          0       1220   protocol.o
       752        124          0          4       2244       2654   rawudp.o
       732         88          0          0          0       3097   rtc.o
       132          4          0          0          0        727   spi.o
      3636        100          0         16      15572      19920   stm32f2x7_eth.o
       284         10          0          0          0       2307   stm32f2xx_exti.o
       604         36          0          0          0       4009   stm32f2xx_gpio.o
        64          6          0          0          0       1293   stm32f2xx_iwdg.o
       216         12          0          0          0       2276   stm32f2xx_pwr.o
      1416         48          0         16          0      10991   stm32f2xx_rcc.o
      2824         36          0          0          0      12101   stm32f2xx_rtc.o
       936         22          0          0          0       6412   stm32f2xx_spi.o
       140         12          0          0          0       1531   stm32f2xx_syscfg.o
      3234         60          0          0          0      22896   stm32f2xx_tim.o
      1050         26          0          0          0       7744   stm32f2xx_usart.o
      1208        270          4          0       4196       9775   sys_arch.o
       480         40          0         20          0       1719   system_stm32f2xx.o
      5824       1148        197         32          0      25030   tcp.o
      6584       1076          0         40         16      15805   tcp_in.o
      5442        996         85          0          0      19646   tcp_out.o
       864        238          0          8         88       6642   tcpip.o
       856        170         40         12          0       4597   timeouts.o
       224         18          0          4         36       1868   timer.o
      1504        152          0          8          0       8410   udp.o
       972         36          0         14        514       3079   usart.o
       808         30          0          0       4096       3808   w25qxx.o

    ----------------------------------------------------------------------
    110504      13420       2244        516      78032     926335   Object Totals
         0          0         32          0          0          0   (incl. Generated)
         6          0         12         10          2          0   (incl. Padding)

    ----------------------------------------------------------------------

      Code (inc. data)   RO Data    RW Data    ZI Data      Debug   Library Member Name

        86          0          0          0          0          0   __dczerorl2.o
         0          0          0          0          0          0   entry.o
         0          0          0          0          0          0   entry10a.o
         0          0          0          0          0          0   entry11a.o
         8          4          0          0          0          0   entry2.o
         4          0          0          0          0          0   entry5.o
         0          0          0          0          0          0   entry7b.o
         0          0          0          0          0          0   entry8b.o
         8          4          0          0          0          0   entry9a.o
        18          0          0          0          0         80   fputc.o
        30          0          0          0          0          0   handlers.o
        36          8          0          0          0         68   init.o
         0          0          0          0          0          0   iusesemip.o
        26          0          0          0          0         80   memcmp.o
        36          0          0          0          0         68   memcpya.o
        36          0          0          0          0        108   memseta.o
       522         20          0          0          0        336   printf3.o
         0          0          0          0          0          0   semi.o
         0          0          0          4          0          0   stdout.o
        28          0          0          0          0         76   strcmp.o
        14          0          0          0          0         68   strlen.o
        30          0          0          0          0         80   strncmp.o
        36          0          0          0          0         80   strstr.o
        44          0          0          0          0         80   uidiv.o

    ----------------------------------------------------------------------
       968         36          0          4          0       1124   Library Totals
         6          0          0          0          0          0   (incl. Padding)

    ----------------------------------------------------------------------

      Code (inc. data)   RO Data    RW Data    ZI Data      Debug   Library Name

       962         36          0          4          0       1124   mc_w.l

    ----------------------------------------------------------------------
       968         36          0          4          0       1124   Library Totals

    ----------------------------------------------------------------------

==============================================================================


      Code (inc. data)   RO Data    RW Data    ZI Data      Debug   

    111472      13456       2244        520      78032     920203   Grand Totals
    111472      13456       2244         48      78032     920203   ELF Image Totals (compressed)
    111472      13456       2244         48          0          0   ROM Totals

==============================================================================

    Total RO  Size (Code + RO Data)               113716 ( 111.05kB)
    Total RW  Size (RW Data + ZI Data)             78552 (  76.71kB)
    Total ROM Size (Code + RO Data + RW Data)     113764 ( 111.10kB)

==============================================================================

