Component: ARM Compiler 5.06 update 1 (build 61) Tool: armlink [4d35a8]

==============================================================================

Section Cross References

    app.o(.text) refers to os_time.o(.text) for OSTimeDly
    app.o(.text) refers to memseta.o(.text) for __aeabi_memclr4
    app.o(.text) refers to dhcp_2.o(.text) for dhcp_coarse_tmr
    app.o(.text) refers to timer.o(.text) for timer_is_timeout_1MS
    app.o(.text) refers to stm32f2xx_gpio.o(.text) for GPIO_ReadOutputDataBit
    app.o(.text) refers to os_task.o(.text) for OSTaskCreate
    app.o(.text) refers to usart.o(.text) for USART_OUT
    app.o(.text) refers to dhcp.o(.text) for dhcp_task_create
    app.o(.text) refers to os_tmr.o(.text) for OSTmrCreate
    app.o(.text) refers to os_q.o(.text) for OSQCreate
    app.o(.text) refers to cpu_core.o(.text) for CPU_Init
    app.o(.text) refers to bsp.o(.text) for BSP_CPU_TickInit
    app.o(.text) refers to os_stat.o(.text) for OSStatTaskCPUUsageInit
    app.o(.text) refers to os_core.o(.text) for OSSchedRoundRobinCfg
    app.o(.text) refers to cpu_a.o(.text) for CPU_SR_Save
    app.o(.text) refers to app.o(.bss) for led0_task_stk
    app.o(.text) refers to usart.o(.data) for usart2_rx_status
    os_app_hooks.o(.text) refers to cpu_a.o(.text) for CPU_SR_Save
    os_app_hooks.o(.text) refers to os_var.o(.data) for OS_AppTaskCreateHookPtr
    system_stm32f2xx.o(.text) refers to system_stm32f2xx.o(.data) for SystemCoreClock
    protocol.o(.text) refers to protocol.o(.constdata) for crc_table
    bsp.o(.text) refers to system_stm32f2xx.o(.text) for SystemInit
    bsp.o(.text) refers to stm32f2xx_rcc.o(.text) for RCC_AHB1PeriphClockCmd
    bsp.o(.text) refers to stm32f2xx_gpio.o(.text) for GPIO_Init
    bsp.o(.text) refers to misc.o(.text) for NVIC_PriorityGroupConfig
    bsp.o(.text) refers to usart.o(.text) for usart2_init
    bsp.o(.text) refers to timer.o(.text) for timer3_init
    bsp.o(.text) refers to w25qxx.o(.text) for w25qxx_init
    bsp.o(.text) refers to rtc.o(.text) for rtc_init
    bsp.o(.text) refers to os_cpu_c.o(.text) for OS_CPU_SysTickInit
    bsp.o(.text) refers to os_cfg_app.o(.constdata) for OSCfg_TickRate_Hz
    bsp.o(.text) refers to cpu_core.o(.text) for CPU_TS_TmrFreqSet
    bsp.o(.text) refers to stm32f2xx_iwdg.o(.text) for IWDG_ReloadCounter
    bsp_int.o(.text) refers to cpu_c.o(.text) for CPU_IntSrcDis
    bsp_int.o(.text) refers to cpu_a.o(.text) for CPU_IntDis
    bsp_int.o(.text) refers to os_core.o(.text) for OSIntEnter
    bsp_int.o(.text) refers to bsp_int.o(.bss) for BSP_IntVectTbl
    bsp_ioe.o(.text) refers to stm32f2xx_rcc.o(.text) for RCC_AHB1PeriphClockCmd
    bsp_ioe.o(.text) refers to stm32f2xx_dma.o(.text) for DMA_DeInit
    bsp_ioe.o(.text) refers to stm32f2xx_i2c.o(.text) for I2C_GenerateSTART
    bsp_ioe.o(.text) refers to bsp_ioe.o(.data) for IOE_TimeOut
    bsp_ioe.o(.text) refers to bsp_os.o(.text) for BSP_OS_TimeDlyMs
    bsp_ioe.o(.text) refers to stm32f2xx_gpio.o(.text) for GPIO_Init
    bsp_ioe.o(.text) refers to stm32f2xx_syscfg.o(.text) for SYSCFG_EXTILineConfig
    bsp_lcd.o(.text) refers to stm32f2xx_rcc.o(.text) for RCC_AHB3PeriphClockCmd
    bsp_lcd.o(.text) refers to stm32f2xx_fsmc.o(.text) for FSMC_NORSRAMInit
    bsp_lcd.o(.text) refers to stm32f2xx_gpio.o(.text) for GPIO_Init
    bsp_lcd.o(.text) refers to bsp_os.o(.text) for BSP_OS_TimeDlyMs
    bsp_os.o(.text) refers to os_sem.o(.text) for OSSemCreate
    bsp_os.o(.text) refers to os_time.o(.text) for OSTimeDlyHMSM
    bsp_os.o(.text) refers to os_cfg_app.o(.constdata) for OSCfg_TickRate_Hz
    bsp_ser.o(.text) refers to stm32f2xx_usart.o(.text) for USART_ReceiveData
    bsp_ser.o(.text) refers to bsp_os.o(.text) for BSP_OS_SemPost
    bsp_ser.o(.text) refers to stm32f2xx_rcc.o(.text) for RCC_AHB1PeriphClockCmd
    bsp_ser.o(.text) refers to stm32f2xx_gpio.o(.text) for GPIO_Init
    bsp_ser.o(.text) refers to bsp_int.o(.text) for BSP_IntVectSet
    bsp_ser.o(.text) refers to printfa.o(i.__0vsnprintf) for __c89vsnprintf
    bsp_ser.o(.text) refers to lib_ascii.o(.text) for ASCII_IsPrint
    bsp_ser.o(.text) refers to bsp_ser.o(.data) for BSP_SerRxData
    bsp_ser.o(.text) refers to bsp_ser.o(.bss) for BSP_SerRxWait
    w25qxx.o(.text) refers to stm32f2xx_gpio.o(.text) for GPIO_ResetBits
    w25qxx.o(.text) refers to spi.o(.text) for spi1_exchange_byte
    w25qxx.o(.text) refers to usart.o(.text) for USART_OUT
    w25qxx.o(.text) refers to w25qxx.o(.bss) for w25qxx_flash_buf
    usart.o(.text) refers to os_core.o(.text) for OSIntEnter
    usart.o(.text) refers to stm32f2xx_usart.o(.text) for USART_GetITStatus
    usart.o(.text) refers to memseta.o(.text) for __aeabi_memclr
    usart.o(.text) refers to bsp_int.o(.text) for BSP_IntVectSet
    usart.o(.text) refers to os_q.o(.text) for OSQPost
    usart.o(.text) refers to printf3.o(i.__0sprintf$3) for __2sprintf
    usart.o(.text) refers to usart.o(.data) for usart2_rx_status
[...]
    Str_Char_N                               0x08006d69   Thumb Code    74  lib_str.o(.text)
    Str_Char                                 0x08006db3   Thumb Code    24  lib_str.o(.text)
    Str_Char_Last_N                          0x08006dcb   Thumb Code    76  lib_str.o(.text)
    Str_Char_Last                            0x08006e17   Thumb Code    24  lib_str.o(.text)
    Str_Char_Replace_N                       0x08006e2f   Thumb Code    52  lib_str.o(.text)
    Str_Char_Replace                         0x08006e63   Thumb Code    28  lib_str.o(.text)
    Str_Str_N                                0x08006e7f   Thumb Code   182  lib_str.o(.text)
    Str_Str                                  0x08006f35   Thumb Code    24  lib_str.o(.text)
    Str_FmtNbr_Int32U                        0x08007127   Thumb Code    46  lib_str.o(.text)
    Str_FmtNbr_Int32S                        0x08007155   Thumb Code    62  lib_str.o(.text)
    Str_ParseNbr_Int32U                      0x08007351   Thumb Code    30  lib_str.o(.text)
    Str_ParseNbr_Int32S                      0x0800736f   Thumb Code    74  lib_str.o(.text)
    Mem_Copy                                 0x080073bd   Thumb Code     0  lib_mem_a.o(.text)
    CPU_NameClr                              0x080075dd   Thumb Code    42  cpu_core.o(.text)
    CPU_Init                                 0x0800761d   Thumb Code    12  cpu_core.o(.text)
    CPU_SW_Exception                         0x08007629   Thumb Code     4  cpu_core.o(.text)
    CPU_NameGet                              0x0800762d   Thumb Code    70  cpu_core.o(.text)
    CPU_NameSet                              0x08007673   Thumb Code    96  cpu_core.o(.text)
    CPU_TS_Get32                             0x080076d3   Thumb Code    12  cpu_core.o(.text)
    CPU_TS_Update                            0x080076df   Thumb Code     2  cpu_core.o(.text)
    CPU_TS_TmrFreqGet                        0x080076e1   Thumb Code    30  cpu_core.o(.text)
    CPU_TS_TmrFreqSet                        0x080076ff   Thumb Code     6  cpu_core.o(.text)
    CPU_CntLeadZeros08                       0x08007705   Thumb Code    18  cpu_core.o(.text)
    CPU_CntLeadZeros16                       0x08007717   Thumb Code    18  cpu_core.o(.text)
    CPU_CntLeadZeros32                       0x08007729   Thumb Code    18  cpu_core.o(.text)
    CPU_CntLeadZeros64                       0x0800773b   Thumb Code   188  cpu_core.o(.text)
    CPU_CntTrailZeros08                      0x080077f7   Thumb Code    22  cpu_core.o(.text)
    CPU_CntTrailZeros16                      0x0800780d   Thumb Code    22  cpu_core.o(.text)
    CPU_CntTrailZeros32                      0x08007823   Thumb Code    22  cpu_core.o(.text)
    CPU_CntTrailZeros64                      0x08007839   Thumb Code    62  cpu_core.o(.text)
    CPU_BitBandClr                           0x08007885   Thumb Code    58  cpu_c.o(.text)
    CPU_BitBandSet                           0x080078bf   Thumb Code    58  cpu_c.o(.text)
    CPU_IntSrcDis                            0x080078f9   Thumb Code   328  cpu_c.o(.text)
    CPU_IntSrcEn                             0x08007a41   Thumb Code   328  cpu_c.o(.text)
    CPU_IntSrcPendClr                        0x08007b89   Thumb Code   164  cpu_c.o(.text)
    CPU_IntSrcPrioSet                        0x08007c2d   Thumb Code   522  cpu_c.o(.text)
    CPU_IntSrcPrioGet                        0x08007e37   Thumb Code   450  cpu_c.o(.text)
    CPU_IntDis                               0x08008001   Thumb Code     0  cpu_a.o(.text)
    CPU_IntEn                                0x08008005   Thumb Code     0  cpu_a.o(.text)
    CPU_SR_Save                              0x08008009   Thumb Code     0  cpu_a.o(.text)
    CPU_SR_Restore                           0x08008011   Thumb Code     0  cpu_a.o(.text)
    CPU_WaitForInt                           0x08008017   Thumb Code     0  cpu_a.o(.text)
    CPU_WaitForExcept                        0x0800801b   Thumb Code     0  cpu_a.o(.text)
    CPU_CntLeadZeros                         0x0800801f   Thumb Code     0  cpu_a.o(.text)
    CPU_CntTrailZeros                        0x08008025   Thumb Code     0  cpu_a.o(.text)
    CPU_RevBits                              0x0800802f   Thumb Code     0  cpu_a.o(.text)
    OSIdleTaskHook                           0x08008035   Thumb Code    16  os_cpu_c.o(.text)
    OSInitHook                               0x08008045   Thumb Code    42  os_cpu_c.o(.text)
    OSStatTaskHook                           0x0800806f   Thumb Code    16  os_cpu_c.o(.text)
    OSTaskCreateHook                         0x0800807f   Thumb Code    20  os_cpu_c.o(.text)
    OSTaskDelHook                            0x08008093   Thumb Code    20  os_cpu_c.o(.text)
    OSTaskReturnHook                         0x080080a7   Thumb Code    20  os_cpu_c.o(.text)
    OSTaskStkInit                            0x080080bb   Thumb Code   188  os_cpu_c.o(.text)
    OSTaskSwHook                             0x08008177   Thumb Code   120  os_cpu_c.o(.text)
    OSTimeTickHook                           0x080081ef   Thumb Code    16  os_cpu_c.o(.text)
    OS_CPU_SysTickHandler                    0x080081ff   Thumb Code    52  os_cpu_c.o(.text)
    OS_CPU_SysTickInit                       0x08008233   Thumb Code    44  os_cpu_c.o(.text)
    OSCfg_Init                               0x080082a1   Thumb Code     2  os_cfg_app.o(.text)
    OS_IdleTask                              0x080082a5   Thumb Code    60  os_core.o(.text)
    OS_IdleTaskInit                          0x080082e1   Thumb Code    68  os_core.o(.text)
    OS_RdyListInit                           0x08008325   Thumb Code    32  os_core.o(.text)
    OSInit                                   0x08008345   Thumb Code   288  os_core.o(.text)
    OSIntEnter                               0x08008465   Thumb Code    34  os_core.o(.text)
    OSIntExit                                0x08008487   Thumb Code   192  os_core.o(.text)
    OSSched                                  0x08008547   Thumb Code   134  os_core.o(.text)
    OS_SchedLockTimeMeasStart                0x080085cd   Thumb Code    20  os_core.o(.text)
    OSSchedLock                              0x080085e1   Thumb Code   104  os_core.o(.text)
    OS_SchedLockTimeMeasStop                 0x08008649   Thumb Code    44  os_core.o(.text)
    OSSchedUnlock                            0x08008675   Thumb Code   290  os_core.o(.text)
    OSSchedRoundRobinCfg                     0x08008797   Thumb Code    88  os_core.o(.text)
    OS_RdyListMoveHeadToTail                 0x080087ef   Thumb Code    68  os_core.o(.text)
    OSSchedRoundRobinYield                   0x08008833   Thumb Code   164  os_core.o(.text)
    OSStart                                  0x080088d7   Thumb Code    78  os_core.o(.text)
    OSVersion                                0x08008925   Thumb Code    12  os_core.o(.text)
    OS_PendDbgNameAdd                        0x08008931   Thumb Code    66  os_core.o(.text)
    OS_PendListInsertPrio                    0x08008973   Thumb Code   102  os_core.o(.text)
    OS_PendDataInit                          0x080089d9   Thumb Code    38  os_core.o(.text)
    OS_RdyListRemove                         0x080089ff   Thumb Code    86  os_core.o(.text)
    OS_TaskBlock                             0x08008a55   Thumb Code    56  os_core.o(.text)
    OS_Pend                                  0x08008a8d   Thumb Code    98  os_core.o(.text)
    OS_PendListRemove1                       0x08008aef   Thumb Code   136  os_core.o(.text)
    OS_PendListRemove                        0x08008b77   Thumb Code    48  os_core.o(.text)
    OS_PendAbort1                            0x08008ba7   Thumb Code    36  os_core.o(.text)
    OS_RdyListInsertHead                     0x08008bcb   Thumb Code    58  os_core.o(.text)
    OS_RdyListInsertTail                     0x08008c05   Thumb Code    56  os_core.o(.text)
    OS_RdyListInsert                         0x08008c3d   Thumb Code    40  os_core.o(.text)
    OS_TaskRdy                               0x08008c65   Thumb Code    28  os_core.o(.text)
    OS_PendAbort                             0x08008c81   Thumb Code   166  os_core.o(.text)
    OS_PendDbgNameRemove                     0x08008d27   Thumb Code    34  os_core.o(.text)
    OS_PendListChangePrio                    0x08008d49   Thumb Code    70  os_core.o(.text)
    OS_PendListInit                          0x08008d8f   Thumb Code    10  os_core.o(.text)
    OS_PendListInsertHead                    0x08008d99   Thumb Code    32  os_core.o(.text)
    OS_PendObjDel1                           0x08008db9   Thumb Code    36  os_core.o(.text)
    OS_PendObjDel                            0x08008ddd   Thumb Code   162  os_core.o(.text)
    OS_Post1                                 0x08008e7f   Thumb Code    42  os_core.o(.text)
    OS_Post                                  0x08008ea9   Thumb Code   192  os_core.o(.text)
    OS_SchedRoundRobin                       0x08008f69   Thumb Code   208  os_core.o(.text)
    OS_Dbg_Init                              0x08009041   Thumb Code   148  os_dbg.o(.text)
    OS_FlagDbgListAdd                        0x080091ed   Thumb Code    38  os_flag.o(.text)
    OSFlagCreate                             0x08009213   Thumb Code   116  os_flag.o(.text)
    OS_FlagClr                               0x08009287   Thumb Code    28  os_flag.o(.text)
    OS_FlagDbgListRemove                     0x080092a3   Thumb Code    44  os_flag.o(.text)
    OSFlagDel                                0x080092cf   Thumb Code   306  os_flag.o(.text)
    OS_FlagBlock                             0x08009401   Thumb Code    58  os_flag.o(.text)
    OSFlagPend                               0x0800943b   Thumb Code  1248  os_flag.o(.text)
    OSFlagPendAbort                          0x0800991b   Thumb Code   236  os_flag.o(.text)
    OSFlagPendGetFlagsRdy                    0x08009a07   Thumb Code    86  os_flag.o(.text)
    OS_FlagTaskRdy                           0x08009a5d   Thumb Code    86  os_flag.o(.text)
    OS_FlagPost                              0x08009ab3   Thumb Code   418  os_flag.o(.text)
    OSFlagPost                               0x08009c55   Thumb Code   112  os_flag.o(.text)
    OS_FlagInit                              0x08009cc5   Thumb Code    14  os_flag.o(.text)
    OS_MemDbgListAdd                         0x08009ce5   Thumb Code    34  os_mem.o(.text)
    OSMemCreate                              0x08009d07   Thumb Code   232  os_mem.o(.text)
    OSMemGet                                 0x08009def   Thumb Code   100  os_mem.o(.text)
    OSMemPut                                 0x08009e53   Thumb Code   112  os_mem.o(.text)
    OS_MemInit                               0x08009ec3   Thumb Code    14  os_mem.o(.text)
    OS_MsgPoolInit                           0x08009ee1   Thumb Code   110  os_msg.o(.text)
    OS_MsgQFreeAll                           0x08009f4f   Thumb Code    62  os_msg.o(.text)
    OS_MsgQInit                              0x08009f8d   Thumb Code    14  os_msg.o(.text)
    OS_MsgQGet                               0x08009f9b   Thumb Code    98  os_msg.o(.text)
    OS_MsgQPut                               0x08009ffd   Thumb Code   254  os_msg.o(.text)
    OS_MutexDbgListAdd                       0x0800a109   Thumb Code    38  os_mutex.o(.text)
    OSMutexCreate                            0x0800a12f   Thumb Code   122  os_mutex.o(.text)
    OS_MutexClr                              0x0800a1a9   Thumb Code    38  os_mutex.o(.text)
    OS_MutexDbgListRemove                    0x0800a1cf   Thumb Code    44  os_mutex.o(.text)
    OSMutexDel                               0x0800a1fb   Thumb Code   442  os_mutex.o(.text)
    OSMutexPend                              0x0800a3b5   Thumb Code   618  os_mutex.o(.text)
    OSMutexPendAbort                         0x0800a61f   Thumb Code   236  os_mutex.o(.text)
    OSMutexPost                              0x0800a70b   Thumb Code   354  os_mutex.o(.text)
    OS_MutexInit                             0x0800a86d   Thumb Code    14  os_mutex.o(.text)
    OS_PrioInit                              0x0800a895   Thumb Code    20  os_prio.o(.text)
    OS_PrioGetHighest                        0x0800a8a9   Thumb Code    36  os_prio.o(.text)
    OS_PrioInsert                            0x0800a8cd   Thumb Code    32  os_prio.o(.text)
    OS_PrioRemove                            0x0800a8ed   Thumb Code    32  os_prio.o(.text)
    OS_QDbgListAdd                           0x0800a911   Thumb Code    38  os_q.o(.text)
    OSQCreate                                0x0800a937   Thumb Code   130  os_q.o(.text)
    OS_QClr                                  0x0800a9b9   Thumb Code    40  os_q.o(.text)
    OS_QDbgListRemove                        0x0800a9e1   Thumb Code    44  os_q.o(.text)
    OSQDel                                   0x0800aa0d   Thumb Code   306  os_q.o(.text)
    OSQFlush                                 0x0800ab3f   Thumb Code   106  os_q.o(.text)
    OSQPend                                  0x0800aba9   Thumb Code   484  os_q.o(.text)
    OSQPendAbort                             0x0800ad8d   Thumb Code   236  os_q.o(.text)
    OS_QPost                                 0x0800ae79   Thumb Code   190  os_q.o(.text)
    OSQPost                                  0x0800af37   Thumb Code   144  os_q.o(.text)
    OS_QInit                                 0x0800afc7   Thumb Code    14  os_q.o(.text)
    OS_SemDbgListAdd                         0x0800afe9   Thumb Code    38  os_sem.o(.text)
    OSSemCreate                              0x0800b00f   Thumb Code   116  os_sem.o(.text)
    OS_SemClr                                0x0800b083   Thumb Code    28  os_sem.o(.text)
    OS_SemDbgListRemove                      0x0800b09f   Thumb Code    44  os_sem.o(.text)
    OSSemDel                                 0x0800b0cb   Thumb Code   306  os_sem.o(.text)
    OSSemPend                                0x0800b1fd   Thumb Code   406  os_sem.o(.text)
    OSSemPendAbort                           0x0800b393   Thumb Code   278  os_sem.o(.text)
    OS_SemPost                               0x0800b4a9   Thumb Code   294  os_sem.o(.text)
    OSSemPost                                0x0800b5cf   Thumb Code   108  os_sem.o(.text)
    OSSemSet                                 0x0800b63b   Thumb Code   120  os_sem.o(.text)
    OS_SemInit                               0x0800b6b3   Thumb Code    14  os_sem.o(.text)
    OSStatReset                              0x0800b6d1   Thumb Code   262  os_stat.o(.text)
    OSStatTaskCPUUsageInit                   0x0800b7d7   Thumb Code   212  os_stat.o(.text)
    OS_StatTask                              0x0800b8ab   Thumb Code   768  os_stat.o(.text)
    OS_StatTaskInit                          0x0800bbab   Thumb Code   138  os_stat.o(.text)
    OSTaskChangePrio                         0x0800bc79   Thumb Code   274  os_task.o(.text)
    OS_TaskDbgListAdd                        0x0800bd8b   Thumb Code    42  os_task.o(.text)
    OS_TaskInitTCB                           0x0800bdb5   Thumb Code   190  os_task.o(.text)
    OSTaskCreate                             0x0800be73   Thumb Code   412  os_task.o(.text)
    OS_TaskDbgListRemove                     0x0800c00f   Thumb Code    64  os_task.o(.text)
    OSTaskDel                                0x0800c04f   Thumb Code   324  os_task.o(.text)
    OSTaskQFlush                             0x0800c193   Thumb Code   110  os_task.o(.text)
    OSTaskQPend                              0x0800c201   Thumb Code   458  os_task.o(.text)
    OSTaskQPendAbort                         0x0800c3cb   Thumb Code   206  os_task.o(.text)
    OS_TaskQPost                             0x0800c499   Thumb Code   220  os_task.o(.text)
    OSTaskQPost                              0x0800c575   Thumb Code    82  os_task.o(.text)
    OSTaskRegGet                             0x0800c5c7   Thumb Code    78  os_task.o(.text)
    OSTaskRegGetID                           0x0800c615   Thumb Code    84  os_task.o(.text)
    OSTaskRegSet                             0x0800c669   Thumb Code    78  os_task.o(.text)
    OS_TaskResume                            0x0800c6b7   Thumb Code   256  os_task.o(.text)
    OSTaskResume                             0x0800c7b7   Thumb Code    96  os_task.o(.text)
    OSTaskSemPend                            0x0800c817   Thumb Code   478  os_task.o(.text)
    OSTaskSemPendAbort                       0x0800c9f5   Thumb Code   214  os_task.o(.text)
    OS_TaskSemPost                           0x0800cacb   Thumb Code   448  os_task.o(.text)
    OSTaskSemPost                            0x0800cc8b   Thumb Code    76  os_task.o(.text)
    OSTaskSemSet                             0x0800ccd7   Thumb Code    80  os_task.o(.text)
    OSTaskStkChk                             0x0800cd27   Thumb Code   204  os_task.o(.text)
    OS_TaskSuspend                           0x0800cdf3   Thumb Code   272  os_task.o(.text)
    OSTaskSuspend                            0x0800cf03   Thumb Code    48  os_task.o(.text)
    OSTaskTimeQuantaSet                      0x0800cf33   Thumb Code    96  os_task.o(.text)
    OS_TaskInit                              0x0800cf93   Thumb Code    18  os_task.o(.text)
    OS_TaskReturn                            0x0800cfa5   Thumb Code    20  os_task.o(.text)
    OS_TickListRemove                        0x0800cfd9   Thumb Code    56  os_tick.o(.text)
    OS_TickListUpdate                        0x0800d011   Thumb Code   376  os_tick.o(.text)
    OS_TickTask                              0x0800d189   Thumb Code    38  os_tick.o(.text)
    OS_TickListInit                          0x0800d1af   Thumb Code    32  os_tick.o(.text)
    OS_TickTaskInit                          0x0800d1cf   Thumb Code   130  os_tick.o(.text)
    OS_TickListInsert                        0x0800d251   Thumb Code   430  os_tick.o(.text)
    OS_TickListResetPeak                     0x0800d3ff   Thumb Code    94  os_tick.o(.text)
    OSTimeDly                                0x0800d45d   Thumb Code   182  os_time.o(.text)
    OSTimeDlyHMSM                            0x0800d513   Thumb Code   394  os_time.o(.text)
    OSTimeDlyResume                          0x0800d69d   Thumb Code   334  os_time.o(.text)
    OSTimeGet                                0x0800d7eb   Thumb Code    46  os_time.o(.text)
    OSTimeSet                                0x0800d819   Thumb Code    68  os_time.o(.text)
    OSTimeTick                               0x0800d85d   Thumb Code    68  os_time.o(.text)
    OS_TmrDbgListAdd                         0x0800d8b9   Thumb Code    34  os_tmr.o(.text)
    OSTmrCreate                              0x0800d8db   Thumb Code   192  os_tmr.o(.text)
    OS_TmrClr                                0x0800d99b   Thumb Code    36  os_tmr.o(.text)
    OS_TmrUnlink                             0x0800d9bf   Thumb Code    72  os_tmr.o(.text)
    OS_TmrDbgListRemove                      0x0800da07   Thumb Code    44  os_tmr.o(.text)
    OSTmrDel                                 0x0800da33   Thumb Code   182  os_tmr.o(.text)
    OSTmrRemainGet                           0x0800dae9   Thumb Code   188  os_tmr.o(.text)
    OS_TmrLink                               0x0800dba5   Thumb Code   196  os_tmr.o(.text)
    OSTmrStart                               0x0800dc69   Thumb Code   212  os_tmr.o(.text)
    OSTmrStateGet                            0x0800dd3d   Thumb Code   134  os_tmr.o(.text)
    OSTmrStop                                0x0800ddc3   Thumb Code   246  os_tmr.o(.text)
    OS_TmrTask                               0x0800deb9   Thumb Code   176  os_tmr.o(.text)
    OS_TmrInit                               0x0800df69   Thumb Code   208  os_tmr.o(.text)
    OS_TmrResetPeak                          0x0800e039   Thumb Code    28  os_tmr.o(.text)
    Reset_Handler                            0x0800e0b1   Thumb Code     4  cstartup.o(.text)
    App_NMI_ISR                              0x0800e0b5   Thumb Code     2  cstartup.o(.text)
    App_Fault_ISR                            0x0800e0b7   Thumb Code     2  cstartup.o(.text)
    App_MemFault_ISR                         0x0800e0b9   Thumb Code     2  cstartup.o(.text)
    App_BusFault_ISR                         0x0800e0bb   Thumb Code     2  cstartup.o(.text)
    App_UsageFault_ISR                       0x0800e0bd   Thumb Code     2  cstartup.o(.text)
    App_Spurious_ISR                         0x0800e0bf   Thumb Code     2  cstartup.o(.text)
    App_Reserved_ISR                         0x0800e0c1   Thumb Code     2  cstartup.o(.text)
    sys_mbox_new                             0x0800e0c9   Thumb Code    40  sys_arch.o(.text)
    sys_mbox_free                            0x0800e0f1   Thumb Code    50  sys_arch.o(.text)
    sys_mbox_post                            0x0800e123   Thumb Code   100  sys_arch.o(.text)
    sys_mbox_trypost                         0x0800e187   Thumb Code    42  sys_arch.o(.text)
    sys_arch_mbox_fetch                      0x0800e1b1   Thumb Code   172  sys_arch.o(.text)
    sys_arch_mbox_tryfetch                   0x0800e25d   Thumb Code    18  sys_arch.o(.text)
    sys_mbox_valid                           0x0800e26f   Thumb Code    30  sys_arch.o(.text)
    sys_mbox_set_invalid                     0x0800e28d   Thumb Code    20  sys_arch.o(.text)
    sys_sem_new                              0x0800e2a1   Thumb Code    56  sys_arch.o(.text)
    sys_arch_sem_wait                        0x0800e2d9   Thumb Code   118  sys_arch.o(.text)
    sys_sem_signal                           0x0800e34f   Thumb Code    42  sys_arch.o(.text)
    sys_sem_free                             0x0800e379   Thumb Code    46  sys_arch.o(.text)
    sys_sem_valid                            0x0800e3a7   Thumb Code    30  sys_arch.o(.text)
    sys_sem_set_invalid                      0x0800e3c5   Thumb Code    20  sys_arch.o(.text)
    sys_init                                 0x0800e3d9   Thumb Code     2  sys_arch.o(.text)
    sys_thread_new                           0x0800e3db   Thumb Code   122  sys_arch.o(.text)
    sys_now                                  0x0800e455   Thumb Code    30  sys_arch.o(.text)
    rawudp_send_data                         0x0800e581   Thumb Code    76  rawudp.o(.text)
    rawudp_recv_callback                     0x0800e5cd   Thumb Code   160  rawudp.o(.text)
    rawudp_task_create                       0x0800e777   Thumb Code   110  rawudp.o(.text)
    rawudp_connection_close                  0x0800e7e5   Thumb Code    18  rawudp.o(.text)
    dhcp_task_delete                         0x0800e871   Thumb Code    18  dhcp.o(.text)
    dhcp_task_create                         0x0800e99d   Thumb Code   120  dhcp.o(.text)
    lwip_comm_default_ip_set                 0x0800eb65   Thumb Code    90  lwip_comm_1.o(.text)
    lwip_comm_dev_init                       0x0800ebbf   Thumb Code   128  lwip_comm_1.o(.text)
    lwip_comm_pkt_handle                     0x0800ec3f   Thumb Code    10  lwip_comm_1.o(.text)
    tcpip_inpkt                              0x0800ed03   Thumb Code    38  tcpip.o(.text)
    tcpip_input                              0x0800ed29   Thumb Code    40  tcpip.o(.text)
    tcpip_callback_with_block                0x0800ed51   Thumb Code   104  tcpip.o(.text)
    tcpip_send_msg_wait_sem                  0x0800edb9   Thumb Code    30  tcpip.o(.text)
    tcpip_api_call                           0x0800edd7   Thumb Code    30  tcpip.o(.text)
    tcpip_callbackmsg_new                    0x0800edf5   Thumb Code    32  tcpip.o(.text)
    tcpip_callbackmsg_delete                 0x0800ee15   Thumb Code    14  tcpip.o(.text)
    tcpip_trycallback                        0x0800ee23   Thumb Code    44  tcpip.o(.text)
    tcpip_init                               0x0800ee4f   Thumb Code   102  tcpip.o(.text)
    pbuf_free_callback                       0x0800eec3   Thumb Code    16  tcpip.o(.text)
    mem_free_callback                        0x0800eed3   Thumb Code    16  tcpip.o(.text)
    ethernet_input                           0x0800efd1   Thumb Code   196  ethernet.o(.text)
    ethernet_output                          0x0800f095   Thumb Code   112  ethernet.o(.text)
    ethernetif_input                         0x0800f28f   Thumb Code    36  ethernetif.o(.text)
    ethernetif_init                          0x0800f2b3   Thumb Code    82  ethernetif.o(.text)
    lwip_htons                               0x0800f379   Thumb Code    12  def.o(.text)
    lwip_htonl                               0x0800f385   Thumb Code    26  def.o(.text)
    lwip_strnstr                             0x0800f39f   Thumb Code    74  def.o(.text)
    lwip_stricmp                             0x0800f3e9   Thumb Code    60  def.o(.text)
    lwip_strnicmp                            0x0800f425   Thumb Code    70  def.o(.text)
    lwip_itoa                                0x0800f46b   Thumb Code    98  def.o(.text)
    lwip_standard_chksum                     0x0800f4d1   Thumb Code    94  inet_chksum.o(.text)
    inet_chksum_pseudo                       0x0800f5ad   Thumb Code    76  inet_chksum.o(.text)
    ip_chksum_pseudo                         0x0800f5f9   Thumb Code    36  inet_chksum.o(.text)
    inet_chksum_pseudo_partial               0x0800f6c9   Thumb Code    80  inet_chksum.o(.text)
    ip_chksum_pseudo_partial                 0x0800f719   Thumb Code    36  inet_chksum.o(.text)
    inet_chksum                              0x0800f73d   Thumb Code    20  inet_chksum.o(.text)
    inet_chksum_pbuf                         0x0800f751   Thumb Code    82  inet_chksum.o(.text)
    lwip_init                                0x0800f7f9   Thumb Code    68  init.o(.text)
    mem_init                                 0x0800f963   Thumb Code   108  mem.o(.text)
    mem_free                                 0x0800f9cf   Thumb Code   174  mem.o(.text)
    mem_trim                                 0x0800fa7d   Thumb Code   334  mem.o(.text)
    mem_malloc                               0x0800fbcb   Thumb Code   778  mem.o(.text)
    mem_calloc                               0x0800fed5   Thumb Code    34  mem.o(.text)
    memp_init_pool                           0x0800ffa9   Thumb Code    44  memp.o(.text)
    memp_init                                0x0800ffd5   Thumb Code    26  memp.o(.text)
    memp_malloc_pool                         0x08010037   Thumb Code    42  memp.o(.text)
    memp_malloc                              0x08010061   Thumb Code    50  memp.o(.text)
    memp_free_pool                           0x080100d3   Thumb Code    48  memp.o(.text)
    memp_free                                0x08010103   Thumb Code    54  memp.o(.text)
    netif_init                               0x08010211   Thumb Code     2  netif.o(.text)
    netif_input                              0x08010213   Thumb Code    36  netif.o(.text)
    netif_set_ipaddr                         0x0801025b   Thumb Code    72  netif.o(.text)
    netif_set_gw                             0x080102a3   Thumb Code    12  netif.o(.text)
    netif_set_netmask                        0x080102af   Thumb Code    12  netif.o(.text)
    netif_set_addr                           0x080102bb   Thumb Code    72  netif.o(.text)
    netif_add                                0x08010303   Thumb Code   126  netif.o(.text)
    netif_set_default                        0x08010381   Thumb Code     6  netif.o(.text)
    netif_set_down                           0x08010387   Thumb Code    42  netif.o(.text)
    netif_remove                             0x080103b1   Thumb Code   110  netif.o(.text)
    netif_find                               0x0801041f   Thumb Code    64  netif.o(.text)
    netif_set_up                             0x0801045f   Thumb Code    44  netif.o(.text)
    netif_set_link_up                        0x0801048b   Thumb Code    52  netif.o(.text)
    netif_set_link_down                      0x080104bf   Thumb Code    24  netif.o(.text)
    pbuf_free                                0x08010545   Thumb Code   254  pbuf.o(.text)
    pbuf_alloc                               0x08010643   Thumb Code   660  pbuf.o(.text)
    pbuf_alloced_custom                      0x080108d7   Thumb Code   660  pbuf.o(.text)
    pbuf_realloc                             0x08010b6b   Thumb Code   276  pbuf.o(.text)
    pbuf_header                              0x08010d61   Thumb Code    18  pbuf.o(.text)
    pbuf_header_force                        0x08010d73   Thumb Code    18  pbuf.o(.text)
    pbuf_clen                                0x08010d85   Thumb Code    18  pbuf.o(.text)
    pbuf_ref                                 0x08010d97   Thumb Code    64  pbuf.o(.text)
    pbuf_cat                                 0x08010dd7   Thumb Code   138  pbuf.o(.text)
    pbuf_chain                               0x08010e61   Thumb Code    22  pbuf.o(.text)
    pbuf_dechain                             0x08010e77   Thumb Code   122  pbuf.o(.text)
    pbuf_copy                                0x08010ef1   Thumb Code   764  pbuf.o(.text)
    pbuf_copy_partial                        0x080111ed   Thumb Code   190  pbuf.o(.text)
    pbuf_skip                                0x080112cd   Thumb Code    28  pbuf.o(.text)
    pbuf_take                                0x080112e9   Thumb Code   260  pbuf.o(.text)
    pbuf_take_at                             0x080113ed   Thumb Code   118  pbuf.o(.text)
    pbuf_coalesce                            0x08011463   Thumb Code    84  pbuf.o(.text)
    pbuf_try_get_at                          0x080114b7   Thumb Code    46  pbuf.o(.text)
    pbuf_get_at                              0x080114e5   Thumb Code   364  pbuf.o(.text)
    pbuf_put_at                              0x08011651   Thumb Code    42  pbuf.o(.text)
    pbuf_memcmp                              0x0801167b   Thumb Code    98  pbuf.o(.text)
    pbuf_memfind                             0x080116dd   Thumb Code    72  pbuf.o(.text)
    pbuf_strstr                              0x08011725   Thumb Code    60  pbuf.o(.text)
    tcp_init                                 0x08011761   Thumb Code     2  tcp.o(.text)
    tcp_seg_free                             0x08011763   Thumb Code    26  tcp.o(.text)
    tcp_segs_free                            0x0801177d   Thumb Code    24  tcp.o(.text)
    tcp_pcb_purge                            0x08011795   Thumb Code    64  tcp.o(.text)
    tcp_slowtmr                              0x080117d5   Thumb Code  1416  tcp.o(.text)
    tcp_pcb_remove                           0x08011de1   Thumb Code   172  tcp.o(.text)
    tcp_close                                0x08012067   Thumb Code    28  tcp.o(.text)
    tcp_update_rcv_ann_wnd                   0x08012083   Thumb Code   334  tcp.o(.text)
    tcp_recved                               0x080121d1   Thumb Code   148  tcp.o(.text)
    tcp_recv_null                            0x08012265   Thumb Code    46  tcp.o(.text)
    tcp_process_refused_data                 0x08012293   Thumb Code   146  tcp.o(.text)
    tcp_fasttmr                              0x08012325   Thumb Code   130  tcp.o(.text)
    tcp_tmr                                  0x080123a7   Thumb Code    30  tcp.o(.text)
    tcp_shutdown                             0x080123c5   Thumb Code    98  tcp.o(.text)
    tcp_abandon                              0x08012427   Thumb Code   248  tcp.o(.text)
    tcp_abort                                0x0801251f   Thumb Code    14  tcp.o(.text)
    tcp_bind                                 0x0801258d   Thumb Code   380  tcp.o(.text)
    tcp_listen_with_backlog_and_err          0x0801271d   Thumb Code   214  tcp.o(.text)
    tcp_listen_with_backlog                  0x080127f3   Thumb Code    18  tcp.o(.text)
    tcp_eff_send_mss_impl                    0x08012805   Thumb Code    58  tcp.o(.text)
    tcp_next_iss                             0x0801283f   Thumb Code    22  tcp.o(.text)
    tcp_connect                              0x08012855   Thumb Code   340  tcp.o(.text)
    tcp_txnow                                0x080129a9   Thumb Code    30  tcp.o(.text)
    tcp_setprio                              0x080129c7   Thumb Code     4  tcp.o(.text)
    tcp_alloc                                0x08012b5f   Thumb Code   168  tcp.o(.text)
    tcp_new                                  0x08012c07   Thumb Code    10  tcp.o(.text)
    tcp_new_ip_type                          0x08012c11   Thumb Code    16  tcp.o(.text)
    tcp_arg                                  0x08012c21   Thumb Code     6  tcp.o(.text)
    tcp_recv                                 0x08012c27   Thumb Code    44  tcp.o(.text)
    tcp_sent                                 0x08012c53   Thumb Code    44  tcp.o(.text)
    tcp_err                                  0x08012c7f   Thumb Code    46  tcp.o(.text)
    tcp_accept                               0x08012cad   Thumb Code    16  tcp.o(.text)
    tcp_poll                                 0x08012cbd   Thumb Code    46  tcp.o(.text)
    tcp_netif_ip_addr_changed                0x08012d15   Thumb Code    70  tcp.o(.text)
    tcp_debug_state_str                      0x08012d5b   Thumb Code    10  tcp.o(.text)
    tcp_input                                0x0801402d   Thumb Code  1878  tcp_in.o(.text)
    tcp_trigger_input_pcb_close              0x08014783   Thumb Code    14  tcp_in.o(.text)
    tcp_enqueue_flags                        0x0801494b   Thumb Code   394  tcp_out.o(.text)
    tcp_send_fin                             0x08014ad5   Thumb Code    74  tcp_out.o(.text)
    tcp_write                                0x08014dab   Thumb Code  1900  tcp_out.o(.text)
    tcp_send_empty_ack                       0x08015517   Thumb Code   142  tcp_out.o(.text)
    tcp_output                               0x0801567b   Thumb Code   862  tcp_out.o(.text)
    tcp_rst                                  0x080159d9   Thumb Code   182  tcp_out.o(.text)
    tcp_rexmit_rto                           0x08015a8f   Thumb Code    66  tcp_out.o(.text)
    tcp_rexmit                               0x08015ad1   Thumb Code    98  tcp_out.o(.text)
    tcp_rexmit_fast                          0x08015b33   Thumb Code   110  tcp_out.o(.text)
    tcp_keepalive                            0x08015ba1   Thumb Code   114  tcp_out.o(.text)
    tcp_zero_window_probe                    0x08015c13   Thumb Code   264  tcp_out.o(.text)
    sys_timeout                              0x08015d1d   Thumb Code   226  timeouts.o(.text)
    tcp_timer_needed                         0x08015e27   Thumb Code    38  timeouts.o(.text)
    sys_timeouts_init                        0x08015e63   Thumb Code    38  timeouts.o(.text)
    sys_untimeout                            0x08015e89   Thumb Code    90  timeouts.o(.text)
    sys_restart_timeouts                     0x08015f55   Thumb Code    12  timeouts.o(.text)
    sys_timeouts_mbox_fetch                  0x08015f91   Thumb Code    58  timeouts.o(.text)
    udp_init                                 0x08016075   Thumb Code     2  udp.o(.text)
    udp_input                                0x08016109   Thumb Code   362  udp.o(.text)
    udp_bind                                 0x08016273   Thumb Code   138  udp.o(.text)
    udp_sendto_if_src                        0x080162fd   Thumb Code   256  udp.o(.text)
    udp_sendto_if                            0x080163fd   Thumb Code    82  udp.o(.text)
    udp_sendto                               0x0801644f   Thumb Code   210  udp.o(.text)
    udp_send                                 0x08016521   Thumb Code    30  udp.o(.text)
    udp_connect                              0x0801653f   Thumb Code   104  udp.o(.text)
    udp_disconnect                           0x080165a7   Thumb Code    16  udp.o(.text)
    udp_recv                                 0x080165b7   Thumb Code     6  udp.o(.text)
    udp_remove                               0x080165bd   Thumb Code    64  udp.o(.text)
    udp_new                                  0x080165fd   Thumb Code    28  udp.o(.text)
    udp_new_ip_type                          0x08016619   Thumb Code    14  udp.o(.text)
    udp_netif_ip_addr_changed                0x08016627   Thumb Code    42  udp.o(.text)
    dhcp_renew                               0x080177d1   Thumb Code   178  dhcp_2.o(.text)
    dhcp_supplied_address                    0x080179bd   Thumb Code    40  dhcp_2.o(.text)
    dhcp_release                             0x080179e5   Thumb Code   162  dhcp_2.o(.text)
    dhcp_coarse_tmr                          0x08017a87   Thumb Code   100  dhcp_2.o(.text)
    dhcp_fine_tmr                            0x08017c97   Thumb Code    54  dhcp_2.o(.text)
    dhcp_set_struct                          0x08017ccd   Thumb Code    98  dhcp_2.o(.text)
    dhcp_cleanup                             0x08017d2f   Thumb Code    46  dhcp_2.o(.text)
    dhcp_stop                                0x08017d5d   Thumb Code    92  dhcp_2.o(.text)
    dhcp_start                               0x08017db9   Thumb Code   230  dhcp_2.o(.text)
    dhcp_inform                              0x08017e9f   Thumb Code   144  dhcp_2.o(.text)
    dhcp_network_changed                     0x08017f2f   Thumb Code    74  dhcp_2.o(.text)
    dhcp_arp_reply                           0x080180b7   Thumb Code    64  dhcp_2.o(.text)
    etharp_request                           0x08018247   Thumb Code    18  etharp.o(.text)
    etharp_tmr                               0x08018259   Thumb Code   216  etharp.o(.text)
    etharp_cleanup_netif                     0x080186fd   Thumb Code    52  etharp.o(.text)
    etharp_find_addr                         0x08018731   Thumb Code   110  etharp.o(.text)
    etharp_get_entry                         0x0801879f   Thumb Code   164  etharp.o(.text)
    etharp_input                             0x08018843   Thumb Code   214  etharp.o(.text)
    etharp_query                             0x08018abd   Thumb Code   472  etharp.o(.text)
    etharp_output                            0x08018c95   Thumb Code   376  etharp.o(.text)
    icmp_input                               0x08018e69   Thumb Code   470  icmp.o(.text)
    icmp_dest_unreach                        0x080190d5   Thumb Code    18  icmp.o(.text)
    icmp_time_exceeded                       0x080190e7   Thumb Code    18  icmp.o(.text)
    ip4_route                                0x080191dd   Thumb Code   134  ip4.o(.text)
    ip4_input                                0x08019263   Thumb Code   510  ip4.o(.text)
    ip4_output_if_src                        0x08019461   Thumb Code   336  ip4.o(.text)
    ip4_output_if                            0x080195b1   Thumb Code   206  ip4.o(.text)
    ip4_output                               0x0801967f   Thumb Code    86  ip4.o(.text)
    ip4_addr_isbroadcast_u32                 0x080196d5   Thumb Code    78  ip4_addr.o(.text)
    ip4_addr_netmask_valid                   0x08019723   Thumb Code    56  ip4_addr.o(.text)
    ip4addr_aton                             0x0801975b   Thumb Code   414  ip4_addr.o(.text)
    ipaddr_addr                              0x080198f9   Thumb Code    24  ip4_addr.o(.text)
    ip4addr_ntoa_r                           0x08019911   Thumb Code   168  ip4_addr.o(.text)
    ip4addr_ntoa                             0x080199b9   Thumb Code    16  ip4_addr.o(.text)
    ip_reass_tmr                             0x08019b73   Thumb Code    48  ip4_frag.o(.text)
    ip4_reass                                0x08019fad   Thumb Code   474  ip4_frag.o(.text)
    ip4_frag                                 0x0801a20d   Thumb Code   716  ip4_frag.o(.text)
    __aeabi_memcpy                           0x0801a4dd   Thumb Code    36  memcpya.o(.text)
    __aeabi_memcpy4                          0x0801a4dd   Thumb Code     0  memcpya.o(.text)
    __aeabi_memcpy8                          0x0801a4dd   Thumb Code     0  memcpya.o(.text)
    __aeabi_memset                           0x0801a501   Thumb Code    14  memseta.o(.text)
    __aeabi_memset4                          0x0801a501   Thumb Code     0  memseta.o(.text)
    __aeabi_memset8                          0x0801a501   Thumb Code     0  memseta.o(.text)
    __aeabi_memclr                           0x0801a50f   Thumb Code     4  memseta.o(.text)
    __aeabi_memclr4                          0x0801a50f   Thumb Code     0  memseta.o(.text)
    __aeabi_memclr8                          0x0801a50f   Thumb Code     0  memseta.o(.text)
    _memset$wrapper                          0x0801a513   Thumb Code    18  memseta.o(.text)
    strlen                                   0x0801a525   Thumb Code    14  strlen.o(.text)
    strcmp                                   0x0801a533   Thumb Code    28  strcmp.o(.text)
    memcmp                                   0x0801a54f   Thumb Code    26  memcmp.o(.text)
    strncmp                                  0x0801a569   Thumb Code    30  strncmp.o(.text)
    __aeabi_uidiv                            0x0801a587   Thumb Code     0  uidiv.o(.text)
    __aeabi_uidivmod                         0x0801a587   Thumb Code    44  uidiv.o(.text)
    __scatterload                            0x0801a5b5   Thumb Code    28  init.o(.text)
    __scatterload_rt2                        0x0801a5b5   Thumb Code     0  init.o(.text)
    __I$use$semihosting$fputc                0x0801a5d9   Thumb Code     0  iusesemip.o(.text)
    __decompress                             0x0801a5d9   Thumb Code     0  __dczerorl2.o(.text)
    __decompress1                            0x0801a5d9   Thumb Code    86  __dczerorl2.o(.text)
    __semihosting_library_function           0x0801a5d9   Thumb Code     0  semi.o(.text)
    OSStartHighRdy                           0x0801a631   Thumb Code     0  os_cpu_a.o(CODE)
    OS_CPU_PendSVHandler                     0x0801a653   Thumb Code     0  os_cpu_a.o(CODE)
    __0printf$3                              0x0801a6b5   Thumb Code    22  printf3.o(i.__0printf$3)
    __1printf$3                              0x0801a6b5   Thumb Code     0  printf3.o(i.__0printf$3)
    __2printf                                0x0801a6b5   Thumb Code     0  printf3.o(i.__0printf$3)
    __0sprintf$3                             0x0801a6d5   Thumb Code    34  printf3.o(i.__0sprintf$3)
    __1sprintf$3                             0x0801a6d5   Thumb Code     0  printf3.o(i.__0sprintf$3)
    __2sprintf                               0x0801a6d5   Thumb Code     0  printf3.o(i.__0sprintf$3)
    __scatterload_copy                       0x0801a6fd   Thumb Code    14  handlers.o(i.__scatterload_copy)
    __scatterload_null                       0x0801a70b   Thumb Code     2  handlers.o(i.__scatterload_null)
    __scatterload_zeroinit                   0x0801a70d   Thumb Code    14  handlers.o(i.__scatterload_zeroinit)
    fputc                                    0x0801a8df   Thumb Code    18  fputc.o(i.fputc)
    OSCfg_IdleTaskStkBasePtr                 0x0801aa84   Data           4  os_cfg_app.o(.constdata)
    OSCfg_IdleTaskStkLimit                   0x0801aa88   Data           4  os_cfg_app.o(.constdata)
    OSCfg_IdleTaskStkSize                    0x0801aa8c   Data           4  os_cfg_app.o(.constdata)
    OSCfg_IdleTaskStkSizeRAM                 0x0801aa90   Data           4  os_cfg_app.o(.constdata)
    OSCfg_IntQBasePtr                        0x0801aa94   Data           4  os_cfg_app.o(.constdata)
    OSCfg_IntQSize                           0x0801aa98   Data           2  os_cfg_app.o(.constdata)
    OSCfg_IntQSizeRAM                        0x0801aa9c   Data           4  os_cfg_app.o(.constdata)
    OSCfg_IntQTaskStkBasePtr                 0x0801aaa0   Data           4  os_cfg_app.o(.constdata)
    OSCfg_IntQTaskStkLimit                   0x0801aaa4   Data           4  os_cfg_app.o(.constdata)
    OSCfg_IntQTaskStkSize                    0x0801aaa8   Data           4  os_cfg_app.o(.constdata)
    OSCfg_IntQTaskStkSizeRAM                 0x0801aaac   Data           4  os_cfg_app.o(.constdata)
    OSCfg_ISRStkBasePtr                      0x0801aab0   Data           4  os_cfg_app.o(.constdata)
    OSCfg_ISRStkSize                         0x0801aab4   Data           4  os_cfg_app.o(.constdata)
    OSCfg_ISRStkSizeRAM                      0x0801aab8   Data           4  os_cfg_app.o(.constdata)
    OSCfg_MsgPoolSize                        0x0801aabc   Data           2  os_cfg_app.o(.constdata)
    OSCfg_MsgPoolSizeRAM                     0x0801aac0   Data           4  os_cfg_app.o(.constdata)
    OSCfg_MsgPoolBasePtr                     0x0801aac4   Data           4  os_cfg_app.o(.constdata)
    OSCfg_StatTaskPrio                       0x0801aac8   Data           1  os_cfg_app.o(.constdata)
    OSCfg_StatTaskRate_Hz                    0x0801aacc   Data           4  os_cfg_app.o(.constdata)
    OSCfg_StatTaskStkBasePtr                 0x0801aad0   Data           4  os_cfg_app.o(.constdata)
    OSCfg_StatTaskStkLimit                   0x0801aad4   Data           4  os_cfg_app.o(.constdata)
    OSCfg_StatTaskStkSize                    0x0801aad8   Data           4  os_cfg_app.o(.constdata)
    OSCfg_StatTaskStkSizeRAM                 0x0801aadc   Data           4  os_cfg_app.o(.constdata)
    OSCfg_StkSizeMin                         0x0801aae0   Data           4  os_cfg_app.o(.constdata)
    OSCfg_TickRate_Hz                        0x0801aae4   Data           4  os_cfg_app.o(.constdata)
    OSCfg_TickTaskPrio                       0x0801aae8   Data           1  os_cfg_app.o(.constdata)
    OSCfg_TickTaskStkBasePtr                 0x0801aaec   Data           4  os_cfg_app.o(.constdata)
    OSCfg_TickTaskStkLimit                   0x0801aaf0   Data           4  os_cfg_app.o(.constdata)
    OSCfg_TickTaskStkSize                    0x0801aaf4   Data           4  os_cfg_app.o(.constdata)
    OSCfg_TickTaskStkSizeRAM                 0x0801aaf8   Data           4  os_cfg_app.o(.constdata)
    OSCfg_TickWheelSize                      0x0801aafc   Data           2  os_cfg_app.o(.constdata)
    OSCfg_TickWheelSizeRAM                   0x0801ab00   Data           4  os_cfg_app.o(.constdata)
    OSCfg_TmrTaskPrio                        0x0801ab04   Data           1  os_cfg_app.o(.constdata)
    OSCfg_TmrTaskRate_Hz                     0x0801ab08   Data           4  os_cfg_app.o(.constdata)
    OSCfg_TmrTaskStkBasePtr                  0x0801ab0c   Data           4  os_cfg_app.o(.constdata)
    OSCfg_TmrTaskStkLimit                    0x0801ab10   Data           4  os_cfg_app.o(.constdata)
    OSCfg_TmrTaskStkSize                     0x0801ab14   Data           4  os_cfg_app.o(.constdata)
    OSCfg_TmrTaskStkSizeRAM                  0x0801ab18   Data           4  os_cfg_app.o(.constdata)
    OSCfg_TmrWheelSize                       0x0801ab1c   Data           2  os_cfg_app.o(.constdata)
    OSCfg_TmrWheelSizeRAM                    0x0801ab20   Data           4  os_cfg_app.o(.constdata)
    OSCfg_DataSizeRAM                        0x0801ab24   Data           4  os_cfg_app.o(.constdata)
    OSDbg_DbgEn                              0x0801ab28   Data           1  os_dbg.o(.constdata)
    OSDbg_ArgChkEn                           0x0801ab29   Data           1  os_dbg.o(.constdata)
    OSDbg_AppHooksEn                         0x0801ab2a   Data           1  os_dbg.o(.constdata)
    OSDbg_EndiannessTest                     0x0801ab2c   Data           4  os_dbg.o(.constdata)
    OSDbg_CalledFromISRChkEn                 0x0801ab30   Data           1  os_dbg.o(.constdata)
    OSDbg_FlagEn                             0x0801ab31   Data           1  os_dbg.o(.constdata)
    OSDbg_FlagGrp                            0x0801ab34   Data          40  os_dbg.o(.constdata)
    OSDbg_FlagDelEn                          0x0801ab5c   Data           1  os_dbg.o(.constdata)
    OSDbg_FlagModeClrEn                      0x0801ab5d   Data           1  os_dbg.o(.constdata)
    OSDbg_FlagPendAbortEn                    0x0801ab5e   Data           1  os_dbg.o(.constdata)
    OSDbg_FlagGrpSize                        0x0801ab60   Data           2  os_dbg.o(.constdata)
    OSDbg_FlagWidth                          0x0801ab62   Data           2  os_dbg.o(.constdata)
    OSDbg_IntQ                               0x0801ab64   Data           2  os_dbg.o(.constdata)
    OSDbg_ISRPostDeferredEn                  0x0801ab66   Data           1  os_dbg.o(.constdata)
    OSDbg_Mem                                0x0801ab68   Data          32  os_dbg.o(.constdata)
    OSDbg_MemEn                              0x0801ab88   Data           1  os_dbg.o(.constdata)
    OSDbg_MemSize                            0x0801ab8a   Data           2  os_dbg.o(.constdata)
    OSDbg_MsgEn                              0x0801ab8c   Data           1  os_dbg.o(.constdata)
    OSDbg_MsgSize                            0x0801ab8e   Data           2  os_dbg.o(.constdata)
    OSDbg_MsgPoolSize                        0x0801ab90   Data           2  os_dbg.o(.constdata)
    OSDbg_MsgQSize                           0x0801ab92   Data           2  os_dbg.o(.constdata)
    OSDbg_Mutex                              0x0801ab94   Data          44  os_dbg.o(.constdata)
    OSDbg_MutexEn                            0x0801abc0   Data           1  os_dbg.o(.constdata)
    OSDbg_MutexDelEn                         0x0801abc1   Data           1  os_dbg.o(.constdata)
    OSDbg_MutexPendAbortEn                   0x0801abc2   Data           1  os_dbg.o(.constdata)
    OSDbg_MutexSize                          0x0801abc4   Data           2  os_dbg.o(.constdata)
    OSDbg_ObjTypeChkEn                       0x0801abc6   Data           1  os_dbg.o(.constdata)
    OSDbg_PendMultiEn                        0x0801abc7   Data           1  os_dbg.o(.constdata)
    OSDbg_PendDataSize                       0x0801abc8   Data           2  os_dbg.o(.constdata)
    OSDbg_PendListSize                       0x0801abca   Data           2  os_dbg.o(.constdata)
    OSDbg_PendObjSize                        0x0801abcc   Data           2  os_dbg.o(.constdata)
    OSDbg_PrioMax                            0x0801abce   Data           2  os_dbg.o(.constdata)
    OSDbg_PrioTblSize                        0x0801abd0   Data           2  os_dbg.o(.constdata)
    OSDbg_PtrSize                            0x0801abd2   Data           2  os_dbg.o(.constdata)
    OSDbg_Q                                  0x0801abd4   Data          48  os_dbg.o(.constdata)
    OSDbg_QEn                                0x0801ac04   Data           1  os_dbg.o(.constdata)
    OSDbg_QDelEn                             0x0801ac05   Data           1  os_dbg.o(.constdata)
    OSDbg_QFlushEn                           0x0801ac06   Data           1  os_dbg.o(.constdata)
    OSDbg_QPendAbortEn                       0x0801ac07   Data           1  os_dbg.o(.constdata)
    OSDbg_QSize                              0x0801ac08   Data           2  os_dbg.o(.constdata)
    OSDbg_SchedRoundRobinEn                  0x0801ac0a   Data           1  os_dbg.o(.constdata)
    OSDbg_Sem                                0x0801ac0c   Data          40  os_dbg.o(.constdata)
    OSDbg_SemEn                              0x0801ac34   Data           1  os_dbg.o(.constdata)
    OSDbg_SemDelEn                           0x0801ac35   Data           1  os_dbg.o(.constdata)
    OSDbg_SemPendAbortEn                     0x0801ac36   Data           1  os_dbg.o(.constdata)
    OSDbg_SemSetEn                           0x0801ac37   Data           1  os_dbg.o(.constdata)
    OSDbg_SemSize                            0x0801ac38   Data           2  os_dbg.o(.constdata)
    OSDbg_RdyList                            0x0801ac3a   Data           2  os_dbg.o(.constdata)
    OSDbg_RdyListSize                        0x0801ac3c   Data           4  os_dbg.o(.constdata)
    OSDbg_StkWidth                           0x0801ac40   Data           1  os_dbg.o(.constdata)
    OSDbg_StatTaskEn                         0x0801ac41   Data           1  os_dbg.o(.constdata)
    OSDbg_StatTaskStkChkEn                   0x0801ac42   Data           1  os_dbg.o(.constdata)
    OSDbg_TaskChangePrioEn                   0x0801ac43   Data           1  os_dbg.o(.constdata)
    OSDbg_TaskDelEn                          0x0801ac44   Data           1  os_dbg.o(.constdata)
    OSDbg_TaskQEn                            0x0801ac45   Data           1  os_dbg.o(.constdata)
    OSDbg_TaskQPendAbortEn                   0x0801ac46   Data           1  os_dbg.o(.constdata)
    OSDbg_TaskProfileEn                      0x0801ac47   Data           1  os_dbg.o(.constdata)
    OSDbg_TaskRegTblSize                     0x0801ac48   Data           2  os_dbg.o(.constdata)
    OSDbg_TaskSemPendAbortEn                 0x0801ac4a   Data           1  os_dbg.o(.constdata)
    OSDbg_TaskSuspendEn                      0x0801ac4b   Data           1  os_dbg.o(.constdata)
    OSDbg_TCBSize                            0x0801ac4c   Data           2  os_dbg.o(.constdata)
    OSDbg_TickSpokeSize                      0x0801ac4e   Data           2  os_dbg.o(.constdata)
    OSDbg_TimeDlyHMSMEn                      0x0801ac50   Data           1  os_dbg.o(.constdata)
    OSDbg_TimeDlyResumeEn                    0x0801ac51   Data           1  os_dbg.o(.constdata)
    OSDbg_TLS_TblSize                        0x0801ac52   Data           2  os_dbg.o(.constdata)
    OSDbg_Tmr                                0x0801ac54   Data          52  os_dbg.o(.constdata)
    OSDbg_TmrEn                              0x0801ac88   Data           1  os_dbg.o(.constdata)
    OSDbg_TmrDelEn                           0x0801ac89   Data           1  os_dbg.o(.constdata)
    OSDbg_TmrSize                            0x0801ac8a   Data           2  os_dbg.o(.constdata)
    OSDbg_TmrSpokeSize                       0x0801ac8c   Data           2  os_dbg.o(.constdata)
    OSDbg_VersionNbr                         0x0801ac8e   Data           2  os_dbg.o(.constdata)
    OSDbg_DataSize                           0x0801ac90   Data           4  os_dbg.o(.constdata)
    pvNullPointer                            0x0801ac94   Data           4  sys_arch.o(.constdata)
    ethbroadcast                             0x0801ac98   Data           6  ethernet.o(.constdata)
    ethzero                                  0x0801ac9e   Data           6  ethernet.o(.constdata)
    memp_UDP_PCB                             0x0801aca4   Data          12  memp.o(.constdata)
    memp_TCP_PCB                             0x0801acb0   Data          12  memp.o(.constdata)
    memp_TCP_PCB_LISTEN                      0x0801acbc   Data          12  memp.o(.constdata)
    memp_TCP_SEG                             0x0801acc8   Data          12  memp.o(.constdata)
    memp_REASSDATA                           0x0801acd4   Data          12  memp.o(.constdata)
    memp_FRAG_PBUF                           0x0801ace0   Data          12  memp.o(.constdata)
    memp_NETBUF                              0x0801acec   Data          12  memp.o(.constdata)
    memp_NETCONN                             0x0801acf8   Data          12  memp.o(.constdata)
    memp_TCPIP_MSG_API                       0x0801ad04   Data          12  memp.o(.constdata)
    memp_SYS_TIMEOUT                         0x0801ad10   Data          12  memp.o(.constdata)
    memp_PBUF                                0x0801ad1c   Data          12  memp.o(.constdata)
    memp_PBUF_POOL                           0x0801ad28   Data          12  memp.o(.constdata)
    memp_pools                               0x0801ad34   Data          48  memp.o(.constdata)
    tcp_pcb_lists                            0x0801ada4   Data          16  tcp.o(.constdata)
    lwip_cyclic_timers                       0x0801adb4   Data          40  timeouts.o(.constdata)
    ip_addr_any                              0x0801addc   Data           4  ip4_addr.o(.constdata)
    ip_addr_broadcast                        0x0801ade0   Data           4  ip4_addr.o(.constdata)
    Region$$Table$$Base                      0x0801b010   Number         0  anon$$obj.o(Region$$Table)
    Region$$Table$$Limit                     0x0801b030   Number         0  anon$$obj.o(Region$$Table)
    SystemCoreClock                          0x20000000   Data           4  system_stm32f2xx.o(.data)
    AHBPrescTable                            0x20000004   Data          16  system_stm32f2xx.o(.data)
    usart3_buff                              0x20000014   Data           4  usart.o(.data)
    gprs_rx_buff                             0x20000018   Data           4  usart.o(.data)
    usart5_buff                              0x2000001c   Data           4  usart.o(.data)
    usart2_rx_status                         0x20000020   Data           2  usart.o(.data)
    g_timeout_cnt                            0x20000024   Data           4  timer.o(.data)
    lwip_localtime                           0x20000028   Data           4  lan8720.o(.data)
    DMATxDescToSet                           0x2000002c   Data           4  stm32f2x7_eth.o(.data)
    DMARxDescToGet                           0x20000030   Data           4  stm32f2x7_eth.o(.data)
    DMA_RX_FRAME_infos                       0x20000034   Data           4  stm32f2x7_eth.o(.data)
    Frame_Rx_index                           0x20000038   Data           4  stm32f2x7_eth.o(.data)
    Mem_PoolTbl                              0x2000004c   Data           4  lib_mem.o(.data)
    CPU_TS_TmrFreq_Hz                        0x20000050   Data           4  cpu_core.o(.data)
    OS_CPU_ExceptStkBase                     0x20000054   Data           4  os_cpu_c.o(.data)
    OSPrioTbl                                0x20000058   Data           8  os_prio.o(.data)
    OS_AppTaskCreateHookPtr                  0x20000060   Data           4  os_var.o(.data)
    OS_AppTaskDelHookPtr                     0x20000064   Data           4  os_var.o(.data)
    OS_AppTaskReturnHookPtr                  0x20000068   Data           4  os_var.o(.data)
    OS_AppIdleTaskHookPtr                    0x2000006c   Data           4  os_var.o(.data)
    OS_AppStatTaskHookPtr                    0x20000070   Data           4  os_var.o(.data)
    OS_AppTaskSwHookPtr                      0x20000074   Data           4  os_var.o(.data)
    OS_AppTimeTickHookPtr                    0x20000078   Data           4  os_var.o(.data)
    OSIdleTaskCtr                            0x2000007c   Data           4  os_var.o(.data)
    OSIntNestingCtr                          0x20000080   Data           1  os_var.o(.data)
    OSRunning                                0x20000081   Data           1  os_var.o(.data)
    OSFlagDbgListPtr                         0x20000084   Data           4  os_var.o(.data)
    OSFlagQty                                0x20000088   Data           2  os_var.o(.data)
    OSMemDbgListPtr                          0x2000008c   Data           4  os_var.o(.data)
    OSMemQty                                 0x20000090   Data           2  os_var.o(.data)
    OSMutexDbgListPtr                        0x20000094   Data           4  os_var.o(.data)
    OSMutexQty                               0x20000098   Data           2  os_var.o(.data)
    OSPrioCur                                0x2000009a   Data           1  os_var.o(.data)
    OSPrioHighRdy                            0x2000009b   Data           1  os_var.o(.data)
    OSPrioSaved                              0x2000009c   Data           1  os_var.o(.data)
    OSQDbgListPtr                            0x200000a0   Data           4  os_var.o(.data)
    OSQQty                                   0x200000a4   Data           2  os_var.o(.data)
    OSSchedLockTimeBegin                     0x200000a8   Data           4  os_var.o(.data)
    OSSchedLockTimeMax                       0x200000ac   Data           4  os_var.o(.data)
    OSSchedLockTimeMaxCur                    0x200000b0   Data           4  os_var.o(.data)
    OSSchedLockNestingCtr                    0x200000b4   Data           1  os_var.o(.data)
    OSSchedRoundRobinDfltTimeQuanta          0x200000b8   Data           4  os_var.o(.data)
    OSSchedRoundRobinEn                      0x200000bc   Data           1  os_var.o(.data)
    OSSemDbgListPtr                          0x200000c0   Data           4  os_var.o(.data)
    OSSemQty                                 0x200000c4   Data           2  os_var.o(.data)
    OSStatResetFlag                          0x200000c6   Data           1  os_var.o(.data)
    OSStatTaskCPUUsage                       0x200000c8   Data           2  os_var.o(.data)
    OSStatTaskCPUUsageMax                    0x200000ca   Data           2  os_var.o(.data)
    OSStatTaskCtr                            0x200000cc   Data           4  os_var.o(.data)
    OSStatTaskCtrMax                         0x200000d0   Data           4  os_var.o(.data)
    OSStatTaskCtrRun                         0x200000d4   Data           4  os_var.o(.data)
    OSStatTaskRdy                            0x200000d8   Data           1  os_var.o(.data)
    OSStatTaskTimeMax                        0x200000dc   Data           4  os_var.o(.data)
    OSTaskCtxSwCtr                           0x200000e0   Data           4  os_var.o(.data)
    OSTaskDbgListPtr                         0x200000e4   Data           4  os_var.o(.data)
    OSTaskQty                                0x200000e8   Data           2  os_var.o(.data)
    OSTaskRegNextAvailID                     0x200000ea   Data           1  os_var.o(.data)
    OSTickCtr                                0x200000ec   Data           4  os_var.o(.data)
    OSTickTaskTimeMax                        0x200000f0   Data           4  os_var.o(.data)
    OSTmrDbgListPtr                          0x200000f4   Data           4  os_var.o(.data)
    OSTmrQty                                 0x200000f8   Data           2  os_var.o(.data)
    OSTmrTaskTimeMax                         0x200000fc   Data           4  os_var.o(.data)
    OSTmrTickCtr                             0x20000100   Data           4  os_var.o(.data)
    OSTmrUpdateCnt                           0x20000104   Data           4  os_var.o(.data)
    OSTmrUpdateCtr                           0x20000108   Data           4  os_var.o(.data)
    OSTCBCurPtr                              0x2000010c   Data           4  os_var.o(.data)
    OSTCBHighRdyPtr                          0x20000110   Data           4  os_var.o(.data)
    udppcb                                   0x20000114   Data           4  rawudp.o(.data)
    netif_list                               0x2000015c   Data           4  netif.o(.data)
    netif_default                            0x20000160   Data           4  netif.o(.data)
    tcp_ticks                                0x2000016c   Data           4  tcp.o(.data)
    tcp_bound_pcbs                           0x20000170   Data           4  tcp.o(.data)
    tcp_listen_pcbs                          0x20000174   Data           4  tcp.o(.data)
    tcp_active_pcbs                          0x20000178   Data           4  tcp.o(.data)
    tcp_tw_pcbs                              0x2000017c   Data           4  tcp.o(.data)
    tcp_active_pcbs_changed                  0x20000180   Data           1  tcp.o(.data)
    tcp_input_pcb                            0x200001ac   Data           4  tcp_in.o(.data)
    udp_pcbs                                 0x200001c0   Data           4  udp.o(.data)
    dhcp_rx_options_given                    0x200001c4   Data           8  dhcp_2.o(.data)
    __stdout                                 0x200001e8   Data           4  stdout.o(.data)
    gprs_init_task_TCB                       0x20000a38   Data         196  app.o(.bss)
    gprs_init_task_stk                       0x20000afc   Data         512  app.o(.bss)
    eth_init_task_TCB                        0x20000cfc   Data         196  app.o(.bss)
    eth_init_task_stk                        0x20000dc0   Data        1024  app.o(.bss)
    usart3_task_TCB                          0x200011c0   Data         196  app.o(.bss)
    usart3_task_stk                          0x20001284   Data        4000  app.o(.bss)
    usart3_msg                               0x20002224   Data          48  app.o(.bss)
    eth_msg                                  0x20002254   Data          48  app.o(.bss)
    tmr1                                     0x20002284   Data          52  app.o(.bss)
    gprs                                     0x200022b8   Data          52  app.o(.bss)
    w25qxx_flash_buf                         0x20002434   Data        4096  w25qxx.o(.bss)
    g_timer_cnt                              0x20003638   Data          36  timer.o(.bss)
    DMARxDscrTab                             0x2000365c   Data         160  stm32f2x7_eth.o(.bss)
    DMATxDscrTab                             0x200036fc   Data         160  stm32f2x7_eth.o(.bss)
    Rx_Buff                                  0x2000379c   Data        7620  stm32f2x7_eth.o(.bss)
    Tx_Buff                                  0x20005560   Data        7620  stm32f2x7_eth.o(.bss)
    RX_Frame_Descriptor                      0x20007324   Data          12  stm32f2x7_eth.o(.bss)
    Mem_PoolHeap                             0x20007330   Data          72  lib_mem.o(.bss)
    Mem_Heap                                 0x20007378   Data        9216  lib_mem.o(.bss)
    CPU_Name                                 0x20009778   Data          16  cpu_core.o(.bss)
    OSCfg_IdleTaskStk                        0x20009788   Data         512  os_cfg_app.o(.bss)
    OSCfg_ISRStk                             0x20009988   Data        1024  os_cfg_app.o(.bss)
    OSCfg_MsgPool                            0x20009d88   Data        1600  os_cfg_app.o(.bss)
    OSCfg_StatTaskStk                        0x2000a3c8   Data         512  os_cfg_app.o(.bss)
    OSCfg_TickTaskStk                        0x2000a5c8   Data         512  os_cfg_app.o(.bss)
    OSCfg_TickWheel                          0x2000a7c8   Data         128  os_cfg_app.o(.bss)
    OSCfg_TmrTaskStk                         0x2000a848   Data         512  os_cfg_app.o(.bss)
    OSCfg_TmrWheel                           0x2000aa48   Data         128  os_cfg_app.o(.bss)
    OSIdleTaskTCB                            0x2000aac8   Data         196  os_var.o(.bss)
    OSMsgPool                                0x2000ab8c   Data          12  os_var.o(.bss)
    OSRdyList                                0x2000ab98   Data         768  os_var.o(.bss)
    OSStatTaskTCB                            0x2000ae98   Data         196  os_var.o(.bss)
    OSTickTaskTCB                            0x2000af5c   Data         196  os_var.o(.bss)
    OSTmrTaskTCB                             0x2000b020   Data         196  os_var.o(.bss)
    tcpip_thread_task_stk                    0x2000b0e4   Data        4000  sys_arch.o(.bss)
    tcpip_thread_task_TCB                    0x2000c084   Data         196  sys_arch.o(.bss)
    rawudp_task_TCB                          0x2000c148   Data         196  rawudp.o(.bss)
    rawudp_task_stk                          0x2000c20c   Data        1024  rawudp.o(.bss)
    rawudp_recv_buff                         0x2000c60c   Data         512  rawudp.o(.bss)
    rawudp_send_buff                         0x2000c80c   Data         512  rawudp.o(.bss)
    dhcp_task_TCB                            0x2000ca0c   Data         196  dhcp.o(.bss)
    dhcp_task_stk                            0x2000cad0   Data        1024  dhcp.o(.bss)
    lwip_dev                                 0x2000ced0   Data          23  lwip_comm_1.o(.bss)
    lwip_netif                               0x2000cee8   Data          52  lwip_comm_1.o(.bss)
    lock_tcpip_core                          0x2000cf4c   Data          40  tcpip.o(.bss)
    ip_data                                  0x2000cf74   Data          24  ip.o(.bss)
    ram_heap                                 0x2000cf8c   Data        5139  mem.o(.bss)
    memp_memory_UDP_PCB_base                 0x2000e3c8   Data         195  memp.o(.bss)
    memp_memory_TCP_PCB_base                 0x2000e48b   Data        1483  memp.o(.bss)
    memp_memory_TCP_PCB_LISTEN_base          0x2000ea56   Data         171  memp.o(.bss)
    memp_memory_TCP_SEG_base                 0x2000eb01   Data         195  memp.o(.bss)
    memp_memory_REASSDATA_base               0x2000ebc4   Data         163  memp.o(.bss)
    memp_memory_FRAG_PBUF_base               0x2000ec67   Data         363  memp.o(.bss)
    memp_memory_NETBUF_base                  0x2000edd2   Data          35  memp.o(.bss)
    memp_memory_NETCONN_base                 0x2000edf5   Data         691  memp.o(.bss)
    memp_memory_TCPIP_MSG_API_base           0x2000f0a8   Data         131  memp.o(.bss)
    memp_memory_SYS_TIMEOUT_base             0x2000f12b   Data         131  memp.o(.bss)
    memp_memory_PBUF_base                    0x2000f1ae   Data         163  memp.o(.bss)
    memp_memory_PBUF_POOL_base               0x2000f251   Data       15163  memp.o(.bss)
    dhcp_rx_options_val                      0x20012d9c   Data          32  dhcp_2.o(.bss)
    __initial_sp                             0x200132c0   Data           0  cstartup.o(STACK)



==============================================================================

Memory Map of the image

  Image Entry point : 0x08000185

  Load Region LR_IROM1 (Base: 0x08000000, Size: 0x0001b21c, Max: 0x00080000, ABSOLUTE, COMPRESSED[0x0001b060])

    Execution Region ER_IROM1 (Base: 0x08000000, Size: 0x0001b030, Max: 0x00080000, ABSOLUTE)

    Base Addr    Size         Type   Attr      Idx    E Section Name        Object

    0x08000000   0x00000184   Data   RO         1588    RESET               cstartup.o
    0x08000184   0x00000000   Code   RO         2657  * .ARM.Collect$$$$00000000  mc_w.l(entry.o)
    0x08000184   0x00000004   Code   RO         2937    .ARM.Collect$$$$00000001  mc_w.l(entry2.o)
    0x08000188   0x00000004   Code   RO         2940    .ARM.Collect$$$$00000004  mc_w.l(entry5.o)
    0x0800018c   0x00000000   Code   RO         2942    .ARM.Collect$$$$00000008  mc_w.l(entry7b.o)
    0x0800018c   0x00000000   Code   RO         2944    .ARM.Collect$$$$0000000A  mc_w.l(entry8b.o)
    0x0800018c   0x00000008   Code   RO         2945    .ARM.Collect$$$$0000000B  mc_w.l(entry9a.o)
    0x08000194   0x00000000   Code   RO         2947    .ARM.Collect$$$$0000000D  mc_w.l(entry10a.o)
    0x08000194   0x00000000   Code   RO         2949    .ARM.Collect$$$$0000000F  mc_w.l(entry11a.o)
    0x08000194   0x00000004   Code   RO         2938    .ARM.Collect$$$$00002712  mc_w.l(entry2.o)
    0x08000198   0x000003e4   Code   RO            2    .text               app.o
    0x0800057c   0x000001e0   Code   RO          370    .text               system_stm32f2xx.o
    0x0800075c   0x00000650   Code   RO          421    .text               bsp.o
    0x08000dac   0x00000428   Code   RO          450    .text               bsp_int.o
    0x080011d4   0x00000328   Code   RO          557    .text               w25qxx.o
    0x080014fc   0x000003cc   Code   RO          577    .text               usart.o
    0x080018c8   0x000000e0   Code   RO          623    .text               timer.o
    0x080019a8   0x00000084   Code   RO          647    .text               spi.o
    0x08001a2c   0x000002dc   Code   RO          663    .text               rtc.o
    0x08001d08   0x0000034c   Code   RO          679    .text               lan8720.o
    0x08002054   0x00000e34   Code   RO          798    .text               stm32f2x7_eth.o
    0x08002e88   0x000000e0   Code   RO          818    .text               misc.o
    0x08002f68   0x0000011c   Code   RO          978    .text               stm32f2xx_exti.o
    0x08003084   0x0000025c   Code   RO         1026    .text               stm32f2xx_gpio.o
    0x080032e0   0x00000040   Code   RO         1058    .text               stm32f2xx_iwdg.o
    0x08003320   0x000000d8   Code   RO         1074    .text               stm32f2xx_pwr.o
    0x080033f8   0x00000588   Code   RO         1090    .text               stm32f2xx_rcc.o
    0x08003980   0x00000b08   Code   RO         1124    .text               stm32f2xx_rtc.o
    0x08004488   0x000003a8   Code   RO         1140    .text               stm32f2xx_spi.o
    0x08004830   0x0000008c   Code   RO         1156    .text               stm32f2xx_syscfg.o
    0x080048bc   0x00000ca2   Code   RO         1172    .text               stm32f2xx_tim.o
    0x0800555e   0x00000002   PAD
    0x08005560   0x0000041a   Code   RO         1188    .text               stm32f2xx_usart.o
    0x0800597a   0x00000256   Code   RO         1219    .text               lib_ascii.o
    0x08005bd0   0x00000ec4   Code   RO         1252    .text               lib_mem.o
    0x08006a94   0x00000928   Code   RO         1271    .text               lib_str.o
    0x080073bc   0x00000220   Code   RO         1288    .text               lib_mem_a.o
    0x080075dc   0x000002a8   Code   RO         1291    .text               cpu_core.o
    0x08007884   0x0000077c   Code   RO         1317    .text               cpu_c.o
    0x08008000   0x00000034   Code   RO         1329    .text               cpu_a.o
    0x08008034   0x0000026c   Code   RO         1332    .text               os_cpu_c.o
    0x080082a0   0x00000002   Code   RO         1353    .text               os_cfg_app.o
    0x080082a2   0x00000002   PAD
    0x080082a4   0x00000d9c   Code   RO         1376    .text               os_core.o
    0x08009040   0x000001ac   Code   RO         1388    .text               os_dbg.o
    0x080091ec   0x00000af8   Code   RO         1403    .text               os_flag.o
    0x08009ce4   0x000001fc   Code   RO         1421    .text               os_mem.o
    0x08009ee0   0x00000228   Code   RO         1433    .text               os_msg.o
    0x0800a108   0x0000078c   Code   RO         1445    .text               os_mutex.o
    0x0800a894   0x0000007c   Code   RO         1469    .text               os_prio.o
    0x0800a910   0x000006d8   Code   RO         1488    .text               os_q.o
    0x0800afe8   0x000006e8   Code   RO         1500    .text               os_sem.o
    0x0800b6d0   0x000005a8   Code   RO         1512    .text               os_stat.o
    0x0800bc78   0x00001360   Code   RO         1524    .text               os_task.o
    0x0800cfd8   0x00000484   Code   RO         1536    .text               os_tick.o
    0x0800d45c   0x0000045c   Code   RO         1548    .text               os_time.o
    0x0800d8b8   0x000007f8   Code   RO         1560    .text               os_tmr.o
    0x0800e0b0   0x00000018   Code   RO         1589    .text               cstartup.o
    0x0800e0c8   0x000004b8   Code   RO         1594    .text               sys_arch.o
    0x0800e580   0x000002f0   Code   RO         1632    .text               rawudp.o
    0x0800e870   0x000002f4   Code   RO         1660    .text               dhcp.o
    0x0800eb64   0x0000010c   Code   RO         1701    .text               lwip_comm_1.o
    0x0800ec70   0x00000360   Code   RO         1984    .text               tcpip.o
    0x0800efd0   0x000001b4   Code   RO         2017    .text               ethernet.o
    0x0800f184   0x000001f4   Code   RO         2045    .text               ethernetif.o
    0x0800f378   0x00000158   Code   RO         2086    .text               def.o
    0x0800f4d0   0x00000328   Code   RO         2113    .text               inet_chksum.o
    0x0800f7f8   0x00000088   Code   RO         2132    .text               init.o
    0x0800f880   0x00000728   Code   RO         2187    .text               mem.o
    0x0800ffa8   0x00000268   Code   RO         2214    .text               memp.o
    0x08010210   0x00000334   Code   RO         2269    .text               netif.o
    0x08010544   0x0000121c   Code   RO         2308    .text               pbuf.o
    0x08011760   0x000016c0   Code   RO         2363    .text               tcp.o
    0x08012e20   0x000019b8   Code   RO         2395    .text               tcp_in.o
    0x080147d8   0x00001542   Code   RO         2425    .text               tcp_out.o
    0x08015d1a   0x00000002   PAD
    0x08015d1c   0x00000358   Code   RO         2449    .text               timeouts.o
    0x08016074   0x000005e0   Code   RO         2475    .text               udp.o
    0x08016654   0x00001ab4   Code   RO         2513    .text               dhcp_2.o
    0x08018108   0x00000d60   Code   RO         2540    .text               etharp.o
    0x08018e68   0x00000374   Code   RO         2563    .text               icmp.o
    0x080191dc   0x000004f8   Code   RO         2592    .text               ip4.o
    0x080196d4   0x00000350   Code   RO         2610    .text               ip4_addr.o
    0x08019a24   0x00000ab8   Code   RO         2637    .text               ip4_frag.o
    0x0801a4dc   0x00000024   Code   RO         2660    .text               mc_w.l(memcpya.o)
    0x0801a500   0x00000024   Code   RO         2662    .text               mc_w.l(memseta.o)
    0x0801a524   0x0000000e   Code   RO         2666    .text               mc_w.l(strlen.o)
    0x0801a532   0x0000001c   Code   RO         2668    .text               mc_w.l(strcmp.o)
    0x0801a54e   0x0000001a   Code   RO         2670    .text               mc_w.l(memcmp.o)
    0x0801a568   0x0000001e   Code   RO         2672    .text               mc_w.l(strncmp.o)
    0x0801a586   0x0000002c   Code   RO         2954    .text               mc_w.l(uidiv.o)
    0x0801a5b2   0x00000002   PAD
    0x0801a5b4   0x00000024   Code   RO         2969    .text               mc_w.l(init.o)
    0x0801a5d8   0x00000000   Code   RO         2971    .text               mc_w.l(semi.o)
    0x0801a5d8   0x00000000   Code   RO         2978    .text               mc_w.l(iusesemip.o)
    0x0801a5d8   0x00000056   Code   RO         2989    .text               mc_w.l(__dczerorl2.o)
    0x0801a62e   0x00000002   PAD
    0x0801a630   0x00000084   Code   RO         1350    CODE                os_cpu_a.o
    0x0801a6b4   0x00000020   Code   RO         2765    i.__0printf$3       mc_w.l(printf3.o)
    0x0801a6d4   0x00000028   Code   RO         2767    i.__0sprintf$3      mc_w.l(printf3.o)
    0x0801a6fc   0x0000000e   Code   RO         2983    i.__scatterload_copy  mc_w.l(handlers.o)
    0x0801a70a   0x00000002   Code   RO         2984    i.__scatterload_null  mc_w.l(handlers.o)
    0x0801a70c   0x0000000e   Code   RO         2985    i.__scatterload_zeroinit  mc_w.l(handlers.o)
    0x0801a71a   0x00000002   PAD
    0x0801a71c   0x000001b8   Code   RO         2772    i._printf_core      mc_w.l(printf3.o)
    0x0801a8d4   0x0000000a   Code   RO         2774    i._sputc            mc_w.l(printf3.o)
    0x0801a8de   0x00000012   Code   RO         2951    i.fputc             mc_w.l(fputc.o)
    0x0801a8f0   0x00000094   Data   RO         1272    .constdata          lib_str.o
    0x0801a984   0x00000100   Data   RO         1293    .constdata          cpu_core.o
    0x0801aa84   0x000000a4   Data   RO         1355    .constdata          os_cfg_app.o
    0x0801ab28   0x0000016c   Data   RO         1389    .constdata          os_dbg.o
    0x0801ac94   0x00000004   Data   RO         1596    .constdata          sys_arch.o
    0x0801ac98   0x0000000c   Data   RO         2018    .constdata          ethernet.o
    0x0801aca4   0x000000c0   Data   RO         2216    .constdata          memp.o
    0x0801ad64   0x00000050   Data   RO         2364    .constdata          tcp.o
    0x0801adb4   0x00000028   Data   RO         2450    .constdata          timeouts.o
    0x0801addc   0x00000008   Data   RO         2612    .constdata          ip4_addr.o
    0x0801ade4   0x00000048   Data   RO         2087    .conststring        def.o
    0x0801ae2c   0x00000041   Data   RO         2133    .conststring        init.o
    0x0801ae6d   0x00000003   PAD
    0x0801ae70   0x00000075   Data   RO         2365    .conststring        tcp.o
    0x0801aee5   0x00000003   PAD
    0x0801aee8   0x00000055   Data   RO         2426    .conststring        tcp_out.o
    0x0801af3d   0x00000003   PAD
    0x0801af40   0x0000008c   Data   RO         2515    .conststring        dhcp_2.o
    0x0801afcc   0x00000041   Data   RO         2542    .conststring        etharp.o
    0x0801b00d   0x00000003   PAD
    0x0801b010   0x00000020   Data   RO         2981    Region$$Table       anon$$obj.o


    Execution Region RW_IRAM1 (Base: 0x20000000, Size: 0x000132c0, Max: 0x00020000, ABSOLUTE, COMPRESSED[0x00000030])

    Base Addr    Size         Type   Attr      Idx    E Section Name        Object

    0x20000000   0x00000014   Data   RW          371    .data               system_stm32f2xx.o
    0x20000014   0x0000000e   Data   RW          579    .data               usart.o
    0x20000022   0x00000002   PAD
    0x20000024   0x00000004   Data   RW          625    .data               timer.o
    0x20000028   0x00000004   Data   RW          680    .data               lan8720.o
    0x2000002c   0x00000010   Data   RW          800    .data               stm32f2x7_eth.o
    0x2000003c   0x00000010   Data   RW         1091    .data               stm32f2xx_rcc.o
    0x2000004c   0x00000004   Data   RW         1254    .data               lib_mem.o
    0x20000050   0x00000004   Data   RW         1294    .data               cpu_core.o
    0x20000054   0x00000004   Data   RW         1333    .data               os_cpu_c.o
    0x20000058   0x00000008   Data   RW         1470    .data               os_prio.o
    0x20000060   0x000000b4   Data   RW         1573    .data               os_var.o
    0x20000114   0x00000004   Data   RW         1634    .data               rawudp.o
    0x20000118   0x00000008   Data   RW         1986    .data               tcpip.o
    0x20000120   0x0000000c   Data   RW         2189    .data               mem.o
    0x2000012c   0x00000030   Data   RW         2217    .data               memp.o
    0x2000015c   0x00000009   Data   RW         2270    .data               netif.o
    0x20000165   0x00000003   PAD
    0x20000168   0x00000020   Data   RW         2366    .data               tcp.o
    0x20000188   0x00000028   Data   RW         2397    .data               tcp_in.o
    0x200001b0   0x0000000c   Data   RW         2451    .data               timeouts.o
    0x200001bc   0x00000008   Data   RW         2476    .data               udp.o
    0x200001c4   0x00000018   Data   RW         2516    .data               dhcp_2.o
    0x200001dc   0x00000001   Data   RW         2543    .data               etharp.o
    0x200001dd   0x00000001   PAD
    0x200001de   0x00000002   Data   RW         2593    .data               ip4.o
    0x200001e0   0x00000006   Data   RW         2638    .data               ip4_frag.o
    0x200001e6   0x00000002   PAD
    0x200001e8   0x00000004   Data   RW         2953    .data               mc_w.l(stdout.o)
    0x200001ec   0x00002100   Zero   RW            3    .bss                app.o
    0x200022ec   0x00000148   Zero   RW          451    .bss                bsp_int.o
    0x20002434   0x00001000   Zero   RW          558    .bss                w25qxx.o
    0x20003434   0x00000202   Zero   RW          578    .bss                usart.o
    0x20003636   0x00000002   PAD
    0x20003638   0x00000024   Zero   RW          624    .bss                timer.o
    0x2000365c   0x00003cd4   Zero   RW          799    .bss                stm32f2x7_eth.o
    0x20007330   0x00002448   Zero   RW         1253    .bss                lib_mem.o
    0x20009778   0x00000010   Zero   RW         1292    .bss                cpu_core.o
    0x20009788   0x00001340   Zero   RW         1354    .bss                os_cfg_app.o
    0x2000aac8   0x0000061c   Zero   RW         1572    .bss                os_var.o
    0x2000b0e4   0x00001064   Zero   RW         1595    .bss                sys_arch.o
    0x2000c148   0x000008c4   Zero   RW         1633    .bss                rawudp.o
    0x2000ca0c   0x000004c4   Zero   RW         1661    .bss                dhcp.o
    0x2000ced0   0x0000004c   Zero   RW         1702    .bss                lwip_comm_1.o
    0x2000cf1c   0x00000058   Zero   RW         1985    .bss                tcpip.o
    0x2000cf74   0x00000018   Zero   RW         2171    .bss                ip.o
    0x2000cf8c   0x0000143c   Zero   RW         2188    .bss                mem.o
    0x2000e3c8   0x000049c4   Zero   RW         2215    .bss                memp.o
    0x20012d8c   0x00000010   Zero   RW         2396    .bss                tcp_in.o
    0x20012d9c   0x00000020   Zero   RW         2514    .bss                dhcp_2.o
    0x20012dbc   0x000000f0   Zero   RW         2541    .bss                etharp.o
    0x20012eac   0x00000010   Zero   RW         2611    .bss                ip4_addr.o
    0x20012ebc   0x00000004   PAD
    0x20012ec0   0x00000400   Zero   RW         1586    STACK               cstartup.o


==============================================================================

Image component sizes


      Code (inc. data)   RO Data    RW Data    ZI Data      Debug   Object Name

         0          0          0          0          0       2335   api_lib.o
         0          0          0          0          0       2923   api_msg.o
       996        246          0          0       8448     376534   app.o
      1616         60          0          0          0      20275   bsp.o
      1064         10          0          0        328      13598   bsp_int.o
         0          0          0          0          0        564   bsp_ser.o
        52          0          0          0          0        316   cpu_a.o
      1916        102          0          0          0       3489   cpu_c.o
       680         14        256          4         16      14200   cpu_core.o
        24          6        388          0       1024        608   cstartup.o
       344          4         72          0          0       2566   def.o
       756        336          0          0       1220       6706   dhcp.o
      6836       1234        140         24         32      18244   dhcp_2.o
      3424        560         65          1        240       8231   etharp.o
       436        128         12          0          0       2068   ethernet.o
       500        116          0          0          0       3203   ethernetif.o
       884        228          0          0          0       3170   icmp.o
       808         86          0          0          0       4500   inet_chksum.o
       136         68         65          0          0        468   init.o
         0          0          0          0         24       2910   ip.o
      1272        150          0          2          0       4429   ip4.o
       848         98          8          0         16       9074   ip4_addr.o
      2744        492          0          6          0       7798   ip4_frag.o
       844         38          0          4          0       3601   lan8720.o
       598          0          0          0          0       3856   lib_ascii.o
      3780         62          0          4       9288      24888   lib_mem.o
       544          0          0          0          0        460   lib_mem_a.o
      2344          4        148          0          0      13710   lib_str.o
       268         40          0          0         76       5549   lwip_comm_1.o
      1832        552          0         12       5180       4002   mem.o
       616        216        192         48      18884       8864   memp.o
       224         20          0          0          0       1849   misc.o
         0          0          0          0          0       6984   netbuf.o
       820        110          0          9          0       7381   netif.o
         2          0        164          0       4928      19498   os_cfg_app.o
      3484        272          0          0          0      12211   os_core.o
       132         32          0          0          0        360   os_cpu_a.o
       620         66          0          4          0       3697   os_cpu_c.o
       428        280        364          0          0       4697   os_dbg.o
      2808         84          0          0          0       7683   os_flag.o
       508         16          0          0          0       2696   os_mem.o
       552         14          0          0          0       2614   os_msg.o
      1932         84          0          0          0       5218   os_mutex.o
       124          4          0          8          0       1668   os_prio.o
      1752         58          0          0          0       6112   os_q.o
      1768         58          0          0          0       6152   os_sem.o
      1448        150          0          0          0       2733   os_stat.o
      4960        188          0          0          0      13346   os_task.o
      1156         74          0          0          0       3189   os_tick.o
      1116         54          0          0          0       3141   os_time.o
      2040        134          0          0          0       6630   os_tmr.o
         0          0          0        180       1564      18073   os_var.o
      4636       1284          0          0          0      13130   pbuf.o
         0          0          0          0          0       1220   protocol.o
       752        122          0          4       2244       2698   rawudp.o
       732         88          0          0          0       3097   rtc.o
       132          4          0          0          0        727   spi.o
      3636        100          0         16      15572      19920   stm32f2x7_eth.o
       284         10          0          0          0       2307   stm32f2xx_exti.o
       604         36          0          0          0       4009   stm32f2xx_gpio.o
        64          6          0          0          0       1293   stm32f2xx_iwdg.o
       216         12          0          0          0       2276   stm32f2xx_pwr.o
      1416         48          0         16          0      10991   stm32f2xx_rcc.o
      2824         36          0          0          0      12101   stm32f2xx_rtc.o
       936         22          0          0          0       6412   stm32f2xx_spi.o
       140         12          0          0          0       1531   stm32f2xx_syscfg.o
      3234         60          0          0          0      22896   stm32f2xx_tim.o
      1050         26          0          0          0       7744   stm32f2xx_usart.o
      1208        270          4          0       4196      10271   sys_arch.o
       480         40          0         20          0       1719   system_stm32f2xx.o
      5824       1148        197         32          0      25030   tcp.o
      6584       1076          0         40         16      15805   tcp_in.o
      5442        996         85          0          0      19646   tcp_out.o
       864        238          0          8         88       6642   tcpip.o
       856        170         40         12          0       4597   timeouts.o
       224         18          0          4         36       1868   timer.o
      1504        152          0          8          0       8410   udp.o
       972         36          0         14        514       3079   usart.o
       808         30          0          0       4096       3808   w25qxx.o

    ----------------------------------------------------------------------
    107464      12588       2244        488      78036     922298   Object Totals
         0          0         32          0          0          0   (incl. Generated)
         6          0         12          8          6          0   (incl. Padding)

    ----------------------------------------------------------------------

      Code (inc. data)   RO Data    RW Data    ZI Data      Debug   Library Member Name

        86          0          0          0          0          0   __dczerorl2.o
         0          0          0          0          0          0   entry.o
         0          0          0          0          0          0   entry10a.o
         0          0          0          0          0          0   entry11a.o
         8          4          0          0          0          0   entry2.o
         4          0          0          0          0          0   entry5.o
         0          0          0          0          0          0   entry7b.o
         0          0          0          0          0          0   entry8b.o
         8          4          0          0          0          0   entry9a.o
        18          0          0          0          0         80   fputc.o
        30          0          0          0          0          0   handlers.o
        36          8          0          0          0         68   init.o
         0          0          0          0          0          0   iusesemip.o
        26          0          0          0          0         80   memcmp.o
        36          0          0          0          0         68   memcpya.o
        36          0          0          0          0        108   memseta.o
       522         20          0          0          0        336   printf3.o
         0          0          0          0          0          0   semi.o
         0          0          0          4          0          0   stdout.o
        28          0          0          0          0         76   strcmp.o
        14          0          0          0          0         68   strlen.o
        30          0          0          0          0         80   strncmp.o
        44          0          0          0          0         80   uidiv.o

    ----------------------------------------------------------------------
       932         36          0          4          0       1044   Library Totals
         6          0          0          0          0          0   (incl. Padding)

    ----------------------------------------------------------------------

      Code (inc. data)   RO Data    RW Data    ZI Data      Debug   Library Name

       926         36          0          4          0       1044   mc_w.l

    ----------------------------------------------------------------------
       932         36          0          4          0       1044   Library Totals

    ----------------------------------------------------------------------

==============================================================================


      Code (inc. data)   RO Data    RW Data    ZI Data      Debug   

    108396      12624       2244        492      78036     916138   Grand Totals
    108396      12624       2244         48      78036     916138   ELF Image Totals (compressed)
    108396      12624       2244         48          0          0   ROM Totals

==============================================================================

    Total RO  Size (Code + RO Data)               110640 ( 108.05kB)
    Total RW  Size (RW Data + ZI Data)             78528 (  76.69kB)
    Total ROM Size (Code + RO Data + RW Data)     110688 ( 108.09kB)

==============================================================================

