Component: ARM Compiler 5.06 update 1 (build 61) Tool: armlink [4d35a8]

==============================================================================

Section Cross References

    app.o(.text) refers to os_time.o(.text) for OSTimeDly
    app.o(.text) refers to memseta.o(.text) for __aeabi_memclr4
    app.o(.text) refers to dhcp_2.o(.text) for dhcp_coarse_tmr
    app.o(.text) refers to timer.o(.text) for timer_is_timeout_1MS
    app.o(.text) refers to stm32f2xx_gpio.o(.text) for GPIO_ReadOutputDataBit
    app.o(.text) refers to os_task.o(.text) for OSTaskCreate
    app.o(.text) refers to usart.o(.text) for USART_OUT
    app.o(.text) refers to dhcp.o(.text) for dhcp_task_create
    app.o(.text) refers to os_tmr.o(.text) for OSTmrCreate
    app.o(.text) refers to os_q.o(.text) for OSQCreate
    app.o(.text) refers to cpu_core.o(.text) for CPU_Init
    app.o(.text) refers to bsp.o(.text) for BSP_CPU_TickInit
    app.o(.text) refers to os_stat.o(.text) for OSStatTaskCPUUsageInit
    app.o(.text) refers to os_core.o(.text) for OSSchedRoundRobinCfg
    app.o(.text) refers to cpu_a.o(.text) for CPU_SR_Save
    app.o(.text) refers to app.o(.bss) for led0_task_stk
    app.o(.text) refers to usart.o(.data) for usart2_rx_status
    os_app_hooks.o(.text) refers to cpu_a.o(.text) for CPU_SR_Save
    os_app_hooks.o(.text) refers to os_var.o(.data) for OS_AppTaskCreateHookPtr
    system_stm32f2xx.o(.text) refers to system_stm32f2xx.o(.data) for SystemCoreClock
    protocol.o(.text) refers to usart.o(.text) for USART_OUT
    protocol.o(.text) refers to memseta.o(.text) for __aeabi_memclr
    protocol.o(.text) refers to memcpya.o(.text) for __aeabi_memcpy
    protocol.o(.text) refers to malloc.o(i.malloc) for malloc
    protocol.o(.text) refers to rawudp.o(.text) for rawudp_send_data
    protocol.o(.text) refers to malloc.o(i.free) for free
    protocol.o(.text) refers to protocol.o(.bss) for dev_info
    protocol.o(.text) refers to usart.o(.data) for gprs_rx_buff
    protocol.o(.text) refers to rawudp.o(.data) for udppcb
    protocol.o(.text) refers to timer.o(.text) for timer_get_heart_ms
    protocol.o(.text) refers to os_time.o(.text) for OSTimeDly
    protocol.o(.text) refers to cpu_a.o(.text) for CPU_SR_Save
    protocol.o(.text) refers to os_task.o(.text) for OSTaskCreate
    protocol.o(.text) refers to protocol.o(.data) for heart_time_cnt
    protocol.o(.text) refers to gprs.o(.data) for gprs_rx_flag
    protocol.o(.text) refers to app.o(.bss) for protocol_task_stk
    protocol.o(.text) refers to protocol.o(.constdata) for crc_table
    bsp.o(.text) refers to system_stm32f2xx.o(.text) for SystemInit
    bsp.o(.text) refers to stm32f2xx_rcc.o(.text) for RCC_AHB1PeriphClockCmd
    bsp.o(.text) refers to stm32f2xx_gpio.o(.text) for GPIO_Init
    bsp.o(.text) refers to misc.o(.text) for NVIC_PriorityGroupConfig
    bsp.o(.text) refers to usart.o(.text) for usart2_init
    bsp.o(.text) refers to timer.o(.text) for timer3_init
    bsp.o(.text) refers to w25qxx.o(.text) for w25qxx_init
    bsp.o(.text) refers to rtc.o(.text) for rtc_init
    bsp.o(.text) refers to os_cpu_c.o(.text) for OS_CPU_SysTickInit
    bsp.o(.text) refers to os_cfg_app.o(.constdata) for OSCfg_TickRate_Hz
    bsp.o(.text) refers to cpu_core.o(.text) for CPU_TS_TmrFreqSet
    bsp.o(.text) refers to stm32f2xx_iwdg.o(.text) for IWDG_ReloadCounter
    bsp_int.o(.text) refers to cpu_c.o(.text) for CPU_IntSrcDis
    bsp_int.o(.text) refers to cpu_a.o(.text) for CPU_IntDis
    bsp_int.o(.text) refers to os_core.o(.text) for OSIntEnter
    bsp_int.o(.text) refers to bsp_int.o(.bss) for BSP_IntVectTbl
    bsp_ioe.o(.text) refers to stm32f2xx_rcc.o(.text) for RCC_AHB1PeriphClockCmd
    bsp_ioe.o(.text) refers to stm32f2xx_dma.o(.text) for DMA_DeInit
    bsp_ioe.o(.text) refers to stm32f2xx_i2c.o(.text) for I2C_GenerateSTART
    bsp_ioe.o(.text) refers to bsp_ioe.o(.data) for IOE_TimeOut
    bsp_ioe.o(.text) refers to bsp_os.o(.text) for BSP_OS_TimeDlyMs
    bsp_ioe.o(.text) refers to stm32f2xx_gpio.o(.text) for GPIO_Init
    bsp_ioe.o(.text) refers to stm32f2xx_syscfg.o(.text) for SYSCFG_EXTILineConfig
    bsp_lcd.o(.text) refers to stm32f2xx_rcc.o(.text) for RCC_AHB3PeriphClockCmd
    bsp_lcd.o(.text) refers to stm32f2xx_fsmc.o(.text) for FSMC_NORSRAMInit
    bsp_lcd.o(.text) refers to stm32f2xx_gpio.o(.text) for GPIO_Init
    bsp_lcd.o(.text) refers to bsp_os.o(.text) for BSP_OS_TimeDlyMs
    bsp_os.o(.text) refers to os_sem.o(.text) for OSSemCreate
    bsp_os.o(.text) refers to os_time.o(.text) for OSTimeDlyHMSM
    bsp_os.o(.text) refers to os_cfg_app.o(.constdata) for OSCfg_TickRate_Hz
    bsp_ser.o(.text) refers to stm32f2xx_usart.o(.text) for USART_ReceiveData
    bsp_ser.o(.text) refers to bsp_os.o(.text) for BSP_OS_SemPost
    bsp_ser.o(.text) refers to stm32f2xx_rcc.o(.text) for RCC_AHB1PeriphClockCmd
    bsp_ser.o(.text) refers to stm32f2xx_gpio.o(.text) for GPIO_Init
    bsp_ser.o(.text) refers to bsp_int.o(.text) for BSP_IntVectSet
[...]
    CPU_BitBandSet                           0x08008407   Thumb Code    58  cpu_c.o(.text)
    CPU_IntSrcDis                            0x08008441   Thumb Code   328  cpu_c.o(.text)
    CPU_IntSrcEn                             0x08008589   Thumb Code   328  cpu_c.o(.text)
    CPU_IntSrcPendClr                        0x080086d1   Thumb Code   164  cpu_c.o(.text)
    CPU_IntSrcPrioSet                        0x08008775   Thumb Code   522  cpu_c.o(.text)
    CPU_IntSrcPrioGet                        0x0800897f   Thumb Code   450  cpu_c.o(.text)
    CPU_IntDis                               0x08008b49   Thumb Code     0  cpu_a.o(.text)
    CPU_IntEn                                0x08008b4d   Thumb Code     0  cpu_a.o(.text)
    CPU_SR_Save                              0x08008b51   Thumb Code     0  cpu_a.o(.text)
    CPU_SR_Restore                           0x08008b59   Thumb Code     0  cpu_a.o(.text)
    CPU_WaitForInt                           0x08008b5f   Thumb Code     0  cpu_a.o(.text)
    CPU_WaitForExcept                        0x08008b63   Thumb Code     0  cpu_a.o(.text)
    CPU_CntLeadZeros                         0x08008b67   Thumb Code     0  cpu_a.o(.text)
    CPU_CntTrailZeros                        0x08008b6d   Thumb Code     0  cpu_a.o(.text)
    CPU_RevBits                              0x08008b77   Thumb Code     0  cpu_a.o(.text)
    OSIdleTaskHook                           0x08008b7d   Thumb Code    16  os_cpu_c.o(.text)
    OSInitHook                               0x08008b8d   Thumb Code    42  os_cpu_c.o(.text)
    OSStatTaskHook                           0x08008bb7   Thumb Code    16  os_cpu_c.o(.text)
    OSTaskCreateHook                         0x08008bc7   Thumb Code    20  os_cpu_c.o(.text)
    OSTaskDelHook                            0x08008bdb   Thumb Code    20  os_cpu_c.o(.text)
    OSTaskReturnHook                         0x08008bef   Thumb Code    20  os_cpu_c.o(.text)
    OSTaskStkInit                            0x08008c03   Thumb Code   188  os_cpu_c.o(.text)
    OSTaskSwHook                             0x08008cbf   Thumb Code   120  os_cpu_c.o(.text)
    OSTimeTickHook                           0x08008d37   Thumb Code    16  os_cpu_c.o(.text)
    OS_CPU_SysTickHandler                    0x08008d47   Thumb Code    52  os_cpu_c.o(.text)
    OS_CPU_SysTickInit                       0x08008d7b   Thumb Code    44  os_cpu_c.o(.text)
    OSCfg_Init                               0x08008de9   Thumb Code     2  os_cfg_app.o(.text)
    OS_IdleTask                              0x08008ded   Thumb Code    60  os_core.o(.text)
    OS_IdleTaskInit                          0x08008e29   Thumb Code    68  os_core.o(.text)
    OS_RdyListInit                           0x08008e6d   Thumb Code    32  os_core.o(.text)
    OSInit                                   0x08008e8d   Thumb Code   288  os_core.o(.text)
    OSIntEnter                               0x08008fad   Thumb Code    34  os_core.o(.text)
    OSIntExit                                0x08008fcf   Thumb Code   192  os_core.o(.text)
    OSSched                                  0x0800908f   Thumb Code   134  os_core.o(.text)
    OS_SchedLockTimeMeasStart                0x08009115   Thumb Code    20  os_core.o(.text)
    OSSchedLock                              0x08009129   Thumb Code   104  os_core.o(.text)
    OS_SchedLockTimeMeasStop                 0x08009191   Thumb Code    44  os_core.o(.text)
    OSSchedUnlock                            0x080091bd   Thumb Code   290  os_core.o(.text)
    OSSchedRoundRobinCfg                     0x080092df   Thumb Code    88  os_core.o(.text)
    OS_RdyListMoveHeadToTail                 0x08009337   Thumb Code    68  os_core.o(.text)
    OSSchedRoundRobinYield                   0x0800937b   Thumb Code   164  os_core.o(.text)
    OSStart                                  0x0800941f   Thumb Code    78  os_core.o(.text)
    OSVersion                                0x0800946d   Thumb Code    12  os_core.o(.text)
    OS_PendDbgNameAdd                        0x08009479   Thumb Code    66  os_core.o(.text)
    OS_PendListInsertPrio                    0x080094bb   Thumb Code   102  os_core.o(.text)
    OS_PendDataInit                          0x08009521   Thumb Code    38  os_core.o(.text)
    OS_RdyListRemove                         0x08009547   Thumb Code    86  os_core.o(.text)
    OS_TaskBlock                             0x0800959d   Thumb Code    56  os_core.o(.text)
    OS_Pend                                  0x080095d5   Thumb Code    98  os_core.o(.text)
    OS_PendListRemove1                       0x08009637   Thumb Code   136  os_core.o(.text)
    OS_PendListRemove                        0x080096bf   Thumb Code    48  os_core.o(.text)
    OS_PendAbort1                            0x080096ef   Thumb Code    36  os_core.o(.text)
    OS_RdyListInsertHead                     0x08009713   Thumb Code    58  os_core.o(.text)
    OS_RdyListInsertTail                     0x0800974d   Thumb Code    56  os_core.o(.text)
    OS_RdyListInsert                         0x08009785   Thumb Code    40  os_core.o(.text)
    OS_TaskRdy                               0x080097ad   Thumb Code    28  os_core.o(.text)
    OS_PendAbort                             0x080097c9   Thumb Code   166  os_core.o(.text)
    OS_PendDbgNameRemove                     0x0800986f   Thumb Code    34  os_core.o(.text)
    OS_PendListChangePrio                    0x08009891   Thumb Code    70  os_core.o(.text)
    OS_PendListInit                          0x080098d7   Thumb Code    10  os_core.o(.text)
    OS_PendListInsertHead                    0x080098e1   Thumb Code    32  os_core.o(.text)
    OS_PendObjDel1                           0x08009901   Thumb Code    36  os_core.o(.text)
    OS_PendObjDel                            0x08009925   Thumb Code   162  os_core.o(.text)
    OS_Post1                                 0x080099c7   Thumb Code    42  os_core.o(.text)
    OS_Post                                  0x080099f1   Thumb Code   192  os_core.o(.text)
    OS_SchedRoundRobin                       0x08009ab1   Thumb Code   208  os_core.o(.text)
    OS_Dbg_Init                              0x08009b89   Thumb Code   148  os_dbg.o(.text)
    OS_FlagDbgListAdd                        0x08009d35   Thumb Code    38  os_flag.o(.text)
    OSFlagCreate                             0x08009d5b   Thumb Code   116  os_flag.o(.text)
    OS_FlagClr                               0x08009dcf   Thumb Code    28  os_flag.o(.text)
    OS_FlagDbgListRemove                     0x08009deb   Thumb Code    44  os_flag.o(.text)
    OSFlagDel                                0x08009e17   Thumb Code   306  os_flag.o(.text)
    OS_FlagBlock                             0x08009f49   Thumb Code    58  os_flag.o(.text)
    OSFlagPend                               0x08009f83   Thumb Code  1248  os_flag.o(.text)
    OSFlagPendAbort                          0x0800a463   Thumb Code   236  os_flag.o(.text)
    OSFlagPendGetFlagsRdy                    0x0800a54f   Thumb Code    86  os_flag.o(.text)
    OS_FlagTaskRdy                           0x0800a5a5   Thumb Code    86  os_flag.o(.text)
    OS_FlagPost                              0x0800a5fb   Thumb Code   418  os_flag.o(.text)
    OSFlagPost                               0x0800a79d   Thumb Code   112  os_flag.o(.text)
    OS_FlagInit                              0x0800a80d   Thumb Code    14  os_flag.o(.text)
    OS_MemDbgListAdd                         0x0800a82d   Thumb Code    34  os_mem.o(.text)
    OSMemCreate                              0x0800a84f   Thumb Code   232  os_mem.o(.text)
    OSMemGet                                 0x0800a937   Thumb Code   100  os_mem.o(.text)
    OSMemPut                                 0x0800a99b   Thumb Code   112  os_mem.o(.text)
    OS_MemInit                               0x0800aa0b   Thumb Code    14  os_mem.o(.text)
    OS_MsgPoolInit                           0x0800aa29   Thumb Code   110  os_msg.o(.text)
    OS_MsgQFreeAll                           0x0800aa97   Thumb Code    62  os_msg.o(.text)
    OS_MsgQInit                              0x0800aad5   Thumb Code    14  os_msg.o(.text)
    OS_MsgQGet                               0x0800aae3   Thumb Code    98  os_msg.o(.text)
    OS_MsgQPut                               0x0800ab45   Thumb Code   254  os_msg.o(.text)
    OS_MutexDbgListAdd                       0x0800ac51   Thumb Code    38  os_mutex.o(.text)
    OSMutexCreate                            0x0800ac77   Thumb Code   122  os_mutex.o(.text)
    OS_MutexClr                              0x0800acf1   Thumb Code    38  os_mutex.o(.text)
    OS_MutexDbgListRemove                    0x0800ad17   Thumb Code    44  os_mutex.o(.text)
    OSMutexDel                               0x0800ad43   Thumb Code   442  os_mutex.o(.text)
    OSMutexPend                              0x0800aefd   Thumb Code   618  os_mutex.o(.text)
    OSMutexPendAbort                         0x0800b167   Thumb Code   236  os_mutex.o(.text)
    OSMutexPost                              0x0800b253   Thumb Code   354  os_mutex.o(.text)
    OS_MutexInit                             0x0800b3b5   Thumb Code    14  os_mutex.o(.text)
    OS_PrioInit                              0x0800b3dd   Thumb Code    20  os_prio.o(.text)
    OS_PrioGetHighest                        0x0800b3f1   Thumb Code    36  os_prio.o(.text)
    OS_PrioInsert                            0x0800b415   Thumb Code    32  os_prio.o(.text)
    OS_PrioRemove                            0x0800b435   Thumb Code    32  os_prio.o(.text)
    OS_QDbgListAdd                           0x0800b459   Thumb Code    38  os_q.o(.text)
    OSQCreate                                0x0800b47f   Thumb Code   130  os_q.o(.text)
    OS_QClr                                  0x0800b501   Thumb Code    40  os_q.o(.text)
    OS_QDbgListRemove                        0x0800b529   Thumb Code    44  os_q.o(.text)
    OSQDel                                   0x0800b555   Thumb Code   306  os_q.o(.text)
    OSQFlush                                 0x0800b687   Thumb Code   106  os_q.o(.text)
    OSQPend                                  0x0800b6f1   Thumb Code   484  os_q.o(.text)
    OSQPendAbort                             0x0800b8d5   Thumb Code   236  os_q.o(.text)
    OS_QPost                                 0x0800b9c1   Thumb Code   190  os_q.o(.text)
    OSQPost                                  0x0800ba7f   Thumb Code   144  os_q.o(.text)
    OS_QInit                                 0x0800bb0f   Thumb Code    14  os_q.o(.text)
    OS_SemDbgListAdd                         0x0800bb31   Thumb Code    38  os_sem.o(.text)
    OSSemCreate                              0x0800bb57   Thumb Code   116  os_sem.o(.text)
    OS_SemClr                                0x0800bbcb   Thumb Code    28  os_sem.o(.text)
    OS_SemDbgListRemove                      0x0800bbe7   Thumb Code    44  os_sem.o(.text)
    OSSemDel                                 0x0800bc13   Thumb Code   306  os_sem.o(.text)
    OSSemPend                                0x0800bd45   Thumb Code   406  os_sem.o(.text)
    OSSemPendAbort                           0x0800bedb   Thumb Code   278  os_sem.o(.text)
    OS_SemPost                               0x0800bff1   Thumb Code   294  os_sem.o(.text)
    OSSemPost                                0x0800c117   Thumb Code   108  os_sem.o(.text)
    OSSemSet                                 0x0800c183   Thumb Code   120  os_sem.o(.text)
    OS_SemInit                               0x0800c1fb   Thumb Code    14  os_sem.o(.text)
    OSStatReset                              0x0800c219   Thumb Code   262  os_stat.o(.text)
    OSStatTaskCPUUsageInit                   0x0800c31f   Thumb Code   212  os_stat.o(.text)
    OS_StatTask                              0x0800c3f3   Thumb Code   768  os_stat.o(.text)
    OS_StatTaskInit                          0x0800c6f3   Thumb Code   138  os_stat.o(.text)
    OSTaskChangePrio                         0x0800c7c1   Thumb Code   274  os_task.o(.text)
    OS_TaskDbgListAdd                        0x0800c8d3   Thumb Code    42  os_task.o(.text)
    OS_TaskInitTCB                           0x0800c8fd   Thumb Code   190  os_task.o(.text)
    OSTaskCreate                             0x0800c9bb   Thumb Code   412  os_task.o(.text)
    OS_TaskDbgListRemove                     0x0800cb57   Thumb Code    64  os_task.o(.text)
    OSTaskDel                                0x0800cb97   Thumb Code   324  os_task.o(.text)
    OSTaskQFlush                             0x0800ccdb   Thumb Code   110  os_task.o(.text)
    OSTaskQPend                              0x0800cd49   Thumb Code   458  os_task.o(.text)
    OSTaskQPendAbort                         0x0800cf13   Thumb Code   206  os_task.o(.text)
    OS_TaskQPost                             0x0800cfe1   Thumb Code   220  os_task.o(.text)
    OSTaskQPost                              0x0800d0bd   Thumb Code    82  os_task.o(.text)
    OSTaskRegGet                             0x0800d10f   Thumb Code    78  os_task.o(.text)
    OSTaskRegGetID                           0x0800d15d   Thumb Code    84  os_task.o(.text)
    OSTaskRegSet                             0x0800d1b1   Thumb Code    78  os_task.o(.text)
    OS_TaskResume                            0x0800d1ff   Thumb Code   256  os_task.o(.text)
    OSTaskResume                             0x0800d2ff   Thumb Code    96  os_task.o(.text)
    OSTaskSemPend                            0x0800d35f   Thumb Code   478  os_task.o(.text)
    OSTaskSemPendAbort                       0x0800d53d   Thumb Code   214  os_task.o(.text)
    OS_TaskSemPost                           0x0800d613   Thumb Code   448  os_task.o(.text)
    OSTaskSemPost                            0x0800d7d3   Thumb Code    76  os_task.o(.text)
    OSTaskSemSet                             0x0800d81f   Thumb Code    80  os_task.o(.text)
    OSTaskStkChk                             0x0800d86f   Thumb Code   204  os_task.o(.text)
    OS_TaskSuspend                           0x0800d93b   Thumb Code   272  os_task.o(.text)
    OSTaskSuspend                            0x0800da4b   Thumb Code    48  os_task.o(.text)
    OSTaskTimeQuantaSet                      0x0800da7b   Thumb Code    96  os_task.o(.text)
    OS_TaskInit                              0x0800dadb   Thumb Code    18  os_task.o(.text)
    OS_TaskReturn                            0x0800daed   Thumb Code    20  os_task.o(.text)
    OS_TickListRemove                        0x0800db21   Thumb Code    56  os_tick.o(.text)
    OS_TickListUpdate                        0x0800db59   Thumb Code   376  os_tick.o(.text)
    OS_TickTask                              0x0800dcd1   Thumb Code    38  os_tick.o(.text)
    OS_TickListInit                          0x0800dcf7   Thumb Code    32  os_tick.o(.text)
    OS_TickTaskInit                          0x0800dd17   Thumb Code   130  os_tick.o(.text)
    OS_TickListInsert                        0x0800dd99   Thumb Code   430  os_tick.o(.text)
    OS_TickListResetPeak                     0x0800df47   Thumb Code    94  os_tick.o(.text)
    OSTimeDly                                0x0800dfa5   Thumb Code   182  os_time.o(.text)
    OSTimeDlyHMSM                            0x0800e05b   Thumb Code   394  os_time.o(.text)
    OSTimeDlyResume                          0x0800e1e5   Thumb Code   334  os_time.o(.text)
    OSTimeGet                                0x0800e333   Thumb Code    46  os_time.o(.text)
    OSTimeSet                                0x0800e361   Thumb Code    68  os_time.o(.text)
    OSTimeTick                               0x0800e3a5   Thumb Code    68  os_time.o(.text)
    OS_TmrDbgListAdd                         0x0800e401   Thumb Code    34  os_tmr.o(.text)
    OSTmrCreate                              0x0800e423   Thumb Code   192  os_tmr.o(.text)
    OS_TmrClr                                0x0800e4e3   Thumb Code    36  os_tmr.o(.text)
    OS_TmrUnlink                             0x0800e507   Thumb Code    72  os_tmr.o(.text)
    OS_TmrDbgListRemove                      0x0800e54f   Thumb Code    44  os_tmr.o(.text)
    OSTmrDel                                 0x0800e57b   Thumb Code   182  os_tmr.o(.text)
    OSTmrRemainGet                           0x0800e631   Thumb Code   188  os_tmr.o(.text)
    OS_TmrLink                               0x0800e6ed   Thumb Code   196  os_tmr.o(.text)
    OSTmrStart                               0x0800e7b1   Thumb Code   212  os_tmr.o(.text)
    OSTmrStateGet                            0x0800e885   Thumb Code   134  os_tmr.o(.text)
    OSTmrStop                                0x0800e90b   Thumb Code   246  os_tmr.o(.text)
    OS_TmrTask                               0x0800ea01   Thumb Code   176  os_tmr.o(.text)
    OS_TmrInit                               0x0800eab1   Thumb Code   208  os_tmr.o(.text)
    OS_TmrResetPeak                          0x0800eb81   Thumb Code    28  os_tmr.o(.text)
    Reset_Handler                            0x0800ebf9   Thumb Code     4  cstartup.o(.text)
    App_NMI_ISR                              0x0800ebfd   Thumb Code     2  cstartup.o(.text)
    App_Fault_ISR                            0x0800ebff   Thumb Code     2  cstartup.o(.text)
    App_MemFault_ISR                         0x0800ec01   Thumb Code     2  cstartup.o(.text)
    App_BusFault_ISR                         0x0800ec03   Thumb Code     2  cstartup.o(.text)
    App_UsageFault_ISR                       0x0800ec05   Thumb Code     2  cstartup.o(.text)
    App_Spurious_ISR                         0x0800ec07   Thumb Code     2  cstartup.o(.text)
    App_Reserved_ISR                         0x0800ec09   Thumb Code     2  cstartup.o(.text)
    sys_mbox_new                             0x0800ec11   Thumb Code    40  sys_arch.o(.text)
    sys_mbox_free                            0x0800ec39   Thumb Code    50  sys_arch.o(.text)
    sys_mbox_post                            0x0800ec6b   Thumb Code   100  sys_arch.o(.text)
    sys_mbox_trypost                         0x0800eccf   Thumb Code    42  sys_arch.o(.text)
    sys_arch_mbox_fetch                      0x0800ecf9   Thumb Code   172  sys_arch.o(.text)
    sys_arch_mbox_tryfetch                   0x0800eda5   Thumb Code    18  sys_arch.o(.text)
    sys_mbox_valid                           0x0800edb7   Thumb Code    30  sys_arch.o(.text)
    sys_mbox_set_invalid                     0x0800edd5   Thumb Code    20  sys_arch.o(.text)
    sys_sem_new                              0x0800ede9   Thumb Code    56  sys_arch.o(.text)
    sys_arch_sem_wait                        0x0800ee21   Thumb Code   118  sys_arch.o(.text)
    sys_sem_signal                           0x0800ee97   Thumb Code    42  sys_arch.o(.text)
    sys_sem_free                             0x0800eec1   Thumb Code    46  sys_arch.o(.text)
    sys_sem_valid                            0x0800eeef   Thumb Code    30  sys_arch.o(.text)
    sys_sem_set_invalid                      0x0800ef0d   Thumb Code    20  sys_arch.o(.text)
    sys_init                                 0x0800ef21   Thumb Code     2  sys_arch.o(.text)
    sys_thread_new                           0x0800ef23   Thumb Code   122  sys_arch.o(.text)
    sys_now                                  0x0800ef9d   Thumb Code    30  sys_arch.o(.text)
    rawudp_send_data                         0x0800f0c9   Thumb Code    62  rawudp.o(.text)
    rawudp_recv_callback                     0x0800f107   Thumb Code   160  rawudp.o(.text)
    rawudp_task_create                       0x0800f2b7   Thumb Code   110  rawudp.o(.text)
    rawudp_connection_close                  0x0800f325   Thumb Code    18  rawudp.o(.text)
    dhcp_task_delete                         0x0800f3ad   Thumb Code    18  dhcp.o(.text)
    dhcp_task_create                         0x0800f4d9   Thumb Code   118  dhcp.o(.text)
    lwip_comm_default_ip_set                 0x0800f6a1   Thumb Code    90  lwip_comm_1.o(.text)
    lwip_comm_dev_init                       0x0800f6fb   Thumb Code   128  lwip_comm_1.o(.text)
    lwip_comm_pkt_handle                     0x0800f77b   Thumb Code    10  lwip_comm_1.o(.text)
    tcpip_inpkt                              0x0800f83f   Thumb Code    38  tcpip.o(.text)
    tcpip_input                              0x0800f865   Thumb Code    40  tcpip.o(.text)
    tcpip_callback_with_block                0x0800f88d   Thumb Code   104  tcpip.o(.text)
    tcpip_send_msg_wait_sem                  0x0800f8f5   Thumb Code    30  tcpip.o(.text)
    tcpip_api_call                           0x0800f913   Thumb Code    30  tcpip.o(.text)
    tcpip_callbackmsg_new                    0x0800f931   Thumb Code    32  tcpip.o(.text)
    tcpip_callbackmsg_delete                 0x0800f951   Thumb Code    14  tcpip.o(.text)
    tcpip_trycallback                        0x0800f95f   Thumb Code    44  tcpip.o(.text)
    tcpip_init                               0x0800f98b   Thumb Code   102  tcpip.o(.text)
    pbuf_free_callback                       0x0800f9ff   Thumb Code    16  tcpip.o(.text)
    mem_free_callback                        0x0800fa0f   Thumb Code    16  tcpip.o(.text)
    ethernet_input                           0x0800fb0d   Thumb Code   196  ethernet.o(.text)
    ethernet_output                          0x0800fbd1   Thumb Code   112  ethernet.o(.text)
    ethernetif_input                         0x0800fdcb   Thumb Code    36  ethernetif.o(.text)
    ethernetif_init                          0x0800fdef   Thumb Code    82  ethernetif.o(.text)
    lwip_htons                               0x0800feb5   Thumb Code    12  def.o(.text)
    lwip_htonl                               0x0800fec1   Thumb Code    26  def.o(.text)
    lwip_strnstr                             0x0800fedb   Thumb Code    74  def.o(.text)
    lwip_stricmp                             0x0800ff25   Thumb Code    60  def.o(.text)
    lwip_strnicmp                            0x0800ff61   Thumb Code    70  def.o(.text)
    lwip_itoa                                0x0800ffa7   Thumb Code    98  def.o(.text)
    lwip_standard_chksum                     0x0801000d   Thumb Code    94  inet_chksum.o(.text)
    inet_chksum_pseudo                       0x080100e9   Thumb Code    76  inet_chksum.o(.text)
    ip_chksum_pseudo                         0x08010135   Thumb Code    36  inet_chksum.o(.text)
    inet_chksum_pseudo_partial               0x08010205   Thumb Code    80  inet_chksum.o(.text)
    ip_chksum_pseudo_partial                 0x08010255   Thumb Code    36  inet_chksum.o(.text)
    inet_chksum                              0x08010279   Thumb Code    20  inet_chksum.o(.text)
    inet_chksum_pbuf                         0x0801028d   Thumb Code    82  inet_chksum.o(.text)
    lwip_init                                0x08010335   Thumb Code    68  init.o(.text)
    mem_init                                 0x0801049f   Thumb Code   108  mem.o(.text)
    mem_free                                 0x0801050b   Thumb Code   174  mem.o(.text)
    mem_trim                                 0x080105b9   Thumb Code   334  mem.o(.text)
    mem_malloc                               0x08010707   Thumb Code   778  mem.o(.text)
    mem_calloc                               0x08010a11   Thumb Code    34  mem.o(.text)
    memp_init_pool                           0x08010ae5   Thumb Code    44  memp.o(.text)
    memp_init                                0x08010b11   Thumb Code    26  memp.o(.text)
    memp_malloc_pool                         0x08010b73   Thumb Code    42  memp.o(.text)
    memp_malloc                              0x08010b9d   Thumb Code    50  memp.o(.text)
    memp_free_pool                           0x08010c0f   Thumb Code    48  memp.o(.text)
    memp_free                                0x08010c3f   Thumb Code    54  memp.o(.text)
    netif_init                               0x08010d4d   Thumb Code     2  netif.o(.text)
    netif_input                              0x08010d4f   Thumb Code    36  netif.o(.text)
    netif_set_ipaddr                         0x08010d97   Thumb Code    72  netif.o(.text)
    netif_set_gw                             0x08010ddf   Thumb Code    12  netif.o(.text)
    netif_set_netmask                        0x08010deb   Thumb Code    12  netif.o(.text)
    netif_set_addr                           0x08010df7   Thumb Code    72  netif.o(.text)
    netif_add                                0x08010e3f   Thumb Code   126  netif.o(.text)
    netif_set_default                        0x08010ebd   Thumb Code     6  netif.o(.text)
    netif_set_down                           0x08010ec3   Thumb Code    42  netif.o(.text)
    netif_remove                             0x08010eed   Thumb Code   110  netif.o(.text)
    netif_find                               0x08010f5b   Thumb Code    64  netif.o(.text)
    netif_set_up                             0x08010f9b   Thumb Code    44  netif.o(.text)
    netif_set_link_up                        0x08010fc7   Thumb Code    52  netif.o(.text)
    netif_set_link_down                      0x08010ffb   Thumb Code    24  netif.o(.text)
    pbuf_free                                0x08011081   Thumb Code   254  pbuf.o(.text)
    pbuf_alloc                               0x0801117f   Thumb Code   660  pbuf.o(.text)
    pbuf_alloced_custom                      0x08011413   Thumb Code   660  pbuf.o(.text)
    pbuf_realloc                             0x080116a7   Thumb Code   276  pbuf.o(.text)
    pbuf_header                              0x0801189d   Thumb Code    18  pbuf.o(.text)
    pbuf_header_force                        0x080118af   Thumb Code    18  pbuf.o(.text)
    pbuf_clen                                0x080118c1   Thumb Code    18  pbuf.o(.text)
    pbuf_ref                                 0x080118d3   Thumb Code    64  pbuf.o(.text)
    pbuf_cat                                 0x08011913   Thumb Code   138  pbuf.o(.text)
    pbuf_chain                               0x0801199d   Thumb Code    22  pbuf.o(.text)
    pbuf_dechain                             0x080119b3   Thumb Code   122  pbuf.o(.text)
    pbuf_copy                                0x08011a2d   Thumb Code   764  pbuf.o(.text)
    pbuf_copy_partial                        0x08011d29   Thumb Code   190  pbuf.o(.text)
    pbuf_skip                                0x08011e09   Thumb Code    28  pbuf.o(.text)
    pbuf_take                                0x08011e25   Thumb Code   260  pbuf.o(.text)
    pbuf_take_at                             0x08011f29   Thumb Code   118  pbuf.o(.text)
    pbuf_coalesce                            0x08011f9f   Thumb Code    84  pbuf.o(.text)
    pbuf_try_get_at                          0x08011ff3   Thumb Code    46  pbuf.o(.text)
    pbuf_get_at                              0x08012021   Thumb Code   364  pbuf.o(.text)
    pbuf_put_at                              0x0801218d   Thumb Code    42  pbuf.o(.text)
    pbuf_memcmp                              0x080121b7   Thumb Code    98  pbuf.o(.text)
    pbuf_memfind                             0x08012219   Thumb Code    72  pbuf.o(.text)
    pbuf_strstr                              0x08012261   Thumb Code    60  pbuf.o(.text)
    tcp_init                                 0x0801229d   Thumb Code     2  tcp.o(.text)
    tcp_seg_free                             0x0801229f   Thumb Code    26  tcp.o(.text)
    tcp_segs_free                            0x080122b9   Thumb Code    24  tcp.o(.text)
    tcp_pcb_purge                            0x080122d1   Thumb Code    64  tcp.o(.text)
    tcp_slowtmr                              0x08012311   Thumb Code  1416  tcp.o(.text)
    tcp_pcb_remove                           0x0801291d   Thumb Code   172  tcp.o(.text)
    tcp_close                                0x08012ba3   Thumb Code    28  tcp.o(.text)
    tcp_update_rcv_ann_wnd                   0x08012bbf   Thumb Code   334  tcp.o(.text)
    tcp_recved                               0x08012d0d   Thumb Code   148  tcp.o(.text)
    tcp_recv_null                            0x08012da1   Thumb Code    46  tcp.o(.text)
    tcp_process_refused_data                 0x08012dcf   Thumb Code   146  tcp.o(.text)
    tcp_fasttmr                              0x08012e61   Thumb Code   130  tcp.o(.text)
    tcp_tmr                                  0x08012ee3   Thumb Code    30  tcp.o(.text)
    tcp_shutdown                             0x08012f01   Thumb Code    98  tcp.o(.text)
    tcp_abandon                              0x08012f63   Thumb Code   248  tcp.o(.text)
    tcp_abort                                0x0801305b   Thumb Code    14  tcp.o(.text)
    tcp_bind                                 0x080130c9   Thumb Code   380  tcp.o(.text)
    tcp_listen_with_backlog_and_err          0x08013259   Thumb Code   214  tcp.o(.text)
    tcp_listen_with_backlog                  0x0801332f   Thumb Code    18  tcp.o(.text)
    tcp_eff_send_mss_impl                    0x08013341   Thumb Code    58  tcp.o(.text)
    tcp_next_iss                             0x0801337b   Thumb Code    22  tcp.o(.text)
    tcp_connect                              0x08013391   Thumb Code   340  tcp.o(.text)
    tcp_txnow                                0x080134e5   Thumb Code    30  tcp.o(.text)
    tcp_setprio                              0x08013503   Thumb Code     4  tcp.o(.text)
    tcp_alloc                                0x0801369b   Thumb Code   168  tcp.o(.text)
    tcp_new                                  0x08013743   Thumb Code    10  tcp.o(.text)
    tcp_new_ip_type                          0x0801374d   Thumb Code    16  tcp.o(.text)
    tcp_arg                                  0x0801375d   Thumb Code     6  tcp.o(.text)
    tcp_recv                                 0x08013763   Thumb Code    44  tcp.o(.text)
    tcp_sent                                 0x0801378f   Thumb Code    44  tcp.o(.text)
    tcp_err                                  0x080137bb   Thumb Code    46  tcp.o(.text)
    tcp_accept                               0x080137e9   Thumb Code    16  tcp.o(.text)
    tcp_poll                                 0x080137f9   Thumb Code    46  tcp.o(.text)
    tcp_netif_ip_addr_changed                0x08013851   Thumb Code    70  tcp.o(.text)
    tcp_debug_state_str                      0x08013897   Thumb Code    10  tcp.o(.text)
    tcp_input                                0x08014b69   Thumb Code  1878  tcp_in.o(.text)
    tcp_trigger_input_pcb_close              0x080152bf   Thumb Code    14  tcp_in.o(.text)
    tcp_enqueue_flags                        0x08015487   Thumb Code   394  tcp_out.o(.text)
    tcp_send_fin                             0x08015611   Thumb Code    74  tcp_out.o(.text)
    tcp_write                                0x080158e7   Thumb Code  1900  tcp_out.o(.text)
    tcp_send_empty_ack                       0x08016053   Thumb Code   142  tcp_out.o(.text)
    tcp_output                               0x080161b7   Thumb Code   862  tcp_out.o(.text)
    tcp_rst                                  0x08016515   Thumb Code   182  tcp_out.o(.text)
    tcp_rexmit_rto                           0x080165cb   Thumb Code    66  tcp_out.o(.text)
    tcp_rexmit                               0x0801660d   Thumb Code    98  tcp_out.o(.text)
    tcp_rexmit_fast                          0x0801666f   Thumb Code   110  tcp_out.o(.text)
    tcp_keepalive                            0x080166dd   Thumb Code   114  tcp_out.o(.text)
    tcp_zero_window_probe                    0x0801674f   Thumb Code   264  tcp_out.o(.text)
    sys_timeout                              0x08016859   Thumb Code   226  timeouts.o(.text)
    tcp_timer_needed                         0x08016963   Thumb Code    38  timeouts.o(.text)
    sys_timeouts_init                        0x0801699f   Thumb Code    38  timeouts.o(.text)
    sys_untimeout                            0x080169c5   Thumb Code    90  timeouts.o(.text)
    sys_restart_timeouts                     0x08016a91   Thumb Code    12  timeouts.o(.text)
    sys_timeouts_mbox_fetch                  0x08016acd   Thumb Code    58  timeouts.o(.text)
    udp_init                                 0x08016bb1   Thumb Code     2  udp.o(.text)
    udp_input                                0x08016c45   Thumb Code   362  udp.o(.text)
    udp_bind                                 0x08016daf   Thumb Code   138  udp.o(.text)
    udp_sendto_if_src                        0x08016e39   Thumb Code   256  udp.o(.text)
    udp_sendto_if                            0x08016f39   Thumb Code    82  udp.o(.text)
    udp_sendto                               0x08016f8b   Thumb Code   210  udp.o(.text)
    udp_send                                 0x0801705d   Thumb Code    30  udp.o(.text)
    udp_connect                              0x0801707b   Thumb Code   104  udp.o(.text)
    udp_disconnect                           0x080170e3   Thumb Code    16  udp.o(.text)
    udp_recv                                 0x080170f3   Thumb Code     6  udp.o(.text)
    udp_remove                               0x080170f9   Thumb Code    64  udp.o(.text)
    udp_new                                  0x08017139   Thumb Code    28  udp.o(.text)
    udp_new_ip_type                          0x08017155   Thumb Code    14  udp.o(.text)
    udp_netif_ip_addr_changed                0x08017163   Thumb Code    42  udp.o(.text)
    dhcp_renew                               0x0801830d   Thumb Code   178  dhcp_2.o(.text)
    dhcp_supplied_address                    0x080184f9   Thumb Code    40  dhcp_2.o(.text)
    dhcp_release                             0x08018521   Thumb Code   162  dhcp_2.o(.text)
    dhcp_coarse_tmr                          0x080185c3   Thumb Code   100  dhcp_2.o(.text)
    dhcp_fine_tmr                            0x080187d3   Thumb Code    54  dhcp_2.o(.text)
    dhcp_set_struct                          0x08018809   Thumb Code    98  dhcp_2.o(.text)
    dhcp_cleanup                             0x0801886b   Thumb Code    46  dhcp_2.o(.text)
    dhcp_stop                                0x08018899   Thumb Code    92  dhcp_2.o(.text)
    dhcp_start                               0x080188f5   Thumb Code   230  dhcp_2.o(.text)
    dhcp_inform                              0x080189db   Thumb Code   144  dhcp_2.o(.text)
    dhcp_network_changed                     0x08018a6b   Thumb Code    74  dhcp_2.o(.text)
    dhcp_arp_reply                           0x08018bf3   Thumb Code    64  dhcp_2.o(.text)
    etharp_request                           0x08018d83   Thumb Code    18  etharp.o(.text)
    etharp_tmr                               0x08018d95   Thumb Code   216  etharp.o(.text)
    etharp_cleanup_netif                     0x08019239   Thumb Code    52  etharp.o(.text)
    etharp_find_addr                         0x0801926d   Thumb Code   110  etharp.o(.text)
    etharp_get_entry                         0x080192db   Thumb Code   164  etharp.o(.text)
    etharp_input                             0x0801937f   Thumb Code   214  etharp.o(.text)
    etharp_query                             0x080195f9   Thumb Code   472  etharp.o(.text)
    etharp_output                            0x080197d1   Thumb Code   376  etharp.o(.text)
    icmp_input                               0x080199a5   Thumb Code   470  icmp.o(.text)
    icmp_dest_unreach                        0x08019c11   Thumb Code    18  icmp.o(.text)
    icmp_time_exceeded                       0x08019c23   Thumb Code    18  icmp.o(.text)
    ip4_route                                0x08019d19   Thumb Code   134  ip4.o(.text)
    ip4_input                                0x08019d9f   Thumb Code   510  ip4.o(.text)
    ip4_output_if_src                        0x08019f9d   Thumb Code   336  ip4.o(.text)
    ip4_output_if                            0x0801a0ed   Thumb Code   206  ip4.o(.text)
    ip4_output                               0x0801a1bb   Thumb Code    86  ip4.o(.text)
    ip4_addr_isbroadcast_u32                 0x0801a211   Thumb Code    78  ip4_addr.o(.text)
    ip4_addr_netmask_valid                   0x0801a25f   Thumb Code    56  ip4_addr.o(.text)
    ip4addr_aton                             0x0801a297   Thumb Code   414  ip4_addr.o(.text)
    ipaddr_addr                              0x0801a435   Thumb Code    24  ip4_addr.o(.text)
    ip4addr_ntoa_r                           0x0801a44d   Thumb Code   168  ip4_addr.o(.text)
    ip4addr_ntoa                             0x0801a4f5   Thumb Code    16  ip4_addr.o(.text)
    ip_reass_tmr                             0x0801a6af   Thumb Code    48  ip4_frag.o(.text)
    ip4_reass                                0x0801aae9   Thumb Code   474  ip4_frag.o(.text)
    ip4_frag                                 0x0801ad49   Thumb Code   716  ip4_frag.o(.text)
    __aeabi_memcpy                           0x0801b019   Thumb Code    36  memcpya.o(.text)
    __aeabi_memcpy4                          0x0801b019   Thumb Code     0  memcpya.o(.text)
    __aeabi_memcpy8                          0x0801b019   Thumb Code     0  memcpya.o(.text)
    __aeabi_memset                           0x0801b03d   Thumb Code    14  memseta.o(.text)
    __aeabi_memset4                          0x0801b03d   Thumb Code     0  memseta.o(.text)
    __aeabi_memset8                          0x0801b03d   Thumb Code     0  memseta.o(.text)
    __aeabi_memclr                           0x0801b04b   Thumb Code     4  memseta.o(.text)
    __aeabi_memclr4                          0x0801b04b   Thumb Code     0  memseta.o(.text)
    __aeabi_memclr8                          0x0801b04b   Thumb Code     0  memseta.o(.text)
    _memset$wrapper                          0x0801b04f   Thumb Code    18  memseta.o(.text)
    strlen                                   0x0801b061   Thumb Code    14  strlen.o(.text)
    strcmp                                   0x0801b06f   Thumb Code    28  strcmp.o(.text)
    memcmp                                   0x0801b08b   Thumb Code    26  memcmp.o(.text)
    strncmp                                  0x0801b0a5   Thumb Code    30  strncmp.o(.text)
    __aeabi_uidiv                            0x0801b0c3   Thumb Code     0  uidiv.o(.text)
    __aeabi_uidivmod                         0x0801b0c3   Thumb Code    44  uidiv.o(.text)
    __scatterload                            0x0801b0f1   Thumb Code    28  init.o(.text)
    __scatterload_rt2                        0x0801b0f1   Thumb Code     0  init.o(.text)
    __I$use$semihosting$fputc                0x0801b115   Thumb Code     0  iusesemip.o(.text)
    __decompress                             0x0801b115   Thumb Code     0  __dczerorl2.o(.text)
    __decompress1                            0x0801b115   Thumb Code    86  __dczerorl2.o(.text)
    __semihosting_library_function           0x0801b115   Thumb Code     0  semi.o(.text)
    OSStartHighRdy                           0x0801b16d   Thumb Code     0  os_cpu_a.o(CODE)
    OS_CPU_PendSVHandler                     0x0801b18f   Thumb Code     0  os_cpu_a.o(CODE)
    __0printf$3                              0x0801b1f1   Thumb Code    22  printf3.o(i.__0printf$3)
    __1printf$3                              0x0801b1f1   Thumb Code     0  printf3.o(i.__0printf$3)
    __2printf                                0x0801b1f1   Thumb Code     0  printf3.o(i.__0printf$3)
    __0sprintf$3                             0x0801b211   Thumb Code    34  printf3.o(i.__0sprintf$3)
    __1sprintf$3                             0x0801b211   Thumb Code     0  printf3.o(i.__0sprintf$3)
    __2sprintf                               0x0801b211   Thumb Code     0  printf3.o(i.__0sprintf$3)
    __scatterload_copy                       0x0801b239   Thumb Code    14  handlers.o(i.__scatterload_copy)
    __scatterload_null                       0x0801b247   Thumb Code     2  handlers.o(i.__scatterload_null)
    __scatterload_zeroinit                   0x0801b249   Thumb Code    14  handlers.o(i.__scatterload_zeroinit)
    fputc                                    0x0801b41b   Thumb Code    18  fputc.o(i.fputc)
    free                                     0x0801b42d   Thumb Code    76  malloc.o(i.free)
    malloc                                   0x0801b47d   Thumb Code    92  malloc.o(i.malloc)
    crc_table                                0x0801b4e8   Data         512  protocol.o(.constdata)
    OSCfg_IdleTaskStkBasePtr                 0x0801b87c   Data           4  os_cfg_app.o(.constdata)
    OSCfg_IdleTaskStkLimit                   0x0801b880   Data           4  os_cfg_app.o(.constdata)
    OSCfg_IdleTaskStkSize                    0x0801b884   Data           4  os_cfg_app.o(.constdata)
    OSCfg_IdleTaskStkSizeRAM                 0x0801b888   Data           4  os_cfg_app.o(.constdata)
    OSCfg_IntQBasePtr                        0x0801b88c   Data           4  os_cfg_app.o(.constdata)
    OSCfg_IntQSize                           0x0801b890   Data           2  os_cfg_app.o(.constdata)
    OSCfg_IntQSizeRAM                        0x0801b894   Data           4  os_cfg_app.o(.constdata)
    OSCfg_IntQTaskStkBasePtr                 0x0801b898   Data           4  os_cfg_app.o(.constdata)
    OSCfg_IntQTaskStkLimit                   0x0801b89c   Data           4  os_cfg_app.o(.constdata)
    OSCfg_IntQTaskStkSize                    0x0801b8a0   Data           4  os_cfg_app.o(.constdata)
    OSCfg_IntQTaskStkSizeRAM                 0x0801b8a4   Data           4  os_cfg_app.o(.constdata)
    OSCfg_ISRStkBasePtr                      0x0801b8a8   Data           4  os_cfg_app.o(.constdata)
    OSCfg_ISRStkSize                         0x0801b8ac   Data           4  os_cfg_app.o(.constdata)
    OSCfg_ISRStkSizeRAM                      0x0801b8b0   Data           4  os_cfg_app.o(.constdata)
    OSCfg_MsgPoolSize                        0x0801b8b4   Data           2  os_cfg_app.o(.constdata)
    OSCfg_MsgPoolSizeRAM                     0x0801b8b8   Data           4  os_cfg_app.o(.constdata)
    OSCfg_MsgPoolBasePtr                     0x0801b8bc   Data           4  os_cfg_app.o(.constdata)
    OSCfg_StatTaskPrio                       0x0801b8c0   Data           1  os_cfg_app.o(.constdata)
    OSCfg_StatTaskRate_Hz                    0x0801b8c4   Data           4  os_cfg_app.o(.constdata)
    OSCfg_StatTaskStkBasePtr                 0x0801b8c8   Data           4  os_cfg_app.o(.constdata)
    OSCfg_StatTaskStkLimit                   0x0801b8cc   Data           4  os_cfg_app.o(.constdata)
    OSCfg_StatTaskStkSize                    0x0801b8d0   Data           4  os_cfg_app.o(.constdata)
    OSCfg_StatTaskStkSizeRAM                 0x0801b8d4   Data           4  os_cfg_app.o(.constdata)
    OSCfg_StkSizeMin                         0x0801b8d8   Data           4  os_cfg_app.o(.constdata)
    OSCfg_TickRate_Hz                        0x0801b8dc   Data           4  os_cfg_app.o(.constdata)
    OSCfg_TickTaskPrio                       0x0801b8e0   Data           1  os_cfg_app.o(.constdata)
    OSCfg_TickTaskStkBasePtr                 0x0801b8e4   Data           4  os_cfg_app.o(.constdata)
    OSCfg_TickTaskStkLimit                   0x0801b8e8   Data           4  os_cfg_app.o(.constdata)
    OSCfg_TickTaskStkSize                    0x0801b8ec   Data           4  os_cfg_app.o(.constdata)
    OSCfg_TickTaskStkSizeRAM                 0x0801b8f0   Data           4  os_cfg_app.o(.constdata)
    OSCfg_TickWheelSize                      0x0801b8f4   Data           2  os_cfg_app.o(.constdata)
    OSCfg_TickWheelSizeRAM                   0x0801b8f8   Data           4  os_cfg_app.o(.constdata)
    OSCfg_TmrTaskPrio                        0x0801b8fc   Data           1  os_cfg_app.o(.constdata)
    OSCfg_TmrTaskRate_Hz                     0x0801b900   Data           4  os_cfg_app.o(.constdata)
    OSCfg_TmrTaskStkBasePtr                  0x0801b904   Data           4  os_cfg_app.o(.constdata)
    OSCfg_TmrTaskStkLimit                    0x0801b908   Data           4  os_cfg_app.o(.constdata)
    OSCfg_TmrTaskStkSize                     0x0801b90c   Data           4  os_cfg_app.o(.constdata)
    OSCfg_TmrTaskStkSizeRAM                  0x0801b910   Data           4  os_cfg_app.o(.constdata)
    OSCfg_TmrWheelSize                       0x0801b914   Data           2  os_cfg_app.o(.constdata)
    OSCfg_TmrWheelSizeRAM                    0x0801b918   Data           4  os_cfg_app.o(.constdata)
    OSCfg_DataSizeRAM                        0x0801b91c   Data           4  os_cfg_app.o(.constdata)
    OSDbg_DbgEn                              0x0801b920   Data           1  os_dbg.o(.constdata)
    OSDbg_ArgChkEn                           0x0801b921   Data           1  os_dbg.o(.constdata)
    OSDbg_AppHooksEn                         0x0801b922   Data           1  os_dbg.o(.constdata)
    OSDbg_EndiannessTest                     0x0801b924   Data           4  os_dbg.o(.constdata)
    OSDbg_CalledFromISRChkEn                 0x0801b928   Data           1  os_dbg.o(.constdata)
    OSDbg_FlagEn                             0x0801b929   Data           1  os_dbg.o(.constdata)
    OSDbg_FlagGrp                            0x0801b92c   Data          40  os_dbg.o(.constdata)
    OSDbg_FlagDelEn                          0x0801b954   Data           1  os_dbg.o(.constdata)
    OSDbg_FlagModeClrEn                      0x0801b955   Data           1  os_dbg.o(.constdata)
    OSDbg_FlagPendAbortEn                    0x0801b956   Data           1  os_dbg.o(.constdata)
    OSDbg_FlagGrpSize                        0x0801b958   Data           2  os_dbg.o(.constdata)
    OSDbg_FlagWidth                          0x0801b95a   Data           2  os_dbg.o(.constdata)
    OSDbg_IntQ                               0x0801b95c   Data           2  os_dbg.o(.constdata)
    OSDbg_ISRPostDeferredEn                  0x0801b95e   Data           1  os_dbg.o(.constdata)
    OSDbg_Mem                                0x0801b960   Data          32  os_dbg.o(.constdata)
    OSDbg_MemEn                              0x0801b980   Data           1  os_dbg.o(.constdata)
    OSDbg_MemSize                            0x0801b982   Data           2  os_dbg.o(.constdata)
    OSDbg_MsgEn                              0x0801b984   Data           1  os_dbg.o(.constdata)
    OSDbg_MsgSize                            0x0801b986   Data           2  os_dbg.o(.constdata)
    OSDbg_MsgPoolSize                        0x0801b988   Data           2  os_dbg.o(.constdata)
    OSDbg_MsgQSize                           0x0801b98a   Data           2  os_dbg.o(.constdata)
    OSDbg_Mutex                              0x0801b98c   Data          44  os_dbg.o(.constdata)
    OSDbg_MutexEn                            0x0801b9b8   Data           1  os_dbg.o(.constdata)
    OSDbg_MutexDelEn                         0x0801b9b9   Data           1  os_dbg.o(.constdata)
    OSDbg_MutexPendAbortEn                   0x0801b9ba   Data           1  os_dbg.o(.constdata)
    OSDbg_MutexSize                          0x0801b9bc   Data           2  os_dbg.o(.constdata)
    OSDbg_ObjTypeChkEn                       0x0801b9be   Data           1  os_dbg.o(.constdata)
    OSDbg_PendMultiEn                        0x0801b9bf   Data           1  os_dbg.o(.constdata)
    OSDbg_PendDataSize                       0x0801b9c0   Data           2  os_dbg.o(.constdata)
    OSDbg_PendListSize                       0x0801b9c2   Data           2  os_dbg.o(.constdata)
    OSDbg_PendObjSize                        0x0801b9c4   Data           2  os_dbg.o(.constdata)
    OSDbg_PrioMax                            0x0801b9c6   Data           2  os_dbg.o(.constdata)
    OSDbg_PrioTblSize                        0x0801b9c8   Data           2  os_dbg.o(.constdata)
    OSDbg_PtrSize                            0x0801b9ca   Data           2  os_dbg.o(.constdata)
    OSDbg_Q                                  0x0801b9cc   Data          48  os_dbg.o(.constdata)
    OSDbg_QEn                                0x0801b9fc   Data           1  os_dbg.o(.constdata)
    OSDbg_QDelEn                             0x0801b9fd   Data           1  os_dbg.o(.constdata)
    OSDbg_QFlushEn                           0x0801b9fe   Data           1  os_dbg.o(.constdata)
    OSDbg_QPendAbortEn                       0x0801b9ff   Data           1  os_dbg.o(.constdata)
    OSDbg_QSize                              0x0801ba00   Data           2  os_dbg.o(.constdata)
    OSDbg_SchedRoundRobinEn                  0x0801ba02   Data           1  os_dbg.o(.constdata)
    OSDbg_Sem                                0x0801ba04   Data          40  os_dbg.o(.constdata)
    OSDbg_SemEn                              0x0801ba2c   Data           1  os_dbg.o(.constdata)
    OSDbg_SemDelEn                           0x0801ba2d   Data           1  os_dbg.o(.constdata)
    OSDbg_SemPendAbortEn                     0x0801ba2e   Data           1  os_dbg.o(.constdata)
    OSDbg_SemSetEn                           0x0801ba2f   Data           1  os_dbg.o(.constdata)
    OSDbg_SemSize                            0x0801ba30   Data           2  os_dbg.o(.constdata)
    OSDbg_RdyList                            0x0801ba32   Data           2  os_dbg.o(.constdata)
    OSDbg_RdyListSize                        0x0801ba34   Data           4  os_dbg.o(.constdata)
    OSDbg_StkWidth                           0x0801ba38   Data           1  os_dbg.o(.constdata)
    OSDbg_StatTaskEn                         0x0801ba39   Data           1  os_dbg.o(.constdata)
    OSDbg_StatTaskStkChkEn                   0x0801ba3a   Data           1  os_dbg.o(.constdata)
    OSDbg_TaskChangePrioEn                   0x0801ba3b   Data           1  os_dbg.o(.constdata)
    OSDbg_TaskDelEn                          0x0801ba3c   Data           1  os_dbg.o(.constdata)
    OSDbg_TaskQEn                            0x0801ba3d   Data           1  os_dbg.o(.constdata)
    OSDbg_TaskQPendAbortEn                   0x0801ba3e   Data           1  os_dbg.o(.constdata)
    OSDbg_TaskProfileEn                      0x0801ba3f   Data           1  os_dbg.o(.constdata)
    OSDbg_TaskRegTblSize                     0x0801ba40   Data           2  os_dbg.o(.constdata)
    OSDbg_TaskSemPendAbortEn                 0x0801ba42   Data           1  os_dbg.o(.constdata)
    OSDbg_TaskSuspendEn                      0x0801ba43   Data           1  os_dbg.o(.constdata)
    OSDbg_TCBSize                            0x0801ba44   Data           2  os_dbg.o(.constdata)
    OSDbg_TickSpokeSize                      0x0801ba46   Data           2  os_dbg.o(.constdata)
    OSDbg_TimeDlyHMSMEn                      0x0801ba48   Data           1  os_dbg.o(.constdata)
    OSDbg_TimeDlyResumeEn                    0x0801ba49   Data           1  os_dbg.o(.constdata)
    OSDbg_TLS_TblSize                        0x0801ba4a   Data           2  os_dbg.o(.constdata)
    OSDbg_Tmr                                0x0801ba4c   Data          52  os_dbg.o(.constdata)
    OSDbg_TmrEn                              0x0801ba80   Data           1  os_dbg.o(.constdata)
    OSDbg_TmrDelEn                           0x0801ba81   Data           1  os_dbg.o(.constdata)
    OSDbg_TmrSize                            0x0801ba82   Data           2  os_dbg.o(.constdata)
    OSDbg_TmrSpokeSize                       0x0801ba84   Data           2  os_dbg.o(.constdata)
    OSDbg_VersionNbr                         0x0801ba86   Data           2  os_dbg.o(.constdata)
    OSDbg_DataSize                           0x0801ba88   Data           4  os_dbg.o(.constdata)
    pvNullPointer                            0x0801ba8c   Data           4  sys_arch.o(.constdata)
    ethbroadcast                             0x0801ba90   Data           6  ethernet.o(.constdata)
    ethzero                                  0x0801ba96   Data           6  ethernet.o(.constdata)
    memp_UDP_PCB                             0x0801ba9c   Data          12  memp.o(.constdata)
    memp_TCP_PCB                             0x0801baa8   Data          12  memp.o(.constdata)
    memp_TCP_PCB_LISTEN                      0x0801bab4   Data          12  memp.o(.constdata)
    memp_TCP_SEG                             0x0801bac0   Data          12  memp.o(.constdata)
    memp_REASSDATA                           0x0801bacc   Data          12  memp.o(.constdata)
    memp_FRAG_PBUF                           0x0801bad8   Data          12  memp.o(.constdata)
    memp_NETBUF                              0x0801bae4   Data          12  memp.o(.constdata)
    memp_NETCONN                             0x0801baf0   Data          12  memp.o(.constdata)
    memp_TCPIP_MSG_API                       0x0801bafc   Data          12  memp.o(.constdata)
    memp_SYS_TIMEOUT                         0x0801bb08   Data          12  memp.o(.constdata)
    memp_PBUF                                0x0801bb14   Data          12  memp.o(.constdata)
    memp_PBUF_POOL                           0x0801bb20   Data          12  memp.o(.constdata)
    memp_pools                               0x0801bb2c   Data          48  memp.o(.constdata)
    tcp_pcb_lists                            0x0801bb9c   Data          16  tcp.o(.constdata)
    lwip_cyclic_timers                       0x0801bbac   Data          40  timeouts.o(.constdata)
    ip_addr_any                              0x0801bbd4   Data           4  ip4_addr.o(.constdata)
    ip_addr_broadcast                        0x0801bbd8   Data           4  ip4_addr.o(.constdata)
    Region$$Table$$Base                      0x0801be08   Number         0  anon$$obj.o(Region$$Table)
    Region$$Table$$Limit                     0x0801be28   Number         0  anon$$obj.o(Region$$Table)
    SystemCoreClock                          0x20000000   Data           4  system_stm32f2xx.o(.data)
    AHBPrescTable                            0x20000004   Data          16  system_stm32f2xx.o(.data)
    heart_time_cnt                           0x20000014   Data           4  protocol.o(.data)
    usart3_buff                              0x20000018   Data           4  usart.o(.data)
    gprs_rx_buff                             0x2000001c   Data           4  usart.o(.data)
    usart5_buff                              0x20000020   Data           4  usart.o(.data)
    usart2_rx_status                         0x20000024   Data           2  usart.o(.data)
    gprs_err_cnt                             0x20000026   Data           1  gprs.o(.data)
    gprs_status                              0x20000027   Data           1  gprs.o(.data)
    gprs_rx_cnt                              0x20000028   Data           2  gprs.o(.data)
    gprs_send_at_flag                        0x2000002a   Data           1  gprs.o(.data)
    gprs_rx_flag                             0x2000002b   Data           1  gprs.o(.data)
    g_timeout_cnt                            0x20000030   Data           4  timer.o(.data)
    time_heart_ms                            0x20000034   Data           4  timer.o(.data)
    time_ms                                  0x20000038   Data           4  timer.o(.data)
    time_second                              0x2000003c   Data           1  timer.o(.data)
    time_minute                              0x2000003d   Data           1  timer.o(.data)
    time_hour                                0x2000003e   Data           1  timer.o(.data)
    DMATxDescToSet                           0x20000040   Data           4  stm32f2x7_eth.o(.data)
    DMARxDescToGet                           0x20000044   Data           4  stm32f2x7_eth.o(.data)
    DMA_RX_FRAME_infos                       0x20000048   Data           4  stm32f2x7_eth.o(.data)
    Frame_Rx_index                           0x2000004c   Data           4  stm32f2x7_eth.o(.data)
    Mem_PoolTbl                              0x20000060   Data           4  lib_mem.o(.data)
    CPU_TS_TmrFreq_Hz                        0x20000064   Data           4  cpu_core.o(.data)
    OS_CPU_ExceptStkBase                     0x20000068   Data           4  os_cpu_c.o(.data)
    OSPrioTbl                                0x2000006c   Data           8  os_prio.o(.data)
    OS_AppTaskCreateHookPtr                  0x20000074   Data           4  os_var.o(.data)
    OS_AppTaskDelHookPtr                     0x20000078   Data           4  os_var.o(.data)
    OS_AppTaskReturnHookPtr                  0x2000007c   Data           4  os_var.o(.data)
    OS_AppIdleTaskHookPtr                    0x20000080   Data           4  os_var.o(.data)
    OS_AppStatTaskHookPtr                    0x20000084   Data           4  os_var.o(.data)
    OS_AppTaskSwHookPtr                      0x20000088   Data           4  os_var.o(.data)
    OS_AppTimeTickHookPtr                    0x2000008c   Data           4  os_var.o(.data)
    OSIdleTaskCtr                            0x20000090   Data           4  os_var.o(.data)
    OSIntNestingCtr                          0x20000094   Data           1  os_var.o(.data)
    OSRunning                                0x20000095   Data           1  os_var.o(.data)
    OSFlagDbgListPtr                         0x20000098   Data           4  os_var.o(.data)
    OSFlagQty                                0x2000009c   Data           2  os_var.o(.data)
    OSMemDbgListPtr                          0x200000a0   Data           4  os_var.o(.data)
    OSMemQty                                 0x200000a4   Data           2  os_var.o(.data)
    OSMutexDbgListPtr                        0x200000a8   Data           4  os_var.o(.data)
    OSMutexQty                               0x200000ac   Data           2  os_var.o(.data)
    OSPrioCur                                0x200000ae   Data           1  os_var.o(.data)
    OSPrioHighRdy                            0x200000af   Data           1  os_var.o(.data)
    OSPrioSaved                              0x200000b0   Data           1  os_var.o(.data)
    OSQDbgListPtr                            0x200000b4   Data           4  os_var.o(.data)
    OSQQty                                   0x200000b8   Data           2  os_var.o(.data)
    OSSchedLockTimeBegin                     0x200000bc   Data           4  os_var.o(.data)
    OSSchedLockTimeMax                       0x200000c0   Data           4  os_var.o(.data)
    OSSchedLockTimeMaxCur                    0x200000c4   Data           4  os_var.o(.data)
    OSSchedLockNestingCtr                    0x200000c8   Data           1  os_var.o(.data)
    OSSchedRoundRobinDfltTimeQuanta          0x200000cc   Data           4  os_var.o(.data)
    OSSchedRoundRobinEn                      0x200000d0   Data           1  os_var.o(.data)
    OSSemDbgListPtr                          0x200000d4   Data           4  os_var.o(.data)
    OSSemQty                                 0x200000d8   Data           2  os_var.o(.data)
    OSStatResetFlag                          0x200000da   Data           1  os_var.o(.data)
    OSStatTaskCPUUsage                       0x200000dc   Data           2  os_var.o(.data)
    OSStatTaskCPUUsageMax                    0x200000de   Data           2  os_var.o(.data)
    OSStatTaskCtr                            0x200000e0   Data           4  os_var.o(.data)
    OSStatTaskCtrMax                         0x200000e4   Data           4  os_var.o(.data)
    OSStatTaskCtrRun                         0x200000e8   Data           4  os_var.o(.data)
    OSStatTaskRdy                            0x200000ec   Data           1  os_var.o(.data)
    OSStatTaskTimeMax                        0x200000f0   Data           4  os_var.o(.data)
    OSTaskCtxSwCtr                           0x200000f4   Data           4  os_var.o(.data)
    OSTaskDbgListPtr                         0x200000f8   Data           4  os_var.o(.data)
    OSTaskQty                                0x200000fc   Data           2  os_var.o(.data)
    OSTaskRegNextAvailID                     0x200000fe   Data           1  os_var.o(.data)
    OSTickCtr                                0x20000100   Data           4  os_var.o(.data)
    OSTickTaskTimeMax                        0x20000104   Data           4  os_var.o(.data)
    OSTmrDbgListPtr                          0x20000108   Data           4  os_var.o(.data)
    OSTmrQty                                 0x2000010c   Data           2  os_var.o(.data)
    OSTmrTaskTimeMax                         0x20000110   Data           4  os_var.o(.data)
    OSTmrTickCtr                             0x20000114   Data           4  os_var.o(.data)
    OSTmrUpdateCnt                           0x20000118   Data           4  os_var.o(.data)
    OSTmrUpdateCtr                           0x2000011c   Data           4  os_var.o(.data)
    OSTCBCurPtr                              0x20000120   Data           4  os_var.o(.data)
    OSTCBHighRdyPtr                          0x20000124   Data           4  os_var.o(.data)
    udppcb                                   0x20000128   Data           4  rawudp.o(.data)
    netif_list                               0x20000170   Data           4  netif.o(.data)
    netif_default                            0x20000174   Data           4  netif.o(.data)
    tcp_ticks                                0x20000180   Data           4  tcp.o(.data)
    tcp_bound_pcbs                           0x20000184   Data           4  tcp.o(.data)
    tcp_listen_pcbs                          0x20000188   Data           4  tcp.o(.data)
    tcp_active_pcbs                          0x2000018c   Data           4  tcp.o(.data)
    tcp_tw_pcbs                              0x20000190   Data           4  tcp.o(.data)
    tcp_active_pcbs_changed                  0x20000194   Data           1  tcp.o(.data)
    tcp_input_pcb                            0x200001c0   Data           4  tcp_in.o(.data)
    udp_pcbs                                 0x200001d4   Data           4  udp.o(.data)
    dhcp_rx_options_given                    0x200001d8   Data           8  dhcp_2.o(.data)
    __stdout                                 0x200001fc   Data           4  stdout.o(.data)
    __microlib_freelist                      0x20000200   Data           4  mvars.o(.data)
    __microlib_freelist_initialised          0x20000204   Data           4  mvars.o(.data)
    gprs_init_task_TCB                       0x20000a54   Data         196  app.o(.bss)
    gprs_init_task_stk                       0x20000b18   Data         512  app.o(.bss)
    eth_init_task_TCB                        0x20000d18   Data         196  app.o(.bss)
    eth_init_task_stk                        0x20000ddc   Data         512  app.o(.bss)
    usart3_task_TCB                          0x20000fdc   Data         196  app.o(.bss)
    usart3_task_stk                          0x200010a0   Data        4000  app.o(.bss)
    protocol_task_TCB                        0x20002040   Data         196  app.o(.bss)
    protocol_task_stk                        0x20002104   Data        2400  app.o(.bss)
    usart3_msg                               0x20002a64   Data          48  app.o(.bss)
    eth_msg                                  0x20002a94   Data          48  app.o(.bss)
    tmr1                                     0x20002ac4   Data          52  app.o(.bss)
    gprs                                     0x20002af8   Data          52  app.o(.bss)
    dev_info                                 0x20002b2c   Data          76  protocol.o(.bss)
    w25qxx_flash_buf                         0x20002cc0   Data        4096  w25qxx.o(.bss)
    g_timer_cnt                              0x20003ec4   Data          40  timer.o(.bss)
    DMARxDscrTab                             0x20003eec   Data         160  stm32f2x7_eth.o(.bss)
    DMATxDscrTab                             0x20003f8c   Data         160  stm32f2x7_eth.o(.bss)
    Rx_Buff                                  0x2000402c   Data        7620  stm32f2x7_eth.o(.bss)
    Tx_Buff                                  0x20005df0   Data        7620  stm32f2x7_eth.o(.bss)
    RX_Frame_Descriptor                      0x20007bb4   Data          12  stm32f2x7_eth.o(.bss)
    Mem_PoolHeap                             0x20007bc0   Data          72  lib_mem.o(.bss)
    Mem_Heap                                 0x20007c08   Data        9216  lib_mem.o(.bss)
    CPU_Name                                 0x2000a008   Data          16  cpu_core.o(.bss)
    OSCfg_IdleTaskStk                        0x2000a018   Data         512  os_cfg_app.o(.bss)
    OSCfg_ISRStk                             0x2000a218   Data        1024  os_cfg_app.o(.bss)
    OSCfg_MsgPool                            0x2000a618   Data        1600  os_cfg_app.o(.bss)
    OSCfg_StatTaskStk                        0x2000ac58   Data         512  os_cfg_app.o(.bss)
    OSCfg_TickTaskStk                        0x2000ae58   Data         512  os_cfg_app.o(.bss)
    OSCfg_TickWheel                          0x2000b058   Data         128  os_cfg_app.o(.bss)
    OSCfg_TmrTaskStk                         0x2000b0d8   Data         512  os_cfg_app.o(.bss)
    OSCfg_TmrWheel                           0x2000b2d8   Data         128  os_cfg_app.o(.bss)
    OSIdleTaskTCB                            0x2000b358   Data         196  os_var.o(.bss)
    OSMsgPool                                0x2000b41c   Data          12  os_var.o(.bss)
    OSRdyList                                0x2000b428   Data         768  os_var.o(.bss)
    OSStatTaskTCB                            0x2000b728   Data         196  os_var.o(.bss)
    OSTickTaskTCB                            0x2000b7ec   Data         196  os_var.o(.bss)
    OSTmrTaskTCB                             0x2000b8b0   Data         196  os_var.o(.bss)
    tcpip_thread_task_stk                    0x2000b974   Data        4000  sys_arch.o(.bss)
    tcpip_thread_task_TCB                    0x2000c914   Data         196  sys_arch.o(.bss)
    rawudp_task_TCB                          0x2000c9d8   Data         196  rawudp.o(.bss)
    rawudp_task_stk                          0x2000ca9c   Data        1024  rawudp.o(.bss)
    rawudp_recv_buff                         0x2000ce9c   Data         512  rawudp.o(.bss)
    rawudp_send_buff                         0x2000d09c   Data         512  rawudp.o(.bss)
    dhcp_task_TCB                            0x2000d29c   Data         196  dhcp.o(.bss)
    dhcp_task_stk                            0x2000d360   Data         512  dhcp.o(.bss)
    lwip_dev                                 0x2000d560   Data          23  lwip_comm_1.o(.bss)
    lwip_netif                               0x2000d578   Data          52  lwip_comm_1.o(.bss)
    lock_tcpip_core                          0x2000d5dc   Data          40  tcpip.o(.bss)
    ip_data                                  0x2000d604   Data          24  ip.o(.bss)
    ram_heap                                 0x2000d61c   Data        5139  mem.o(.bss)
    memp_memory_UDP_PCB_base                 0x2000ea58   Data         195  memp.o(.bss)
    memp_memory_TCP_PCB_base                 0x2000eb1b   Data        1483  memp.o(.bss)
    memp_memory_TCP_PCB_LISTEN_base          0x2000f0e6   Data         171  memp.o(.bss)
    memp_memory_TCP_SEG_base                 0x2000f191   Data         195  memp.o(.bss)
    memp_memory_REASSDATA_base               0x2000f254   Data         163  memp.o(.bss)
    memp_memory_FRAG_PBUF_base               0x2000f2f7   Data         363  memp.o(.bss)
    memp_memory_NETBUF_base                  0x2000f462   Data          35  memp.o(.bss)
    memp_memory_NETCONN_base                 0x2000f485   Data         691  memp.o(.bss)
    memp_memory_TCPIP_MSG_API_base           0x2000f738   Data         131  memp.o(.bss)
    memp_memory_SYS_TIMEOUT_base             0x2000f7bb   Data         131  memp.o(.bss)
    memp_memory_PBUF_base                    0x2000f83e   Data         163  memp.o(.bss)
    memp_memory_PBUF_POOL_base               0x2000f8e1   Data       15163  memp.o(.bss)
    dhcp_rx_options_val                      0x2001342c   Data          32  dhcp_2.o(.bss)
    __heap_base                              0x20013550   Data           0  cstartup.o(HEAP)
    __heap_limit                             0x20013750   Data           0  cstartup.o(HEAP)
    __initial_sp                             0x20013b50   Data           0  cstartup.o(STACK)



==============================================================================

Memory Map of the image

  Image Entry point : 0x08000185

  Load Region LR_IROM1 (Base: 0x08000000, Size: 0x0001c030, Max: 0x00080000, ABSOLUTE, COMPRESSED[0x0001be5c])

    Execution Region ER_IROM1 (Base: 0x08000000, Size: 0x0001be28, Max: 0x00080000, ABSOLUTE)

    Base Addr    Size         Type   Attr      Idx    E Section Name        Object

    0x08000000   0x00000184   Data   RO         1606    RESET               cstartup.o
    0x08000184   0x00000000   Code   RO         2675  * .ARM.Collect$$$$00000000  mc_w.l(entry.o)
    0x08000184   0x00000004   Code   RO         2983    .ARM.Collect$$$$00000001  mc_w.l(entry2.o)
    0x08000188   0x00000004   Code   RO         2986    .ARM.Collect$$$$00000004  mc_w.l(entry5.o)
    0x0800018c   0x00000000   Code   RO         2988    .ARM.Collect$$$$00000008  mc_w.l(entry7b.o)
    0x0800018c   0x00000000   Code   RO         2990    .ARM.Collect$$$$0000000A  mc_w.l(entry8b.o)
    0x0800018c   0x00000008   Code   RO         2991    .ARM.Collect$$$$0000000B  mc_w.l(entry9a.o)
    0x08000194   0x00000000   Code   RO         2993    .ARM.Collect$$$$0000000D  mc_w.l(entry10a.o)
    0x08000194   0x00000000   Code   RO         2995    .ARM.Collect$$$$0000000F  mc_w.l(entry11a.o)
    0x08000194   0x00000004   Code   RO         2984    .ARM.Collect$$$$00002712  mc_w.l(entry2.o)
    0x08000198   0x000003e4   Code   RO            2    .text               app.o
    0x0800057c   0x000001e0   Code   RO          370    .text               system_stm32f2xx.o
    0x0800075c   0x0000098c   Code   RO          392    .text               protocol.o
    0x080010e8   0x00000650   Code   RO          417    .text               bsp.o
    0x08001738   0x00000428   Code   RO          450    .text               bsp_int.o
    0x08001b60   0x00000328   Code   RO          557    .text               w25qxx.o
    0x08001e88   0x000004e2   Code   RO          580    .text               usart.o
    0x0800236a   0x00000002   PAD
    0x0800236c   0x00000184   Code   RO          626    .text               timer.o
    0x080024f0   0x00000084   Code   RO          649    .text               spi.o
    0x08002574   0x000002dc   Code   RO          665    .text               rtc.o
    0x08002850   0x0000034c   Code   RO          681    .text               lan8720.o
    0x08002b9c   0x00000e34   Code   RO          816    .text               stm32f2x7_eth.o
    0x080039d0   0x000000e0   Code   RO          836    .text               misc.o
    0x08003ab0   0x0000011c   Code   RO          996    .text               stm32f2xx_exti.o
    0x08003bcc   0x0000025c   Code   RO         1044    .text               stm32f2xx_gpio.o
    0x08003e28   0x00000040   Code   RO         1076    .text               stm32f2xx_iwdg.o
    0x08003e68   0x000000d8   Code   RO         1092    .text               stm32f2xx_pwr.o
    0x08003f40   0x00000588   Code   RO         1108    .text               stm32f2xx_rcc.o
    0x080044c8   0x00000b08   Code   RO         1142    .text               stm32f2xx_rtc.o
    0x08004fd0   0x000003a8   Code   RO         1158    .text               stm32f2xx_spi.o
    0x08005378   0x0000008c   Code   RO         1174    .text               stm32f2xx_syscfg.o
    0x08005404   0x00000ca2   Code   RO         1190    .text               stm32f2xx_tim.o
    0x080060a6   0x00000002   PAD
    0x080060a8   0x0000041a   Code   RO         1206    .text               stm32f2xx_usart.o
    0x080064c2   0x00000256   Code   RO         1237    .text               lib_ascii.o
    0x08006718   0x00000ec4   Code   RO         1270    .text               lib_mem.o
    0x080075dc   0x00000928   Code   RO         1289    .text               lib_str.o
    0x08007f04   0x00000220   Code   RO         1306    .text               lib_mem_a.o
    0x08008124   0x000002a8   Code   RO         1309    .text               cpu_core.o
    0x080083cc   0x0000077c   Code   RO         1335    .text               cpu_c.o
    0x08008b48   0x00000034   Code   RO         1347    .text               cpu_a.o
    0x08008b7c   0x0000026c   Code   RO         1350    .text               os_cpu_c.o
    0x08008de8   0x00000002   Code   RO         1371    .text               os_cfg_app.o
    0x08008dea   0x00000002   PAD
    0x08008dec   0x00000d9c   Code   RO         1394    .text               os_core.o
    0x08009b88   0x000001ac   Code   RO         1406    .text               os_dbg.o
    0x08009d34   0x00000af8   Code   RO         1421    .text               os_flag.o
    0x0800a82c   0x000001fc   Code   RO         1439    .text               os_mem.o
    0x0800aa28   0x00000228   Code   RO         1451    .text               os_msg.o
    0x0800ac50   0x0000078c   Code   RO         1463    .text               os_mutex.o
    0x0800b3dc   0x0000007c   Code   RO         1487    .text               os_prio.o
    0x0800b458   0x000006d8   Code   RO         1506    .text               os_q.o
    0x0800bb30   0x000006e8   Code   RO         1518    .text               os_sem.o
    0x0800c218   0x000005a8   Code   RO         1530    .text               os_stat.o
    0x0800c7c0   0x00001360   Code   RO         1542    .text               os_task.o
    0x0800db20   0x00000484   Code   RO         1554    .text               os_tick.o
    0x0800dfa4   0x0000045c   Code   RO         1566    .text               os_time.o
    0x0800e400   0x000007f8   Code   RO         1578    .text               os_tmr.o
    0x0800ebf8   0x00000018   Code   RO         1607    .text               cstartup.o
    0x0800ec10   0x000004b8   Code   RO         1612    .text               sys_arch.o
    0x0800f0c8   0x000002e4   Code   RO         1650    .text               rawudp.o
    0x0800f3ac   0x000002f4   Code   RO         1678    .text               dhcp.o
    0x0800f6a0   0x0000010c   Code   RO         1719    .text               lwip_comm_1.o
    0x0800f7ac   0x00000360   Code   RO         2002    .text               tcpip.o
    0x0800fb0c   0x000001b4   Code   RO         2035    .text               ethernet.o
    0x0800fcc0   0x000001f4   Code   RO         2063    .text               ethernetif.o
    0x0800feb4   0x00000158   Code   RO         2104    .text               def.o
    0x0801000c   0x00000328   Code   RO         2131    .text               inet_chksum.o
    0x08010334   0x00000088   Code   RO         2150    .text               init.o
    0x080103bc   0x00000728   Code   RO         2205    .text               mem.o
    0x08010ae4   0x00000268   Code   RO         2232    .text               memp.o
    0x08010d4c   0x00000334   Code   RO         2287    .text               netif.o
    0x08011080   0x0000121c   Code   RO         2326    .text               pbuf.o
    0x0801229c   0x000016c0   Code   RO         2381    .text               tcp.o
    0x0801395c   0x000019b8   Code   RO         2413    .text               tcp_in.o
    0x08015314   0x00001542   Code   RO         2443    .text               tcp_out.o
    0x08016856   0x00000002   PAD
    0x08016858   0x00000358   Code   RO         2467    .text               timeouts.o
    0x08016bb0   0x000005e0   Code   RO         2493    .text               udp.o
    0x08017190   0x00001ab4   Code   RO         2531    .text               dhcp_2.o
    0x08018c44   0x00000d60   Code   RO         2558    .text               etharp.o
    0x080199a4   0x00000374   Code   RO         2581    .text               icmp.o
    0x08019d18   0x000004f8   Code   RO         2610    .text               ip4.o
    0x0801a210   0x00000350   Code   RO         2628    .text               ip4_addr.o
    0x0801a560   0x00000ab8   Code   RO         2655    .text               ip4_frag.o
    0x0801b018   0x00000024   Code   RO         2678    .text               mc_w.l(memcpya.o)
    0x0801b03c   0x00000024   Code   RO         2680    .text               mc_w.l(memseta.o)
    0x0801b060   0x0000000e   Code   RO         2684    .text               mc_w.l(strlen.o)
    0x0801b06e   0x0000001c   Code   RO         2686    .text               mc_w.l(strcmp.o)
    0x0801b08a   0x0000001a   Code   RO         2688    .text               mc_w.l(memcmp.o)
    0x0801b0a4   0x0000001e   Code   RO         2690    .text               mc_w.l(strncmp.o)
    0x0801b0c2   0x0000002c   Code   RO         3000    .text               mc_w.l(uidiv.o)
    0x0801b0ee   0x00000002   PAD
    0x0801b0f0   0x00000024   Code   RO         3017    .text               mc_w.l(init.o)
    0x0801b114   0x00000000   Code   RO         3019    .text               mc_w.l(semi.o)
    0x0801b114   0x00000000   Code   RO         3026    .text               mc_w.l(iusesemip.o)
    0x0801b114   0x00000056   Code   RO         3037    .text               mc_w.l(__dczerorl2.o)
    0x0801b16a   0x00000002   PAD
    0x0801b16c   0x00000084   Code   RO         1368    CODE                os_cpu_a.o
    0x0801b1f0   0x00000020   Code   RO         2783    i.__0printf$3       mc_w.l(printf3.o)
    0x0801b210   0x00000028   Code   RO         2785    i.__0sprintf$3      mc_w.l(printf3.o)
    0x0801b238   0x0000000e   Code   RO         3031    i.__scatterload_copy  mc_w.l(handlers.o)
    0x0801b246   0x00000002   Code   RO         3032    i.__scatterload_null  mc_w.l(handlers.o)
    0x0801b248   0x0000000e   Code   RO         3033    i.__scatterload_zeroinit  mc_w.l(handlers.o)
    0x0801b256   0x00000002   PAD
    0x0801b258   0x000001b8   Code   RO         2790    i._printf_core      mc_w.l(printf3.o)
    0x0801b410   0x0000000a   Code   RO         2792    i._sputc            mc_w.l(printf3.o)
    0x0801b41a   0x00000012   Code   RO         2997    i.fputc             mc_w.l(fputc.o)
    0x0801b42c   0x00000050   Code   RO         2955    i.free              mc_w.l(malloc.o)
    0x0801b47c   0x0000006c   Code   RO         2956    i.malloc            mc_w.l(malloc.o)
    0x0801b4e8   0x00000200   Data   RO          394    .constdata          protocol.o
    0x0801b6e8   0x00000094   Data   RO         1290    .constdata          lib_str.o
    0x0801b77c   0x00000100   Data   RO         1311    .constdata          cpu_core.o
    0x0801b87c   0x000000a4   Data   RO         1373    .constdata          os_cfg_app.o
    0x0801b920   0x0000016c   Data   RO         1407    .constdata          os_dbg.o
    0x0801ba8c   0x00000004   Data   RO         1614    .constdata          sys_arch.o
    0x0801ba90   0x0000000c   Data   RO         2036    .constdata          ethernet.o
    0x0801ba9c   0x000000c0   Data   RO         2234    .constdata          memp.o
    0x0801bb5c   0x00000050   Data   RO         2382    .constdata          tcp.o
    0x0801bbac   0x00000028   Data   RO         2468    .constdata          timeouts.o
    0x0801bbd4   0x00000008   Data   RO         2630    .constdata          ip4_addr.o
    0x0801bbdc   0x00000048   Data   RO         2105    .conststring        def.o
    0x0801bc24   0x00000041   Data   RO         2151    .conststring        init.o
    0x0801bc65   0x00000003   PAD
    0x0801bc68   0x00000075   Data   RO         2383    .conststring        tcp.o
    0x0801bcdd   0x00000003   PAD
    0x0801bce0   0x00000055   Data   RO         2444    .conststring        tcp_out.o
    0x0801bd35   0x00000003   PAD
    0x0801bd38   0x0000008c   Data   RO         2533    .conststring        dhcp_2.o
    0x0801bdc4   0x00000041   Data   RO         2560    .conststring        etharp.o
    0x0801be05   0x00000003   PAD
    0x0801be08   0x00000020   Data   RO         3029    Region$$Table       anon$$obj.o


    Execution Region RW_IRAM1 (Base: 0x20000000, Size: 0x00013b50, Max: 0x00020000, ABSOLUTE, COMPRESSED[0x00000034])

    Base Addr    Size         Type   Attr      Idx    E Section Name        Object

    0x20000000   0x00000014   Data   RW          371    .data               system_stm32f2xx.o
    0x20000014   0x00000004   Data   RW          395    .data               protocol.o
    0x20000018   0x0000000e   Data   RW          582    .data               usart.o
    0x20000026   0x00000007   Data   RW          607    .data               gprs.o
    0x2000002d   0x00000003   PAD
    0x20000030   0x0000000f   Data   RW          628    .data               timer.o
    0x2000003f   0x00000001   PAD
    0x20000040   0x00000010   Data   RW          818    .data               stm32f2x7_eth.o
    0x20000050   0x00000010   Data   RW         1109    .data               stm32f2xx_rcc.o
    0x20000060   0x00000004   Data   RW         1272    .data               lib_mem.o
    0x20000064   0x00000004   Data   RW         1312    .data               cpu_core.o
    0x20000068   0x00000004   Data   RW         1351    .data               os_cpu_c.o
    0x2000006c   0x00000008   Data   RW         1488    .data               os_prio.o
    0x20000074   0x000000b4   Data   RW         1591    .data               os_var.o
    0x20000128   0x00000004   Data   RW         1652    .data               rawudp.o
    0x2000012c   0x00000008   Data   RW         2004    .data               tcpip.o
    0x20000134   0x0000000c   Data   RW         2207    .data               mem.o
    0x20000140   0x00000030   Data   RW         2235    .data               memp.o
    0x20000170   0x00000009   Data   RW         2288    .data               netif.o
    0x20000179   0x00000003   PAD
    0x2000017c   0x00000020   Data   RW         2384    .data               tcp.o
    0x2000019c   0x00000028   Data   RW         2415    .data               tcp_in.o
    0x200001c4   0x0000000c   Data   RW         2469    .data               timeouts.o
    0x200001d0   0x00000008   Data   RW         2494    .data               udp.o
    0x200001d8   0x00000018   Data   RW         2534    .data               dhcp_2.o
    0x200001f0   0x00000001   Data   RW         2561    .data               etharp.o
    0x200001f1   0x00000001   PAD
    0x200001f2   0x00000002   Data   RW         2611    .data               ip4.o
    0x200001f4   0x00000006   Data   RW         2656    .data               ip4_frag.o
    0x200001fa   0x00000002   PAD
    0x200001fc   0x00000004   Data   RW         2999    .data               mc_w.l(stdout.o)
    0x20000200   0x00000004   Data   RW         3004    .data               mc_w.l(mvars.o)
    0x20000204   0x00000004   Data   RW         3005    .data               mc_w.l(mvars.o)
    0x20000208   0x00002924   Zero   RW            3    .bss                app.o
    0x20002b2c   0x0000004c   Zero   RW          393    .bss                protocol.o
    0x20002b78   0x00000148   Zero   RW          451    .bss                bsp_int.o
    0x20002cc0   0x00001000   Zero   RW          558    .bss                w25qxx.o
    0x20003cc0   0x00000202   Zero   RW          581    .bss                usart.o
    0x20003ec2   0x00000002   PAD
    0x20003ec4   0x00000028   Zero   RW          627    .bss                timer.o
    0x20003eec   0x00003cd4   Zero   RW          817    .bss                stm32f2x7_eth.o
    0x20007bc0   0x00002448   Zero   RW         1271    .bss                lib_mem.o
    0x2000a008   0x00000010   Zero   RW         1310    .bss                cpu_core.o
    0x2000a018   0x00001340   Zero   RW         1372    .bss                os_cfg_app.o
    0x2000b358   0x0000061c   Zero   RW         1590    .bss                os_var.o
    0x2000b974   0x00001064   Zero   RW         1613    .bss                sys_arch.o
    0x2000c9d8   0x000008c4   Zero   RW         1651    .bss                rawudp.o
    0x2000d29c   0x000002c4   Zero   RW         1679    .bss                dhcp.o
    0x2000d560   0x0000004c   Zero   RW         1720    .bss                lwip_comm_1.o
    0x2000d5ac   0x00000058   Zero   RW         2003    .bss                tcpip.o
    0x2000d604   0x00000018   Zero   RW         2189    .bss                ip.o
    0x2000d61c   0x0000143c   Zero   RW         2206    .bss                mem.o
    0x2000ea58   0x000049c4   Zero   RW         2233    .bss                memp.o
    0x2001341c   0x00000010   Zero   RW         2414    .bss                tcp_in.o
    0x2001342c   0x00000020   Zero   RW         2532    .bss                dhcp_2.o
    0x2001344c   0x000000f0   Zero   RW         2559    .bss                etharp.o
    0x2001353c   0x00000010   Zero   RW         2629    .bss                ip4_addr.o
    0x2001354c   0x00000004   PAD
    0x20013550   0x00000200   Zero   RW         1605    HEAP                cstartup.o
    0x20013750   0x00000400   Zero   RW         1604    STACK               cstartup.o


==============================================================================

Image component sizes


      Code (inc. data)   RO Data    RW Data    ZI Data      Debug   Object Name

         0          0          0          0          0       2335   api_lib.o
         0          0          0          0          0       2923   api_msg.o
       996        248          0          0      10532     377302   app.o
      1616         60          0          0          0      21495   bsp.o
      1064         10          0          0        328      13598   bsp_int.o
         0          0          0          0          0        564   bsp_ser.o
        52          0          0          0          0        316   cpu_a.o
      1916        102          0          0          0       3489   cpu_c.o
       680         14        256          4         16      14200   cpu_core.o
        24          6        388          0       1536        608   cstartup.o
       344          4         72          0          0       2566   def.o
       756        338          0          0        708       6706   dhcp.o
      6836       1234        140         24         32      18244   dhcp_2.o
      3424        560         65          1        240       8231   etharp.o
       436        128         12          0          0       2068   ethernet.o
       500        116          0          0          0       3203   ethernetif.o
         0          0          0          7          0       2969   gprs.o
       884        228          0          0          0       3170   icmp.o
       808         86          0          0          0       4500   inet_chksum.o
       136         68         65          0          0        468   init.o
         0          0          0          0         24       2910   ip.o
      1272        150          0          2          0       4429   ip4.o
       848         98          8          0         16       9074   ip4_addr.o
      2744        492          0          6          0       7798   ip4_frag.o
       844         38          0          0          0       3404   lan8720.o
       598          0          0          0          0       3856   lib_ascii.o
      3780         62          0          4       9288      24888   lib_mem.o
       544          0          0          0          0        460   lib_mem_a.o
      2344          4        148          0          0      13710   lib_str.o
       268         40          0          0         76       5549   lwip_comm_1.o
      1832        552          0         12       5180       4002   mem.o
       616        216        192         48      18884       8864   memp.o
       224         20          0          0          0       1849   misc.o
         0          0          0          0          0       6984   netbuf.o
       820        110          0          9          0       7381   netif.o
         2          0        164          0       4928      19498   os_cfg_app.o
      3484        272          0          0          0      12211   os_core.o
       132         32          0          0          0        360   os_cpu_a.o
       620         66          0          4          0       3697   os_cpu_c.o
       428        280        364          0          0       4697   os_dbg.o
      2808         84          0          0          0       7683   os_flag.o
       508         16          0          0          0       2696   os_mem.o
       552         14          0          0          0       2614   os_msg.o
      1932         84          0          0          0       5218   os_mutex.o
       124          4          0          8          0       1668   os_prio.o
      1752         58          0          0          0       6112   os_q.o
      1768         58          0          0          0       6152   os_sem.o
      1448        150          0          0          0       2733   os_stat.o
      4960        188          0          0          0      13346   os_task.o
      1156         74          0          0          0       3189   os_tick.o
      1116         54          0          0          0       3141   os_time.o
      2040        134          0          0          0       6630   os_tmr.o
         0          0          0        180       1564      18073   os_var.o
      4636       1284          0          0          0      13130   pbuf.o
      2444        384        512          4         76       6216   protocol.o
       740        118          0          4       2244       2774   rawudp.o
       732         88          0          0          0       3097   rtc.o
       132          4          0          0          0        727   spi.o
      3636        100          0         16      15572      19920   stm32f2x7_eth.o
       284         10          0          0          0       2307   stm32f2xx_exti.o
       604         36          0          0          0       4009   stm32f2xx_gpio.o
        64          6          0          0          0       1293   stm32f2xx_iwdg.o
       216         12          0          0          0       2276   stm32f2xx_pwr.o
      1416         48          0         16          0      10991   stm32f2xx_rcc.o
      2824         36          0          0          0      12101   stm32f2xx_rtc.o
       936         22          0          0          0       6412   stm32f2xx_spi.o
       140         12          0          0          0       1531   stm32f2xx_syscfg.o
      3234         60          0          0          0      22896   stm32f2xx_tim.o
      1050         26          0          0          0       7744   stm32f2xx_usart.o
      1208        270          4          0       4196      10271   sys_arch.o
       480         40          0         20          0       1719   system_stm32f2xx.o
      5824       1148        197         32          0      25030   tcp.o
      6584       1076          0         40         16      15805   tcp_in.o
      5442        996         85          0          0      19646   tcp_out.o
       864        238          0          8         88       6642   tcpip.o
       856        170         40         12          0       4597   timeouts.o
       388         32          0         15         40       3405   timer.o
      1504        152          0          8          0       8410   udp.o
      1250         36          0         14        514       3660   usart.o
       808         30          0          0       4096       3808   w25qxx.o

    ----------------------------------------------------------------------
    110340      12986       2756        508      80200     934248   Object Totals
         0          0         32          0          0          0   (incl. Generated)
         8          0         12         10          6          0   (incl. Padding)

    ----------------------------------------------------------------------

      Code (inc. data)   RO Data    RW Data    ZI Data      Debug   Library Member Name

        86          0          0          0          0          0   __dczerorl2.o
         0          0          0          0          0          0   entry.o
         0          0          0          0          0          0   entry10a.o
         0          0          0          0          0          0   entry11a.o
         8          4          0          0          0          0   entry2.o
         4          0          0          0          0          0   entry5.o
         0          0          0          0          0          0   entry7b.o
         0          0          0          0          0          0   entry8b.o
         8          4          0          0          0          0   entry9a.o
        18          0          0          0          0         80   fputc.o
        30          0          0          0          0          0   handlers.o
        36          8          0          0          0         68   init.o
         0          0          0          0          0          0   iusesemip.o
       188         20          0          0          0        160   malloc.o
        26          0          0          0          0         80   memcmp.o
        36          0          0          0          0         68   memcpya.o
        36          0          0          0          0        108   memseta.o
         0          0          0          8          0          0   mvars.o
       522         20          0          0          0        336   printf3.o
         0          0          0          0          0          0   semi.o
         0          0          0          4          0          0   stdout.o
        28          0          0          0          0         76   strcmp.o
        14          0          0          0          0         68   strlen.o
        30          0          0          0          0         80   strncmp.o
        44          0          0          0          0         80   uidiv.o

    ----------------------------------------------------------------------
      1120         56          0         12          0       1204   Library Totals
         6          0          0          0          0          0   (incl. Padding)

    ----------------------------------------------------------------------

      Code (inc. data)   RO Data    RW Data    ZI Data      Debug   Library Name

      1114         56          0         12          0       1204   mc_w.l

    ----------------------------------------------------------------------
      1120         56          0         12          0       1204   Library Totals

    ----------------------------------------------------------------------

==============================================================================


      Code (inc. data)   RO Data    RW Data    ZI Data      Debug   

    111460      13042       2756        520      80200     928040   Grand Totals
    111460      13042       2756         52      80200     928040   ELF Image Totals (compressed)
    111460      13042       2756         52          0          0   ROM Totals

==============================================================================

    Total RO  Size (Code + RO Data)               114216 ( 111.54kB)
    Total RW  Size (RW Data + ZI Data)             80720 (  78.83kB)
    Total ROM Size (Code + RO Data + RW Data)     114268 ( 111.59kB)

==============================================================================

