Component: ARM Compiler 5.06 update 1 (build 61) Tool: armlink [4d35a8]

==============================================================================

Section Cross References

    app.o(.text) refers to os_time.o(.text) for OSTimeDly
    app.o(.text) refers to dhcp.o(.text) for dhcp_stop
    app.o(.text) refers to os_task.o(.text) for OSTaskDel
    app.o(.text) refers to lan8720.o(.text) for lwip_dev_init
    app.o(.text) refers to usart.o(.text) for USART_OUT
    app.o(.text) refers to gprs.o(.text) for gprs_power_on
    app.o(.text) refers to lan8720.o(.bss) for lwip_netif
    app.o(.text) refers to app.o(.bss) for dhcp_task_TCB
    app.o(.text) refers to app.o(.data) for gprs_init_flag
    app.o(.text) refers to memseta.o(.text) for __aeabi_memclr4
    app.o(.text) refers to timer.o(.text) for timer_is_timeout_1MS
    app.o(.text) refers to stm32f2xx_gpio.o(.text) for GPIO_ReadOutputDataBit
    app.o(.text) refers to os_tmr.o(.text) for OSTmrCreate
    app.o(.text) refers to os_q.o(.text) for OSQCreate
    app.o(.text) refers to cpu_core.o(.text) for CPU_Init
    app.o(.text) refers to bsp.o(.text) for BSP_CPU_TickInit
    app.o(.text) refers to os_stat.o(.text) for OSStatTaskCPUUsageInit
    app.o(.text) refers to os_core.o(.text) for OSSchedRoundRobinCfg
    app.o(.text) refers to cpu_a.o(.text) for CPU_SR_Save
    app.o(.text) refers to usart.o(.data) for usart2_rx_status
    os_app_hooks.o(.text) refers to cpu_a.o(.text) for CPU_SR_Save
    os_app_hooks.o(.text) refers to os_var.o(.data) for OS_AppTaskCreateHookPtr
    system_stm32f2xx.o(.text) refers to system_stm32f2xx.o(.data) for SystemCoreClock
    bsp.o(.text) refers to system_stm32f2xx.o(.text) for SystemInit
    bsp.o(.text) refers to stm32f2xx_rcc.o(.text) for RCC_AHB1PeriphClockCmd
    bsp.o(.text) refers to stm32f2xx_gpio.o(.text) for GPIO_Init
    bsp.o(.text) refers to misc.o(.text) for NVIC_PriorityGroupConfig
    bsp.o(.text) refers to usart.o(.text) for usart2_init
    bsp.o(.text) refers to timer.o(.text) for timer3_init
    bsp.o(.text) refers to w25qxx.o(.text) for w25qxx_init
    bsp.o(.text) refers to rtc.o(.text) for rtc_init
    bsp.o(.text) refers to os_cpu_c.o(.text) for OS_CPU_SysTickInit
    bsp.o(.text) refers to os_cfg_app.o(.constdata) for OSCfg_TickRate_Hz
    bsp.o(.text) refers to cpu_core.o(.text) for CPU_TS_TmrFreqSet
    bsp.o(.text) refers to stm32f2xx_iwdg.o(.text) for IWDG_ReloadCounter
    bsp_int.o(.text) refers to cpu_c.o(.text) for CPU_IntSrcDis
    bsp_int.o(.text) refers to cpu_a.o(.text) for CPU_IntDis
    bsp_int.o(.text) refers to os_core.o(.text) for OSIntEnter
    bsp_int.o(.text) refers to bsp_int.o(.bss) for BSP_IntVectTbl
    bsp_ioe.o(.text) refers to stm32f2xx_rcc.o(.text) for RCC_AHB1PeriphClockCmd
    bsp_ioe.o(.text) refers to stm32f2xx_dma.o(.text) for DMA_DeInit
    bsp_ioe.o(.text) refers to stm32f2xx_i2c.o(.text) for I2C_GenerateSTART
    bsp_ioe.o(.text) refers to bsp_ioe.o(.data) for IOE_TimeOut
    bsp_ioe.o(.text) refers to bsp_os.o(.text) for BSP_OS_TimeDlyMs
    bsp_ioe.o(.text) refers to stm32f2xx_gpio.o(.text) for GPIO_Init
    bsp_ioe.o(.text) refers to stm32f2xx_syscfg.o(.text) for SYSCFG_EXTILineConfig
    bsp_lcd.o(.text) refers to stm32f2xx_rcc.o(.text) for RCC_AHB3PeriphClockCmd
    bsp_lcd.o(.text) refers to stm32f2xx_fsmc.o(.text) for FSMC_NORSRAMInit
    bsp_lcd.o(.text) refers to stm32f2xx_gpio.o(.text) for GPIO_Init
    bsp_lcd.o(.text) refers to bsp_os.o(.text) for BSP_OS_TimeDlyMs
    bsp_os.o(.text) refers to os_sem.o(.text) for OSSemCreate
    bsp_os.o(.text) refers to os_time.o(.text) for OSTimeDlyHMSM
    bsp_os.o(.text) refers to os_cfg_app.o(.constdata) for OSCfg_TickRate_Hz
    bsp_ser.o(.text) refers to stm32f2xx_usart.o(.text) for USART_ReceiveData
    bsp_ser.o(.text) refers to bsp_os.o(.text) for BSP_OS_SemPost
    bsp_ser.o(.text) refers to stm32f2xx_rcc.o(.text) for RCC_AHB1PeriphClockCmd
    bsp_ser.o(.text) refers to stm32f2xx_gpio.o(.text) for GPIO_Init
    bsp_ser.o(.text) refers to bsp_int.o(.text) for BSP_IntVectSet
    bsp_ser.o(.text) refers to printfa.o(i.__0vsnprintf) for __c89vsnprintf
    bsp_ser.o(.text) refers to lib_ascii.o(.text) for ASCII_IsPrint
    bsp_ser.o(.text) refers to bsp_ser.o(.data) for BSP_SerRxData
    bsp_ser.o(.text) refers to bsp_ser.o(.bss) for BSP_SerRxWait
    w25qxx.o(.text) refers to stm32f2xx_gpio.o(.text) for GPIO_ResetBits
    w25qxx.o(.text) refers to spi.o(.text) for spi1_exchange_byte
    w25qxx.o(.text) refers to usart.o(.text) for USART_OUT
    w25qxx.o(.text) refers to w25qxx.o(.bss) for w25qxx_flash_buf
    usart.o(.text) refers to os_core.o(.text) for OSIntEnter
    usart.o(.text) refers to stm32f2xx_usart.o(.text) for USART_GetITStatus
    usart.o(.text) refers to memseta.o(.text) for __aeabi_memclr
    usart.o(.text) refers to bsp_int.o(.text) for BSP_IntVectSet
    usart.o(.text) refers to os_q.o(.text) for OSQPost
    usart.o(.text) refers to printf8.o(i.__0sprintf$8) for __2sprintf
[...]
    Str_Char                                 0x08007d4f   Thumb Code    24  lib_str.o(.text)
    Str_Char_Last_N                          0x08007d67   Thumb Code    76  lib_str.o(.text)
    Str_Char_Last                            0x08007db3   Thumb Code    24  lib_str.o(.text)
    Str_Char_Replace_N                       0x08007dcb   Thumb Code    52  lib_str.o(.text)
    Str_Char_Replace                         0x08007dff   Thumb Code    28  lib_str.o(.text)
    Str_Str_N                                0x08007e1b   Thumb Code   182  lib_str.o(.text)
    Str_Str                                  0x08007ed1   Thumb Code    24  lib_str.o(.text)
    Str_FmtNbr_Int32U                        0x080080c3   Thumb Code    46  lib_str.o(.text)
    Str_FmtNbr_Int32S                        0x080080f1   Thumb Code    62  lib_str.o(.text)
    Str_ParseNbr_Int32U                      0x080082ed   Thumb Code    30  lib_str.o(.text)
    Str_ParseNbr_Int32S                      0x0800830b   Thumb Code    74  lib_str.o(.text)
    Mem_Copy                                 0x08008359   Thumb Code     0  lib_mem_a.o(.text)
    CPU_NameClr                              0x08008579   Thumb Code    42  cpu_core.o(.text)
    CPU_Init                                 0x080085b9   Thumb Code    12  cpu_core.o(.text)
    CPU_SW_Exception                         0x080085c5   Thumb Code     4  cpu_core.o(.text)
    CPU_NameGet                              0x080085c9   Thumb Code    70  cpu_core.o(.text)
    CPU_NameSet                              0x0800860f   Thumb Code    96  cpu_core.o(.text)
    CPU_TS_Get32                             0x0800866f   Thumb Code    12  cpu_core.o(.text)
    CPU_TS_Update                            0x0800867b   Thumb Code     2  cpu_core.o(.text)
    CPU_TS_TmrFreqGet                        0x0800867d   Thumb Code    30  cpu_core.o(.text)
    CPU_TS_TmrFreqSet                        0x0800869b   Thumb Code     6  cpu_core.o(.text)
    CPU_CntLeadZeros08                       0x080086a1   Thumb Code    18  cpu_core.o(.text)
    CPU_CntLeadZeros16                       0x080086b3   Thumb Code    18  cpu_core.o(.text)
    CPU_CntLeadZeros32                       0x080086c5   Thumb Code    18  cpu_core.o(.text)
    CPU_CntLeadZeros64                       0x080086d7   Thumb Code   188  cpu_core.o(.text)
    CPU_CntTrailZeros08                      0x08008793   Thumb Code    22  cpu_core.o(.text)
    CPU_CntTrailZeros16                      0x080087a9   Thumb Code    22  cpu_core.o(.text)
    CPU_CntTrailZeros32                      0x080087bf   Thumb Code    22  cpu_core.o(.text)
    CPU_CntTrailZeros64                      0x080087d5   Thumb Code    62  cpu_core.o(.text)
    CPU_BitBandClr                           0x08008821   Thumb Code    58  cpu_c.o(.text)
    CPU_BitBandSet                           0x0800885b   Thumb Code    58  cpu_c.o(.text)
    CPU_IntSrcDis                            0x08008895   Thumb Code   328  cpu_c.o(.text)
    CPU_IntSrcEn                             0x080089dd   Thumb Code   328  cpu_c.o(.text)
    CPU_IntSrcPendClr                        0x08008b25   Thumb Code   164  cpu_c.o(.text)
    CPU_IntSrcPrioSet                        0x08008bc9   Thumb Code   522  cpu_c.o(.text)
    CPU_IntSrcPrioGet                        0x08008dd3   Thumb Code   450  cpu_c.o(.text)
    CPU_IntDis                               0x08008f9d   Thumb Code     0  cpu_a.o(.text)
    CPU_IntEn                                0x08008fa1   Thumb Code     0  cpu_a.o(.text)
    CPU_SR_Save                              0x08008fa5   Thumb Code     0  cpu_a.o(.text)
    CPU_SR_Restore                           0x08008fad   Thumb Code     0  cpu_a.o(.text)
    CPU_WaitForInt                           0x08008fb3   Thumb Code     0  cpu_a.o(.text)
    CPU_WaitForExcept                        0x08008fb7   Thumb Code     0  cpu_a.o(.text)
    CPU_CntLeadZeros                         0x08008fbb   Thumb Code     0  cpu_a.o(.text)
    CPU_CntTrailZeros                        0x08008fc1   Thumb Code     0  cpu_a.o(.text)
    CPU_RevBits                              0x08008fcb   Thumb Code     0  cpu_a.o(.text)
    OSIdleTaskHook                           0x08008fd1   Thumb Code    16  os_cpu_c.o(.text)
    OSInitHook                               0x08008fe1   Thumb Code    42  os_cpu_c.o(.text)
    OSStatTaskHook                           0x0800900b   Thumb Code    16  os_cpu_c.o(.text)
    OSTaskCreateHook                         0x0800901b   Thumb Code    20  os_cpu_c.o(.text)
    OSTaskDelHook                            0x0800902f   Thumb Code    20  os_cpu_c.o(.text)
    OSTaskReturnHook                         0x08009043   Thumb Code    20  os_cpu_c.o(.text)
    OSTaskStkInit                            0x08009057   Thumb Code   188  os_cpu_c.o(.text)
    OSTaskSwHook                             0x08009113   Thumb Code   120  os_cpu_c.o(.text)
    OSTimeTickHook                           0x0800918b   Thumb Code    16  os_cpu_c.o(.text)
    OS_CPU_SysTickHandler                    0x0800919b   Thumb Code    52  os_cpu_c.o(.text)
    OS_CPU_SysTickInit                       0x080091cf   Thumb Code    44  os_cpu_c.o(.text)
    OSCfg_Init                               0x0800923d   Thumb Code     2  os_cfg_app.o(.text)
    OS_IdleTask                              0x08009241   Thumb Code    60  os_core.o(.text)
    OS_IdleTaskInit                          0x0800927d   Thumb Code    68  os_core.o(.text)
    OS_RdyListInit                           0x080092c1   Thumb Code    32  os_core.o(.text)
    OSInit                                   0x080092e1   Thumb Code   288  os_core.o(.text)
    OSIntEnter                               0x08009401   Thumb Code    34  os_core.o(.text)
    OSIntExit                                0x08009423   Thumb Code   192  os_core.o(.text)
    OSSched                                  0x080094e3   Thumb Code   134  os_core.o(.text)
    OS_SchedLockTimeMeasStart                0x08009569   Thumb Code    20  os_core.o(.text)
    OSSchedLock                              0x0800957d   Thumb Code   104  os_core.o(.text)
    OS_SchedLockTimeMeasStop                 0x080095e5   Thumb Code    44  os_core.o(.text)
    OSSchedUnlock                            0x08009611   Thumb Code   290  os_core.o(.text)
    OSSchedRoundRobinCfg                     0x08009733   Thumb Code    88  os_core.o(.text)
    OS_RdyListMoveHeadToTail                 0x0800978b   Thumb Code    68  os_core.o(.text)
    OSSchedRoundRobinYield                   0x080097cf   Thumb Code   164  os_core.o(.text)
    OSStart                                  0x08009873   Thumb Code    78  os_core.o(.text)
    OSVersion                                0x080098c1   Thumb Code    12  os_core.o(.text)
    OS_PendDbgNameAdd                        0x080098cd   Thumb Code    66  os_core.o(.text)
    OS_PendListInsertPrio                    0x0800990f   Thumb Code   102  os_core.o(.text)
    OS_PendDataInit                          0x08009975   Thumb Code    38  os_core.o(.text)
    OS_RdyListRemove                         0x0800999b   Thumb Code    86  os_core.o(.text)
    OS_TaskBlock                             0x080099f1   Thumb Code    56  os_core.o(.text)
    OS_Pend                                  0x08009a29   Thumb Code    98  os_core.o(.text)
    OS_PendListRemove1                       0x08009a8b   Thumb Code   136  os_core.o(.text)
    OS_PendListRemove                        0x08009b13   Thumb Code    48  os_core.o(.text)
    OS_PendAbort1                            0x08009b43   Thumb Code    36  os_core.o(.text)
    OS_RdyListInsertHead                     0x08009b67   Thumb Code    58  os_core.o(.text)
    OS_RdyListInsertTail                     0x08009ba1   Thumb Code    56  os_core.o(.text)
    OS_RdyListInsert                         0x08009bd9   Thumb Code    40  os_core.o(.text)
    OS_TaskRdy                               0x08009c01   Thumb Code    28  os_core.o(.text)
    OS_PendAbort                             0x08009c1d   Thumb Code   166  os_core.o(.text)
    OS_PendDbgNameRemove                     0x08009cc3   Thumb Code    34  os_core.o(.text)
    OS_PendListChangePrio                    0x08009ce5   Thumb Code    70  os_core.o(.text)
    OS_PendListInit                          0x08009d2b   Thumb Code    10  os_core.o(.text)
    OS_PendListInsertHead                    0x08009d35   Thumb Code    32  os_core.o(.text)
    OS_PendObjDel1                           0x08009d55   Thumb Code    36  os_core.o(.text)
    OS_PendObjDel                            0x08009d79   Thumb Code   162  os_core.o(.text)
    OS_Post1                                 0x08009e1b   Thumb Code    42  os_core.o(.text)
    OS_Post                                  0x08009e45   Thumb Code   192  os_core.o(.text)
    OS_SchedRoundRobin                       0x08009f05   Thumb Code   208  os_core.o(.text)
    OS_Dbg_Init                              0x08009fdd   Thumb Code   148  os_dbg.o(.text)
    OS_FlagDbgListAdd                        0x0800a189   Thumb Code    38  os_flag.o(.text)
    OSFlagCreate                             0x0800a1af   Thumb Code   116  os_flag.o(.text)
    OS_FlagClr                               0x0800a223   Thumb Code    28  os_flag.o(.text)
    OS_FlagDbgListRemove                     0x0800a23f   Thumb Code    44  os_flag.o(.text)
    OSFlagDel                                0x0800a26b   Thumb Code   306  os_flag.o(.text)
    OS_FlagBlock                             0x0800a39d   Thumb Code    58  os_flag.o(.text)
    OSFlagPend                               0x0800a3d7   Thumb Code  1248  os_flag.o(.text)
    OSFlagPendAbort                          0x0800a8b7   Thumb Code   236  os_flag.o(.text)
    OSFlagPendGetFlagsRdy                    0x0800a9a3   Thumb Code    86  os_flag.o(.text)
    OS_FlagTaskRdy                           0x0800a9f9   Thumb Code    86  os_flag.o(.text)
    OS_FlagPost                              0x0800aa4f   Thumb Code   418  os_flag.o(.text)
    OSFlagPost                               0x0800abf1   Thumb Code   112  os_flag.o(.text)
    OS_FlagInit                              0x0800ac61   Thumb Code    14  os_flag.o(.text)
    OS_MemDbgListAdd                         0x0800ac81   Thumb Code    34  os_mem.o(.text)
    OSMemCreate                              0x0800aca3   Thumb Code   232  os_mem.o(.text)
    OSMemGet                                 0x0800ad8b   Thumb Code   100  os_mem.o(.text)
    OSMemPut                                 0x0800adef   Thumb Code   112  os_mem.o(.text)
    OS_MemInit                               0x0800ae5f   Thumb Code    14  os_mem.o(.text)
    OS_MsgPoolInit                           0x0800ae7d   Thumb Code   110  os_msg.o(.text)
    OS_MsgQFreeAll                           0x0800aeeb   Thumb Code    62  os_msg.o(.text)
    OS_MsgQInit                              0x0800af29   Thumb Code    14  os_msg.o(.text)
    OS_MsgQGet                               0x0800af37   Thumb Code    98  os_msg.o(.text)
    OS_MsgQPut                               0x0800af99   Thumb Code   254  os_msg.o(.text)
    OS_MutexDbgListAdd                       0x0800b0a5   Thumb Code    38  os_mutex.o(.text)
    OSMutexCreate                            0x0800b0cb   Thumb Code   122  os_mutex.o(.text)
    OS_MutexClr                              0x0800b145   Thumb Code    38  os_mutex.o(.text)
    OS_MutexDbgListRemove                    0x0800b16b   Thumb Code    44  os_mutex.o(.text)
    OSMutexDel                               0x0800b197   Thumb Code   442  os_mutex.o(.text)
    OSMutexPend                              0x0800b351   Thumb Code   618  os_mutex.o(.text)
    OSMutexPendAbort                         0x0800b5bb   Thumb Code   236  os_mutex.o(.text)
    OSMutexPost                              0x0800b6a7   Thumb Code   354  os_mutex.o(.text)
    OS_MutexInit                             0x0800b809   Thumb Code    14  os_mutex.o(.text)
    OS_PrioInit                              0x0800b831   Thumb Code    20  os_prio.o(.text)
    OS_PrioGetHighest                        0x0800b845   Thumb Code    36  os_prio.o(.text)
    OS_PrioInsert                            0x0800b869   Thumb Code    32  os_prio.o(.text)
    OS_PrioRemove                            0x0800b889   Thumb Code    32  os_prio.o(.text)
    OS_QDbgListAdd                           0x0800b8ad   Thumb Code    38  os_q.o(.text)
    OSQCreate                                0x0800b8d3   Thumb Code   130  os_q.o(.text)
    OS_QClr                                  0x0800b955   Thumb Code    40  os_q.o(.text)
    OS_QDbgListRemove                        0x0800b97d   Thumb Code    44  os_q.o(.text)
    OSQDel                                   0x0800b9a9   Thumb Code   306  os_q.o(.text)
    OSQFlush                                 0x0800badb   Thumb Code   106  os_q.o(.text)
    OSQPend                                  0x0800bb45   Thumb Code   484  os_q.o(.text)
    OSQPendAbort                             0x0800bd29   Thumb Code   236  os_q.o(.text)
    OS_QPost                                 0x0800be15   Thumb Code   190  os_q.o(.text)
    OSQPost                                  0x0800bed3   Thumb Code   144  os_q.o(.text)
    OS_QInit                                 0x0800bf63   Thumb Code    14  os_q.o(.text)
    OS_SemDbgListAdd                         0x0800bf85   Thumb Code    38  os_sem.o(.text)
    OSSemCreate                              0x0800bfab   Thumb Code   116  os_sem.o(.text)
    OS_SemClr                                0x0800c01f   Thumb Code    28  os_sem.o(.text)
    OS_SemDbgListRemove                      0x0800c03b   Thumb Code    44  os_sem.o(.text)
    OSSemDel                                 0x0800c067   Thumb Code   306  os_sem.o(.text)
    OSSemPend                                0x0800c199   Thumb Code   406  os_sem.o(.text)
    OSSemPendAbort                           0x0800c32f   Thumb Code   278  os_sem.o(.text)
    OS_SemPost                               0x0800c445   Thumb Code   294  os_sem.o(.text)
    OSSemPost                                0x0800c56b   Thumb Code   108  os_sem.o(.text)
    OSSemSet                                 0x0800c5d7   Thumb Code   120  os_sem.o(.text)
    OS_SemInit                               0x0800c64f   Thumb Code    14  os_sem.o(.text)
    OSStatReset                              0x0800c66d   Thumb Code   262  os_stat.o(.text)
    OSStatTaskCPUUsageInit                   0x0800c773   Thumb Code   212  os_stat.o(.text)
    OS_StatTask                              0x0800c847   Thumb Code   768  os_stat.o(.text)
    OS_StatTaskInit                          0x0800cb47   Thumb Code   138  os_stat.o(.text)
    OSTaskChangePrio                         0x0800cc15   Thumb Code   274  os_task.o(.text)
    OS_TaskDbgListAdd                        0x0800cd27   Thumb Code    42  os_task.o(.text)
    OS_TaskInitTCB                           0x0800cd51   Thumb Code   190  os_task.o(.text)
    OSTaskCreate                             0x0800ce0f   Thumb Code   412  os_task.o(.text)
    OS_TaskDbgListRemove                     0x0800cfab   Thumb Code    64  os_task.o(.text)
    OSTaskDel                                0x0800cfeb   Thumb Code   324  os_task.o(.text)
    OSTaskQFlush                             0x0800d12f   Thumb Code   110  os_task.o(.text)
    OSTaskQPend                              0x0800d19d   Thumb Code   458  os_task.o(.text)
    OSTaskQPendAbort                         0x0800d367   Thumb Code   206  os_task.o(.text)
    OS_TaskQPost                             0x0800d435   Thumb Code   220  os_task.o(.text)
    OSTaskQPost                              0x0800d511   Thumb Code    82  os_task.o(.text)
    OSTaskRegGet                             0x0800d563   Thumb Code    78  os_task.o(.text)
    OSTaskRegGetID                           0x0800d5b1   Thumb Code    84  os_task.o(.text)
    OSTaskRegSet                             0x0800d605   Thumb Code    78  os_task.o(.text)
    OS_TaskResume                            0x0800d653   Thumb Code   256  os_task.o(.text)
    OSTaskResume                             0x0800d753   Thumb Code    96  os_task.o(.text)
    OSTaskSemPend                            0x0800d7b3   Thumb Code   478  os_task.o(.text)
    OSTaskSemPendAbort                       0x0800d991   Thumb Code   214  os_task.o(.text)
    OS_TaskSemPost                           0x0800da67   Thumb Code   448  os_task.o(.text)
    OSTaskSemPost                            0x0800dc27   Thumb Code    76  os_task.o(.text)
    OSTaskSemSet                             0x0800dc73   Thumb Code    80  os_task.o(.text)
    OSTaskStkChk                             0x0800dcc3   Thumb Code   204  os_task.o(.text)
    OS_TaskSuspend                           0x0800dd8f   Thumb Code   272  os_task.o(.text)
    OSTaskSuspend                            0x0800de9f   Thumb Code    48  os_task.o(.text)
    OSTaskTimeQuantaSet                      0x0800decf   Thumb Code    96  os_task.o(.text)
    OS_TaskInit                              0x0800df2f   Thumb Code    18  os_task.o(.text)
    OS_TaskReturn                            0x0800df41   Thumb Code    20  os_task.o(.text)
    OS_TickListRemove                        0x0800df75   Thumb Code    56  os_tick.o(.text)
    OS_TickListUpdate                        0x0800dfad   Thumb Code   376  os_tick.o(.text)
    OS_TickTask                              0x0800e125   Thumb Code    38  os_tick.o(.text)
    OS_TickListInit                          0x0800e14b   Thumb Code    32  os_tick.o(.text)
    OS_TickTaskInit                          0x0800e16b   Thumb Code   130  os_tick.o(.text)
    OS_TickListInsert                        0x0800e1ed   Thumb Code   430  os_tick.o(.text)
    OS_TickListResetPeak                     0x0800e39b   Thumb Code    94  os_tick.o(.text)
    OSTimeDly                                0x0800e3f9   Thumb Code   182  os_time.o(.text)
    OSTimeDlyHMSM                            0x0800e4af   Thumb Code   394  os_time.o(.text)
    OSTimeDlyResume                          0x0800e639   Thumb Code   334  os_time.o(.text)
    OSTimeGet                                0x0800e787   Thumb Code    46  os_time.o(.text)
    OSTimeSet                                0x0800e7b5   Thumb Code    68  os_time.o(.text)
    OSTimeTick                               0x0800e7f9   Thumb Code    68  os_time.o(.text)
    OS_TmrDbgListAdd                         0x0800e855   Thumb Code    34  os_tmr.o(.text)
    OSTmrCreate                              0x0800e877   Thumb Code   192  os_tmr.o(.text)
    OS_TmrClr                                0x0800e937   Thumb Code    36  os_tmr.o(.text)
    OS_TmrUnlink                             0x0800e95b   Thumb Code    72  os_tmr.o(.text)
    OS_TmrDbgListRemove                      0x0800e9a3   Thumb Code    44  os_tmr.o(.text)
    OSTmrDel                                 0x0800e9cf   Thumb Code   182  os_tmr.o(.text)
    OSTmrRemainGet                           0x0800ea85   Thumb Code   188  os_tmr.o(.text)
    OS_TmrLink                               0x0800eb41   Thumb Code   196  os_tmr.o(.text)
    OSTmrStart                               0x0800ec05   Thumb Code   212  os_tmr.o(.text)
    OSTmrStateGet                            0x0800ecd9   Thumb Code   134  os_tmr.o(.text)
    OSTmrStop                                0x0800ed5f   Thumb Code   246  os_tmr.o(.text)
    OS_TmrTask                               0x0800ee55   Thumb Code   176  os_tmr.o(.text)
    OS_TmrInit                               0x0800ef05   Thumb Code   208  os_tmr.o(.text)
    OS_TmrResetPeak                          0x0800efd5   Thumb Code    28  os_tmr.o(.text)
    Reset_Handler                            0x0800f04d   Thumb Code     4  cstartup.o(.text)
    App_NMI_ISR                              0x0800f051   Thumb Code     2  cstartup.o(.text)
    App_Fault_ISR                            0x0800f053   Thumb Code     2  cstartup.o(.text)
    App_MemFault_ISR                         0x0800f055   Thumb Code     2  cstartup.o(.text)
    App_BusFault_ISR                         0x0800f057   Thumb Code     2  cstartup.o(.text)
    App_UsageFault_ISR                       0x0800f059   Thumb Code     2  cstartup.o(.text)
    App_Spurious_ISR                         0x0800f05b   Thumb Code     2  cstartup.o(.text)
    App_Reserved_ISR                         0x0800f05d   Thumb Code     2  cstartup.o(.text)
    sys_mbox_new                             0x0800f065   Thumb Code    40  sys_arch.o(.text)
    sys_mbox_free                            0x0800f08d   Thumb Code    50  sys_arch.o(.text)
    sys_mbox_post                            0x0800f0bf   Thumb Code   100  sys_arch.o(.text)
    sys_mbox_trypost                         0x0800f123   Thumb Code    42  sys_arch.o(.text)
    sys_arch_mbox_fetch                      0x0800f14d   Thumb Code   172  sys_arch.o(.text)
    sys_arch_mbox_tryfetch                   0x0800f1f9   Thumb Code    18  sys_arch.o(.text)
    sys_mbox_valid                           0x0800f20b   Thumb Code    30  sys_arch.o(.text)
    sys_mbox_set_invalid                     0x0800f229   Thumb Code    20  sys_arch.o(.text)
    sys_sem_new                              0x0800f23d   Thumb Code    56  sys_arch.o(.text)
    sys_arch_sem_wait                        0x0800f275   Thumb Code   118  sys_arch.o(.text)
    sys_sem_signal                           0x0800f2eb   Thumb Code    42  sys_arch.o(.text)
    sys_sem_free                             0x0800f315   Thumb Code    46  sys_arch.o(.text)
    sys_sem_valid                            0x0800f343   Thumb Code    30  sys_arch.o(.text)
    sys_sem_set_invalid                      0x0800f361   Thumb Code    20  sys_arch.o(.text)
    sys_init                                 0x0800f375   Thumb Code     2  sys_arch.o(.text)
    sys_thread_new                           0x0800f377   Thumb Code   112  sys_arch.o(.text)
    sys_now                                  0x0800f3e7   Thumb Code    30  sys_arch.o(.text)
    tcpip_inpkt                              0x0800f583   Thumb Code    38  tcpip.o(.text)
    tcpip_input                              0x0800f5a9   Thumb Code    40  tcpip.o(.text)
    tcpip_callback_with_block                0x0800f5d1   Thumb Code   104  tcpip.o(.text)
    tcpip_send_msg_wait_sem                  0x0800f639   Thumb Code    30  tcpip.o(.text)
    tcpip_api_call                           0x0800f657   Thumb Code    30  tcpip.o(.text)
    tcpip_callbackmsg_new                    0x0800f675   Thumb Code    32  tcpip.o(.text)
    tcpip_callbackmsg_delete                 0x0800f695   Thumb Code    14  tcpip.o(.text)
    tcpip_trycallback                        0x0800f6a3   Thumb Code    44  tcpip.o(.text)
    tcpip_init                               0x0800f6cf   Thumb Code   102  tcpip.o(.text)
    pbuf_free_callback                       0x0800f743   Thumb Code    16  tcpip.o(.text)
    mem_free_callback                        0x0800f753   Thumb Code    16  tcpip.o(.text)
    ethernet_input                           0x0800f851   Thumb Code   196  ethernet.o(.text)
    ethernet_output                          0x0800f915   Thumb Code   112  ethernet.o(.text)
    ethernetif_input                         0x0800fb0f   Thumb Code    36  ethernetif.o(.text)
    ethernetif_init                          0x0800fb33   Thumb Code    82  ethernetif.o(.text)
    lwip_htons                               0x0800fbf9   Thumb Code    12  def.o(.text)
    lwip_htonl                               0x0800fc05   Thumb Code    26  def.o(.text)
    lwip_strnstr                             0x0800fc1f   Thumb Code    74  def.o(.text)
    lwip_stricmp                             0x0800fc69   Thumb Code    60  def.o(.text)
    lwip_strnicmp                            0x0800fca5   Thumb Code    70  def.o(.text)
    lwip_itoa                                0x0800fceb   Thumb Code    98  def.o(.text)
    lwip_standard_chksum                     0x0800fd51   Thumb Code    94  inet_chksum.o(.text)
    inet_chksum_pseudo                       0x0800fe2d   Thumb Code    76  inet_chksum.o(.text)
    ip_chksum_pseudo                         0x0800fe79   Thumb Code    36  inet_chksum.o(.text)
    inet_chksum_pseudo_partial               0x0800ff49   Thumb Code    80  inet_chksum.o(.text)
    ip_chksum_pseudo_partial                 0x0800ff99   Thumb Code    36  inet_chksum.o(.text)
    inet_chksum                              0x0800ffbd   Thumb Code    20  inet_chksum.o(.text)
    inet_chksum_pbuf                         0x0800ffd1   Thumb Code    82  inet_chksum.o(.text)
    lwip_init                                0x08010079   Thumb Code    68  init.o(.text)
    mem_init                                 0x080101e3   Thumb Code   108  mem.o(.text)
    mem_free                                 0x0801024f   Thumb Code   174  mem.o(.text)
    mem_trim                                 0x080102fd   Thumb Code   334  mem.o(.text)
    mem_malloc                               0x0801044b   Thumb Code   778  mem.o(.text)
    mem_calloc                               0x08010755   Thumb Code    34  mem.o(.text)
    memp_init_pool                           0x08010829   Thumb Code    44  memp.o(.text)
    memp_init                                0x08010855   Thumb Code    26  memp.o(.text)
    memp_malloc_pool                         0x080108b7   Thumb Code    42  memp.o(.text)
    memp_malloc                              0x080108e1   Thumb Code    50  memp.o(.text)
    memp_free_pool                           0x08010953   Thumb Code    48  memp.o(.text)
    memp_free                                0x08010983   Thumb Code    54  memp.o(.text)
    netif_init                               0x08010a91   Thumb Code     2  netif.o(.text)
    netif_input                              0x08010a93   Thumb Code    36  netif.o(.text)
    netif_set_ipaddr                         0x08010adb   Thumb Code    72  netif.o(.text)
    netif_set_gw                             0x08010b23   Thumb Code    12  netif.o(.text)
    netif_set_netmask                        0x08010b2f   Thumb Code    12  netif.o(.text)
    netif_set_addr                           0x08010b3b   Thumb Code    72  netif.o(.text)
    netif_add                                0x08010b83   Thumb Code   126  netif.o(.text)
    netif_set_default                        0x08010c01   Thumb Code     6  netif.o(.text)
    netif_set_down                           0x08010c07   Thumb Code    42  netif.o(.text)
    netif_remove                             0x08010c31   Thumb Code   110  netif.o(.text)
    netif_find                               0x08010c9f   Thumb Code    64  netif.o(.text)
    netif_set_up                             0x08010cdf   Thumb Code    44  netif.o(.text)
    netif_set_link_up                        0x08010d0b   Thumb Code    52  netif.o(.text)
    netif_set_link_down                      0x08010d3f   Thumb Code    24  netif.o(.text)
    pbuf_free                                0x08010dc5   Thumb Code   254  pbuf.o(.text)
    pbuf_alloc                               0x08010ec3   Thumb Code   660  pbuf.o(.text)
    pbuf_alloced_custom                      0x08011157   Thumb Code   660  pbuf.o(.text)
    pbuf_realloc                             0x080113eb   Thumb Code   276  pbuf.o(.text)
    pbuf_header                              0x080115e1   Thumb Code    18  pbuf.o(.text)
    pbuf_header_force                        0x080115f3   Thumb Code    18  pbuf.o(.text)
    pbuf_clen                                0x08011605   Thumb Code    18  pbuf.o(.text)
    pbuf_ref                                 0x08011617   Thumb Code    64  pbuf.o(.text)
    pbuf_cat                                 0x08011657   Thumb Code   138  pbuf.o(.text)
    pbuf_chain                               0x080116e1   Thumb Code    22  pbuf.o(.text)
    pbuf_dechain                             0x080116f7   Thumb Code   122  pbuf.o(.text)
    pbuf_copy                                0x08011771   Thumb Code   764  pbuf.o(.text)
    pbuf_copy_partial                        0x08011a6d   Thumb Code   190  pbuf.o(.text)
    pbuf_skip                                0x08011b4d   Thumb Code    28  pbuf.o(.text)
    pbuf_take                                0x08011b69   Thumb Code   260  pbuf.o(.text)
    pbuf_take_at                             0x08011c6d   Thumb Code   118  pbuf.o(.text)
    pbuf_coalesce                            0x08011ce3   Thumb Code    84  pbuf.o(.text)
    pbuf_try_get_at                          0x08011d37   Thumb Code    46  pbuf.o(.text)
    pbuf_get_at                              0x08011d65   Thumb Code   364  pbuf.o(.text)
    pbuf_put_at                              0x08011ed1   Thumb Code    42  pbuf.o(.text)
    pbuf_memcmp                              0x08011efb   Thumb Code    98  pbuf.o(.text)
    pbuf_memfind                             0x08011f5d   Thumb Code    72  pbuf.o(.text)
    pbuf_strstr                              0x08011fa5   Thumb Code    60  pbuf.o(.text)
    tcp_init                                 0x08011fe1   Thumb Code     2  tcp.o(.text)
    tcp_seg_free                             0x08011fe3   Thumb Code    26  tcp.o(.text)
    tcp_segs_free                            0x08011ffd   Thumb Code    24  tcp.o(.text)
    tcp_pcb_purge                            0x08012015   Thumb Code    64  tcp.o(.text)
    tcp_slowtmr                              0x08012055   Thumb Code  1416  tcp.o(.text)
    tcp_pcb_remove                           0x08012661   Thumb Code   172  tcp.o(.text)
    tcp_close                                0x080128e7   Thumb Code    28  tcp.o(.text)
    tcp_update_rcv_ann_wnd                   0x08012903   Thumb Code   334  tcp.o(.text)
    tcp_recved                               0x08012a51   Thumb Code   148  tcp.o(.text)
    tcp_recv_null                            0x08012ae5   Thumb Code    46  tcp.o(.text)
    tcp_process_refused_data                 0x08012b13   Thumb Code   146  tcp.o(.text)
    tcp_fasttmr                              0x08012ba5   Thumb Code   130  tcp.o(.text)
    tcp_tmr                                  0x08012c27   Thumb Code    30  tcp.o(.text)
    tcp_shutdown                             0x08012c45   Thumb Code    98  tcp.o(.text)
    tcp_abandon                              0x08012ca7   Thumb Code   248  tcp.o(.text)
    tcp_abort                                0x08012d9f   Thumb Code    14  tcp.o(.text)
    tcp_bind                                 0x08012e0d   Thumb Code   380  tcp.o(.text)
    tcp_listen_with_backlog_and_err          0x08012f9d   Thumb Code   214  tcp.o(.text)
    tcp_listen_with_backlog                  0x08013073   Thumb Code    18  tcp.o(.text)
    tcp_eff_send_mss_impl                    0x08013085   Thumb Code    58  tcp.o(.text)
    tcp_next_iss                             0x080130bf   Thumb Code    22  tcp.o(.text)
    tcp_connect                              0x080130d5   Thumb Code   340  tcp.o(.text)
    tcp_txnow                                0x08013229   Thumb Code    30  tcp.o(.text)
    tcp_setprio                              0x08013247   Thumb Code     4  tcp.o(.text)
    tcp_alloc                                0x080133df   Thumb Code   168  tcp.o(.text)
    tcp_new                                  0x08013487   Thumb Code    10  tcp.o(.text)
    tcp_new_ip_type                          0x08013491   Thumb Code    16  tcp.o(.text)
    tcp_arg                                  0x080134a1   Thumb Code     6  tcp.o(.text)
    tcp_recv                                 0x080134a7   Thumb Code    44  tcp.o(.text)
    tcp_sent                                 0x080134d3   Thumb Code    44  tcp.o(.text)
    tcp_err                                  0x080134ff   Thumb Code    46  tcp.o(.text)
    tcp_accept                               0x0801352d   Thumb Code    16  tcp.o(.text)
    tcp_poll                                 0x0801353d   Thumb Code    46  tcp.o(.text)
    tcp_netif_ip_addr_changed                0x08013595   Thumb Code    70  tcp.o(.text)
    tcp_debug_state_str                      0x080135db   Thumb Code    10  tcp.o(.text)
    tcp_input                                0x080148ad   Thumb Code  1878  tcp_in.o(.text)
    tcp_trigger_input_pcb_close              0x08015003   Thumb Code    14  tcp_in.o(.text)
    tcp_enqueue_flags                        0x080151cb   Thumb Code   394  tcp_out.o(.text)
    tcp_send_fin                             0x08015355   Thumb Code    74  tcp_out.o(.text)
    tcp_write                                0x0801562b   Thumb Code  1900  tcp_out.o(.text)
    tcp_send_empty_ack                       0x08015d97   Thumb Code   142  tcp_out.o(.text)
    tcp_output                               0x08015efb   Thumb Code   862  tcp_out.o(.text)
    tcp_rst                                  0x08016259   Thumb Code   182  tcp_out.o(.text)
    tcp_rexmit_rto                           0x0801630f   Thumb Code    66  tcp_out.o(.text)
    tcp_rexmit                               0x08016351   Thumb Code    98  tcp_out.o(.text)
    tcp_rexmit_fast                          0x080163b3   Thumb Code   110  tcp_out.o(.text)
    tcp_keepalive                            0x08016421   Thumb Code   114  tcp_out.o(.text)
    tcp_zero_window_probe                    0x08016493   Thumb Code   264  tcp_out.o(.text)
    sys_timeout                              0x0801659d   Thumb Code   226  timeouts.o(.text)
    tcp_timer_needed                         0x080166a7   Thumb Code    38  timeouts.o(.text)
    sys_timeouts_init                        0x080166e3   Thumb Code    38  timeouts.o(.text)
    sys_untimeout                            0x08016709   Thumb Code    90  timeouts.o(.text)
    sys_restart_timeouts                     0x080167d5   Thumb Code    12  timeouts.o(.text)
    sys_timeouts_mbox_fetch                  0x08016811   Thumb Code    58  timeouts.o(.text)
    udp_init                                 0x080168f5   Thumb Code     2  udp.o(.text)
    udp_input                                0x08016989   Thumb Code   362  udp.o(.text)
    udp_bind                                 0x08016af3   Thumb Code   138  udp.o(.text)
    udp_sendto_if_src                        0x08016b7d   Thumb Code   256  udp.o(.text)
    udp_sendto_if                            0x08016c7d   Thumb Code    82  udp.o(.text)
    udp_sendto                               0x08016ccf   Thumb Code   210  udp.o(.text)
    udp_send                                 0x08016da1   Thumb Code    30  udp.o(.text)
    udp_connect                              0x08016dbf   Thumb Code   104  udp.o(.text)
    udp_disconnect                           0x08016e27   Thumb Code    16  udp.o(.text)
    udp_recv                                 0x08016e37   Thumb Code     6  udp.o(.text)
    udp_remove                               0x08016e3d   Thumb Code    64  udp.o(.text)
    udp_new                                  0x08016e7d   Thumb Code    28  udp.o(.text)
    udp_new_ip_type                          0x08016e99   Thumb Code    14  udp.o(.text)
    udp_netif_ip_addr_changed                0x08016ea7   Thumb Code    42  udp.o(.text)
    dhcp_renew                               0x08018051   Thumb Code   178  dhcp.o(.text)
    dhcp_supplied_address                    0x0801823d   Thumb Code    40  dhcp.o(.text)
    dhcp_release                             0x08018265   Thumb Code   162  dhcp.o(.text)
    dhcp_coarse_tmr                          0x08018307   Thumb Code   100  dhcp.o(.text)
    dhcp_fine_tmr                            0x08018517   Thumb Code    62  dhcp.o(.text)
    dhcp_set_struct                          0x08018555   Thumb Code    98  dhcp.o(.text)
    dhcp_cleanup                             0x080185b7   Thumb Code    46  dhcp.o(.text)
    dhcp_stop                                0x080185e5   Thumb Code    92  dhcp.o(.text)
    dhcp_start                               0x08018641   Thumb Code   230  dhcp.o(.text)
    dhcp_inform                              0x08018727   Thumb Code   144  dhcp.o(.text)
    dhcp_network_changed                     0x080187b7   Thumb Code    74  dhcp.o(.text)
    dhcp_arp_reply                           0x08018959   Thumb Code    64  dhcp.o(.text)
    etharp_request                           0x08018ae7   Thumb Code    18  etharp.o(.text)
    etharp_tmr                               0x08018af9   Thumb Code   216  etharp.o(.text)
    etharp_cleanup_netif                     0x08018f9d   Thumb Code    52  etharp.o(.text)
    etharp_find_addr                         0x08018fd1   Thumb Code   110  etharp.o(.text)
    etharp_get_entry                         0x0801903f   Thumb Code   164  etharp.o(.text)
    etharp_input                             0x080190e3   Thumb Code   214  etharp.o(.text)
    etharp_query                             0x0801935d   Thumb Code   472  etharp.o(.text)
    etharp_output                            0x08019535   Thumb Code   376  etharp.o(.text)
    icmp_input                               0x08019709   Thumb Code   470  icmp.o(.text)
    icmp_dest_unreach                        0x08019975   Thumb Code    18  icmp.o(.text)
    icmp_time_exceeded                       0x08019987   Thumb Code    18  icmp.o(.text)
    ip4_route                                0x08019a7d   Thumb Code   134  ip4.o(.text)
    ip4_input                                0x08019b03   Thumb Code   510  ip4.o(.text)
    ip4_output_if_src                        0x08019d01   Thumb Code   336  ip4.o(.text)
    ip4_output_if                            0x08019e51   Thumb Code   206  ip4.o(.text)
    ip4_output                               0x08019f1f   Thumb Code    86  ip4.o(.text)
    ip4_addr_isbroadcast_u32                 0x08019f75   Thumb Code    78  ip4_addr.o(.text)
    ip4_addr_netmask_valid                   0x08019fc3   Thumb Code    56  ip4_addr.o(.text)
    ip4addr_aton                             0x08019ffb   Thumb Code   414  ip4_addr.o(.text)
    ipaddr_addr                              0x0801a199   Thumb Code    24  ip4_addr.o(.text)
    ip4addr_ntoa_r                           0x0801a1b1   Thumb Code   168  ip4_addr.o(.text)
    ip4addr_ntoa                             0x0801a259   Thumb Code    16  ip4_addr.o(.text)
    ip_reass_tmr                             0x0801a413   Thumb Code    48  ip4_frag.o(.text)
    ip4_reass                                0x0801a84d   Thumb Code   474  ip4_frag.o(.text)
    ip4_frag                                 0x0801aaad   Thumb Code   716  ip4_frag.o(.text)
    __aeabi_memcpy                           0x0801ad7d   Thumb Code    36  memcpya.o(.text)
    __aeabi_memcpy4                          0x0801ad7d   Thumb Code     0  memcpya.o(.text)
    __aeabi_memcpy8                          0x0801ad7d   Thumb Code     0  memcpya.o(.text)
    __aeabi_memset                           0x0801ada1   Thumb Code    14  memseta.o(.text)
    __aeabi_memset4                          0x0801ada1   Thumb Code     0  memseta.o(.text)
    __aeabi_memset8                          0x0801ada1   Thumb Code     0  memseta.o(.text)
    __aeabi_memclr                           0x0801adaf   Thumb Code     4  memseta.o(.text)
    __aeabi_memclr4                          0x0801adaf   Thumb Code     0  memseta.o(.text)
    __aeabi_memclr8                          0x0801adaf   Thumb Code     0  memseta.o(.text)
    _memset$wrapper                          0x0801adb3   Thumb Code    18  memseta.o(.text)
    strstr                                   0x0801adc5   Thumb Code    36  strstr.o(.text)
    strlen                                   0x0801ade9   Thumb Code    14  strlen.o(.text)
    strcmp                                   0x0801adf7   Thumb Code    28  strcmp.o(.text)
    memcmp                                   0x0801ae13   Thumb Code    26  memcmp.o(.text)
    strncmp                                  0x0801ae2d   Thumb Code    30  strncmp.o(.text)
    __aeabi_uldivmod                         0x0801ae4b   Thumb Code    98  uldiv.o(.text)
    __scatterload                            0x0801aead   Thumb Code    28  init.o(.text)
    __scatterload_rt2                        0x0801aead   Thumb Code     0  init.o(.text)
    __aeabi_llsl                             0x0801aed1   Thumb Code    30  llshl.o(.text)
    __semihosting_library_function           0x0801aed1   Thumb Code     0  semi.o(.text)
    _ll_shift_l                              0x0801aed1   Thumb Code     0  llshl.o(.text)
    __aeabi_llsr                             0x0801aeef   Thumb Code    32  llushr.o(.text)
    _ll_ushift_r                             0x0801aeef   Thumb Code     0  llushr.o(.text)
    __I$use$semihosting$fputc                0x0801af0f   Thumb Code     0  iusesemip.o(.text)
    __decompress                             0x0801af0f   Thumb Code     0  __dczerorl2.o(.text)
    __decompress1                            0x0801af0f   Thumb Code    86  __dczerorl2.o(.text)
    OSStartHighRdy                           0x0801af65   Thumb Code     0  os_cpu_a.o(CODE)
    OS_CPU_PendSVHandler                     0x0801af87   Thumb Code     0  os_cpu_a.o(CODE)
    __0printf$8                              0x0801afe9   Thumb Code    22  printf8.o(i.__0printf$8)
    __1printf$8                              0x0801afe9   Thumb Code     0  printf8.o(i.__0printf$8)
    __2printf                                0x0801afe9   Thumb Code     0  printf8.o(i.__0printf$8)
    __0sprintf$8                             0x0801b009   Thumb Code    34  printf8.o(i.__0sprintf$8)
    __1sprintf$8                             0x0801b009   Thumb Code     0  printf8.o(i.__0sprintf$8)
    __2sprintf                               0x0801b009   Thumb Code     0  printf8.o(i.__0sprintf$8)
    __scatterload_copy                       0x0801b031   Thumb Code    14  handlers.o(i.__scatterload_copy)
    __scatterload_null                       0x0801b03f   Thumb Code     2  handlers.o(i.__scatterload_null)
    __scatterload_zeroinit                   0x0801b041   Thumb Code    14  handlers.o(i.__scatterload_zeroinit)
    fputc                                    0x0801b4bd   Thumb Code    18  fputc.o(i.fputc)
    OSCfg_IdleTaskStkBasePtr                 0x0801b664   Data           4  os_cfg_app.o(.constdata)
    OSCfg_IdleTaskStkLimit                   0x0801b668   Data           4  os_cfg_app.o(.constdata)
    OSCfg_IdleTaskStkSize                    0x0801b66c   Data           4  os_cfg_app.o(.constdata)
    OSCfg_IdleTaskStkSizeRAM                 0x0801b670   Data           4  os_cfg_app.o(.constdata)
    OSCfg_IntQBasePtr                        0x0801b674   Data           4  os_cfg_app.o(.constdata)
    OSCfg_IntQSize                           0x0801b678   Data           2  os_cfg_app.o(.constdata)
    OSCfg_IntQSizeRAM                        0x0801b67c   Data           4  os_cfg_app.o(.constdata)
    OSCfg_IntQTaskStkBasePtr                 0x0801b680   Data           4  os_cfg_app.o(.constdata)
    OSCfg_IntQTaskStkLimit                   0x0801b684   Data           4  os_cfg_app.o(.constdata)
    OSCfg_IntQTaskStkSize                    0x0801b688   Data           4  os_cfg_app.o(.constdata)
    OSCfg_IntQTaskStkSizeRAM                 0x0801b68c   Data           4  os_cfg_app.o(.constdata)
    OSCfg_ISRStkBasePtr                      0x0801b690   Data           4  os_cfg_app.o(.constdata)
    OSCfg_ISRStkSize                         0x0801b694   Data           4  os_cfg_app.o(.constdata)
    OSCfg_ISRStkSizeRAM                      0x0801b698   Data           4  os_cfg_app.o(.constdata)
    OSCfg_MsgPoolSize                        0x0801b69c   Data           2  os_cfg_app.o(.constdata)
    OSCfg_MsgPoolSizeRAM                     0x0801b6a0   Data           4  os_cfg_app.o(.constdata)
    OSCfg_MsgPoolBasePtr                     0x0801b6a4   Data           4  os_cfg_app.o(.constdata)
    OSCfg_StatTaskPrio                       0x0801b6a8   Data           1  os_cfg_app.o(.constdata)
    OSCfg_StatTaskRate_Hz                    0x0801b6ac   Data           4  os_cfg_app.o(.constdata)
    OSCfg_StatTaskStkBasePtr                 0x0801b6b0   Data           4  os_cfg_app.o(.constdata)
    OSCfg_StatTaskStkLimit                   0x0801b6b4   Data           4  os_cfg_app.o(.constdata)
    OSCfg_StatTaskStkSize                    0x0801b6b8   Data           4  os_cfg_app.o(.constdata)
    OSCfg_StatTaskStkSizeRAM                 0x0801b6bc   Data           4  os_cfg_app.o(.constdata)
    OSCfg_StkSizeMin                         0x0801b6c0   Data           4  os_cfg_app.o(.constdata)
    OSCfg_TickRate_Hz                        0x0801b6c4   Data           4  os_cfg_app.o(.constdata)
    OSCfg_TickTaskPrio                       0x0801b6c8   Data           1  os_cfg_app.o(.constdata)
    OSCfg_TickTaskStkBasePtr                 0x0801b6cc   Data           4  os_cfg_app.o(.constdata)
    OSCfg_TickTaskStkLimit                   0x0801b6d0   Data           4  os_cfg_app.o(.constdata)
    OSCfg_TickTaskStkSize                    0x0801b6d4   Data           4  os_cfg_app.o(.constdata)
    OSCfg_TickTaskStkSizeRAM                 0x0801b6d8   Data           4  os_cfg_app.o(.constdata)
    OSCfg_TickWheelSize                      0x0801b6dc   Data           2  os_cfg_app.o(.constdata)
    OSCfg_TickWheelSizeRAM                   0x0801b6e0   Data           4  os_cfg_app.o(.constdata)
    OSCfg_TmrTaskPrio                        0x0801b6e4   Data           1  os_cfg_app.o(.constdata)
    OSCfg_TmrTaskRate_Hz                     0x0801b6e8   Data           4  os_cfg_app.o(.constdata)
    OSCfg_TmrTaskStkBasePtr                  0x0801b6ec   Data           4  os_cfg_app.o(.constdata)
    OSCfg_TmrTaskStkLimit                    0x0801b6f0   Data           4  os_cfg_app.o(.constdata)
    OSCfg_TmrTaskStkSize                     0x0801b6f4   Data           4  os_cfg_app.o(.constdata)
    OSCfg_TmrTaskStkSizeRAM                  0x0801b6f8   Data           4  os_cfg_app.o(.constdata)
    OSCfg_TmrWheelSize                       0x0801b6fc   Data           2  os_cfg_app.o(.constdata)
    OSCfg_TmrWheelSizeRAM                    0x0801b700   Data           4  os_cfg_app.o(.constdata)
    OSCfg_DataSizeRAM                        0x0801b704   Data           4  os_cfg_app.o(.constdata)
    OSDbg_DbgEn                              0x0801b708   Data           1  os_dbg.o(.constdata)
    OSDbg_ArgChkEn                           0x0801b709   Data           1  os_dbg.o(.constdata)
    OSDbg_AppHooksEn                         0x0801b70a   Data           1  os_dbg.o(.constdata)
    OSDbg_EndiannessTest                     0x0801b70c   Data           4  os_dbg.o(.constdata)
    OSDbg_CalledFromISRChkEn                 0x0801b710   Data           1  os_dbg.o(.constdata)
    OSDbg_FlagEn                             0x0801b711   Data           1  os_dbg.o(.constdata)
    OSDbg_FlagGrp                            0x0801b714   Data          40  os_dbg.o(.constdata)
    OSDbg_FlagDelEn                          0x0801b73c   Data           1  os_dbg.o(.constdata)
    OSDbg_FlagModeClrEn                      0x0801b73d   Data           1  os_dbg.o(.constdata)
    OSDbg_FlagPendAbortEn                    0x0801b73e   Data           1  os_dbg.o(.constdata)
    OSDbg_FlagGrpSize                        0x0801b740   Data           2  os_dbg.o(.constdata)
    OSDbg_FlagWidth                          0x0801b742   Data           2  os_dbg.o(.constdata)
    OSDbg_IntQ                               0x0801b744   Data           2  os_dbg.o(.constdata)
    OSDbg_ISRPostDeferredEn                  0x0801b746   Data           1  os_dbg.o(.constdata)
    OSDbg_Mem                                0x0801b748   Data          32  os_dbg.o(.constdata)
    OSDbg_MemEn                              0x0801b768   Data           1  os_dbg.o(.constdata)
    OSDbg_MemSize                            0x0801b76a   Data           2  os_dbg.o(.constdata)
    OSDbg_MsgEn                              0x0801b76c   Data           1  os_dbg.o(.constdata)
    OSDbg_MsgSize                            0x0801b76e   Data           2  os_dbg.o(.constdata)
    OSDbg_MsgPoolSize                        0x0801b770   Data           2  os_dbg.o(.constdata)
    OSDbg_MsgQSize                           0x0801b772   Data           2  os_dbg.o(.constdata)
    OSDbg_Mutex                              0x0801b774   Data          44  os_dbg.o(.constdata)
    OSDbg_MutexEn                            0x0801b7a0   Data           1  os_dbg.o(.constdata)
    OSDbg_MutexDelEn                         0x0801b7a1   Data           1  os_dbg.o(.constdata)
    OSDbg_MutexPendAbortEn                   0x0801b7a2   Data           1  os_dbg.o(.constdata)
    OSDbg_MutexSize                          0x0801b7a4   Data           2  os_dbg.o(.constdata)
    OSDbg_ObjTypeChkEn                       0x0801b7a6   Data           1  os_dbg.o(.constdata)
    OSDbg_PendMultiEn                        0x0801b7a7   Data           1  os_dbg.o(.constdata)
    OSDbg_PendDataSize                       0x0801b7a8   Data           2  os_dbg.o(.constdata)
    OSDbg_PendListSize                       0x0801b7aa   Data           2  os_dbg.o(.constdata)
    OSDbg_PendObjSize                        0x0801b7ac   Data           2  os_dbg.o(.constdata)
    OSDbg_PrioMax                            0x0801b7ae   Data           2  os_dbg.o(.constdata)
    OSDbg_PrioTblSize                        0x0801b7b0   Data           2  os_dbg.o(.constdata)
    OSDbg_PtrSize                            0x0801b7b2   Data           2  os_dbg.o(.constdata)
    OSDbg_Q                                  0x0801b7b4   Data          48  os_dbg.o(.constdata)
    OSDbg_QEn                                0x0801b7e4   Data           1  os_dbg.o(.constdata)
    OSDbg_QDelEn                             0x0801b7e5   Data           1  os_dbg.o(.constdata)
    OSDbg_QFlushEn                           0x0801b7e6   Data           1  os_dbg.o(.constdata)
    OSDbg_QPendAbortEn                       0x0801b7e7   Data           1  os_dbg.o(.constdata)
    OSDbg_QSize                              0x0801b7e8   Data           2  os_dbg.o(.constdata)
    OSDbg_SchedRoundRobinEn                  0x0801b7ea   Data           1  os_dbg.o(.constdata)
    OSDbg_Sem                                0x0801b7ec   Data          40  os_dbg.o(.constdata)
    OSDbg_SemEn                              0x0801b814   Data           1  os_dbg.o(.constdata)
    OSDbg_SemDelEn                           0x0801b815   Data           1  os_dbg.o(.constdata)
    OSDbg_SemPendAbortEn                     0x0801b816   Data           1  os_dbg.o(.constdata)
    OSDbg_SemSetEn                           0x0801b817   Data           1  os_dbg.o(.constdata)
    OSDbg_SemSize                            0x0801b818   Data           2  os_dbg.o(.constdata)
    OSDbg_RdyList                            0x0801b81a   Data           2  os_dbg.o(.constdata)
    OSDbg_RdyListSize                        0x0801b81c   Data           4  os_dbg.o(.constdata)
    OSDbg_StkWidth                           0x0801b820   Data           1  os_dbg.o(.constdata)
    OSDbg_StatTaskEn                         0x0801b821   Data           1  os_dbg.o(.constdata)
    OSDbg_StatTaskStkChkEn                   0x0801b822   Data           1  os_dbg.o(.constdata)
    OSDbg_TaskChangePrioEn                   0x0801b823   Data           1  os_dbg.o(.constdata)
    OSDbg_TaskDelEn                          0x0801b824   Data           1  os_dbg.o(.constdata)
    OSDbg_TaskQEn                            0x0801b825   Data           1  os_dbg.o(.constdata)
    OSDbg_TaskQPendAbortEn                   0x0801b826   Data           1  os_dbg.o(.constdata)
    OSDbg_TaskProfileEn                      0x0801b827   Data           1  os_dbg.o(.constdata)
    OSDbg_TaskRegTblSize                     0x0801b828   Data           2  os_dbg.o(.constdata)
    OSDbg_TaskSemPendAbortEn                 0x0801b82a   Data           1  os_dbg.o(.constdata)
    OSDbg_TaskSuspendEn                      0x0801b82b   Data           1  os_dbg.o(.constdata)
    OSDbg_TCBSize                            0x0801b82c   Data           2  os_dbg.o(.constdata)
    OSDbg_TickSpokeSize                      0x0801b82e   Data           2  os_dbg.o(.constdata)
    OSDbg_TimeDlyHMSMEn                      0x0801b830   Data           1  os_dbg.o(.constdata)
    OSDbg_TimeDlyResumeEn                    0x0801b831   Data           1  os_dbg.o(.constdata)
    OSDbg_TLS_TblSize                        0x0801b832   Data           2  os_dbg.o(.constdata)
    OSDbg_Tmr                                0x0801b834   Data          52  os_dbg.o(.constdata)
    OSDbg_TmrEn                              0x0801b868   Data           1  os_dbg.o(.constdata)
    OSDbg_TmrDelEn                           0x0801b869   Data           1  os_dbg.o(.constdata)
    OSDbg_TmrSize                            0x0801b86a   Data           2  os_dbg.o(.constdata)
    OSDbg_TmrSpokeSize                       0x0801b86c   Data           2  os_dbg.o(.constdata)
    OSDbg_VersionNbr                         0x0801b86e   Data           2  os_dbg.o(.constdata)
    OSDbg_DataSize                           0x0801b870   Data           4  os_dbg.o(.constdata)
    pvNullPointer                            0x0801b874   Data           4  sys_arch.o(.constdata)
    ethbroadcast                             0x0801b878   Data           6  ethernet.o(.constdata)
    ethzero                                  0x0801b87e   Data           6  ethernet.o(.constdata)
    memp_UDP_PCB                             0x0801b884   Data          12  memp.o(.constdata)
    memp_TCP_PCB                             0x0801b890   Data          12  memp.o(.constdata)
    memp_TCP_PCB_LISTEN                      0x0801b89c   Data          12  memp.o(.constdata)
    memp_TCP_SEG                             0x0801b8a8   Data          12  memp.o(.constdata)
    memp_REASSDATA                           0x0801b8b4   Data          12  memp.o(.constdata)
    memp_FRAG_PBUF                           0x0801b8c0   Data          12  memp.o(.constdata)
    memp_NETBUF                              0x0801b8cc   Data          12  memp.o(.constdata)
    memp_NETCONN                             0x0801b8d8   Data          12  memp.o(.constdata)
    memp_TCPIP_MSG_API                       0x0801b8e4   Data          12  memp.o(.constdata)
    memp_SYS_TIMEOUT                         0x0801b8f0   Data          12  memp.o(.constdata)
    memp_PBUF                                0x0801b8fc   Data          12  memp.o(.constdata)
    memp_PBUF_POOL                           0x0801b908   Data          12  memp.o(.constdata)
    memp_pools                               0x0801b914   Data          48  memp.o(.constdata)
    tcp_pcb_lists                            0x0801b984   Data          16  tcp.o(.constdata)
    lwip_cyclic_timers                       0x0801b994   Data          40  timeouts.o(.constdata)
    ip_addr_any                              0x0801b9bc   Data           4  ip4_addr.o(.constdata)
    ip_addr_broadcast                        0x0801b9c0   Data           4  ip4_addr.o(.constdata)
    Region$$Table$$Base                      0x0801bbf0   Number         0  anon$$obj.o(Region$$Table)
    Region$$Table$$Limit                     0x0801bc10   Number         0  anon$$obj.o(Region$$Table)
    TCPIP_THREAD_TASK_STK                    0x20000000   Data           4  app.o(.data)
    status                                   0x20000004   Data           1  app.o(.data)
    gprs_err_cnt                             0x20000005   Data           1  app.o(.data)
    fatfs                                    0x20000008   Data           4  app.o(.data)
    udppcb                                   0x2000000c   Data           4  app.o(.data)
    SystemCoreClock                          0x20000014   Data           4  system_stm32f2xx.o(.data)
    AHBPrescTable                            0x20000018   Data          16  system_stm32f2xx.o(.data)
    usart3_buff                              0x20000028   Data           4  usart.o(.data)
    gprs_rx_buff                             0x2000002c   Data           4  usart.o(.data)
    usart5_buff                              0x20000030   Data           4  usart.o(.data)
    usart2_rx_status                         0x20000034   Data           2  usart.o(.data)
    g_timeout_cnt                            0x20000038   Data           4  timer.o(.data)
    TCPTimer                                 0x2000003c   Data           4  lan8720.o(.data)
    ARPTimer                                 0x20000040   Data           4  lan8720.o(.data)
    lwip_localtime                           0x20000044   Data           4  lan8720.o(.data)
    DHCPfineTimer                            0x20000048   Data           4  lan8720.o(.data)
    DHCPcoarseTimer                          0x2000004c   Data           4  lan8720.o(.data)
    DMATxDescToSet                           0x20000050   Data           4  stm32f2x7_eth.o(.data)
    DMARxDescToGet                           0x20000054   Data           4  stm32f2x7_eth.o(.data)
    DMA_RX_FRAME_infos                       0x20000058   Data           4  stm32f2x7_eth.o(.data)
    Frame_Rx_index                           0x2000005c   Data           4  stm32f2x7_eth.o(.data)
    Mem_PoolTbl                              0x20000070   Data           4  lib_mem.o(.data)
    CPU_TS_TmrFreq_Hz                        0x20000074   Data           4  cpu_core.o(.data)
    OS_CPU_ExceptStkBase                     0x20000078   Data           4  os_cpu_c.o(.data)
    OSPrioTbl                                0x2000007c   Data           8  os_prio.o(.data)
    OS_AppTaskCreateHookPtr                  0x20000084   Data           4  os_var.o(.data)
    OS_AppTaskDelHookPtr                     0x20000088   Data           4  os_var.o(.data)
    OS_AppTaskReturnHookPtr                  0x2000008c   Data           4  os_var.o(.data)
    OS_AppIdleTaskHookPtr                    0x20000090   Data           4  os_var.o(.data)
    OS_AppStatTaskHookPtr                    0x20000094   Data           4  os_var.o(.data)
    OS_AppTaskSwHookPtr                      0x20000098   Data           4  os_var.o(.data)
    OS_AppTimeTickHookPtr                    0x2000009c   Data           4  os_var.o(.data)
    OSIdleTaskCtr                            0x200000a0   Data           4  os_var.o(.data)
    OSIntNestingCtr                          0x200000a4   Data           1  os_var.o(.data)
    OSRunning                                0x200000a5   Data           1  os_var.o(.data)
    OSFlagDbgListPtr                         0x200000a8   Data           4  os_var.o(.data)
    OSFlagQty                                0x200000ac   Data           2  os_var.o(.data)
    OSMemDbgListPtr                          0x200000b0   Data           4  os_var.o(.data)
    OSMemQty                                 0x200000b4   Data           2  os_var.o(.data)
    OSMutexDbgListPtr                        0x200000b8   Data           4  os_var.o(.data)
    OSMutexQty                               0x200000bc   Data           2  os_var.o(.data)
    OSPrioCur                                0x200000be   Data           1  os_var.o(.data)
    OSPrioHighRdy                            0x200000bf   Data           1  os_var.o(.data)
    OSPrioSaved                              0x200000c0   Data           1  os_var.o(.data)
    OSQDbgListPtr                            0x200000c4   Data           4  os_var.o(.data)
    OSQQty                                   0x200000c8   Data           2  os_var.o(.data)
    OSSchedLockTimeBegin                     0x200000cc   Data           4  os_var.o(.data)
    OSSchedLockTimeMax                       0x200000d0   Data           4  os_var.o(.data)
    OSSchedLockTimeMaxCur                    0x200000d4   Data           4  os_var.o(.data)
    OSSchedLockNestingCtr                    0x200000d8   Data           1  os_var.o(.data)
    OSSchedRoundRobinDfltTimeQuanta          0x200000dc   Data           4  os_var.o(.data)
    OSSchedRoundRobinEn                      0x200000e0   Data           1  os_var.o(.data)
    OSSemDbgListPtr                          0x200000e4   Data           4  os_var.o(.data)
    OSSemQty                                 0x200000e8   Data           2  os_var.o(.data)
    OSStatResetFlag                          0x200000ea   Data           1  os_var.o(.data)
    OSStatTaskCPUUsage                       0x200000ec   Data           2  os_var.o(.data)
    OSStatTaskCPUUsageMax                    0x200000ee   Data           2  os_var.o(.data)
    OSStatTaskCtr                            0x200000f0   Data           4  os_var.o(.data)
    OSStatTaskCtrMax                         0x200000f4   Data           4  os_var.o(.data)
    OSStatTaskCtrRun                         0x200000f8   Data           4  os_var.o(.data)
    OSStatTaskRdy                            0x200000fc   Data           1  os_var.o(.data)
    OSStatTaskTimeMax                        0x20000100   Data           4  os_var.o(.data)
    OSTaskCtxSwCtr                           0x20000104   Data           4  os_var.o(.data)
    OSTaskDbgListPtr                         0x20000108   Data           4  os_var.o(.data)
    OSTaskQty                                0x2000010c   Data           2  os_var.o(.data)
    OSTaskRegNextAvailID                     0x2000010e   Data           1  os_var.o(.data)
    OSTickCtr                                0x20000110   Data           4  os_var.o(.data)
    OSTickTaskTimeMax                        0x20000114   Data           4  os_var.o(.data)
    OSTmrDbgListPtr                          0x20000118   Data           4  os_var.o(.data)
    OSTmrQty                                 0x2000011c   Data           2  os_var.o(.data)
    OSTmrTaskTimeMax                         0x20000120   Data           4  os_var.o(.data)
    OSTmrTickCtr                             0x20000124   Data           4  os_var.o(.data)
    OSTmrUpdateCnt                           0x20000128   Data           4  os_var.o(.data)
    OSTmrUpdateCtr                           0x2000012c   Data           4  os_var.o(.data)
    OSTCBCurPtr                              0x20000130   Data           4  os_var.o(.data)
    OSTCBHighRdyPtr                          0x20000134   Data           4  os_var.o(.data)
    netif_list                               0x2000017c   Data           4  netif.o(.data)
    netif_default                            0x20000180   Data           4  netif.o(.data)
    tcp_ticks                                0x2000018c   Data           4  tcp.o(.data)
    tcp_bound_pcbs                           0x20000190   Data           4  tcp.o(.data)
    tcp_listen_pcbs                          0x20000194   Data           4  tcp.o(.data)
    tcp_active_pcbs                          0x20000198   Data           4  tcp.o(.data)
    tcp_tw_pcbs                              0x2000019c   Data           4  tcp.o(.data)
    tcp_active_pcbs_changed                  0x200001a0   Data           1  tcp.o(.data)
    tcp_input_pcb                            0x200001cc   Data           4  tcp_in.o(.data)
    udp_pcbs                                 0x200001e0   Data           4  udp.o(.data)
    dhcp_rx_options_given                    0x200001e4   Data           8  dhcp.o(.data)
    __stdout                                 0x20000208   Data           4  stdout.o(.data)
    gprs_init_task_TCB                       0x20000a58   Data         196  app.o(.bss)
    gprs_init_task_stk                       0x20000b1c   Data         512  app.o(.bss)
    eth_init_task_TCB                        0x20000d1c   Data         196  app.o(.bss)
    eth_init_task_stk                        0x20000de0   Data        1024  app.o(.bss)
    dhcp_task_TCB                            0x200011e0   Data         196  app.o(.bss)
    dhcp_task_stk                            0x200012a4   Data        1024  app.o(.bss)
    rawudp_task_TCB                          0x200016a4   Data         196  app.o(.bss)
    rawudp_task_stk                          0x20001768   Data        1024  app.o(.bss)
    usart3_task_TCB                          0x20001b68   Data         196  app.o(.bss)
    usart3_task_stk                          0x20001c2c   Data        4000  app.o(.bss)
    usart3_msg                               0x20002bcc   Data          48  app.o(.bss)
    eth_msg                                  0x20002bfc   Data          48  app.o(.bss)
    tmr1                                     0x20002c2c   Data          52  app.o(.bss)
    gprs                                     0x20002c60   Data          52  app.o(.bss)
    w25qxx_flash_buf                         0x20002ddc   Data        4096  w25qxx.o(.bss)
    g_timer_cnt                              0x20003fe0   Data          36  timer.o(.bss)
    lwip_dev                                 0x20004004   Data          23  lan8720.o(.bss)
    lwip_netif                               0x2000401c   Data          52  lan8720.o(.bss)
    DMARxDscrTab                             0x20004050   Data         160  stm32f2x7_eth.o(.bss)
    DMATxDscrTab                             0x200040f0   Data         160  stm32f2x7_eth.o(.bss)
    Rx_Buff                                  0x20004190   Data        7620  stm32f2x7_eth.o(.bss)
    Tx_Buff                                  0x20005f54   Data        7620  stm32f2x7_eth.o(.bss)
    RX_Frame_Descriptor                      0x20007d18   Data          12  stm32f2x7_eth.o(.bss)
    Mem_PoolHeap                             0x20007d24   Data          72  lib_mem.o(.bss)
    Mem_Heap                                 0x20007d6c   Data        9216  lib_mem.o(.bss)
    CPU_Name                                 0x2000a16c   Data          16  cpu_core.o(.bss)
    OSCfg_IdleTaskStk                        0x2000a17c   Data         512  os_cfg_app.o(.bss)
    OSCfg_ISRStk                             0x2000a37c   Data        1024  os_cfg_app.o(.bss)
    OSCfg_MsgPool                            0x2000a77c   Data        1600  os_cfg_app.o(.bss)
    OSCfg_StatTaskStk                        0x2000adbc   Data         512  os_cfg_app.o(.bss)
    OSCfg_TickTaskStk                        0x2000afbc   Data         512  os_cfg_app.o(.bss)
    OSCfg_TickWheel                          0x2000b1bc   Data         128  os_cfg_app.o(.bss)
    OSCfg_TmrTaskStk                         0x2000b23c   Data         512  os_cfg_app.o(.bss)
    OSCfg_TmrWheel                           0x2000b43c   Data         128  os_cfg_app.o(.bss)
    OSIdleTaskTCB                            0x2000b4bc   Data         196  os_var.o(.bss)
    OSMsgPool                                0x2000b580   Data          12  os_var.o(.bss)
    OSRdyList                                0x2000b58c   Data         768  os_var.o(.bss)
    OSStatTaskTCB                            0x2000b88c   Data         196  os_var.o(.bss)
    OSTickTaskTCB                            0x2000b950   Data         196  os_var.o(.bss)
    OSTmrTaskTCB                             0x2000ba14   Data         196  os_var.o(.bss)
    TcpipthreadTaskTCB                       0x2000bad8   Data         196  sys_arch.o(.bss)
    lock_tcpip_core                          0x2000bbcc   Data          40  tcpip.o(.bss)
    ip_data                                  0x2000bbf4   Data          24  ip.o(.bss)
    ram_heap                                 0x2000bc0c   Data        5139  mem.o(.bss)
    memp_memory_UDP_PCB_base                 0x2000d048   Data         195  memp.o(.bss)
    memp_memory_TCP_PCB_base                 0x2000d10b   Data        1483  memp.o(.bss)
    memp_memory_TCP_PCB_LISTEN_base          0x2000d6d6   Data         171  memp.o(.bss)
    memp_memory_TCP_SEG_base                 0x2000d781   Data         195  memp.o(.bss)
    memp_memory_REASSDATA_base               0x2000d844   Data         163  memp.o(.bss)
    memp_memory_FRAG_PBUF_base               0x2000d8e7   Data         363  memp.o(.bss)
    memp_memory_NETBUF_base                  0x2000da52   Data          35  memp.o(.bss)
    memp_memory_NETCONN_base                 0x2000da75   Data         691  memp.o(.bss)
    memp_memory_TCPIP_MSG_API_base           0x2000dd28   Data         131  memp.o(.bss)
    memp_memory_SYS_TIMEOUT_base             0x2000ddab   Data         131  memp.o(.bss)
    memp_memory_PBUF_base                    0x2000de2e   Data         163  memp.o(.bss)
    memp_memory_PBUF_POOL_base               0x2000ded1   Data       15163  memp.o(.bss)
    dhcp_rx_options_val                      0x20011a1c   Data          32  dhcp.o(.bss)
    __initial_sp                             0x20011f40   Data           0  cstartup.o(STACK)



==============================================================================

Memory Map of the image

  Image Entry point : 0x08000185

  Load Region LR_IROM1 (Base: 0x08000000, Size: 0x0001be1c, Max: 0x00080000, ABSOLUTE, COMPRESSED[0x0001bc44])

    Execution Region ER_IROM1 (Base: 0x08000000, Size: 0x0001bc10, Max: 0x00080000, ABSOLUTE)

    Base Addr    Size         Type   Attr      Idx    E Section Name        Object

    0x08000000   0x00000184   Data   RO         1609    RESET               cstartup.o
    0x08000184   0x00000000   Code   RO         2581  * .ARM.Collect$$$$00000000  mc_w.l(entry.o)
    0x08000184   0x00000004   Code   RO         2861    .ARM.Collect$$$$00000001  mc_w.l(entry2.o)
    0x08000188   0x00000004   Code   RO         2864    .ARM.Collect$$$$00000004  mc_w.l(entry5.o)
    0x0800018c   0x00000000   Code   RO         2866    .ARM.Collect$$$$00000008  mc_w.l(entry7b.o)
    0x0800018c   0x00000000   Code   RO         2868    .ARM.Collect$$$$0000000A  mc_w.l(entry8b.o)
    0x0800018c   0x00000008   Code   RO         2869    .ARM.Collect$$$$0000000B  mc_w.l(entry9a.o)
    0x08000194   0x00000000   Code   RO         2871    .ARM.Collect$$$$0000000D  mc_w.l(entry10a.o)
    0x08000194   0x00000000   Code   RO         2873    .ARM.Collect$$$$0000000F  mc_w.l(entry11a.o)
    0x08000194   0x00000004   Code   RO         2862    .ARM.Collect$$$$00002712  mc_w.l(entry2.o)
    0x08000198   0x00000bec   Code   RO            2    .text               app.o
    0x08000d84   0x000001e0   Code   RO          367    .text               system_stm32f2xx.o
    0x08000f64   0x00000650   Code   RO          406    .text               bsp.o
    0x080015b4   0x00000428   Code   RO          435    .text               bsp_int.o
    0x080019dc   0x00000328   Code   RO          542    .text               w25qxx.o
    0x08001d04   0x000003cc   Code   RO          565    .text               usart.o
    0x080020d0   0x00000138   Code   RO          590    .text               gprs.o
    0x08002208   0x000000e0   Code   RO          611    .text               timer.o
    0x080022e8   0x00000084   Code   RO          635    .text               spi.o
    0x0800236c   0x000002dc   Code   RO          651    .text               rtc.o
    0x08002648   0x000009a8   Code   RO          667    .text               lan8720.o
    0x08002ff0   0x00000e34   Code   RO          819    .text               stm32f2x7_eth.o
    0x08003e24   0x000000e0   Code   RO          839    .text               misc.o
    0x08003f04   0x0000011c   Code   RO          999    .text               stm32f2xx_exti.o
    0x08004020   0x0000025c   Code   RO         1047    .text               stm32f2xx_gpio.o
    0x0800427c   0x00000040   Code   RO         1079    .text               stm32f2xx_iwdg.o
    0x080042bc   0x000000d8   Code   RO         1095    .text               stm32f2xx_pwr.o
    0x08004394   0x00000588   Code   RO         1111    .text               stm32f2xx_rcc.o
    0x0800491c   0x00000b08   Code   RO         1145    .text               stm32f2xx_rtc.o
    0x08005424   0x000003a8   Code   RO         1161    .text               stm32f2xx_spi.o
    0x080057cc   0x0000008c   Code   RO         1177    .text               stm32f2xx_syscfg.o
    0x08005858   0x00000ca2   Code   RO         1193    .text               stm32f2xx_tim.o
    0x080064fa   0x00000002   PAD
    0x080064fc   0x0000041a   Code   RO         1209    .text               stm32f2xx_usart.o
    0x08006916   0x00000256   Code   RO         1240    .text               lib_ascii.o
    0x08006b6c   0x00000ec4   Code   RO         1273    .text               lib_mem.o
    0x08007a30   0x00000928   Code   RO         1292    .text               lib_str.o
    0x08008358   0x00000220   Code   RO         1309    .text               lib_mem_a.o
    0x08008578   0x000002a8   Code   RO         1312    .text               cpu_core.o
    0x08008820   0x0000077c   Code   RO         1338    .text               cpu_c.o
    0x08008f9c   0x00000034   Code   RO         1350    .text               cpu_a.o
    0x08008fd0   0x0000026c   Code   RO         1353    .text               os_cpu_c.o
    0x0800923c   0x00000002   Code   RO         1374    .text               os_cfg_app.o
    0x0800923e   0x00000002   PAD
    0x08009240   0x00000d9c   Code   RO         1397    .text               os_core.o
    0x08009fdc   0x000001ac   Code   RO         1409    .text               os_dbg.o
    0x0800a188   0x00000af8   Code   RO         1424    .text               os_flag.o
    0x0800ac80   0x000001fc   Code   RO         1442    .text               os_mem.o
    0x0800ae7c   0x00000228   Code   RO         1454    .text               os_msg.o
    0x0800b0a4   0x0000078c   Code   RO         1466    .text               os_mutex.o
    0x0800b830   0x0000007c   Code   RO         1490    .text               os_prio.o
    0x0800b8ac   0x000006d8   Code   RO         1509    .text               os_q.o
    0x0800bf84   0x000006e8   Code   RO         1521    .text               os_sem.o
    0x0800c66c   0x000005a8   Code   RO         1533    .text               os_stat.o
    0x0800cc14   0x00001360   Code   RO         1545    .text               os_task.o
    0x0800df74   0x00000484   Code   RO         1557    .text               os_tick.o
    0x0800e3f8   0x0000045c   Code   RO         1569    .text               os_time.o
    0x0800e854   0x000007f8   Code   RO         1581    .text               os_tmr.o
    0x0800f04c   0x00000018   Code   RO         1610    .text               cstartup.o
    0x0800f064   0x0000048c   Code   RO         1615    .text               sys_arch.o
    0x0800f4f0   0x00000360   Code   RO         1896    .text               tcpip.o
    0x0800f850   0x000001b4   Code   RO         1937    .text               ethernet.o
    0x0800fa04   0x000001f4   Code   RO         1965    .text               ethernetif.o
    0x0800fbf8   0x00000158   Code   RO         2006    .text               def.o
    0x0800fd50   0x00000328   Code   RO         2033    .text               inet_chksum.o
    0x08010078   0x00000088   Code   RO         2052    .text               init.o
    0x08010100   0x00000728   Code   RO         2107    .text               mem.o
    0x08010828   0x00000268   Code   RO         2134    .text               memp.o
    0x08010a90   0x00000334   Code   RO         2189    .text               netif.o
    0x08010dc4   0x0000121c   Code   RO         2232    .text               pbuf.o
    0x08011fe0   0x000016c0   Code   RO         2287    .text               tcp.o
    0x080136a0   0x000019b8   Code   RO         2319    .text               tcp_in.o
    0x08015058   0x00001542   Code   RO         2349    .text               tcp_out.o
    0x0801659a   0x00000002   PAD
    0x0801659c   0x00000358   Code   RO         2373    .text               timeouts.o
    0x080168f4   0x000005e0   Code   RO         2399    .text               udp.o
    0x08016ed4   0x00001ad4   Code   RO         2437    .text               dhcp.o
    0x080189a8   0x00000d60   Code   RO         2464    .text               etharp.o
    0x08019708   0x00000374   Code   RO         2487    .text               icmp.o
    0x08019a7c   0x000004f8   Code   RO         2516    .text               ip4.o
    0x08019f74   0x00000350   Code   RO         2534    .text               ip4_addr.o
    0x0801a2c4   0x00000ab8   Code   RO         2561    .text               ip4_frag.o
    0x0801ad7c   0x00000024   Code   RO         2584    .text               mc_w.l(memcpya.o)
    0x0801ada0   0x00000024   Code   RO         2586    .text               mc_w.l(memseta.o)
    0x0801adc4   0x00000024   Code   RO         2588    .text               mc_w.l(strstr.o)
    0x0801ade8   0x0000000e   Code   RO         2590    .text               mc_w.l(strlen.o)
    0x0801adf6   0x0000001c   Code   RO         2592    .text               mc_w.l(strcmp.o)
    0x0801ae12   0x0000001a   Code   RO         2594    .text               mc_w.l(memcmp.o)
    0x0801ae2c   0x0000001e   Code   RO         2596    .text               mc_w.l(strncmp.o)
    0x0801ae4a   0x00000062   Code   RO         2880    .text               mc_w.l(uldiv.o)
    0x0801aeac   0x00000024   Code   RO         2893    .text               mc_w.l(init.o)
    0x0801aed0   0x00000000   Code   RO         2895    .text               mc_w.l(semi.o)
    0x0801aed0   0x0000001e   Code   RO         2896    .text               mc_w.l(llshl.o)
    0x0801aeee   0x00000020   Code   RO         2898    .text               mc_w.l(llushr.o)
    0x0801af0e   0x00000000   Code   RO         2902    .text               mc_w.l(iusesemip.o)
    0x0801af0e   0x00000056   Code   RO         2913    .text               mc_w.l(__dczerorl2.o)
    0x0801af64   0x00000084   Code   RO         1371    CODE                os_cpu_a.o
    0x0801afe8   0x00000020   Code   RO         2807    i.__0printf$8       mc_w.l(printf8.o)
    0x0801b008   0x00000028   Code   RO         2809    i.__0sprintf$8      mc_w.l(printf8.o)
    0x0801b030   0x0000000e   Code   RO         2907    i.__scatterload_copy  mc_w.l(handlers.o)
    0x0801b03e   0x00000002   Code   RO         2908    i.__scatterload_null  mc_w.l(handlers.o)
    0x0801b040   0x0000000e   Code   RO         2909    i.__scatterload_zeroinit  mc_w.l(handlers.o)
    0x0801b04e   0x00000002   PAD
    0x0801b050   0x00000410   Code   RO         2814    i._printf_core      mc_w.l(printf8.o)
    0x0801b460   0x00000024   Code   RO         2815    i._printf_post_padding  mc_w.l(printf8.o)
    0x0801b484   0x0000002e   Code   RO         2816    i._printf_pre_padding  mc_w.l(printf8.o)
    0x0801b4b2   0x0000000a   Code   RO         2818    i._sputc            mc_w.l(printf8.o)
    0x0801b4bc   0x00000012   Code   RO         2875    i.fputc             mc_w.l(fputc.o)
    0x0801b4ce   0x00000002   PAD
    0x0801b4d0   0x00000094   Data   RO         1293    .constdata          lib_str.o
    0x0801b564   0x00000100   Data   RO         1314    .constdata          cpu_core.o
    0x0801b664   0x000000a4   Data   RO         1376    .constdata          os_cfg_app.o
    0x0801b708   0x0000016c   Data   RO         1410    .constdata          os_dbg.o
    0x0801b874   0x00000004   Data   RO         1617    .constdata          sys_arch.o
    0x0801b878   0x0000000c   Data   RO         1938    .constdata          ethernet.o
    0x0801b884   0x000000c0   Data   RO         2136    .constdata          memp.o
    0x0801b944   0x00000050   Data   RO         2288    .constdata          tcp.o
    0x0801b994   0x00000028   Data   RO         2374    .constdata          timeouts.o
    0x0801b9bc   0x00000008   Data   RO         2536    .constdata          ip4_addr.o
    0x0801b9c4   0x00000048   Data   RO         2007    .conststring        def.o
    0x0801ba0c   0x00000041   Data   RO         2053    .conststring        init.o
    0x0801ba4d   0x00000003   PAD
    0x0801ba50   0x00000075   Data   RO         2289    .conststring        tcp.o
    0x0801bac5   0x00000003   PAD
    0x0801bac8   0x00000055   Data   RO         2350    .conststring        tcp_out.o
    0x0801bb1d   0x00000003   PAD
    0x0801bb20   0x0000008c   Data   RO         2439    .conststring        dhcp.o
    0x0801bbac   0x00000041   Data   RO         2466    .conststring        etharp.o
    0x0801bbed   0x00000003   PAD
    0x0801bbf0   0x00000020   Data   RO         2905    Region$$Table       anon$$obj.o


    Execution Region RW_IRAM1 (Base: 0x20000000, Size: 0x00011f40, Max: 0x00020000, ABSOLUTE, COMPRESSED[0x00000034])

    Base Addr    Size         Type   Attr      Idx    E Section Name        Object

    0x20000000   0x00000012   Data   RW            4    .data               app.o
    0x20000012   0x00000002   PAD
    0x20000014   0x00000014   Data   RW          368    .data               system_stm32f2xx.o
    0x20000028   0x0000000e   Data   RW          567    .data               usart.o
    0x20000036   0x00000002   PAD
    0x20000038   0x00000004   Data   RW          613    .data               timer.o
    0x2000003c   0x00000014   Data   RW          669    .data               lan8720.o
    0x20000050   0x00000010   Data   RW          821    .data               stm32f2x7_eth.o
    0x20000060   0x00000010   Data   RW         1112    .data               stm32f2xx_rcc.o
    0x20000070   0x00000004   Data   RW         1275    .data               lib_mem.o
    0x20000074   0x00000004   Data   RW         1315    .data               cpu_core.o
    0x20000078   0x00000004   Data   RW         1354    .data               os_cpu_c.o
    0x2000007c   0x00000008   Data   RW         1491    .data               os_prio.o
    0x20000084   0x000000b4   Data   RW         1594    .data               os_var.o
    0x20000138   0x00000008   Data   RW         1898    .data               tcpip.o
    0x20000140   0x0000000c   Data   RW         2109    .data               mem.o
    0x2000014c   0x00000030   Data   RW         2137    .data               memp.o
    0x2000017c   0x00000009   Data   RW         2190    .data               netif.o
    0x20000185   0x00000003   PAD
    0x20000188   0x00000020   Data   RW         2290    .data               tcp.o
    0x200001a8   0x00000028   Data   RW         2321    .data               tcp_in.o
    0x200001d0   0x0000000c   Data   RW         2375    .data               timeouts.o
    0x200001dc   0x00000008   Data   RW         2400    .data               udp.o
    0x200001e4   0x00000018   Data   RW         2440    .data               dhcp.o
    0x200001fc   0x00000001   Data   RW         2467    .data               etharp.o
    0x200001fd   0x00000001   PAD
    0x200001fe   0x00000002   Data   RW         2517    .data               ip4.o
    0x20000200   0x00000006   Data   RW         2562    .data               ip4_frag.o
    0x20000206   0x00000002   PAD
    0x20000208   0x00000004   Data   RW         2877    .data               mc_w.l(stdout.o)
    0x2000020c   0x00002a88   Zero   RW            3    .bss                app.o
    0x20002c94   0x00000148   Zero   RW          436    .bss                bsp_int.o
    0x20002ddc   0x00001000   Zero   RW          543    .bss                w25qxx.o
    0x20003ddc   0x00000202   Zero   RW          566    .bss                usart.o
    0x20003fde   0x00000002   PAD
    0x20003fe0   0x00000024   Zero   RW          612    .bss                timer.o
    0x20004004   0x0000004c   Zero   RW          668    .bss                lan8720.o
    0x20004050   0x00003cd4   Zero   RW          820    .bss                stm32f2x7_eth.o
    0x20007d24   0x00002448   Zero   RW         1274    .bss                lib_mem.o
    0x2000a16c   0x00000010   Zero   RW         1313    .bss                cpu_core.o
    0x2000a17c   0x00001340   Zero   RW         1375    .bss                os_cfg_app.o
    0x2000b4bc   0x0000061c   Zero   RW         1593    .bss                os_var.o
    0x2000bad8   0x000000c4   Zero   RW         1616    .bss                sys_arch.o
    0x2000bb9c   0x00000058   Zero   RW         1897    .bss                tcpip.o
    0x2000bbf4   0x00000018   Zero   RW         2091    .bss                ip.o
    0x2000bc0c   0x0000143c   Zero   RW         2108    .bss                mem.o
    0x2000d048   0x000049c4   Zero   RW         2135    .bss                memp.o
    0x20011a0c   0x00000010   Zero   RW         2320    .bss                tcp_in.o
    0x20011a1c   0x00000020   Zero   RW         2438    .bss                dhcp.o
    0x20011a3c   0x000000f0   Zero   RW         2465    .bss                etharp.o
    0x20011b2c   0x00000010   Zero   RW         2535    .bss                ip4_addr.o
    0x20011b3c   0x00000004   PAD
    0x20011b40   0x00000400   Zero   RW         1607    STACK               cstartup.o


==============================================================================

Image component sizes


      Code (inc. data)   RO Data    RW Data    ZI Data      Debug   Object Name

         0          0          0          0          0       2335   api_lib.o
         0          0          0          0          0       4035   api_msg.o
      3052        916          0         18      10888     379773   app.o
      1616         60          0          0          0      20275   bsp.o
      1064         10          0          0        328      13598   bsp_int.o
         0          0          0          0          0        564   bsp_ser.o
        52          0          0          0          0        316   cpu_a.o
      1916        102          0          0          0       3489   cpu_c.o
       680         14        256          4         16      14200   cpu_core.o
        24          6        388          0       1024        608   cstartup.o
       344          4         72          0          0       2566   def.o
      6868       1258        140         24         32      18248   dhcp.o
      3424        560         65          1        240       8231   etharp.o
       436        128         12          0          0       2068   ethernet.o
       500        116          0          0          0       3171   ethernetif.o
       312         30          0          0          0       1604   gprs.o
       884        228          0          0          0       3170   icmp.o
       808         86          0          0          0       4500   inet_chksum.o
       136         68         65          0          0        468   init.o
         0          0          0          0         24       2910   ip.o
      1272        150          0          2          0       4429   ip4.o
       848         98          8          0         16       9074   ip4_addr.o
      2744        492          0          6          0       7798   ip4_frag.o
      2472        520          0         20         76      10067   lan8720.o
       598          0          0          0          0       3856   lib_ascii.o
      3780         62          0          4       9288      24888   lib_mem.o
       544          0          0          0          0        460   lib_mem_a.o
      2344          4        148          0          0      13710   lib_str.o
      1832        552          0         12       5180       4002   mem.o
       616        216        192         48      18884       8864   memp.o
       224         20          0          0          0       1849   misc.o
         0          0          0          0          0       6984   netbuf.o
       820        110          0          9          0       7381   netif.o
         2          0        164          0       4928      19498   os_cfg_app.o
      3484        272          0          0          0      12211   os_core.o
       132         32          0          0          0        360   os_cpu_a.o
       620         66          0          4          0       3697   os_cpu_c.o
       428        280        364          0          0       4697   os_dbg.o
      2808         84          0          0          0       7683   os_flag.o
       508         16          0          0          0       2696   os_mem.o
       552         14          0          0          0       2614   os_msg.o
      1932         84          0          0          0       5218   os_mutex.o
       124          4          0          8          0       1668   os_prio.o
      1752         58          0          0          0       6112   os_q.o
      1768         58          0          0          0       6152   os_sem.o
      1448        150          0          0          0       2733   os_stat.o
      4960        188          0          0          0      13346   os_task.o
      1156         74          0          0          0       3189   os_tick.o
      1116         54          0          0          0       3141   os_time.o
      2040        134          0          0          0       6630   os_tmr.o
         0          0          0        180       1564      18073   os_var.o
      4636       1284          0          0          0      13130   pbuf.o
         0          0          0          0          0       1220   protocol.o
       732         88          0          0          0       3097   rtc.o
       132          4          0          0          0        727   spi.o
      3636        100          0         16      15572      19920   stm32f2x7_eth.o
       284         10          0          0          0       2307   stm32f2xx_exti.o
       604         36          0          0          0       4009   stm32f2xx_gpio.o
        64          6          0          0          0       1293   stm32f2xx_iwdg.o
       216         12          0          0          0       2276   stm32f2xx_pwr.o
      1416         48          0         16          0      10991   stm32f2xx_rcc.o
      2824         36          0          0          0      12101   stm32f2xx_rtc.o
       936         22          0          0          0       6412   stm32f2xx_spi.o
       140         12          0          0          0       1531   stm32f2xx_syscfg.o
      3234         60          0          0          0      22896   stm32f2xx_tim.o
      1050         26          0          0          0       7744   stm32f2xx_usart.o
      1164        236          4          0        196       9774   sys_arch.o
       480         40          0         20          0       1719   system_stm32f2xx.o
      5824       1148        197         32          0      25030   tcp.o
      6584       1076          0         40         16      15805   tcp_in.o
      5442        996         85          0          0      19646   tcp_out.o
       864        238          0          8         88       8993   tcpip.o
       856        170         40         12          0       4597   timeouts.o
       224         18          0          4         36       1868   timer.o
      1504        152          0          8          0       8410   udp.o
       972         36          0         14        514       3079   usart.o
       808         30          0          0       4096       3808   w25qxx.o

    ----------------------------------------------------------------------
    109672      13262       2244        520      73012     921592   Object Totals
         0          0         32          0          0          0   (incl. Generated)
         6          0         12         10          6          0   (incl. Padding)

    ----------------------------------------------------------------------

      Code (inc. data)   RO Data    RW Data    ZI Data      Debug   Library Member Name

        86          0          0          0          0          0   __dczerorl2.o
         0          0          0          0          0          0   entry.o
         0          0          0          0          0          0   entry10a.o
         0          0          0          0          0          0   entry11a.o
         8          4          0          0          0          0   entry2.o
         4          0          0          0          0          0   entry5.o
         0          0          0          0          0          0   entry7b.o
         0          0          0          0          0          0   entry8b.o
         8          4          0          0          0          0   entry9a.o
        18          0          0          0          0         80   fputc.o
        30          0          0          0          0          0   handlers.o
        36          8          0          0          0         68   init.o
         0          0          0          0          0          0   iusesemip.o
        30          0          0          0          0         68   llshl.o
        32          0          0          0          0         68   llushr.o
        26          0          0          0          0         80   memcmp.o
        36          0          0          0          0         68   memcpya.o
        36          0          0          0          0        108   memseta.o
      1204         60          0          0          0        504   printf8.o
         0          0          0          0          0          0   semi.o
         0          0          0          4          0          0   stdout.o
        28          0          0          0          0         76   strcmp.o
        14          0          0          0          0         68   strlen.o
        30          0          0          0          0         80   strncmp.o
        36          0          0          0          0         80   strstr.o
        98          0          0          0          0         92   uldiv.o

    ----------------------------------------------------------------------
      1764         76          0          4          0       1440   Library Totals
         4          0          0          0          0          0   (incl. Padding)

    ----------------------------------------------------------------------

      Code (inc. data)   RO Data    RW Data    ZI Data      Debug   Library Name

      1760         76          0          4          0       1440   mc_w.l

    ----------------------------------------------------------------------
      1764         76          0          4          0       1440   Library Totals

    ----------------------------------------------------------------------

==============================================================================


      Code (inc. data)   RO Data    RW Data    ZI Data      Debug   

    111436      13338       2244        524      73012     915672   Grand Totals
    111436      13338       2244         52      73012     915672   ELF Image Totals (compressed)
    111436      13338       2244         52          0          0   ROM Totals

==============================================================================

    Total RO  Size (Code + RO Data)               113680 ( 111.02kB)
    Total RW  Size (RW Data + ZI Data)             73536 (  71.81kB)
    Total ROM Size (Code + RO Data + RW Data)     113732 ( 111.07kB)

==============================================================================

