Component: ARM Compiler 5.06 update 1 (build 61) Tool: armlink [4d35a8]

==============================================================================

Section Cross References

    app.o(.text) refers to protocol.o(.text) for crc16_modbus
    app.o(.text) refers to usart.o(.text) for USART_OUT
    app.o(.text) refers to os_time.o(.text) for OSTimeDly
    app.o(.text) refers to memseta.o(.text) for __aeabi_memclr4
    app.o(.text) refers to dhcp_2.o(.text) for dhcp_coarse_tmr
    app.o(.text) refers to timer.o(.text) for timer_is_timeout_1MS
    app.o(.text) refers to stm32f2xx_gpio.o(.text) for GPIO_ReadOutputDataBit
    app.o(.text) refers to os_task.o(.text) for OSTaskCreate
    app.o(.text) refers to dhcp.o(.text) for dhcp_task_create
    app.o(.text) refers to os_tmr.o(.text) for OSTmrCreate
    app.o(.text) refers to os_q.o(.text) for OSQCreate
    app.o(.text) refers to cpu_core.o(.text) for CPU_Init
    app.o(.text) refers to bsp.o(.text) for BSP_CPU_TickInit
    app.o(.text) refers to os_stat.o(.text) for OSStatTaskCPUUsageInit
    app.o(.text) refers to os_core.o(.text) for OSSchedRoundRobinCfg
    app.o(.text) refers to cpu_a.o(.text) for CPU_SR_Save
    app.o(.text) refers to app.o(.bss) for led0_task_stk
    app.o(.text) refers to usart.o(.data) for usart2_rx_status
    os_app_hooks.o(.text) refers to cpu_a.o(.text) for CPU_SR_Save
    os_app_hooks.o(.text) refers to os_var.o(.data) for OS_AppTaskCreateHookPtr
    system_stm32f2xx.o(.text) refers to system_stm32f2xx.o(.data) for SystemCoreClock
    protocol.o(.text) refers to usart.o(.text) for USART_OUT
    protocol.o(.text) refers to memseta.o(.text) for __aeabi_memclr
    protocol.o(.text) refers to memcpya.o(.text) for __aeabi_memcpy
    protocol.o(.text) refers to rawudp.o(.text) for rawudp_send_data
    protocol.o(.text) refers to protocol.o(.bss) for dev_info
    protocol.o(.text) refers to usart.o(.data) for gprs_rx_buff
    protocol.o(.text) refers to rawudp.o(.data) for udppcb
    protocol.o(.text) refers to timer.o(.text) for get_heart_tick
    protocol.o(.text) refers to os_time.o(.text) for OSTimeDly
    protocol.o(.text) refers to cpu_a.o(.text) for CPU_SR_Save
    protocol.o(.text) refers to os_task.o(.text) for OSTaskCreate
    protocol.o(.text) refers to protocol.o(.data) for heart_cnt
    protocol.o(.text) refers to app.o(.bss) for protocol_task_stk
    protocol.o(.text) refers to protocol.o(.constdata) for crc_table
    bsp.o(.text) refers to system_stm32f2xx.o(.text) for SystemInit
    bsp.o(.text) refers to stm32f2xx_rcc.o(.text) for RCC_AHB1PeriphClockCmd
    bsp.o(.text) refers to stm32f2xx_gpio.o(.text) for GPIO_Init
    bsp.o(.text) refers to misc.o(.text) for NVIC_PriorityGroupConfig
    bsp.o(.text) refers to usart.o(.text) for usart2_init
    bsp.o(.text) refers to timer.o(.text) for timer3_init
    bsp.o(.text) refers to w25qxx.o(.text) for w25qxx_init
    bsp.o(.text) refers to rtc.o(.text) for rtc_init
    bsp.o(.text) refers to os_cpu_c.o(.text) for OS_CPU_SysTickInit
    bsp.o(.text) refers to os_cfg_app.o(.constdata) for OSCfg_TickRate_Hz
    bsp.o(.text) refers to cpu_core.o(.text) for CPU_TS_TmrFreqSet
    bsp.o(.text) refers to stm32f2xx_iwdg.o(.text) for IWDG_ReloadCounter
    bsp_int.o(.text) refers to cpu_c.o(.text) for CPU_IntSrcDis
    bsp_int.o(.text) refers to cpu_a.o(.text) for CPU_IntDis
    bsp_int.o(.text) refers to os_core.o(.text) for OSIntEnter
    bsp_int.o(.text) refers to bsp_int.o(.bss) for BSP_IntVectTbl
    bsp_ioe.o(.text) refers to stm32f2xx_rcc.o(.text) for RCC_AHB1PeriphClockCmd
    bsp_ioe.o(.text) refers to stm32f2xx_dma.o(.text) for DMA_DeInit
    bsp_ioe.o(.text) refers to stm32f2xx_i2c.o(.text) for I2C_GenerateSTART
    bsp_ioe.o(.text) refers to bsp_ioe.o(.data) for IOE_TimeOut
    bsp_ioe.o(.text) refers to bsp_os.o(.text) for BSP_OS_TimeDlyMs
    bsp_ioe.o(.text) refers to stm32f2xx_gpio.o(.text) for GPIO_Init
    bsp_ioe.o(.text) refers to stm32f2xx_syscfg.o(.text) for SYSCFG_EXTILineConfig
    bsp_lcd.o(.text) refers to stm32f2xx_rcc.o(.text) for RCC_AHB3PeriphClockCmd
    bsp_lcd.o(.text) refers to stm32f2xx_fsmc.o(.text) for FSMC_NORSRAMInit
    bsp_lcd.o(.text) refers to stm32f2xx_gpio.o(.text) for GPIO_Init
    bsp_lcd.o(.text) refers to bsp_os.o(.text) for BSP_OS_TimeDlyMs
    bsp_os.o(.text) refers to os_sem.o(.text) for OSSemCreate
    bsp_os.o(.text) refers to os_time.o(.text) for OSTimeDlyHMSM
    bsp_os.o(.text) refers to os_cfg_app.o(.constdata) for OSCfg_TickRate_Hz
    bsp_ser.o(.text) refers to stm32f2xx_usart.o(.text) for USART_ReceiveData
    bsp_ser.o(.text) refers to bsp_os.o(.text) for BSP_OS_SemPost
    bsp_ser.o(.text) refers to stm32f2xx_rcc.o(.text) for RCC_AHB1PeriphClockCmd
    bsp_ser.o(.text) refers to stm32f2xx_gpio.o(.text) for GPIO_Init
    bsp_ser.o(.text) refers to bsp_int.o(.text) for BSP_IntVectSet
    bsp_ser.o(.text) refers to printfa.o(i.__0vsnprintf) for __c89vsnprintf
    bsp_ser.o(.text) refers to lib_ascii.o(.text) for ASCII_IsPrint
[...]
    Str_FmtNbr_Int32S                        0x08007971   Thumb Code    62  lib_str.o(.text)
    Str_ParseNbr_Int32U                      0x08007b6d   Thumb Code    30  lib_str.o(.text)
    Str_ParseNbr_Int32S                      0x08007b8b   Thumb Code    74  lib_str.o(.text)
    Mem_Copy                                 0x08007bd9   Thumb Code     0  lib_mem_a.o(.text)
    CPU_NameClr                              0x08007df9   Thumb Code    42  cpu_core.o(.text)
    CPU_Init                                 0x08007e39   Thumb Code    12  cpu_core.o(.text)
    CPU_SW_Exception                         0x08007e45   Thumb Code     4  cpu_core.o(.text)
    CPU_NameGet                              0x08007e49   Thumb Code    70  cpu_core.o(.text)
    CPU_NameSet                              0x08007e8f   Thumb Code    96  cpu_core.o(.text)
    CPU_TS_Get32                             0x08007eef   Thumb Code    12  cpu_core.o(.text)
    CPU_TS_Update                            0x08007efb   Thumb Code     2  cpu_core.o(.text)
    CPU_TS_TmrFreqGet                        0x08007efd   Thumb Code    30  cpu_core.o(.text)
    CPU_TS_TmrFreqSet                        0x08007f1b   Thumb Code     6  cpu_core.o(.text)
    CPU_CntLeadZeros08                       0x08007f21   Thumb Code    18  cpu_core.o(.text)
    CPU_CntLeadZeros16                       0x08007f33   Thumb Code    18  cpu_core.o(.text)
    CPU_CntLeadZeros32                       0x08007f45   Thumb Code    18  cpu_core.o(.text)
    CPU_CntLeadZeros64                       0x08007f57   Thumb Code   188  cpu_core.o(.text)
    CPU_CntTrailZeros08                      0x08008013   Thumb Code    22  cpu_core.o(.text)
    CPU_CntTrailZeros16                      0x08008029   Thumb Code    22  cpu_core.o(.text)
    CPU_CntTrailZeros32                      0x0800803f   Thumb Code    22  cpu_core.o(.text)
    CPU_CntTrailZeros64                      0x08008055   Thumb Code    62  cpu_core.o(.text)
    CPU_BitBandClr                           0x080080a1   Thumb Code    58  cpu_c.o(.text)
    CPU_BitBandSet                           0x080080db   Thumb Code    58  cpu_c.o(.text)
    CPU_IntSrcDis                            0x08008115   Thumb Code   328  cpu_c.o(.text)
    CPU_IntSrcEn                             0x0800825d   Thumb Code   328  cpu_c.o(.text)
    CPU_IntSrcPendClr                        0x080083a5   Thumb Code   164  cpu_c.o(.text)
    CPU_IntSrcPrioSet                        0x08008449   Thumb Code   522  cpu_c.o(.text)
    CPU_IntSrcPrioGet                        0x08008653   Thumb Code   450  cpu_c.o(.text)
    CPU_IntDis                               0x0800881d   Thumb Code     0  cpu_a.o(.text)
    CPU_IntEn                                0x08008821   Thumb Code     0  cpu_a.o(.text)
    CPU_SR_Save                              0x08008825   Thumb Code     0  cpu_a.o(.text)
    CPU_SR_Restore                           0x0800882d   Thumb Code     0  cpu_a.o(.text)
    CPU_WaitForInt                           0x08008833   Thumb Code     0  cpu_a.o(.text)
    CPU_WaitForExcept                        0x08008837   Thumb Code     0  cpu_a.o(.text)
    CPU_CntLeadZeros                         0x0800883b   Thumb Code     0  cpu_a.o(.text)
    CPU_CntTrailZeros                        0x08008841   Thumb Code     0  cpu_a.o(.text)
    CPU_RevBits                              0x0800884b   Thumb Code     0  cpu_a.o(.text)
    OSIdleTaskHook                           0x08008851   Thumb Code    16  os_cpu_c.o(.text)
    OSInitHook                               0x08008861   Thumb Code    42  os_cpu_c.o(.text)
    OSStatTaskHook                           0x0800888b   Thumb Code    16  os_cpu_c.o(.text)
    OSTaskCreateHook                         0x0800889b   Thumb Code    20  os_cpu_c.o(.text)
    OSTaskDelHook                            0x080088af   Thumb Code    20  os_cpu_c.o(.text)
    OSTaskReturnHook                         0x080088c3   Thumb Code    20  os_cpu_c.o(.text)
    OSTaskStkInit                            0x080088d7   Thumb Code   188  os_cpu_c.o(.text)
    OSTaskSwHook                             0x08008993   Thumb Code   120  os_cpu_c.o(.text)
    OSTimeTickHook                           0x08008a0b   Thumb Code    16  os_cpu_c.o(.text)
    OS_CPU_SysTickHandler                    0x08008a1b   Thumb Code    52  os_cpu_c.o(.text)
    OS_CPU_SysTickInit                       0x08008a4f   Thumb Code    44  os_cpu_c.o(.text)
    OSCfg_Init                               0x08008abd   Thumb Code     2  os_cfg_app.o(.text)
    OS_IdleTask                              0x08008ac1   Thumb Code    60  os_core.o(.text)
    OS_IdleTaskInit                          0x08008afd   Thumb Code    68  os_core.o(.text)
    OS_RdyListInit                           0x08008b41   Thumb Code    32  os_core.o(.text)
    OSInit                                   0x08008b61   Thumb Code   288  os_core.o(.text)
    OSIntEnter                               0x08008c81   Thumb Code    34  os_core.o(.text)
    OSIntExit                                0x08008ca3   Thumb Code   192  os_core.o(.text)
    OSSched                                  0x08008d63   Thumb Code   134  os_core.o(.text)
    OS_SchedLockTimeMeasStart                0x08008de9   Thumb Code    20  os_core.o(.text)
    OSSchedLock                              0x08008dfd   Thumb Code   104  os_core.o(.text)
    OS_SchedLockTimeMeasStop                 0x08008e65   Thumb Code    44  os_core.o(.text)
    OSSchedUnlock                            0x08008e91   Thumb Code   290  os_core.o(.text)
    OSSchedRoundRobinCfg                     0x08008fb3   Thumb Code    88  os_core.o(.text)
    OS_RdyListMoveHeadToTail                 0x0800900b   Thumb Code    68  os_core.o(.text)
    OSSchedRoundRobinYield                   0x0800904f   Thumb Code   164  os_core.o(.text)
    OSStart                                  0x080090f3   Thumb Code    78  os_core.o(.text)
    OSVersion                                0x08009141   Thumb Code    12  os_core.o(.text)
    OS_PendDbgNameAdd                        0x0800914d   Thumb Code    66  os_core.o(.text)
    OS_PendListInsertPrio                    0x0800918f   Thumb Code   102  os_core.o(.text)
    OS_PendDataInit                          0x080091f5   Thumb Code    38  os_core.o(.text)
    OS_RdyListRemove                         0x0800921b   Thumb Code    86  os_core.o(.text)
    OS_TaskBlock                             0x08009271   Thumb Code    56  os_core.o(.text)
    OS_Pend                                  0x080092a9   Thumb Code    98  os_core.o(.text)
    OS_PendListRemove1                       0x0800930b   Thumb Code   136  os_core.o(.text)
    OS_PendListRemove                        0x08009393   Thumb Code    48  os_core.o(.text)
    OS_PendAbort1                            0x080093c3   Thumb Code    36  os_core.o(.text)
    OS_RdyListInsertHead                     0x080093e7   Thumb Code    58  os_core.o(.text)
    OS_RdyListInsertTail                     0x08009421   Thumb Code    56  os_core.o(.text)
    OS_RdyListInsert                         0x08009459   Thumb Code    40  os_core.o(.text)
    OS_TaskRdy                               0x08009481   Thumb Code    28  os_core.o(.text)
    OS_PendAbort                             0x0800949d   Thumb Code   166  os_core.o(.text)
    OS_PendDbgNameRemove                     0x08009543   Thumb Code    34  os_core.o(.text)
    OS_PendListChangePrio                    0x08009565   Thumb Code    70  os_core.o(.text)
    OS_PendListInit                          0x080095ab   Thumb Code    10  os_core.o(.text)
    OS_PendListInsertHead                    0x080095b5   Thumb Code    32  os_core.o(.text)
    OS_PendObjDel1                           0x080095d5   Thumb Code    36  os_core.o(.text)
    OS_PendObjDel                            0x080095f9   Thumb Code   162  os_core.o(.text)
    OS_Post1                                 0x0800969b   Thumb Code    42  os_core.o(.text)
    OS_Post                                  0x080096c5   Thumb Code   192  os_core.o(.text)
    OS_SchedRoundRobin                       0x08009785   Thumb Code   208  os_core.o(.text)
    OS_Dbg_Init                              0x0800985d   Thumb Code   148  os_dbg.o(.text)
    OS_FlagDbgListAdd                        0x08009a09   Thumb Code    38  os_flag.o(.text)
    OSFlagCreate                             0x08009a2f   Thumb Code   116  os_flag.o(.text)
    OS_FlagClr                               0x08009aa3   Thumb Code    28  os_flag.o(.text)
    OS_FlagDbgListRemove                     0x08009abf   Thumb Code    44  os_flag.o(.text)
    OSFlagDel                                0x08009aeb   Thumb Code   306  os_flag.o(.text)
    OS_FlagBlock                             0x08009c1d   Thumb Code    58  os_flag.o(.text)
    OSFlagPend                               0x08009c57   Thumb Code  1248  os_flag.o(.text)
    OSFlagPendAbort                          0x0800a137   Thumb Code   236  os_flag.o(.text)
    OSFlagPendGetFlagsRdy                    0x0800a223   Thumb Code    86  os_flag.o(.text)
    OS_FlagTaskRdy                           0x0800a279   Thumb Code    86  os_flag.o(.text)
    OS_FlagPost                              0x0800a2cf   Thumb Code   418  os_flag.o(.text)
    OSFlagPost                               0x0800a471   Thumb Code   112  os_flag.o(.text)
    OS_FlagInit                              0x0800a4e1   Thumb Code    14  os_flag.o(.text)
    OS_MemDbgListAdd                         0x0800a501   Thumb Code    34  os_mem.o(.text)
    OSMemCreate                              0x0800a523   Thumb Code   232  os_mem.o(.text)
    OSMemGet                                 0x0800a60b   Thumb Code   100  os_mem.o(.text)
    OSMemPut                                 0x0800a66f   Thumb Code   112  os_mem.o(.text)
    OS_MemInit                               0x0800a6df   Thumb Code    14  os_mem.o(.text)
    OS_MsgPoolInit                           0x0800a6fd   Thumb Code   110  os_msg.o(.text)
    OS_MsgQFreeAll                           0x0800a76b   Thumb Code    62  os_msg.o(.text)
    OS_MsgQInit                              0x0800a7a9   Thumb Code    14  os_msg.o(.text)
    OS_MsgQGet                               0x0800a7b7   Thumb Code    98  os_msg.o(.text)
    OS_MsgQPut                               0x0800a819   Thumb Code   254  os_msg.o(.text)
    OS_MutexDbgListAdd                       0x0800a925   Thumb Code    38  os_mutex.o(.text)
    OSMutexCreate                            0x0800a94b   Thumb Code   122  os_mutex.o(.text)
    OS_MutexClr                              0x0800a9c5   Thumb Code    38  os_mutex.o(.text)
    OS_MutexDbgListRemove                    0x0800a9eb   Thumb Code    44  os_mutex.o(.text)
    OSMutexDel                               0x0800aa17   Thumb Code   442  os_mutex.o(.text)
    OSMutexPend                              0x0800abd1   Thumb Code   618  os_mutex.o(.text)
    OSMutexPendAbort                         0x0800ae3b   Thumb Code   236  os_mutex.o(.text)
    OSMutexPost                              0x0800af27   Thumb Code   354  os_mutex.o(.text)
    OS_MutexInit                             0x0800b089   Thumb Code    14  os_mutex.o(.text)
    OS_PrioInit                              0x0800b0b1   Thumb Code    20  os_prio.o(.text)
    OS_PrioGetHighest                        0x0800b0c5   Thumb Code    36  os_prio.o(.text)
    OS_PrioInsert                            0x0800b0e9   Thumb Code    32  os_prio.o(.text)
    OS_PrioRemove                            0x0800b109   Thumb Code    32  os_prio.o(.text)
    OS_QDbgListAdd                           0x0800b12d   Thumb Code    38  os_q.o(.text)
    OSQCreate                                0x0800b153   Thumb Code   130  os_q.o(.text)
    OS_QClr                                  0x0800b1d5   Thumb Code    40  os_q.o(.text)
    OS_QDbgListRemove                        0x0800b1fd   Thumb Code    44  os_q.o(.text)
    OSQDel                                   0x0800b229   Thumb Code   306  os_q.o(.text)
    OSQFlush                                 0x0800b35b   Thumb Code   106  os_q.o(.text)
    OSQPend                                  0x0800b3c5   Thumb Code   484  os_q.o(.text)
    OSQPendAbort                             0x0800b5a9   Thumb Code   236  os_q.o(.text)
    OS_QPost                                 0x0800b695   Thumb Code   190  os_q.o(.text)
    OSQPost                                  0x0800b753   Thumb Code   144  os_q.o(.text)
    OS_QInit                                 0x0800b7e3   Thumb Code    14  os_q.o(.text)
    OS_SemDbgListAdd                         0x0800b805   Thumb Code    38  os_sem.o(.text)
    OSSemCreate                              0x0800b82b   Thumb Code   116  os_sem.o(.text)
    OS_SemClr                                0x0800b89f   Thumb Code    28  os_sem.o(.text)
    OS_SemDbgListRemove                      0x0800b8bb   Thumb Code    44  os_sem.o(.text)
    OSSemDel                                 0x0800b8e7   Thumb Code   306  os_sem.o(.text)
    OSSemPend                                0x0800ba19   Thumb Code   406  os_sem.o(.text)
    OSSemPendAbort                           0x0800bbaf   Thumb Code   278  os_sem.o(.text)
    OS_SemPost                               0x0800bcc5   Thumb Code   294  os_sem.o(.text)
    OSSemPost                                0x0800bdeb   Thumb Code   108  os_sem.o(.text)
    OSSemSet                                 0x0800be57   Thumb Code   120  os_sem.o(.text)
    OS_SemInit                               0x0800becf   Thumb Code    14  os_sem.o(.text)
    OSStatReset                              0x0800beed   Thumb Code   262  os_stat.o(.text)
    OSStatTaskCPUUsageInit                   0x0800bff3   Thumb Code   212  os_stat.o(.text)
    OS_StatTask                              0x0800c0c7   Thumb Code   768  os_stat.o(.text)
    OS_StatTaskInit                          0x0800c3c7   Thumb Code   138  os_stat.o(.text)
    OSTaskChangePrio                         0x0800c495   Thumb Code   274  os_task.o(.text)
    OS_TaskDbgListAdd                        0x0800c5a7   Thumb Code    42  os_task.o(.text)
    OS_TaskInitTCB                           0x0800c5d1   Thumb Code   190  os_task.o(.text)
    OSTaskCreate                             0x0800c68f   Thumb Code   412  os_task.o(.text)
    OS_TaskDbgListRemove                     0x0800c82b   Thumb Code    64  os_task.o(.text)
    OSTaskDel                                0x0800c86b   Thumb Code   324  os_task.o(.text)
    OSTaskQFlush                             0x0800c9af   Thumb Code   110  os_task.o(.text)
    OSTaskQPend                              0x0800ca1d   Thumb Code   458  os_task.o(.text)
    OSTaskQPendAbort                         0x0800cbe7   Thumb Code   206  os_task.o(.text)
    OS_TaskQPost                             0x0800ccb5   Thumb Code   220  os_task.o(.text)
    OSTaskQPost                              0x0800cd91   Thumb Code    82  os_task.o(.text)
    OSTaskRegGet                             0x0800cde3   Thumb Code    78  os_task.o(.text)
    OSTaskRegGetID                           0x0800ce31   Thumb Code    84  os_task.o(.text)
    OSTaskRegSet                             0x0800ce85   Thumb Code    78  os_task.o(.text)
    OS_TaskResume                            0x0800ced3   Thumb Code   256  os_task.o(.text)
    OSTaskResume                             0x0800cfd3   Thumb Code    96  os_task.o(.text)
    OSTaskSemPend                            0x0800d033   Thumb Code   478  os_task.o(.text)
    OSTaskSemPendAbort                       0x0800d211   Thumb Code   214  os_task.o(.text)
    OS_TaskSemPost                           0x0800d2e7   Thumb Code   448  os_task.o(.text)
    OSTaskSemPost                            0x0800d4a7   Thumb Code    76  os_task.o(.text)
    OSTaskSemSet                             0x0800d4f3   Thumb Code    80  os_task.o(.text)
    OSTaskStkChk                             0x0800d543   Thumb Code   204  os_task.o(.text)
    OS_TaskSuspend                           0x0800d60f   Thumb Code   272  os_task.o(.text)
    OSTaskSuspend                            0x0800d71f   Thumb Code    48  os_task.o(.text)
    OSTaskTimeQuantaSet                      0x0800d74f   Thumb Code    96  os_task.o(.text)
    OS_TaskInit                              0x0800d7af   Thumb Code    18  os_task.o(.text)
    OS_TaskReturn                            0x0800d7c1   Thumb Code    20  os_task.o(.text)
    OS_TickListRemove                        0x0800d7f5   Thumb Code    56  os_tick.o(.text)
    OS_TickListUpdate                        0x0800d82d   Thumb Code   376  os_tick.o(.text)
    OS_TickTask                              0x0800d9a5   Thumb Code    38  os_tick.o(.text)
    OS_TickListInit                          0x0800d9cb   Thumb Code    32  os_tick.o(.text)
    OS_TickTaskInit                          0x0800d9eb   Thumb Code   130  os_tick.o(.text)
    OS_TickListInsert                        0x0800da6d   Thumb Code   430  os_tick.o(.text)
    OS_TickListResetPeak                     0x0800dc1b   Thumb Code    94  os_tick.o(.text)
    OSTimeDly                                0x0800dc79   Thumb Code   182  os_time.o(.text)
    OSTimeDlyHMSM                            0x0800dd2f   Thumb Code   394  os_time.o(.text)
    OSTimeDlyResume                          0x0800deb9   Thumb Code   334  os_time.o(.text)
    OSTimeGet                                0x0800e007   Thumb Code    46  os_time.o(.text)
    OSTimeSet                                0x0800e035   Thumb Code    68  os_time.o(.text)
    OSTimeTick                               0x0800e079   Thumb Code    68  os_time.o(.text)
    OS_TmrDbgListAdd                         0x0800e0d5   Thumb Code    34  os_tmr.o(.text)
    OSTmrCreate                              0x0800e0f7   Thumb Code   192  os_tmr.o(.text)
    OS_TmrClr                                0x0800e1b7   Thumb Code    36  os_tmr.o(.text)
    OS_TmrUnlink                             0x0800e1db   Thumb Code    72  os_tmr.o(.text)
    OS_TmrDbgListRemove                      0x0800e223   Thumb Code    44  os_tmr.o(.text)
    OSTmrDel                                 0x0800e24f   Thumb Code   182  os_tmr.o(.text)
    OSTmrRemainGet                           0x0800e305   Thumb Code   188  os_tmr.o(.text)
    OS_TmrLink                               0x0800e3c1   Thumb Code   196  os_tmr.o(.text)
    OSTmrStart                               0x0800e485   Thumb Code   212  os_tmr.o(.text)
    OSTmrStateGet                            0x0800e559   Thumb Code   134  os_tmr.o(.text)
    OSTmrStop                                0x0800e5df   Thumb Code   246  os_tmr.o(.text)
    OS_TmrTask                               0x0800e6d5   Thumb Code   176  os_tmr.o(.text)
    OS_TmrInit                               0x0800e785   Thumb Code   208  os_tmr.o(.text)
    OS_TmrResetPeak                          0x0800e855   Thumb Code    28  os_tmr.o(.text)
    Reset_Handler                            0x0800e8cd   Thumb Code     4  cstartup.o(.text)
    App_NMI_ISR                              0x0800e8d1   Thumb Code     2  cstartup.o(.text)
    App_Fault_ISR                            0x0800e8d3   Thumb Code     2  cstartup.o(.text)
    App_MemFault_ISR                         0x0800e8d5   Thumb Code     2  cstartup.o(.text)
    App_BusFault_ISR                         0x0800e8d7   Thumb Code     2  cstartup.o(.text)
    App_UsageFault_ISR                       0x0800e8d9   Thumb Code     2  cstartup.o(.text)
    App_Spurious_ISR                         0x0800e8db   Thumb Code     2  cstartup.o(.text)
    App_Reserved_ISR                         0x0800e8dd   Thumb Code     2  cstartup.o(.text)
    sys_mbox_new                             0x0800e8e5   Thumb Code    40  sys_arch.o(.text)
    sys_mbox_free                            0x0800e90d   Thumb Code    50  sys_arch.o(.text)
    sys_mbox_post                            0x0800e93f   Thumb Code   100  sys_arch.o(.text)
    sys_mbox_trypost                         0x0800e9a3   Thumb Code    42  sys_arch.o(.text)
    sys_arch_mbox_fetch                      0x0800e9cd   Thumb Code   172  sys_arch.o(.text)
    sys_arch_mbox_tryfetch                   0x0800ea79   Thumb Code    18  sys_arch.o(.text)
    sys_mbox_valid                           0x0800ea8b   Thumb Code    30  sys_arch.o(.text)
    sys_mbox_set_invalid                     0x0800eaa9   Thumb Code    20  sys_arch.o(.text)
    sys_sem_new                              0x0800eabd   Thumb Code    56  sys_arch.o(.text)
    sys_arch_sem_wait                        0x0800eaf5   Thumb Code   118  sys_arch.o(.text)
    sys_sem_signal                           0x0800eb6b   Thumb Code    42  sys_arch.o(.text)
    sys_sem_free                             0x0800eb95   Thumb Code    46  sys_arch.o(.text)
    sys_sem_valid                            0x0800ebc3   Thumb Code    30  sys_arch.o(.text)
    sys_sem_set_invalid                      0x0800ebe1   Thumb Code    20  sys_arch.o(.text)
    sys_init                                 0x0800ebf5   Thumb Code     2  sys_arch.o(.text)
    sys_thread_new                           0x0800ebf7   Thumb Code   122  sys_arch.o(.text)
    sys_now                                  0x0800ec71   Thumb Code    30  sys_arch.o(.text)
    rawudp_send_data                         0x0800ed9d   Thumb Code    76  rawudp.o(.text)
    rawudp_recv_callback                     0x0800ede9   Thumb Code   160  rawudp.o(.text)
    rawudp_task_create                       0x0800ef93   Thumb Code   110  rawudp.o(.text)
    rawudp_connection_close                  0x0800f001   Thumb Code    18  rawudp.o(.text)
    dhcp_task_delete                         0x0800f08d   Thumb Code    18  dhcp.o(.text)
    dhcp_task_create                         0x0800f1b9   Thumb Code   120  dhcp.o(.text)
    lwip_comm_default_ip_set                 0x0800f381   Thumb Code    90  lwip_comm_1.o(.text)
    lwip_comm_dev_init                       0x0800f3db   Thumb Code   128  lwip_comm_1.o(.text)
    lwip_comm_pkt_handle                     0x0800f45b   Thumb Code    10  lwip_comm_1.o(.text)
    tcpip_inpkt                              0x0800f51f   Thumb Code    38  tcpip.o(.text)
    tcpip_input                              0x0800f545   Thumb Code    40  tcpip.o(.text)
    tcpip_callback_with_block                0x0800f56d   Thumb Code   104  tcpip.o(.text)
    tcpip_send_msg_wait_sem                  0x0800f5d5   Thumb Code    30  tcpip.o(.text)
    tcpip_api_call                           0x0800f5f3   Thumb Code    30  tcpip.o(.text)
    tcpip_callbackmsg_new                    0x0800f611   Thumb Code    32  tcpip.o(.text)
    tcpip_callbackmsg_delete                 0x0800f631   Thumb Code    14  tcpip.o(.text)
    tcpip_trycallback                        0x0800f63f   Thumb Code    44  tcpip.o(.text)
    tcpip_init                               0x0800f66b   Thumb Code   102  tcpip.o(.text)
    pbuf_free_callback                       0x0800f6df   Thumb Code    16  tcpip.o(.text)
    mem_free_callback                        0x0800f6ef   Thumb Code    16  tcpip.o(.text)
    ethernet_input                           0x0800f7ed   Thumb Code   196  ethernet.o(.text)
    ethernet_output                          0x0800f8b1   Thumb Code   112  ethernet.o(.text)
    ethernetif_input                         0x0800faab   Thumb Code    36  ethernetif.o(.text)
    ethernetif_init                          0x0800facf   Thumb Code    82  ethernetif.o(.text)
    lwip_htons                               0x0800fb95   Thumb Code    12  def.o(.text)
    lwip_htonl                               0x0800fba1   Thumb Code    26  def.o(.text)
    lwip_strnstr                             0x0800fbbb   Thumb Code    74  def.o(.text)
    lwip_stricmp                             0x0800fc05   Thumb Code    60  def.o(.text)
    lwip_strnicmp                            0x0800fc41   Thumb Code    70  def.o(.text)
    lwip_itoa                                0x0800fc87   Thumb Code    98  def.o(.text)
    lwip_standard_chksum                     0x0800fced   Thumb Code    94  inet_chksum.o(.text)
    inet_chksum_pseudo                       0x0800fdc9   Thumb Code    76  inet_chksum.o(.text)
    ip_chksum_pseudo                         0x0800fe15   Thumb Code    36  inet_chksum.o(.text)
    inet_chksum_pseudo_partial               0x0800fee5   Thumb Code    80  inet_chksum.o(.text)
    ip_chksum_pseudo_partial                 0x0800ff35   Thumb Code    36  inet_chksum.o(.text)
    inet_chksum                              0x0800ff59   Thumb Code    20  inet_chksum.o(.text)
    inet_chksum_pbuf                         0x0800ff6d   Thumb Code    82  inet_chksum.o(.text)
    lwip_init                                0x08010015   Thumb Code    68  init.o(.text)
    mem_init                                 0x0801017f   Thumb Code   108  mem.o(.text)
    mem_free                                 0x080101eb   Thumb Code   174  mem.o(.text)
    mem_trim                                 0x08010299   Thumb Code   334  mem.o(.text)
    mem_malloc                               0x080103e7   Thumb Code   778  mem.o(.text)
    mem_calloc                               0x080106f1   Thumb Code    34  mem.o(.text)
    memp_init_pool                           0x080107c5   Thumb Code    44  memp.o(.text)
    memp_init                                0x080107f1   Thumb Code    26  memp.o(.text)
    memp_malloc_pool                         0x08010853   Thumb Code    42  memp.o(.text)
    memp_malloc                              0x0801087d   Thumb Code    50  memp.o(.text)
    memp_free_pool                           0x080108ef   Thumb Code    48  memp.o(.text)
    memp_free                                0x0801091f   Thumb Code    54  memp.o(.text)
    netif_init                               0x08010a2d   Thumb Code     2  netif.o(.text)
    netif_input                              0x08010a2f   Thumb Code    36  netif.o(.text)
    netif_set_ipaddr                         0x08010a77   Thumb Code    72  netif.o(.text)
    netif_set_gw                             0x08010abf   Thumb Code    12  netif.o(.text)
    netif_set_netmask                        0x08010acb   Thumb Code    12  netif.o(.text)
    netif_set_addr                           0x08010ad7   Thumb Code    72  netif.o(.text)
    netif_add                                0x08010b1f   Thumb Code   126  netif.o(.text)
    netif_set_default                        0x08010b9d   Thumb Code     6  netif.o(.text)
    netif_set_down                           0x08010ba3   Thumb Code    42  netif.o(.text)
    netif_remove                             0x08010bcd   Thumb Code   110  netif.o(.text)
    netif_find                               0x08010c3b   Thumb Code    64  netif.o(.text)
    netif_set_up                             0x08010c7b   Thumb Code    44  netif.o(.text)
    netif_set_link_up                        0x08010ca7   Thumb Code    52  netif.o(.text)
    netif_set_link_down                      0x08010cdb   Thumb Code    24  netif.o(.text)
    pbuf_free                                0x08010d61   Thumb Code   254  pbuf.o(.text)
    pbuf_alloc                               0x08010e5f   Thumb Code   660  pbuf.o(.text)
    pbuf_alloced_custom                      0x080110f3   Thumb Code   660  pbuf.o(.text)
    pbuf_realloc                             0x08011387   Thumb Code   276  pbuf.o(.text)
    pbuf_header                              0x0801157d   Thumb Code    18  pbuf.o(.text)
    pbuf_header_force                        0x0801158f   Thumb Code    18  pbuf.o(.text)
    pbuf_clen                                0x080115a1   Thumb Code    18  pbuf.o(.text)
    pbuf_ref                                 0x080115b3   Thumb Code    64  pbuf.o(.text)
    pbuf_cat                                 0x080115f3   Thumb Code   138  pbuf.o(.text)
    pbuf_chain                               0x0801167d   Thumb Code    22  pbuf.o(.text)
    pbuf_dechain                             0x08011693   Thumb Code   122  pbuf.o(.text)
    pbuf_copy                                0x0801170d   Thumb Code   764  pbuf.o(.text)
    pbuf_copy_partial                        0x08011a09   Thumb Code   190  pbuf.o(.text)
    pbuf_skip                                0x08011ae9   Thumb Code    28  pbuf.o(.text)
    pbuf_take                                0x08011b05   Thumb Code   260  pbuf.o(.text)
    pbuf_take_at                             0x08011c09   Thumb Code   118  pbuf.o(.text)
    pbuf_coalesce                            0x08011c7f   Thumb Code    84  pbuf.o(.text)
    pbuf_try_get_at                          0x08011cd3   Thumb Code    46  pbuf.o(.text)
    pbuf_get_at                              0x08011d01   Thumb Code   364  pbuf.o(.text)
    pbuf_put_at                              0x08011e6d   Thumb Code    42  pbuf.o(.text)
    pbuf_memcmp                              0x08011e97   Thumb Code    98  pbuf.o(.text)
    pbuf_memfind                             0x08011ef9   Thumb Code    72  pbuf.o(.text)
    pbuf_strstr                              0x08011f41   Thumb Code    60  pbuf.o(.text)
    tcp_init                                 0x08011f7d   Thumb Code     2  tcp.o(.text)
    tcp_seg_free                             0x08011f7f   Thumb Code    26  tcp.o(.text)
    tcp_segs_free                            0x08011f99   Thumb Code    24  tcp.o(.text)
    tcp_pcb_purge                            0x08011fb1   Thumb Code    64  tcp.o(.text)
    tcp_slowtmr                              0x08011ff1   Thumb Code  1416  tcp.o(.text)
    tcp_pcb_remove                           0x080125fd   Thumb Code   172  tcp.o(.text)
    tcp_close                                0x08012883   Thumb Code    28  tcp.o(.text)
    tcp_update_rcv_ann_wnd                   0x0801289f   Thumb Code   334  tcp.o(.text)
    tcp_recved                               0x080129ed   Thumb Code   148  tcp.o(.text)
    tcp_recv_null                            0x08012a81   Thumb Code    46  tcp.o(.text)
    tcp_process_refused_data                 0x08012aaf   Thumb Code   146  tcp.o(.text)
    tcp_fasttmr                              0x08012b41   Thumb Code   130  tcp.o(.text)
    tcp_tmr                                  0x08012bc3   Thumb Code    30  tcp.o(.text)
    tcp_shutdown                             0x08012be1   Thumb Code    98  tcp.o(.text)
    tcp_abandon                              0x08012c43   Thumb Code   248  tcp.o(.text)
    tcp_abort                                0x08012d3b   Thumb Code    14  tcp.o(.text)
    tcp_bind                                 0x08012da9   Thumb Code   380  tcp.o(.text)
    tcp_listen_with_backlog_and_err          0x08012f39   Thumb Code   214  tcp.o(.text)
    tcp_listen_with_backlog                  0x0801300f   Thumb Code    18  tcp.o(.text)
    tcp_eff_send_mss_impl                    0x08013021   Thumb Code    58  tcp.o(.text)
    tcp_next_iss                             0x0801305b   Thumb Code    22  tcp.o(.text)
    tcp_connect                              0x08013071   Thumb Code   340  tcp.o(.text)
    tcp_txnow                                0x080131c5   Thumb Code    30  tcp.o(.text)
    tcp_setprio                              0x080131e3   Thumb Code     4  tcp.o(.text)
    tcp_alloc                                0x0801337b   Thumb Code   168  tcp.o(.text)
    tcp_new                                  0x08013423   Thumb Code    10  tcp.o(.text)
    tcp_new_ip_type                          0x0801342d   Thumb Code    16  tcp.o(.text)
    tcp_arg                                  0x0801343d   Thumb Code     6  tcp.o(.text)
    tcp_recv                                 0x08013443   Thumb Code    44  tcp.o(.text)
    tcp_sent                                 0x0801346f   Thumb Code    44  tcp.o(.text)
    tcp_err                                  0x0801349b   Thumb Code    46  tcp.o(.text)
    tcp_accept                               0x080134c9   Thumb Code    16  tcp.o(.text)
    tcp_poll                                 0x080134d9   Thumb Code    46  tcp.o(.text)
    tcp_netif_ip_addr_changed                0x08013531   Thumb Code    70  tcp.o(.text)
    tcp_debug_state_str                      0x08013577   Thumb Code    10  tcp.o(.text)
    tcp_input                                0x08014849   Thumb Code  1878  tcp_in.o(.text)
    tcp_trigger_input_pcb_close              0x08014f9f   Thumb Code    14  tcp_in.o(.text)
    tcp_enqueue_flags                        0x08015167   Thumb Code   394  tcp_out.o(.text)
    tcp_send_fin                             0x080152f1   Thumb Code    74  tcp_out.o(.text)
    tcp_write                                0x080155c7   Thumb Code  1900  tcp_out.o(.text)
    tcp_send_empty_ack                       0x08015d33   Thumb Code   142  tcp_out.o(.text)
    tcp_output                               0x08015e97   Thumb Code   862  tcp_out.o(.text)
    tcp_rst                                  0x080161f5   Thumb Code   182  tcp_out.o(.text)
    tcp_rexmit_rto                           0x080162ab   Thumb Code    66  tcp_out.o(.text)
    tcp_rexmit                               0x080162ed   Thumb Code    98  tcp_out.o(.text)
    tcp_rexmit_fast                          0x0801634f   Thumb Code   110  tcp_out.o(.text)
    tcp_keepalive                            0x080163bd   Thumb Code   114  tcp_out.o(.text)
    tcp_zero_window_probe                    0x0801642f   Thumb Code   264  tcp_out.o(.text)
    sys_timeout                              0x08016539   Thumb Code   226  timeouts.o(.text)
    tcp_timer_needed                         0x08016643   Thumb Code    38  timeouts.o(.text)
    sys_timeouts_init                        0x0801667f   Thumb Code    38  timeouts.o(.text)
    sys_untimeout                            0x080166a5   Thumb Code    90  timeouts.o(.text)
    sys_restart_timeouts                     0x08016771   Thumb Code    12  timeouts.o(.text)
    sys_timeouts_mbox_fetch                  0x080167ad   Thumb Code    58  timeouts.o(.text)
    udp_init                                 0x08016891   Thumb Code     2  udp.o(.text)
    udp_input                                0x08016925   Thumb Code   362  udp.o(.text)
    udp_bind                                 0x08016a8f   Thumb Code   138  udp.o(.text)
    udp_sendto_if_src                        0x08016b19   Thumb Code   256  udp.o(.text)
    udp_sendto_if                            0x08016c19   Thumb Code    82  udp.o(.text)
    udp_sendto                               0x08016c6b   Thumb Code   210  udp.o(.text)
    udp_send                                 0x08016d3d   Thumb Code    30  udp.o(.text)
    udp_connect                              0x08016d5b   Thumb Code   104  udp.o(.text)
    udp_disconnect                           0x08016dc3   Thumb Code    16  udp.o(.text)
    udp_recv                                 0x08016dd3   Thumb Code     6  udp.o(.text)
    udp_remove                               0x08016dd9   Thumb Code    64  udp.o(.text)
    udp_new                                  0x08016e19   Thumb Code    28  udp.o(.text)
    udp_new_ip_type                          0x08016e35   Thumb Code    14  udp.o(.text)
    udp_netif_ip_addr_changed                0x08016e43   Thumb Code    42  udp.o(.text)
    dhcp_renew                               0x08017fed   Thumb Code   178  dhcp_2.o(.text)
    dhcp_supplied_address                    0x080181d9   Thumb Code    40  dhcp_2.o(.text)
    dhcp_release                             0x08018201   Thumb Code   162  dhcp_2.o(.text)
    dhcp_coarse_tmr                          0x080182a3   Thumb Code   100  dhcp_2.o(.text)
    dhcp_fine_tmr                            0x080184b3   Thumb Code    54  dhcp_2.o(.text)
    dhcp_set_struct                          0x080184e9   Thumb Code    98  dhcp_2.o(.text)
    dhcp_cleanup                             0x0801854b   Thumb Code    46  dhcp_2.o(.text)
    dhcp_stop                                0x08018579   Thumb Code    92  dhcp_2.o(.text)
    dhcp_start                               0x080185d5   Thumb Code   230  dhcp_2.o(.text)
    dhcp_inform                              0x080186bb   Thumb Code   144  dhcp_2.o(.text)
    dhcp_network_changed                     0x0801874b   Thumb Code    74  dhcp_2.o(.text)
    dhcp_arp_reply                           0x080188d3   Thumb Code    64  dhcp_2.o(.text)
    etharp_request                           0x08018a63   Thumb Code    18  etharp.o(.text)
    etharp_tmr                               0x08018a75   Thumb Code   216  etharp.o(.text)
    etharp_cleanup_netif                     0x08018f19   Thumb Code    52  etharp.o(.text)
    etharp_find_addr                         0x08018f4d   Thumb Code   110  etharp.o(.text)
    etharp_get_entry                         0x08018fbb   Thumb Code   164  etharp.o(.text)
    etharp_input                             0x0801905f   Thumb Code   214  etharp.o(.text)
    etharp_query                             0x080192d9   Thumb Code   472  etharp.o(.text)
    etharp_output                            0x080194b1   Thumb Code   376  etharp.o(.text)
    icmp_input                               0x08019685   Thumb Code   470  icmp.o(.text)
    icmp_dest_unreach                        0x080198f1   Thumb Code    18  icmp.o(.text)
    icmp_time_exceeded                       0x08019903   Thumb Code    18  icmp.o(.text)
    ip4_route                                0x080199f9   Thumb Code   134  ip4.o(.text)
    ip4_input                                0x08019a7f   Thumb Code   510  ip4.o(.text)
    ip4_output_if_src                        0x08019c7d   Thumb Code   336  ip4.o(.text)
    ip4_output_if                            0x08019dcd   Thumb Code   206  ip4.o(.text)
    ip4_output                               0x08019e9b   Thumb Code    86  ip4.o(.text)
    ip4_addr_isbroadcast_u32                 0x08019ef1   Thumb Code    78  ip4_addr.o(.text)
    ip4_addr_netmask_valid                   0x08019f3f   Thumb Code    56  ip4_addr.o(.text)
    ip4addr_aton                             0x08019f77   Thumb Code   414  ip4_addr.o(.text)
    ipaddr_addr                              0x0801a115   Thumb Code    24  ip4_addr.o(.text)
    ip4addr_ntoa_r                           0x0801a12d   Thumb Code   168  ip4_addr.o(.text)
    ip4addr_ntoa                             0x0801a1d5   Thumb Code    16  ip4_addr.o(.text)
    ip_reass_tmr                             0x0801a38f   Thumb Code    48  ip4_frag.o(.text)
    ip4_reass                                0x0801a7c9   Thumb Code   474  ip4_frag.o(.text)
    ip4_frag                                 0x0801aa29   Thumb Code   716  ip4_frag.o(.text)
    __aeabi_memcpy                           0x0801acf9   Thumb Code    36  memcpya.o(.text)
    __aeabi_memcpy4                          0x0801acf9   Thumb Code     0  memcpya.o(.text)
    __aeabi_memcpy8                          0x0801acf9   Thumb Code     0  memcpya.o(.text)
    __aeabi_memset                           0x0801ad1d   Thumb Code    14  memseta.o(.text)
    __aeabi_memset4                          0x0801ad1d   Thumb Code     0  memseta.o(.text)
    __aeabi_memset8                          0x0801ad1d   Thumb Code     0  memseta.o(.text)
    __aeabi_memclr                           0x0801ad2b   Thumb Code     4  memseta.o(.text)
    __aeabi_memclr4                          0x0801ad2b   Thumb Code     0  memseta.o(.text)
    __aeabi_memclr8                          0x0801ad2b   Thumb Code     0  memseta.o(.text)
    _memset$wrapper                          0x0801ad2f   Thumb Code    18  memseta.o(.text)
    strlen                                   0x0801ad41   Thumb Code    14  strlen.o(.text)
    strcmp                                   0x0801ad4f   Thumb Code    28  strcmp.o(.text)
    memcmp                                   0x0801ad6b   Thumb Code    26  memcmp.o(.text)
    strncmp                                  0x0801ad85   Thumb Code    30  strncmp.o(.text)
    __aeabi_uidiv                            0x0801ada3   Thumb Code     0  uidiv.o(.text)
    __aeabi_uidivmod                         0x0801ada3   Thumb Code    44  uidiv.o(.text)
    __scatterload                            0x0801add1   Thumb Code    28  init.o(.text)
    __scatterload_rt2                        0x0801add1   Thumb Code     0  init.o(.text)
    __I$use$semihosting$fputc                0x0801adf5   Thumb Code     0  iusesemip.o(.text)
    __decompress                             0x0801adf5   Thumb Code     0  __dczerorl2.o(.text)
    __decompress1                            0x0801adf5   Thumb Code    86  __dczerorl2.o(.text)
    __semihosting_library_function           0x0801adf5   Thumb Code     0  semi.o(.text)
    OSStartHighRdy                           0x0801ae4d   Thumb Code     0  os_cpu_a.o(CODE)
    OS_CPU_PendSVHandler                     0x0801ae6f   Thumb Code     0  os_cpu_a.o(CODE)
    __0printf$3                              0x0801aed1   Thumb Code    22  printf3.o(i.__0printf$3)
    __1printf$3                              0x0801aed1   Thumb Code     0  printf3.o(i.__0printf$3)
    __2printf                                0x0801aed1   Thumb Code     0  printf3.o(i.__0printf$3)
    __0sprintf$3                             0x0801aef1   Thumb Code    34  printf3.o(i.__0sprintf$3)
    __1sprintf$3                             0x0801aef1   Thumb Code     0  printf3.o(i.__0sprintf$3)
    __2sprintf                               0x0801aef1   Thumb Code     0  printf3.o(i.__0sprintf$3)
    __scatterload_copy                       0x0801af19   Thumb Code    14  handlers.o(i.__scatterload_copy)
    __scatterload_null                       0x0801af27   Thumb Code     2  handlers.o(i.__scatterload_null)
    __scatterload_zeroinit                   0x0801af29   Thumb Code    14  handlers.o(i.__scatterload_zeroinit)
    fputc                                    0x0801b0fb   Thumb Code    18  fputc.o(i.fputc)
    crc_table                                0x0801b10c   Data         512  protocol.o(.constdata)
    OSCfg_IdleTaskStkBasePtr                 0x0801b4a0   Data           4  os_cfg_app.o(.constdata)
    OSCfg_IdleTaskStkLimit                   0x0801b4a4   Data           4  os_cfg_app.o(.constdata)
    OSCfg_IdleTaskStkSize                    0x0801b4a8   Data           4  os_cfg_app.o(.constdata)
    OSCfg_IdleTaskStkSizeRAM                 0x0801b4ac   Data           4  os_cfg_app.o(.constdata)
    OSCfg_IntQBasePtr                        0x0801b4b0   Data           4  os_cfg_app.o(.constdata)
    OSCfg_IntQSize                           0x0801b4b4   Data           2  os_cfg_app.o(.constdata)
    OSCfg_IntQSizeRAM                        0x0801b4b8   Data           4  os_cfg_app.o(.constdata)
    OSCfg_IntQTaskStkBasePtr                 0x0801b4bc   Data           4  os_cfg_app.o(.constdata)
    OSCfg_IntQTaskStkLimit                   0x0801b4c0   Data           4  os_cfg_app.o(.constdata)
    OSCfg_IntQTaskStkSize                    0x0801b4c4   Data           4  os_cfg_app.o(.constdata)
    OSCfg_IntQTaskStkSizeRAM                 0x0801b4c8   Data           4  os_cfg_app.o(.constdata)
    OSCfg_ISRStkBasePtr                      0x0801b4cc   Data           4  os_cfg_app.o(.constdata)
    OSCfg_ISRStkSize                         0x0801b4d0   Data           4  os_cfg_app.o(.constdata)
    OSCfg_ISRStkSizeRAM                      0x0801b4d4   Data           4  os_cfg_app.o(.constdata)
    OSCfg_MsgPoolSize                        0x0801b4d8   Data           2  os_cfg_app.o(.constdata)
    OSCfg_MsgPoolSizeRAM                     0x0801b4dc   Data           4  os_cfg_app.o(.constdata)
    OSCfg_MsgPoolBasePtr                     0x0801b4e0   Data           4  os_cfg_app.o(.constdata)
    OSCfg_StatTaskPrio                       0x0801b4e4   Data           1  os_cfg_app.o(.constdata)
    OSCfg_StatTaskRate_Hz                    0x0801b4e8   Data           4  os_cfg_app.o(.constdata)
    OSCfg_StatTaskStkBasePtr                 0x0801b4ec   Data           4  os_cfg_app.o(.constdata)
    OSCfg_StatTaskStkLimit                   0x0801b4f0   Data           4  os_cfg_app.o(.constdata)
    OSCfg_StatTaskStkSize                    0x0801b4f4   Data           4  os_cfg_app.o(.constdata)
    OSCfg_StatTaskStkSizeRAM                 0x0801b4f8   Data           4  os_cfg_app.o(.constdata)
    OSCfg_StkSizeMin                         0x0801b4fc   Data           4  os_cfg_app.o(.constdata)
    OSCfg_TickRate_Hz                        0x0801b500   Data           4  os_cfg_app.o(.constdata)
    OSCfg_TickTaskPrio                       0x0801b504   Data           1  os_cfg_app.o(.constdata)
    OSCfg_TickTaskStkBasePtr                 0x0801b508   Data           4  os_cfg_app.o(.constdata)
    OSCfg_TickTaskStkLimit                   0x0801b50c   Data           4  os_cfg_app.o(.constdata)
    OSCfg_TickTaskStkSize                    0x0801b510   Data           4  os_cfg_app.o(.constdata)
    OSCfg_TickTaskStkSizeRAM                 0x0801b514   Data           4  os_cfg_app.o(.constdata)
    OSCfg_TickWheelSize                      0x0801b518   Data           2  os_cfg_app.o(.constdata)
    OSCfg_TickWheelSizeRAM                   0x0801b51c   Data           4  os_cfg_app.o(.constdata)
    OSCfg_TmrTaskPrio                        0x0801b520   Data           1  os_cfg_app.o(.constdata)
    OSCfg_TmrTaskRate_Hz                     0x0801b524   Data           4  os_cfg_app.o(.constdata)
    OSCfg_TmrTaskStkBasePtr                  0x0801b528   Data           4  os_cfg_app.o(.constdata)
    OSCfg_TmrTaskStkLimit                    0x0801b52c   Data           4  os_cfg_app.o(.constdata)
    OSCfg_TmrTaskStkSize                     0x0801b530   Data           4  os_cfg_app.o(.constdata)
    OSCfg_TmrTaskStkSizeRAM                  0x0801b534   Data           4  os_cfg_app.o(.constdata)
    OSCfg_TmrWheelSize                       0x0801b538   Data           2  os_cfg_app.o(.constdata)
    OSCfg_TmrWheelSizeRAM                    0x0801b53c   Data           4  os_cfg_app.o(.constdata)
    OSCfg_DataSizeRAM                        0x0801b540   Data           4  os_cfg_app.o(.constdata)
    OSDbg_DbgEn                              0x0801b544   Data           1  os_dbg.o(.constdata)
    OSDbg_ArgChkEn                           0x0801b545   Data           1  os_dbg.o(.constdata)
    OSDbg_AppHooksEn                         0x0801b546   Data           1  os_dbg.o(.constdata)
    OSDbg_EndiannessTest                     0x0801b548   Data           4  os_dbg.o(.constdata)
    OSDbg_CalledFromISRChkEn                 0x0801b54c   Data           1  os_dbg.o(.constdata)
    OSDbg_FlagEn                             0x0801b54d   Data           1  os_dbg.o(.constdata)
    OSDbg_FlagGrp                            0x0801b550   Data          40  os_dbg.o(.constdata)
    OSDbg_FlagDelEn                          0x0801b578   Data           1  os_dbg.o(.constdata)
    OSDbg_FlagModeClrEn                      0x0801b579   Data           1  os_dbg.o(.constdata)
    OSDbg_FlagPendAbortEn                    0x0801b57a   Data           1  os_dbg.o(.constdata)
    OSDbg_FlagGrpSize                        0x0801b57c   Data           2  os_dbg.o(.constdata)
    OSDbg_FlagWidth                          0x0801b57e   Data           2  os_dbg.o(.constdata)
    OSDbg_IntQ                               0x0801b580   Data           2  os_dbg.o(.constdata)
    OSDbg_ISRPostDeferredEn                  0x0801b582   Data           1  os_dbg.o(.constdata)
    OSDbg_Mem                                0x0801b584   Data          32  os_dbg.o(.constdata)
    OSDbg_MemEn                              0x0801b5a4   Data           1  os_dbg.o(.constdata)
    OSDbg_MemSize                            0x0801b5a6   Data           2  os_dbg.o(.constdata)
    OSDbg_MsgEn                              0x0801b5a8   Data           1  os_dbg.o(.constdata)
    OSDbg_MsgSize                            0x0801b5aa   Data           2  os_dbg.o(.constdata)
    OSDbg_MsgPoolSize                        0x0801b5ac   Data           2  os_dbg.o(.constdata)
    OSDbg_MsgQSize                           0x0801b5ae   Data           2  os_dbg.o(.constdata)
    OSDbg_Mutex                              0x0801b5b0   Data          44  os_dbg.o(.constdata)
    OSDbg_MutexEn                            0x0801b5dc   Data           1  os_dbg.o(.constdata)
    OSDbg_MutexDelEn                         0x0801b5dd   Data           1  os_dbg.o(.constdata)
    OSDbg_MutexPendAbortEn                   0x0801b5de   Data           1  os_dbg.o(.constdata)
    OSDbg_MutexSize                          0x0801b5e0   Data           2  os_dbg.o(.constdata)
    OSDbg_ObjTypeChkEn                       0x0801b5e2   Data           1  os_dbg.o(.constdata)
    OSDbg_PendMultiEn                        0x0801b5e3   Data           1  os_dbg.o(.constdata)
    OSDbg_PendDataSize                       0x0801b5e4   Data           2  os_dbg.o(.constdata)
    OSDbg_PendListSize                       0x0801b5e6   Data           2  os_dbg.o(.constdata)
    OSDbg_PendObjSize                        0x0801b5e8   Data           2  os_dbg.o(.constdata)
    OSDbg_PrioMax                            0x0801b5ea   Data           2  os_dbg.o(.constdata)
    OSDbg_PrioTblSize                        0x0801b5ec   Data           2  os_dbg.o(.constdata)
    OSDbg_PtrSize                            0x0801b5ee   Data           2  os_dbg.o(.constdata)
    OSDbg_Q                                  0x0801b5f0   Data          48  os_dbg.o(.constdata)
    OSDbg_QEn                                0x0801b620   Data           1  os_dbg.o(.constdata)
    OSDbg_QDelEn                             0x0801b621   Data           1  os_dbg.o(.constdata)
    OSDbg_QFlushEn                           0x0801b622   Data           1  os_dbg.o(.constdata)
    OSDbg_QPendAbortEn                       0x0801b623   Data           1  os_dbg.o(.constdata)
    OSDbg_QSize                              0x0801b624   Data           2  os_dbg.o(.constdata)
    OSDbg_SchedRoundRobinEn                  0x0801b626   Data           1  os_dbg.o(.constdata)
    OSDbg_Sem                                0x0801b628   Data          40  os_dbg.o(.constdata)
    OSDbg_SemEn                              0x0801b650   Data           1  os_dbg.o(.constdata)
    OSDbg_SemDelEn                           0x0801b651   Data           1  os_dbg.o(.constdata)
    OSDbg_SemPendAbortEn                     0x0801b652   Data           1  os_dbg.o(.constdata)
    OSDbg_SemSetEn                           0x0801b653   Data           1  os_dbg.o(.constdata)
    OSDbg_SemSize                            0x0801b654   Data           2  os_dbg.o(.constdata)
    OSDbg_RdyList                            0x0801b656   Data           2  os_dbg.o(.constdata)
    OSDbg_RdyListSize                        0x0801b658   Data           4  os_dbg.o(.constdata)
    OSDbg_StkWidth                           0x0801b65c   Data           1  os_dbg.o(.constdata)
    OSDbg_StatTaskEn                         0x0801b65d   Data           1  os_dbg.o(.constdata)
    OSDbg_StatTaskStkChkEn                   0x0801b65e   Data           1  os_dbg.o(.constdata)
    OSDbg_TaskChangePrioEn                   0x0801b65f   Data           1  os_dbg.o(.constdata)
    OSDbg_TaskDelEn                          0x0801b660   Data           1  os_dbg.o(.constdata)
    OSDbg_TaskQEn                            0x0801b661   Data           1  os_dbg.o(.constdata)
    OSDbg_TaskQPendAbortEn                   0x0801b662   Data           1  os_dbg.o(.constdata)
    OSDbg_TaskProfileEn                      0x0801b663   Data           1  os_dbg.o(.constdata)
    OSDbg_TaskRegTblSize                     0x0801b664   Data           2  os_dbg.o(.constdata)
    OSDbg_TaskSemPendAbortEn                 0x0801b666   Data           1  os_dbg.o(.constdata)
    OSDbg_TaskSuspendEn                      0x0801b667   Data           1  os_dbg.o(.constdata)
    OSDbg_TCBSize                            0x0801b668   Data           2  os_dbg.o(.constdata)
    OSDbg_TickSpokeSize                      0x0801b66a   Data           2  os_dbg.o(.constdata)
    OSDbg_TimeDlyHMSMEn                      0x0801b66c   Data           1  os_dbg.o(.constdata)
    OSDbg_TimeDlyResumeEn                    0x0801b66d   Data           1  os_dbg.o(.constdata)
    OSDbg_TLS_TblSize                        0x0801b66e   Data           2  os_dbg.o(.constdata)
    OSDbg_Tmr                                0x0801b670   Data          52  os_dbg.o(.constdata)
    OSDbg_TmrEn                              0x0801b6a4   Data           1  os_dbg.o(.constdata)
    OSDbg_TmrDelEn                           0x0801b6a5   Data           1  os_dbg.o(.constdata)
    OSDbg_TmrSize                            0x0801b6a6   Data           2  os_dbg.o(.constdata)
    OSDbg_TmrSpokeSize                       0x0801b6a8   Data           2  os_dbg.o(.constdata)
    OSDbg_VersionNbr                         0x0801b6aa   Data           2  os_dbg.o(.constdata)
    OSDbg_DataSize                           0x0801b6ac   Data           4  os_dbg.o(.constdata)
    pvNullPointer                            0x0801b6b0   Data           4  sys_arch.o(.constdata)
    ethbroadcast                             0x0801b6b4   Data           6  ethernet.o(.constdata)
    ethzero                                  0x0801b6ba   Data           6  ethernet.o(.constdata)
    memp_UDP_PCB                             0x0801b6c0   Data          12  memp.o(.constdata)
    memp_TCP_PCB                             0x0801b6cc   Data          12  memp.o(.constdata)
    memp_TCP_PCB_LISTEN                      0x0801b6d8   Data          12  memp.o(.constdata)
    memp_TCP_SEG                             0x0801b6e4   Data          12  memp.o(.constdata)
    memp_REASSDATA                           0x0801b6f0   Data          12  memp.o(.constdata)
    memp_FRAG_PBUF                           0x0801b6fc   Data          12  memp.o(.constdata)
    memp_NETBUF                              0x0801b708   Data          12  memp.o(.constdata)
    memp_NETCONN                             0x0801b714   Data          12  memp.o(.constdata)
    memp_TCPIP_MSG_API                       0x0801b720   Data          12  memp.o(.constdata)
    memp_SYS_TIMEOUT                         0x0801b72c   Data          12  memp.o(.constdata)
    memp_PBUF                                0x0801b738   Data          12  memp.o(.constdata)
    memp_PBUF_POOL                           0x0801b744   Data          12  memp.o(.constdata)
    memp_pools                               0x0801b750   Data          48  memp.o(.constdata)
    tcp_pcb_lists                            0x0801b7c0   Data          16  tcp.o(.constdata)
    lwip_cyclic_timers                       0x0801b7d0   Data          40  timeouts.o(.constdata)
    ip_addr_any                              0x0801b7f8   Data           4  ip4_addr.o(.constdata)
    ip_addr_broadcast                        0x0801b7fc   Data           4  ip4_addr.o(.constdata)
    Region$$Table$$Base                      0x0801ba2c   Number         0  anon$$obj.o(Region$$Table)
    Region$$Table$$Limit                     0x0801ba4c   Number         0  anon$$obj.o(Region$$Table)
    SystemCoreClock                          0x20000000   Data           4  system_stm32f2xx.o(.data)
    AHBPrescTable                            0x20000004   Data          16  system_stm32f2xx.o(.data)
    heart_cnt                                0x20000014   Data           4  protocol.o(.data)
    usart3_buff                              0x20000018   Data           4  usart.o(.data)
    gprs_rx_buff                             0x2000001c   Data           4  usart.o(.data)
    usart5_buff                              0x20000020   Data           4  usart.o(.data)
    usart2_rx_status                         0x20000024   Data           2  usart.o(.data)
    g_timeout_cnt                            0x20000028   Data           4  timer.o(.data)
    heart_tick                               0x2000002c   Data           4  timer.o(.data)
    lwip_localtime                           0x20000030   Data           4  lan8720.o(.data)
    DMATxDescToSet                           0x20000034   Data           4  stm32f2x7_eth.o(.data)
    DMARxDescToGet                           0x20000038   Data           4  stm32f2x7_eth.o(.data)
    DMA_RX_FRAME_infos                       0x2000003c   Data           4  stm32f2x7_eth.o(.data)
    Frame_Rx_index                           0x20000040   Data           4  stm32f2x7_eth.o(.data)
    Mem_PoolTbl                              0x20000054   Data           4  lib_mem.o(.data)
    CPU_TS_TmrFreq_Hz                        0x20000058   Data           4  cpu_core.o(.data)
    OS_CPU_ExceptStkBase                     0x2000005c   Data           4  os_cpu_c.o(.data)
    OSPrioTbl                                0x20000060   Data           8  os_prio.o(.data)
    OS_AppTaskCreateHookPtr                  0x20000068   Data           4  os_var.o(.data)
    OS_AppTaskDelHookPtr                     0x2000006c   Data           4  os_var.o(.data)
    OS_AppTaskReturnHookPtr                  0x20000070   Data           4  os_var.o(.data)
    OS_AppIdleTaskHookPtr                    0x20000074   Data           4  os_var.o(.data)
    OS_AppStatTaskHookPtr                    0x20000078   Data           4  os_var.o(.data)
    OS_AppTaskSwHookPtr                      0x2000007c   Data           4  os_var.o(.data)
    OS_AppTimeTickHookPtr                    0x20000080   Data           4  os_var.o(.data)
    OSIdleTaskCtr                            0x20000084   Data           4  os_var.o(.data)
    OSIntNestingCtr                          0x20000088   Data           1  os_var.o(.data)
    OSRunning                                0x20000089   Data           1  os_var.o(.data)
    OSFlagDbgListPtr                         0x2000008c   Data           4  os_var.o(.data)
    OSFlagQty                                0x20000090   Data           2  os_var.o(.data)
    OSMemDbgListPtr                          0x20000094   Data           4  os_var.o(.data)
    OSMemQty                                 0x20000098   Data           2  os_var.o(.data)
    OSMutexDbgListPtr                        0x2000009c   Data           4  os_var.o(.data)
    OSMutexQty                               0x200000a0   Data           2  os_var.o(.data)
    OSPrioCur                                0x200000a2   Data           1  os_var.o(.data)
    OSPrioHighRdy                            0x200000a3   Data           1  os_var.o(.data)
    OSPrioSaved                              0x200000a4   Data           1  os_var.o(.data)
    OSQDbgListPtr                            0x200000a8   Data           4  os_var.o(.data)
    OSQQty                                   0x200000ac   Data           2  os_var.o(.data)
    OSSchedLockTimeBegin                     0x200000b0   Data           4  os_var.o(.data)
    OSSchedLockTimeMax                       0x200000b4   Data           4  os_var.o(.data)
    OSSchedLockTimeMaxCur                    0x200000b8   Data           4  os_var.o(.data)
    OSSchedLockNestingCtr                    0x200000bc   Data           1  os_var.o(.data)
    OSSchedRoundRobinDfltTimeQuanta          0x200000c0   Data           4  os_var.o(.data)
    OSSchedRoundRobinEn                      0x200000c4   Data           1  os_var.o(.data)
    OSSemDbgListPtr                          0x200000c8   Data           4  os_var.o(.data)
    OSSemQty                                 0x200000cc   Data           2  os_var.o(.data)
    OSStatResetFlag                          0x200000ce   Data           1  os_var.o(.data)
    OSStatTaskCPUUsage                       0x200000d0   Data           2  os_var.o(.data)
    OSStatTaskCPUUsageMax                    0x200000d2   Data           2  os_var.o(.data)
    OSStatTaskCtr                            0x200000d4   Data           4  os_var.o(.data)
    OSStatTaskCtrMax                         0x200000d8   Data           4  os_var.o(.data)
    OSStatTaskCtrRun                         0x200000dc   Data           4  os_var.o(.data)
    OSStatTaskRdy                            0x200000e0   Data           1  os_var.o(.data)
    OSStatTaskTimeMax                        0x200000e4   Data           4  os_var.o(.data)
    OSTaskCtxSwCtr                           0x200000e8   Data           4  os_var.o(.data)
    OSTaskDbgListPtr                         0x200000ec   Data           4  os_var.o(.data)
    OSTaskQty                                0x200000f0   Data           2  os_var.o(.data)
    OSTaskRegNextAvailID                     0x200000f2   Data           1  os_var.o(.data)
    OSTickCtr                                0x200000f4   Data           4  os_var.o(.data)
    OSTickTaskTimeMax                        0x200000f8   Data           4  os_var.o(.data)
    OSTmrDbgListPtr                          0x200000fc   Data           4  os_var.o(.data)
    OSTmrQty                                 0x20000100   Data           2  os_var.o(.data)
    OSTmrTaskTimeMax                         0x20000104   Data           4  os_var.o(.data)
    OSTmrTickCtr                             0x20000108   Data           4  os_var.o(.data)
    OSTmrUpdateCnt                           0x2000010c   Data           4  os_var.o(.data)
    OSTmrUpdateCtr                           0x20000110   Data           4  os_var.o(.data)
    OSTCBCurPtr                              0x20000114   Data           4  os_var.o(.data)
    OSTCBHighRdyPtr                          0x20000118   Data           4  os_var.o(.data)
    udppcb                                   0x2000011c   Data           4  rawudp.o(.data)
    netif_list                               0x20000164   Data           4  netif.o(.data)
    netif_default                            0x20000168   Data           4  netif.o(.data)
    tcp_ticks                                0x20000174   Data           4  tcp.o(.data)
    tcp_bound_pcbs                           0x20000178   Data           4  tcp.o(.data)
    tcp_listen_pcbs                          0x2000017c   Data           4  tcp.o(.data)
    tcp_active_pcbs                          0x20000180   Data           4  tcp.o(.data)
    tcp_tw_pcbs                              0x20000184   Data           4  tcp.o(.data)
    tcp_active_pcbs_changed                  0x20000188   Data           1  tcp.o(.data)
    tcp_input_pcb                            0x200001b4   Data           4  tcp_in.o(.data)
    udp_pcbs                                 0x200001c8   Data           4  udp.o(.data)
    dhcp_rx_options_given                    0x200001cc   Data           8  dhcp_2.o(.data)
    __stdout                                 0x200001f0   Data           4  stdout.o(.data)
    gprs_init_task_TCB                       0x20000a40   Data         196  app.o(.bss)
    gprs_init_task_stk                       0x20000b04   Data         512  app.o(.bss)
    eth_init_task_TCB                        0x20000d04   Data         196  app.o(.bss)
    eth_init_task_stk                        0x20000dc8   Data        1024  app.o(.bss)
    usart3_task_TCB                          0x200011c8   Data         196  app.o(.bss)
    usart3_task_stk                          0x2000128c   Data        4000  app.o(.bss)
    protocol_task_TCB                        0x2000222c   Data         196  app.o(.bss)
    protocol_task_stk                        0x200022f0   Data        1024  app.o(.bss)
    usart3_msg                               0x200026f0   Data          48  app.o(.bss)
    eth_msg                                  0x20002720   Data          48  app.o(.bss)
    tmr1                                     0x20002750   Data          52  app.o(.bss)
    gprs                                     0x20002784   Data          52  app.o(.bss)
    dev_info                                 0x200027b8   Data          76  protocol.o(.bss)
    w25qxx_flash_buf                         0x2000294c   Data        4096  w25qxx.o(.bss)
    g_timer_cnt                              0x20003b50   Data          40  timer.o(.bss)
    DMARxDscrTab                             0x20003b78   Data         160  stm32f2x7_eth.o(.bss)
    DMATxDscrTab                             0x20003c18   Data         160  stm32f2x7_eth.o(.bss)
    Rx_Buff                                  0x20003cb8   Data        7620  stm32f2x7_eth.o(.bss)
    Tx_Buff                                  0x20005a7c   Data        7620  stm32f2x7_eth.o(.bss)
    RX_Frame_Descriptor                      0x20007840   Data          12  stm32f2x7_eth.o(.bss)
    Mem_PoolHeap                             0x2000784c   Data          72  lib_mem.o(.bss)
    Mem_Heap                                 0x20007894   Data        9216  lib_mem.o(.bss)
    CPU_Name                                 0x20009c94   Data          16  cpu_core.o(.bss)
    OSCfg_IdleTaskStk                        0x20009ca4   Data         512  os_cfg_app.o(.bss)
    OSCfg_ISRStk                             0x20009ea4   Data        1024  os_cfg_app.o(.bss)
    OSCfg_MsgPool                            0x2000a2a4   Data        1600  os_cfg_app.o(.bss)
    OSCfg_StatTaskStk                        0x2000a8e4   Data         512  os_cfg_app.o(.bss)
    OSCfg_TickTaskStk                        0x2000aae4   Data         512  os_cfg_app.o(.bss)
    OSCfg_TickWheel                          0x2000ace4   Data         128  os_cfg_app.o(.bss)
    OSCfg_TmrTaskStk                         0x2000ad64   Data         512  os_cfg_app.o(.bss)
    OSCfg_TmrWheel                           0x2000af64   Data         128  os_cfg_app.o(.bss)
    OSIdleTaskTCB                            0x2000afe4   Data         196  os_var.o(.bss)
    OSMsgPool                                0x2000b0a8   Data          12  os_var.o(.bss)
    OSRdyList                                0x2000b0b4   Data         768  os_var.o(.bss)
    OSStatTaskTCB                            0x2000b3b4   Data         196  os_var.o(.bss)
    OSTickTaskTCB                            0x2000b478   Data         196  os_var.o(.bss)
    OSTmrTaskTCB                             0x2000b53c   Data         196  os_var.o(.bss)
    tcpip_thread_task_stk                    0x2000b600   Data        4000  sys_arch.o(.bss)
    tcpip_thread_task_TCB                    0x2000c5a0   Data         196  sys_arch.o(.bss)
    rawudp_task_TCB                          0x2000c664   Data         196  rawudp.o(.bss)
    rawudp_task_stk                          0x2000c728   Data        1024  rawudp.o(.bss)
    rawudp_recv_buff                         0x2000cb28   Data         512  rawudp.o(.bss)
    rawudp_send_buff                         0x2000cd28   Data         512  rawudp.o(.bss)
    dhcp_task_TCB                            0x2000cf28   Data         196  dhcp.o(.bss)
    dhcp_task_stk                            0x2000cfec   Data        1024  dhcp.o(.bss)
    lwip_dev                                 0x2000d3ec   Data          23  lwip_comm_1.o(.bss)
    lwip_netif                               0x2000d404   Data          52  lwip_comm_1.o(.bss)
    lock_tcpip_core                          0x2000d468   Data          40  tcpip.o(.bss)
    ip_data                                  0x2000d490   Data          24  ip.o(.bss)
    ram_heap                                 0x2000d4a8   Data        5139  mem.o(.bss)
    memp_memory_UDP_PCB_base                 0x2000e8e4   Data         195  memp.o(.bss)
    memp_memory_TCP_PCB_base                 0x2000e9a7   Data        1483  memp.o(.bss)
    memp_memory_TCP_PCB_LISTEN_base          0x2000ef72   Data         171  memp.o(.bss)
    memp_memory_TCP_SEG_base                 0x2000f01d   Data         195  memp.o(.bss)
    memp_memory_REASSDATA_base               0x2000f0e0   Data         163  memp.o(.bss)
    memp_memory_FRAG_PBUF_base               0x2000f183   Data         363  memp.o(.bss)
    memp_memory_NETBUF_base                  0x2000f2ee   Data          35  memp.o(.bss)
    memp_memory_NETCONN_base                 0x2000f311   Data         691  memp.o(.bss)
    memp_memory_TCPIP_MSG_API_base           0x2000f5c4   Data         131  memp.o(.bss)
    memp_memory_SYS_TIMEOUT_base             0x2000f647   Data         131  memp.o(.bss)
    memp_memory_PBUF_base                    0x2000f6ca   Data         163  memp.o(.bss)
    memp_memory_PBUF_POOL_base               0x2000f76d   Data       15163  memp.o(.bss)
    dhcp_rx_options_val                      0x200132b8   Data          32  dhcp_2.o(.bss)
    __initial_sp                             0x200137d8   Data           0  cstartup.o(STACK)



==============================================================================

Memory Map of the image

  Image Entry point : 0x08000185

  Load Region LR_IROM1 (Base: 0x08000000, Size: 0x0001bc40, Max: 0x00080000, ABSOLUTE, COMPRESSED[0x0001ba7c])

    Execution Region ER_IROM1 (Base: 0x08000000, Size: 0x0001ba4c, Max: 0x00080000, ABSOLUTE)

    Base Addr    Size         Type   Attr      Idx    E Section Name        Object

    0x08000000   0x00000184   Data   RO         1610    RESET               cstartup.o
    0x08000184   0x00000000   Code   RO         2679  * .ARM.Collect$$$$00000000  mc_w.l(entry.o)
    0x08000184   0x00000004   Code   RO         2959    .ARM.Collect$$$$00000001  mc_w.l(entry2.o)
    0x08000188   0x00000004   Code   RO         2962    .ARM.Collect$$$$00000004  mc_w.l(entry5.o)
    0x0800018c   0x00000000   Code   RO         2964    .ARM.Collect$$$$00000008  mc_w.l(entry7b.o)
    0x0800018c   0x00000000   Code   RO         2966    .ARM.Collect$$$$0000000A  mc_w.l(entry8b.o)
    0x0800018c   0x00000008   Code   RO         2967    .ARM.Collect$$$$0000000B  mc_w.l(entry9a.o)
    0x08000194   0x00000000   Code   RO         2969    .ARM.Collect$$$$0000000D  mc_w.l(entry10a.o)
    0x08000194   0x00000000   Code   RO         2971    .ARM.Collect$$$$0000000F  mc_w.l(entry11a.o)
    0x08000194   0x00000004   Code   RO         2960    .ARM.Collect$$$$00002712  mc_w.l(entry2.o)
    0x08000198   0x00000424   Code   RO            2    .text               app.o
    0x080005bc   0x000001e0   Code   RO          370    .text               system_stm32f2xx.o
    0x0800079c   0x000007c8   Code   RO          392    .text               protocol.o
    0x08000f64   0x00000650   Code   RO          417    .text               bsp.o
    0x080015b4   0x00000428   Code   RO          450    .text               bsp_int.o
    0x080019dc   0x00000328   Code   RO          557    .text               w25qxx.o
    0x08001d04   0x000003cc   Code   RO          580    .text               usart.o
    0x080020d0   0x000000f4   Code   RO          626    .text               timer.o
    0x080021c4   0x00000084   Code   RO          650    .text               spi.o
    0x08002248   0x000002dc   Code   RO          666    .text               rtc.o
    0x08002524   0x0000034c   Code   RO          682    .text               lan8720.o
    0x08002870   0x00000e34   Code   RO          820    .text               stm32f2x7_eth.o
    0x080036a4   0x000000e0   Code   RO          840    .text               misc.o
    0x08003784   0x0000011c   Code   RO         1000    .text               stm32f2xx_exti.o
    0x080038a0   0x0000025c   Code   RO         1048    .text               stm32f2xx_gpio.o
    0x08003afc   0x00000040   Code   RO         1080    .text               stm32f2xx_iwdg.o
    0x08003b3c   0x000000d8   Code   RO         1096    .text               stm32f2xx_pwr.o
    0x08003c14   0x00000588   Code   RO         1112    .text               stm32f2xx_rcc.o
    0x0800419c   0x00000b08   Code   RO         1146    .text               stm32f2xx_rtc.o
    0x08004ca4   0x000003a8   Code   RO         1162    .text               stm32f2xx_spi.o
    0x0800504c   0x0000008c   Code   RO         1178    .text               stm32f2xx_syscfg.o
    0x080050d8   0x00000ca2   Code   RO         1194    .text               stm32f2xx_tim.o
    0x08005d7a   0x00000002   PAD
    0x08005d7c   0x0000041a   Code   RO         1210    .text               stm32f2xx_usart.o
    0x08006196   0x00000256   Code   RO         1241    .text               lib_ascii.o
    0x080063ec   0x00000ec4   Code   RO         1274    .text               lib_mem.o
    0x080072b0   0x00000928   Code   RO         1293    .text               lib_str.o
    0x08007bd8   0x00000220   Code   RO         1310    .text               lib_mem_a.o
    0x08007df8   0x000002a8   Code   RO         1313    .text               cpu_core.o
    0x080080a0   0x0000077c   Code   RO         1339    .text               cpu_c.o
    0x0800881c   0x00000034   Code   RO         1351    .text               cpu_a.o
    0x08008850   0x0000026c   Code   RO         1354    .text               os_cpu_c.o
    0x08008abc   0x00000002   Code   RO         1375    .text               os_cfg_app.o
    0x08008abe   0x00000002   PAD
    0x08008ac0   0x00000d9c   Code   RO         1398    .text               os_core.o
    0x0800985c   0x000001ac   Code   RO         1410    .text               os_dbg.o
    0x08009a08   0x00000af8   Code   RO         1425    .text               os_flag.o
    0x0800a500   0x000001fc   Code   RO         1443    .text               os_mem.o
    0x0800a6fc   0x00000228   Code   RO         1455    .text               os_msg.o
    0x0800a924   0x0000078c   Code   RO         1467    .text               os_mutex.o
    0x0800b0b0   0x0000007c   Code   RO         1491    .text               os_prio.o
    0x0800b12c   0x000006d8   Code   RO         1510    .text               os_q.o
    0x0800b804   0x000006e8   Code   RO         1522    .text               os_sem.o
    0x0800beec   0x000005a8   Code   RO         1534    .text               os_stat.o
    0x0800c494   0x00001360   Code   RO         1546    .text               os_task.o
    0x0800d7f4   0x00000484   Code   RO         1558    .text               os_tick.o
    0x0800dc78   0x0000045c   Code   RO         1570    .text               os_time.o
    0x0800e0d4   0x000007f8   Code   RO         1582    .text               os_tmr.o
    0x0800e8cc   0x00000018   Code   RO         1611    .text               cstartup.o
    0x0800e8e4   0x000004b8   Code   RO         1616    .text               sys_arch.o
    0x0800ed9c   0x000002f0   Code   RO         1654    .text               rawudp.o
    0x0800f08c   0x000002f4   Code   RO         1682    .text               dhcp.o
    0x0800f380   0x0000010c   Code   RO         1723    .text               lwip_comm_1.o
    0x0800f48c   0x00000360   Code   RO         2006    .text               tcpip.o
    0x0800f7ec   0x000001b4   Code   RO         2039    .text               ethernet.o
    0x0800f9a0   0x000001f4   Code   RO         2067    .text               ethernetif.o
    0x0800fb94   0x00000158   Code   RO         2108    .text               def.o
    0x0800fcec   0x00000328   Code   RO         2135    .text               inet_chksum.o
    0x08010014   0x00000088   Code   RO         2154    .text               init.o
    0x0801009c   0x00000728   Code   RO         2209    .text               mem.o
    0x080107c4   0x00000268   Code   RO         2236    .text               memp.o
    0x08010a2c   0x00000334   Code   RO         2291    .text               netif.o
    0x08010d60   0x0000121c   Code   RO         2330    .text               pbuf.o
    0x08011f7c   0x000016c0   Code   RO         2385    .text               tcp.o
    0x0801363c   0x000019b8   Code   RO         2417    .text               tcp_in.o
    0x08014ff4   0x00001542   Code   RO         2447    .text               tcp_out.o
    0x08016536   0x00000002   PAD
    0x08016538   0x00000358   Code   RO         2471    .text               timeouts.o
    0x08016890   0x000005e0   Code   RO         2497    .text               udp.o
    0x08016e70   0x00001ab4   Code   RO         2535    .text               dhcp_2.o
    0x08018924   0x00000d60   Code   RO         2562    .text               etharp.o
    0x08019684   0x00000374   Code   RO         2585    .text               icmp.o
    0x080199f8   0x000004f8   Code   RO         2614    .text               ip4.o
    0x08019ef0   0x00000350   Code   RO         2632    .text               ip4_addr.o
    0x0801a240   0x00000ab8   Code   RO         2659    .text               ip4_frag.o
    0x0801acf8   0x00000024   Code   RO         2682    .text               mc_w.l(memcpya.o)
    0x0801ad1c   0x00000024   Code   RO         2684    .text               mc_w.l(memseta.o)
    0x0801ad40   0x0000000e   Code   RO         2688    .text               mc_w.l(strlen.o)
    0x0801ad4e   0x0000001c   Code   RO         2690    .text               mc_w.l(strcmp.o)
    0x0801ad6a   0x0000001a   Code   RO         2692    .text               mc_w.l(memcmp.o)
    0x0801ad84   0x0000001e   Code   RO         2694    .text               mc_w.l(strncmp.o)
    0x0801ada2   0x0000002c   Code   RO         2976    .text               mc_w.l(uidiv.o)
    0x0801adce   0x00000002   PAD
    0x0801add0   0x00000024   Code   RO         2991    .text               mc_w.l(init.o)
    0x0801adf4   0x00000000   Code   RO         2993    .text               mc_w.l(semi.o)
    0x0801adf4   0x00000000   Code   RO         3000    .text               mc_w.l(iusesemip.o)
    0x0801adf4   0x00000056   Code   RO         3011    .text               mc_w.l(__dczerorl2.o)
    0x0801ae4a   0x00000002   PAD
    0x0801ae4c   0x00000084   Code   RO         1372    CODE                os_cpu_a.o
    0x0801aed0   0x00000020   Code   RO         2787    i.__0printf$3       mc_w.l(printf3.o)
    0x0801aef0   0x00000028   Code   RO         2789    i.__0sprintf$3      mc_w.l(printf3.o)
    0x0801af18   0x0000000e   Code   RO         3005    i.__scatterload_copy  mc_w.l(handlers.o)
    0x0801af26   0x00000002   Code   RO         3006    i.__scatterload_null  mc_w.l(handlers.o)
    0x0801af28   0x0000000e   Code   RO         3007    i.__scatterload_zeroinit  mc_w.l(handlers.o)
    0x0801af36   0x00000002   PAD
    0x0801af38   0x000001b8   Code   RO         2794    i._printf_core      mc_w.l(printf3.o)
    0x0801b0f0   0x0000000a   Code   RO         2796    i._sputc            mc_w.l(printf3.o)
    0x0801b0fa   0x00000012   Code   RO         2973    i.fputc             mc_w.l(fputc.o)
    0x0801b10c   0x00000200   Data   RO          394    .constdata          protocol.o
    0x0801b30c   0x00000094   Data   RO         1294    .constdata          lib_str.o
    0x0801b3a0   0x00000100   Data   RO         1315    .constdata          cpu_core.o
    0x0801b4a0   0x000000a4   Data   RO         1377    .constdata          os_cfg_app.o
    0x0801b544   0x0000016c   Data   RO         1411    .constdata          os_dbg.o
    0x0801b6b0   0x00000004   Data   RO         1618    .constdata          sys_arch.o
    0x0801b6b4   0x0000000c   Data   RO         2040    .constdata          ethernet.o
    0x0801b6c0   0x000000c0   Data   RO         2238    .constdata          memp.o
    0x0801b780   0x00000050   Data   RO         2386    .constdata          tcp.o
    0x0801b7d0   0x00000028   Data   RO         2472    .constdata          timeouts.o
    0x0801b7f8   0x00000008   Data   RO         2634    .constdata          ip4_addr.o
    0x0801b800   0x00000048   Data   RO         2109    .conststring        def.o
    0x0801b848   0x00000041   Data   RO         2155    .conststring        init.o
    0x0801b889   0x00000003   PAD
    0x0801b88c   0x00000075   Data   RO         2387    .conststring        tcp.o
    0x0801b901   0x00000003   PAD
    0x0801b904   0x00000055   Data   RO         2448    .conststring        tcp_out.o
    0x0801b959   0x00000003   PAD
    0x0801b95c   0x0000008c   Data   RO         2537    .conststring        dhcp_2.o
    0x0801b9e8   0x00000041   Data   RO         2564    .conststring        etharp.o
    0x0801ba29   0x00000003   PAD
    0x0801ba2c   0x00000020   Data   RO         3003    Region$$Table       anon$$obj.o


    Execution Region RW_IRAM1 (Base: 0x20000000, Size: 0x000137d8, Max: 0x00020000, ABSOLUTE, COMPRESSED[0x00000030])

    Base Addr    Size         Type   Attr      Idx    E Section Name        Object

    0x20000000   0x00000014   Data   RW          371    .data               system_stm32f2xx.o
    0x20000014   0x00000004   Data   RW          395    .data               protocol.o
    0x20000018   0x0000000e   Data   RW          582    .data               usart.o
    0x20000026   0x00000002   PAD
    0x20000028   0x00000008   Data   RW          628    .data               timer.o
    0x20000030   0x00000004   Data   RW          683    .data               lan8720.o
    0x20000034   0x00000010   Data   RW          822    .data               stm32f2x7_eth.o
    0x20000044   0x00000010   Data   RW         1113    .data               stm32f2xx_rcc.o
    0x20000054   0x00000004   Data   RW         1276    .data               lib_mem.o
    0x20000058   0x00000004   Data   RW         1316    .data               cpu_core.o
    0x2000005c   0x00000004   Data   RW         1355    .data               os_cpu_c.o
    0x20000060   0x00000008   Data   RW         1492    .data               os_prio.o
    0x20000068   0x000000b4   Data   RW         1595    .data               os_var.o
    0x2000011c   0x00000004   Data   RW         1656    .data               rawudp.o
    0x20000120   0x00000008   Data   RW         2008    .data               tcpip.o
    0x20000128   0x0000000c   Data   RW         2211    .data               mem.o
    0x20000134   0x00000030   Data   RW         2239    .data               memp.o
    0x20000164   0x00000009   Data   RW         2292    .data               netif.o
    0x2000016d   0x00000003   PAD
    0x20000170   0x00000020   Data   RW         2388    .data               tcp.o
    0x20000190   0x00000028   Data   RW         2419    .data               tcp_in.o
    0x200001b8   0x0000000c   Data   RW         2473    .data               timeouts.o
    0x200001c4   0x00000008   Data   RW         2498    .data               udp.o
    0x200001cc   0x00000018   Data   RW         2538    .data               dhcp_2.o
    0x200001e4   0x00000001   Data   RW         2565    .data               etharp.o
    0x200001e5   0x00000001   PAD
    0x200001e6   0x00000002   Data   RW         2615    .data               ip4.o
    0x200001e8   0x00000006   Data   RW         2660    .data               ip4_frag.o
    0x200001ee   0x00000002   PAD
    0x200001f0   0x00000004   Data   RW         2975    .data               mc_w.l(stdout.o)
    0x200001f4   0x000025c4   Zero   RW            3    .bss                app.o
    0x200027b8   0x0000004c   Zero   RW          393    .bss                protocol.o
    0x20002804   0x00000148   Zero   RW          451    .bss                bsp_int.o
    0x2000294c   0x00001000   Zero   RW          558    .bss                w25qxx.o
    0x2000394c   0x00000202   Zero   RW          581    .bss                usart.o
    0x20003b4e   0x00000002   PAD
    0x20003b50   0x00000028   Zero   RW          627    .bss                timer.o
    0x20003b78   0x00003cd4   Zero   RW          821    .bss                stm32f2x7_eth.o
    0x2000784c   0x00002448   Zero   RW         1275    .bss                lib_mem.o
    0x20009c94   0x00000010   Zero   RW         1314    .bss                cpu_core.o
    0x20009ca4   0x00001340   Zero   RW         1376    .bss                os_cfg_app.o
    0x2000afe4   0x0000061c   Zero   RW         1594    .bss                os_var.o
    0x2000b600   0x00001064   Zero   RW         1617    .bss                sys_arch.o
    0x2000c664   0x000008c4   Zero   RW         1655    .bss                rawudp.o
    0x2000cf28   0x000004c4   Zero   RW         1683    .bss                dhcp.o
    0x2000d3ec   0x0000004c   Zero   RW         1724    .bss                lwip_comm_1.o
    0x2000d438   0x00000058   Zero   RW         2007    .bss                tcpip.o
    0x2000d490   0x00000018   Zero   RW         2193    .bss                ip.o
    0x2000d4a8   0x0000143c   Zero   RW         2210    .bss                mem.o
    0x2000e8e4   0x000049c4   Zero   RW         2237    .bss                memp.o
    0x200132a8   0x00000010   Zero   RW         2418    .bss                tcp_in.o
    0x200132b8   0x00000020   Zero   RW         2536    .bss                dhcp_2.o
    0x200132d8   0x000000f0   Zero   RW         2563    .bss                etharp.o
    0x200133c8   0x00000010   Zero   RW         2633    .bss                ip4_addr.o
    0x200133d8   0x00000400   Zero   RW         1608    STACK               cstartup.o


==============================================================================

Image component sizes


      Code (inc. data)   RO Data    RW Data    ZI Data      Debug   Object Name

         0          0          0          0          0       2335   api_lib.o
         0          0          0          0          0       2923   api_msg.o
      1060        262          0          0       9668     377374   app.o
      1616         60          0          0          0      21495   bsp.o
      1064         10          0          0        328      13598   bsp_int.o
         0          0          0          0          0        564   bsp_ser.o
        52          0          0          0          0        316   cpu_a.o
      1916        102          0          0          0       3489   cpu_c.o
       680         14        256          4         16      14200   cpu_core.o
        24          6        388          0       1024        608   cstartup.o
       344          4         72          0          0       2566   def.o
       756        336          0          0       1220       6706   dhcp.o
      6836       1234        140         24         32      18244   dhcp_2.o
      3424        560         65          1        240       8231   etharp.o
       436        128         12          0          0       2068   ethernet.o
       500        116          0          0          0       3203   ethernetif.o
       884        228          0          0          0       3170   icmp.o
       808         86          0          0          0       4500   inet_chksum.o
       136         68         65          0          0        468   init.o
         0          0          0          0         24       2910   ip.o
      1272        150          0          2          0       4429   ip4.o
       848         98          8          0         16       9074   ip4_addr.o
      2744        492          0          6          0       7798   ip4_frag.o
       844         38          0          4          0       3601   lan8720.o
       598          0          0          0          0       3856   lib_ascii.o
      3780         62          0          4       9288      24888   lib_mem.o
       544          0          0          0          0        460   lib_mem_a.o
      2344          4        148          0          0      13710   lib_str.o
       268         40          0          0         76       5549   lwip_comm_1.o
      1832        552          0         12       5180       4002   mem.o
       616        216        192         48      18884       8864   memp.o
       224         20          0          0          0       1849   misc.o
         0          0          0          0          0       6984   netbuf.o
       820        110          0          9          0       7381   netif.o
         2          0        164          0       4928      19498   os_cfg_app.o
      3484        272          0          0          0      12211   os_core.o
       132         32          0          0          0        360   os_cpu_a.o
       620         66          0          4          0       3697   os_cpu_c.o
       428        280        364          0          0       4697   os_dbg.o
      2808         84          0          0          0       7683   os_flag.o
       508         16          0          0          0       2696   os_mem.o
       552         14          0          0          0       2614   os_msg.o
      1932         84          0          0          0       5218   os_mutex.o
       124          4          0          8          0       1668   os_prio.o
      1752         58          0          0          0       6112   os_q.o
      1768         58          0          0          0       6152   os_sem.o
      1448        150          0          0          0       2733   os_stat.o
      4960        188          0          0          0      13346   os_task.o
      1156         74          0          0          0       3189   os_tick.o
      1116         54          0          0          0       3141   os_time.o
      2040        134          0          0          0       6630   os_tmr.o
         0          0          0        180       1564      18073   os_var.o
      4636       1284          0          0          0      13130   pbuf.o
      1992        312        512          4         76       5883   protocol.o
       752        122          0          4       2244       2702   rawudp.o
       732         88          0          0          0       3097   rtc.o
       132          4          0          0          0        727   spi.o
      3636        100          0         16      15572      19920   stm32f2x7_eth.o
       284         10          0          0          0       2307   stm32f2xx_exti.o
       604         36          0          0          0       4009   stm32f2xx_gpio.o
        64          6          0          0          0       1293   stm32f2xx_iwdg.o
       216         12          0          0          0       2276   stm32f2xx_pwr.o
      1416         48          0         16          0      10991   stm32f2xx_rcc.o
      2824         36          0          0          0      12101   stm32f2xx_rtc.o
       936         22          0          0          0       6412   stm32f2xx_spi.o
       140         12          0          0          0       1531   stm32f2xx_syscfg.o
      3234         60          0          0          0      22896   stm32f2xx_tim.o
      1050         26          0          0          0       7744   stm32f2xx_usart.o
      1208        270          4          0       4196      10271   sys_arch.o
       480         40          0         20          0       1719   system_stm32f2xx.o
      5824       1148        197         32          0      25030   tcp.o
      6584       1076          0         40         16      15805   tcp_in.o
      5442        996         85          0          0      19646   tcp_out.o
       864        238          0          8         88       6642   tcpip.o
       856        170         40         12          0       4597   timeouts.o
       244         22          0          8         40       2090   timer.o
      1504        152          0          8          0       8410   udp.o
       972         36          0         14        514       3079   usart.o
       808         30          0          0       4096       3808   w25qxx.o

    ----------------------------------------------------------------------
    109540      12920       2756        496      79332     929247   Object Totals
         0          0         32          0          0          0   (incl. Generated)
         6          0         12          8          2          0   (incl. Padding)

    ----------------------------------------------------------------------

      Code (inc. data)   RO Data    RW Data    ZI Data      Debug   Library Member Name

        86          0          0          0          0          0   __dczerorl2.o
         0          0          0          0          0          0   entry.o
         0          0          0          0          0          0   entry10a.o
         0          0          0          0          0          0   entry11a.o
         8          4          0          0          0          0   entry2.o
         4          0          0          0          0          0   entry5.o
         0          0          0          0          0          0   entry7b.o
         0          0          0          0          0          0   entry8b.o
         8          4          0          0          0          0   entry9a.o
        18          0          0          0          0         80   fputc.o
        30          0          0          0          0          0   handlers.o
        36          8          0          0          0         68   init.o
         0          0          0          0          0          0   iusesemip.o
        26          0          0          0          0         80   memcmp.o
        36          0          0          0          0         68   memcpya.o
        36          0          0          0          0        108   memseta.o
       522         20          0          0          0        336   printf3.o
         0          0          0          0          0          0   semi.o
         0          0          0          4          0          0   stdout.o
        28          0          0          0          0         76   strcmp.o
        14          0          0          0          0         68   strlen.o
        30          0          0          0          0         80   strncmp.o
        44          0          0          0          0         80   uidiv.o

    ----------------------------------------------------------------------
       932         36          0          4          0       1044   Library Totals
         6          0          0          0          0          0   (incl. Padding)

    ----------------------------------------------------------------------

      Code (inc. data)   RO Data    RW Data    ZI Data      Debug   Library Name

       926         36          0          4          0       1044   mc_w.l

    ----------------------------------------------------------------------
       932         36          0          4          0       1044   Library Totals

    ----------------------------------------------------------------------

==============================================================================


      Code (inc. data)   RO Data    RW Data    ZI Data      Debug   

    110472      12956       2756        500      79332     922983   Grand Totals
    110472      12956       2756         48      79332     922983   ELF Image Totals (compressed)
    110472      12956       2756         48          0          0   ROM Totals

==============================================================================

    Total RO  Size (Code + RO Data)               113228 ( 110.57kB)
    Total RW  Size (RW Data + ZI Data)             79832 (  77.96kB)
    Total ROM Size (Code + RO Data + RW Data)     113276 ( 110.62kB)

==============================================================================

