Component: ARM Compiler 5.06 update 1 (build 61) Tool: armlink [4d35a8]

==============================================================================

Section Cross References

    app.o(.text) refers to memseta.o(.text) for __aeabi_memclr4
    app.o(.text) refers to os_time.o(.text) for OSTimeDly
    app.o(.text) refers to timer.o(.text) for timer_is_timeout_1MS
    app.o(.text) refers to stm32f2xx_gpio.o(.text) for GPIO_ReadOutputDataBit
    app.o(.text) refers to os_task.o(.text) for OSTaskCreate
    app.o(.text) refers to usart.o(.text) for USART_OUT
    app.o(.text) refers to translate.o(.text) for usart3_task_create
    app.o(.text) refers to dhcp.o(.text) for dhcp_task_create
    app.o(.text) refers to os_tmr.o(.text) for OSTmrCreate
    app.o(.text) refers to os_q.o(.text) for OSQCreate
    app.o(.text) refers to cpu_core.o(.text) for CPU_Init
    app.o(.text) refers to bsp.o(.text) for BSP_CPU_TickInit
    app.o(.text) refers to os_stat.o(.text) for OSStatTaskCPUUsageInit
    app.o(.text) refers to os_core.o(.text) for OSSchedRoundRobinCfg
    app.o(.text) refers to cpu_a.o(.text) for CPU_SR_Save
    app.o(.text) refers to app.o(.bss) for led0_task_stk
    os_app_hooks.o(.text) refers to cpu_a.o(.text) for CPU_SR_Save
    os_app_hooks.o(.text) refers to os_var.o(.data) for OS_AppTaskCreateHookPtr
    system_stm32f2xx.o(.text) refers to system_stm32f2xx.o(.data) for SystemCoreClock
    protocol.o(.text) refers to memseta.o(.text) for __aeabi_memclr4
    protocol.o(.text) refers to usart.o(.text) for usart_printf
    protocol.o(.text) refers to rawudp.o(.text) for rawudp_send_data
    protocol.o(.text) refers to memcpya.o(.text) for __aeabi_memcpy
    protocol.o(.text) refers to protocol.o(.data) for protocol_stream_num
    protocol.o(.text) refers to rawudp.o(.data) for udppcb
    protocol.o(.text) refers to protocol.o(.bss) for dev_info
    protocol.o(.text) refers to usart.o(.data) for usart3_rx_status
    protocol.o(.text) refers to timer.o(.text) for timer_get_heart_ms
    protocol.o(.text) refers to os_time.o(.text) for OSTimeDly
    protocol.o(.text) refers to cpu_a.o(.text) for CPU_SR_Save
    protocol.o(.text) refers to os_task.o(.text) for OSTaskCreate
    protocol.o(.text) refers to gprs.o(.data) for gprs_rx_flag
    protocol.o(.text) refers to app.o(.bss) for protocol_task_stk
    protocol.o(.text) refers to protocol.o(.constdata) for crc_table
    translate.o(.text) refers to protocol.o(.text) for fire_alarm_0101
    translate.o(.text) refers to memseta.o(.text) for __aeabi_memclr4
    translate.o(.text) refers to os_q.o(.text) for OSQPend
    translate.o(.text) refers to usart.o(.text) for usart_printf
    translate.o(.text) refers to os_time.o(.text) for OSTimeDlyHMSM
    translate.o(.text) refers to os_task.o(.text) for OSTaskCreate
    translate.o(.text) refers to app.o(.bss) for usart1_msg
    translate.o(.text) refers to usart.o(.data) for usart1_rx_status
    translate.o(.text) refers to translate.o(.bss) for usart1_task_stk
    bsp.o(.text) refers to system_stm32f2xx.o(.text) for SystemInit
    bsp.o(.text) refers to stm32f2xx_rcc.o(.text) for RCC_AHB1PeriphClockCmd
    bsp.o(.text) refers to stm32f2xx_gpio.o(.text) for GPIO_Init
    bsp.o(.text) refers to misc.o(.text) for NVIC_PriorityGroupConfig
    bsp.o(.text) refers to usart.o(.text) for usart2_init
    bsp.o(.text) refers to timer.o(.text) for timer3_init
    bsp.o(.text) refers to w25qxx.o(.text) for w25qxx_init
    bsp.o(.text) refers to rtc.o(.text) for rtc_init
    bsp.o(.text) refers to os_cpu_c.o(.text) for OS_CPU_SysTickInit
    bsp.o(.text) refers to os_cfg_app.o(.constdata) for OSCfg_TickRate_Hz
    bsp.o(.text) refers to cpu_core.o(.text) for CPU_TS_TmrFreqSet
    bsp.o(.text) refers to stm32f2xx_iwdg.o(.text) for IWDG_ReloadCounter
    bsp_int.o(.text) refers to cpu_c.o(.text) for CPU_IntSrcDis
    bsp_int.o(.text) refers to cpu_a.o(.text) for CPU_IntDis
    bsp_int.o(.text) refers to os_core.o(.text) for OSIntEnter
    bsp_int.o(.text) refers to bsp_int.o(.bss) for BSP_IntVectTbl
    bsp_ioe.o(.text) refers to stm32f2xx_rcc.o(.text) for RCC_AHB1PeriphClockCmd
    bsp_ioe.o(.text) refers to stm32f2xx_dma.o(.text) for DMA_DeInit
    bsp_ioe.o(.text) refers to stm32f2xx_i2c.o(.text) for I2C_GenerateSTART
    bsp_ioe.o(.text) refers to bsp_ioe.o(.data) for IOE_TimeOut
    bsp_ioe.o(.text) refers to bsp_os.o(.text) for BSP_OS_TimeDlyMs
    bsp_ioe.o(.text) refers to stm32f2xx_gpio.o(.text) for GPIO_Init
    bsp_ioe.o(.text) refers to stm32f2xx_syscfg.o(.text) for SYSCFG_EXTILineConfig
    bsp_lcd.o(.text) refers to stm32f2xx_rcc.o(.text) for RCC_AHB3PeriphClockCmd
    bsp_lcd.o(.text) refers to stm32f2xx_fsmc.o(.text) for FSMC_NORSRAMInit
    bsp_lcd.o(.text) refers to stm32f2xx_gpio.o(.text) for GPIO_Init
    bsp_lcd.o(.text) refers to bsp_os.o(.text) for BSP_OS_TimeDlyMs
    bsp_os.o(.text) refers to os_sem.o(.text) for OSSemCreate
    bsp_os.o(.text) refers to os_time.o(.text) for OSTimeDlyHMSM
[...]
    CPU_WaitForExcept                        0x08008f7b   Thumb Code     0  cpu_a.o(.text)
    CPU_CntLeadZeros                         0x08008f7f   Thumb Code     0  cpu_a.o(.text)
    CPU_CntTrailZeros                        0x08008f85   Thumb Code     0  cpu_a.o(.text)
    CPU_RevBits                              0x08008f8f   Thumb Code     0  cpu_a.o(.text)
    OSIdleTaskHook                           0x08008f95   Thumb Code    16  os_cpu_c.o(.text)
    OSInitHook                               0x08008fa5   Thumb Code    42  os_cpu_c.o(.text)
    OSStatTaskHook                           0x08008fcf   Thumb Code    16  os_cpu_c.o(.text)
    OSTaskCreateHook                         0x08008fdf   Thumb Code    20  os_cpu_c.o(.text)
    OSTaskDelHook                            0x08008ff3   Thumb Code    20  os_cpu_c.o(.text)
    OSTaskReturnHook                         0x08009007   Thumb Code    20  os_cpu_c.o(.text)
    OSTaskStkInit                            0x0800901b   Thumb Code   188  os_cpu_c.o(.text)
    OSTaskSwHook                             0x080090d7   Thumb Code   120  os_cpu_c.o(.text)
    OSTimeTickHook                           0x0800914f   Thumb Code    16  os_cpu_c.o(.text)
    OS_CPU_SysTickHandler                    0x0800915f   Thumb Code    52  os_cpu_c.o(.text)
    OS_CPU_SysTickInit                       0x08009193   Thumb Code    44  os_cpu_c.o(.text)
    OSCfg_Init                               0x08009201   Thumb Code     2  os_cfg_app.o(.text)
    OS_IdleTask                              0x08009205   Thumb Code    60  os_core.o(.text)
    OS_IdleTaskInit                          0x08009241   Thumb Code    68  os_core.o(.text)
    OS_RdyListInit                           0x08009285   Thumb Code    32  os_core.o(.text)
    OSInit                                   0x080092a5   Thumb Code   288  os_core.o(.text)
    OSIntEnter                               0x080093c5   Thumb Code    34  os_core.o(.text)
    OSIntExit                                0x080093e7   Thumb Code   192  os_core.o(.text)
    OSSched                                  0x080094a7   Thumb Code   134  os_core.o(.text)
    OS_SchedLockTimeMeasStart                0x0800952d   Thumb Code    20  os_core.o(.text)
    OSSchedLock                              0x08009541   Thumb Code   104  os_core.o(.text)
    OS_SchedLockTimeMeasStop                 0x080095a9   Thumb Code    44  os_core.o(.text)
    OSSchedUnlock                            0x080095d5   Thumb Code   290  os_core.o(.text)
    OSSchedRoundRobinCfg                     0x080096f7   Thumb Code    88  os_core.o(.text)
    OS_RdyListMoveHeadToTail                 0x0800974f   Thumb Code    68  os_core.o(.text)
    OSSchedRoundRobinYield                   0x08009793   Thumb Code   164  os_core.o(.text)
    OSStart                                  0x08009837   Thumb Code    78  os_core.o(.text)
    OSVersion                                0x08009885   Thumb Code    12  os_core.o(.text)
    OS_PendDbgNameAdd                        0x08009891   Thumb Code    66  os_core.o(.text)
    OS_PendListInsertPrio                    0x080098d3   Thumb Code   102  os_core.o(.text)
    OS_PendDataInit                          0x08009939   Thumb Code    38  os_core.o(.text)
    OS_RdyListRemove                         0x0800995f   Thumb Code    86  os_core.o(.text)
    OS_TaskBlock                             0x080099b5   Thumb Code    56  os_core.o(.text)
    OS_Pend                                  0x080099ed   Thumb Code    98  os_core.o(.text)
    OS_PendListRemove1                       0x08009a4f   Thumb Code   136  os_core.o(.text)
    OS_PendListRemove                        0x08009ad7   Thumb Code    48  os_core.o(.text)
    OS_PendAbort1                            0x08009b07   Thumb Code    36  os_core.o(.text)
    OS_RdyListInsertHead                     0x08009b2b   Thumb Code    58  os_core.o(.text)
    OS_RdyListInsertTail                     0x08009b65   Thumb Code    56  os_core.o(.text)
    OS_RdyListInsert                         0x08009b9d   Thumb Code    40  os_core.o(.text)
    OS_TaskRdy                               0x08009bc5   Thumb Code    28  os_core.o(.text)
    OS_PendAbort                             0x08009be1   Thumb Code   166  os_core.o(.text)
    OS_PendDbgNameRemove                     0x08009c87   Thumb Code    34  os_core.o(.text)
    OS_PendListChangePrio                    0x08009ca9   Thumb Code    70  os_core.o(.text)
    OS_PendListInit                          0x08009cef   Thumb Code    10  os_core.o(.text)
    OS_PendListInsertHead                    0x08009cf9   Thumb Code    32  os_core.o(.text)
    OS_PendObjDel1                           0x08009d19   Thumb Code    36  os_core.o(.text)
    OS_PendObjDel                            0x08009d3d   Thumb Code   162  os_core.o(.text)
    OS_Post1                                 0x08009ddf   Thumb Code    42  os_core.o(.text)
    OS_Post                                  0x08009e09   Thumb Code   192  os_core.o(.text)
    OS_SchedRoundRobin                       0x08009ec9   Thumb Code   208  os_core.o(.text)
    OS_Dbg_Init                              0x08009fa1   Thumb Code   148  os_dbg.o(.text)
    OS_FlagDbgListAdd                        0x0800a14d   Thumb Code    38  os_flag.o(.text)
    OSFlagCreate                             0x0800a173   Thumb Code   116  os_flag.o(.text)
    OS_FlagClr                               0x0800a1e7   Thumb Code    28  os_flag.o(.text)
    OS_FlagDbgListRemove                     0x0800a203   Thumb Code    44  os_flag.o(.text)
    OSFlagDel                                0x0800a22f   Thumb Code   306  os_flag.o(.text)
    OS_FlagBlock                             0x0800a361   Thumb Code    58  os_flag.o(.text)
    OSFlagPend                               0x0800a39b   Thumb Code  1248  os_flag.o(.text)
    OSFlagPendAbort                          0x0800a87b   Thumb Code   236  os_flag.o(.text)
    OSFlagPendGetFlagsRdy                    0x0800a967   Thumb Code    86  os_flag.o(.text)
    OS_FlagTaskRdy                           0x0800a9bd   Thumb Code    86  os_flag.o(.text)
    OS_FlagPost                              0x0800aa13   Thumb Code   418  os_flag.o(.text)
    OSFlagPost                               0x0800abb5   Thumb Code   112  os_flag.o(.text)
    OS_FlagInit                              0x0800ac25   Thumb Code    14  os_flag.o(.text)
    OS_MemDbgListAdd                         0x0800ac45   Thumb Code    34  os_mem.o(.text)
    OSMemCreate                              0x0800ac67   Thumb Code   232  os_mem.o(.text)
    OSMemGet                                 0x0800ad4f   Thumb Code   100  os_mem.o(.text)
    OSMemPut                                 0x0800adb3   Thumb Code   112  os_mem.o(.text)
    OS_MemInit                               0x0800ae23   Thumb Code    14  os_mem.o(.text)
    OS_MsgPoolInit                           0x0800ae41   Thumb Code   110  os_msg.o(.text)
    OS_MsgQFreeAll                           0x0800aeaf   Thumb Code    62  os_msg.o(.text)
    OS_MsgQInit                              0x0800aeed   Thumb Code    14  os_msg.o(.text)
    OS_MsgQGet                               0x0800aefb   Thumb Code    98  os_msg.o(.text)
    OS_MsgQPut                               0x0800af5d   Thumb Code   254  os_msg.o(.text)
    OS_MutexDbgListAdd                       0x0800b069   Thumb Code    38  os_mutex.o(.text)
    OSMutexCreate                            0x0800b08f   Thumb Code   122  os_mutex.o(.text)
    OS_MutexClr                              0x0800b109   Thumb Code    38  os_mutex.o(.text)
    OS_MutexDbgListRemove                    0x0800b12f   Thumb Code    44  os_mutex.o(.text)
    OSMutexDel                               0x0800b15b   Thumb Code   442  os_mutex.o(.text)
    OSMutexPend                              0x0800b315   Thumb Code   618  os_mutex.o(.text)
    OSMutexPendAbort                         0x0800b57f   Thumb Code   236  os_mutex.o(.text)
    OSMutexPost                              0x0800b66b   Thumb Code   354  os_mutex.o(.text)
    OS_MutexInit                             0x0800b7cd   Thumb Code    14  os_mutex.o(.text)
    OS_PrioInit                              0x0800b7f5   Thumb Code    20  os_prio.o(.text)
    OS_PrioGetHighest                        0x0800b809   Thumb Code    36  os_prio.o(.text)
    OS_PrioInsert                            0x0800b82d   Thumb Code    32  os_prio.o(.text)
    OS_PrioRemove                            0x0800b84d   Thumb Code    32  os_prio.o(.text)
    OS_QDbgListAdd                           0x0800b871   Thumb Code    38  os_q.o(.text)
    OSQCreate                                0x0800b897   Thumb Code   130  os_q.o(.text)
    OS_QClr                                  0x0800b919   Thumb Code    40  os_q.o(.text)
    OS_QDbgListRemove                        0x0800b941   Thumb Code    44  os_q.o(.text)
    OSQDel                                   0x0800b96d   Thumb Code   306  os_q.o(.text)
    OSQFlush                                 0x0800ba9f   Thumb Code   106  os_q.o(.text)
    OSQPend                                  0x0800bb09   Thumb Code   484  os_q.o(.text)
    OSQPendAbort                             0x0800bced   Thumb Code   236  os_q.o(.text)
    OS_QPost                                 0x0800bdd9   Thumb Code   190  os_q.o(.text)
    OSQPost                                  0x0800be97   Thumb Code   144  os_q.o(.text)
    OS_QInit                                 0x0800bf27   Thumb Code    14  os_q.o(.text)
    OS_SemDbgListAdd                         0x0800bf49   Thumb Code    38  os_sem.o(.text)
    OSSemCreate                              0x0800bf6f   Thumb Code   116  os_sem.o(.text)
    OS_SemClr                                0x0800bfe3   Thumb Code    28  os_sem.o(.text)
    OS_SemDbgListRemove                      0x0800bfff   Thumb Code    44  os_sem.o(.text)
    OSSemDel                                 0x0800c02b   Thumb Code   306  os_sem.o(.text)
    OSSemPend                                0x0800c15d   Thumb Code   406  os_sem.o(.text)
    OSSemPendAbort                           0x0800c2f3   Thumb Code   278  os_sem.o(.text)
    OS_SemPost                               0x0800c409   Thumb Code   294  os_sem.o(.text)
    OSSemPost                                0x0800c52f   Thumb Code   108  os_sem.o(.text)
    OSSemSet                                 0x0800c59b   Thumb Code   120  os_sem.o(.text)
    OS_SemInit                               0x0800c613   Thumb Code    14  os_sem.o(.text)
    OSStatReset                              0x0800c631   Thumb Code   262  os_stat.o(.text)
    OSStatTaskCPUUsageInit                   0x0800c737   Thumb Code   212  os_stat.o(.text)
    OS_StatTask                              0x0800c80b   Thumb Code   768  os_stat.o(.text)
    OS_StatTaskInit                          0x0800cb0b   Thumb Code   138  os_stat.o(.text)
    OSTaskChangePrio                         0x0800cbd9   Thumb Code   274  os_task.o(.text)
    OS_TaskDbgListAdd                        0x0800cceb   Thumb Code    42  os_task.o(.text)
    OS_TaskInitTCB                           0x0800cd15   Thumb Code   190  os_task.o(.text)
    OSTaskCreate                             0x0800cdd3   Thumb Code   412  os_task.o(.text)
    OS_TaskDbgListRemove                     0x0800cf6f   Thumb Code    64  os_task.o(.text)
    OSTaskDel                                0x0800cfaf   Thumb Code   324  os_task.o(.text)
    OSTaskQFlush                             0x0800d0f3   Thumb Code   110  os_task.o(.text)
    OSTaskQPend                              0x0800d161   Thumb Code   458  os_task.o(.text)
    OSTaskQPendAbort                         0x0800d32b   Thumb Code   206  os_task.o(.text)
    OS_TaskQPost                             0x0800d3f9   Thumb Code   220  os_task.o(.text)
    OSTaskQPost                              0x0800d4d5   Thumb Code    82  os_task.o(.text)
    OSTaskRegGet                             0x0800d527   Thumb Code    78  os_task.o(.text)
    OSTaskRegGetID                           0x0800d575   Thumb Code    84  os_task.o(.text)
    OSTaskRegSet                             0x0800d5c9   Thumb Code    78  os_task.o(.text)
    OS_TaskResume                            0x0800d617   Thumb Code   256  os_task.o(.text)
    OSTaskResume                             0x0800d717   Thumb Code    96  os_task.o(.text)
    OSTaskSemPend                            0x0800d777   Thumb Code   478  os_task.o(.text)
    OSTaskSemPendAbort                       0x0800d955   Thumb Code   214  os_task.o(.text)
    OS_TaskSemPost                           0x0800da2b   Thumb Code   448  os_task.o(.text)
    OSTaskSemPost                            0x0800dbeb   Thumb Code    76  os_task.o(.text)
    OSTaskSemSet                             0x0800dc37   Thumb Code    80  os_task.o(.text)
    OSTaskStkChk                             0x0800dc87   Thumb Code   204  os_task.o(.text)
    OS_TaskSuspend                           0x0800dd53   Thumb Code   272  os_task.o(.text)
    OSTaskSuspend                            0x0800de63   Thumb Code    48  os_task.o(.text)
    OSTaskTimeQuantaSet                      0x0800de93   Thumb Code    96  os_task.o(.text)
    OS_TaskInit                              0x0800def3   Thumb Code    18  os_task.o(.text)
    OS_TaskReturn                            0x0800df05   Thumb Code    20  os_task.o(.text)
    OS_TickListRemove                        0x0800df39   Thumb Code    56  os_tick.o(.text)
    OS_TickListUpdate                        0x0800df71   Thumb Code   376  os_tick.o(.text)
    OS_TickTask                              0x0800e0e9   Thumb Code    38  os_tick.o(.text)
    OS_TickListInit                          0x0800e10f   Thumb Code    32  os_tick.o(.text)
    OS_TickTaskInit                          0x0800e12f   Thumb Code   130  os_tick.o(.text)
    OS_TickListInsert                        0x0800e1b1   Thumb Code   430  os_tick.o(.text)
    OS_TickListResetPeak                     0x0800e35f   Thumb Code    94  os_tick.o(.text)
    OSTimeDly                                0x0800e3bd   Thumb Code   182  os_time.o(.text)
    OSTimeDlyHMSM                            0x0800e473   Thumb Code   394  os_time.o(.text)
    OSTimeDlyResume                          0x0800e5fd   Thumb Code   334  os_time.o(.text)
    OSTimeGet                                0x0800e74b   Thumb Code    46  os_time.o(.text)
    OSTimeSet                                0x0800e779   Thumb Code    68  os_time.o(.text)
    OSTimeTick                               0x0800e7bd   Thumb Code    68  os_time.o(.text)
    OS_TmrDbgListAdd                         0x0800e819   Thumb Code    34  os_tmr.o(.text)
    OSTmrCreate                              0x0800e83b   Thumb Code   192  os_tmr.o(.text)
    OS_TmrClr                                0x0800e8fb   Thumb Code    36  os_tmr.o(.text)
    OS_TmrUnlink                             0x0800e91f   Thumb Code    72  os_tmr.o(.text)
    OS_TmrDbgListRemove                      0x0800e967   Thumb Code    44  os_tmr.o(.text)
    OSTmrDel                                 0x0800e993   Thumb Code   182  os_tmr.o(.text)
    OSTmrRemainGet                           0x0800ea49   Thumb Code   188  os_tmr.o(.text)
    OS_TmrLink                               0x0800eb05   Thumb Code   196  os_tmr.o(.text)
    OSTmrStart                               0x0800ebc9   Thumb Code   212  os_tmr.o(.text)
    OSTmrStateGet                            0x0800ec9d   Thumb Code   134  os_tmr.o(.text)
    OSTmrStop                                0x0800ed23   Thumb Code   246  os_tmr.o(.text)
    OS_TmrTask                               0x0800ee19   Thumb Code   176  os_tmr.o(.text)
    OS_TmrInit                               0x0800eec9   Thumb Code   208  os_tmr.o(.text)
    OS_TmrResetPeak                          0x0800ef99   Thumb Code    28  os_tmr.o(.text)
    Reset_Handler                            0x0800f011   Thumb Code     4  cstartup.o(.text)
    App_NMI_ISR                              0x0800f015   Thumb Code     2  cstartup.o(.text)
    App_Fault_ISR                            0x0800f017   Thumb Code     2  cstartup.o(.text)
    App_MemFault_ISR                         0x0800f019   Thumb Code     2  cstartup.o(.text)
    App_BusFault_ISR                         0x0800f01b   Thumb Code     2  cstartup.o(.text)
    App_UsageFault_ISR                       0x0800f01d   Thumb Code     2  cstartup.o(.text)
    App_Spurious_ISR                         0x0800f01f   Thumb Code     2  cstartup.o(.text)
    App_Reserved_ISR                         0x0800f021   Thumb Code     2  cstartup.o(.text)
    sys_mbox_new                             0x0800f029   Thumb Code    40  sys_arch.o(.text)
    sys_mbox_free                            0x0800f051   Thumb Code    50  sys_arch.o(.text)
    sys_mbox_post                            0x0800f083   Thumb Code   100  sys_arch.o(.text)
    sys_mbox_trypost                         0x0800f0e7   Thumb Code    42  sys_arch.o(.text)
    sys_arch_mbox_fetch                      0x0800f111   Thumb Code   172  sys_arch.o(.text)
    sys_arch_mbox_tryfetch                   0x0800f1bd   Thumb Code    18  sys_arch.o(.text)
    sys_mbox_valid                           0x0800f1cf   Thumb Code    30  sys_arch.o(.text)
    sys_mbox_set_invalid                     0x0800f1ed   Thumb Code    20  sys_arch.o(.text)
    sys_sem_new                              0x0800f201   Thumb Code    56  sys_arch.o(.text)
    sys_arch_sem_wait                        0x0800f239   Thumb Code   118  sys_arch.o(.text)
    sys_sem_signal                           0x0800f2af   Thumb Code    42  sys_arch.o(.text)
    sys_sem_free                             0x0800f2d9   Thumb Code    46  sys_arch.o(.text)
    sys_sem_valid                            0x0800f307   Thumb Code    30  sys_arch.o(.text)
    sys_sem_set_invalid                      0x0800f325   Thumb Code    20  sys_arch.o(.text)
    sys_init                                 0x0800f339   Thumb Code     2  sys_arch.o(.text)
    sys_thread_new                           0x0800f33b   Thumb Code   122  sys_arch.o(.text)
    sys_now                                  0x0800f3b5   Thumb Code    30  sys_arch.o(.text)
    rawudp_send_data                         0x0800f4e1   Thumb Code    62  rawudp.o(.text)
    rawudp_recv_callback                     0x0800f51f   Thumb Code   234  rawudp.o(.text)
    rawudp_task_create                       0x0800f719   Thumb Code   110  rawudp.o(.text)
    rawudp_connection_close                  0x0800f787   Thumb Code    18  rawudp.o(.text)
    dhcp_task_delete                         0x0800f81d   Thumb Code    18  dhcp.o(.text)
    dhcp_task_create                         0x0800f949   Thumb Code   118  dhcp.o(.text)
    lwip_comm_default_ip_set                 0x0800fb11   Thumb Code    90  lwip_comm_1.o(.text)
    lwip_comm_dev_init                       0x0800fb6b   Thumb Code   128  lwip_comm_1.o(.text)
    lwip_comm_pkt_handle                     0x0800fbeb   Thumb Code    10  lwip_comm_1.o(.text)
    tcpip_inpkt                              0x0800fcaf   Thumb Code    38  tcpip.o(.text)
    tcpip_input                              0x0800fcd5   Thumb Code    40  tcpip.o(.text)
    tcpip_callback_with_block                0x0800fcfd   Thumb Code   104  tcpip.o(.text)
    tcpip_send_msg_wait_sem                  0x0800fd65   Thumb Code    30  tcpip.o(.text)
    tcpip_api_call                           0x0800fd83   Thumb Code    30  tcpip.o(.text)
    tcpip_callbackmsg_new                    0x0800fda1   Thumb Code    32  tcpip.o(.text)
    tcpip_callbackmsg_delete                 0x0800fdc1   Thumb Code    14  tcpip.o(.text)
    tcpip_trycallback                        0x0800fdcf   Thumb Code    44  tcpip.o(.text)
    tcpip_init                               0x0800fdfb   Thumb Code   102  tcpip.o(.text)
    pbuf_free_callback                       0x0800fe6f   Thumb Code    16  tcpip.o(.text)
    mem_free_callback                        0x0800fe7f   Thumb Code    16  tcpip.o(.text)
    ethernet_input                           0x0800ff7d   Thumb Code   196  ethernet.o(.text)
    ethernet_output                          0x08010041   Thumb Code   112  ethernet.o(.text)
    ethernetif_input                         0x0801023b   Thumb Code    36  ethernetif.o(.text)
    ethernetif_init                          0x0801025f   Thumb Code    82  ethernetif.o(.text)
    lwip_htons                               0x08010325   Thumb Code    12  def.o(.text)
    lwip_htonl                               0x08010331   Thumb Code    26  def.o(.text)
    lwip_strnstr                             0x0801034b   Thumb Code    74  def.o(.text)
    lwip_stricmp                             0x08010395   Thumb Code    60  def.o(.text)
    lwip_strnicmp                            0x080103d1   Thumb Code    70  def.o(.text)
    lwip_itoa                                0x08010417   Thumb Code    98  def.o(.text)
    lwip_standard_chksum                     0x0801047d   Thumb Code    94  inet_chksum.o(.text)
    inet_chksum_pseudo                       0x08010559   Thumb Code    76  inet_chksum.o(.text)
    ip_chksum_pseudo                         0x080105a5   Thumb Code    36  inet_chksum.o(.text)
    inet_chksum_pseudo_partial               0x08010675   Thumb Code    80  inet_chksum.o(.text)
    ip_chksum_pseudo_partial                 0x080106c5   Thumb Code    36  inet_chksum.o(.text)
    inet_chksum                              0x080106e9   Thumb Code    20  inet_chksum.o(.text)
    inet_chksum_pbuf                         0x080106fd   Thumb Code    82  inet_chksum.o(.text)
    lwip_init                                0x080107a5   Thumb Code    68  init.o(.text)
    mem_init                                 0x0801090f   Thumb Code   108  mem.o(.text)
    mem_free                                 0x0801097b   Thumb Code   174  mem.o(.text)
    mem_trim                                 0x08010a29   Thumb Code   334  mem.o(.text)
    mem_malloc                               0x08010b77   Thumb Code   778  mem.o(.text)
    mem_calloc                               0x08010e81   Thumb Code    34  mem.o(.text)
    memp_init_pool                           0x08010f55   Thumb Code    44  memp.o(.text)
    memp_init                                0x08010f81   Thumb Code    26  memp.o(.text)
    memp_malloc_pool                         0x08010fe3   Thumb Code    42  memp.o(.text)
    memp_malloc                              0x0801100d   Thumb Code    50  memp.o(.text)
    memp_free_pool                           0x0801107f   Thumb Code    48  memp.o(.text)
    memp_free                                0x080110af   Thumb Code    54  memp.o(.text)
    netif_init                               0x080111bd   Thumb Code     2  netif.o(.text)
    netif_input                              0x080111bf   Thumb Code    36  netif.o(.text)
    netif_set_ipaddr                         0x08011207   Thumb Code    72  netif.o(.text)
    netif_set_gw                             0x0801124f   Thumb Code    12  netif.o(.text)
    netif_set_netmask                        0x0801125b   Thumb Code    12  netif.o(.text)
    netif_set_addr                           0x08011267   Thumb Code    72  netif.o(.text)
    netif_add                                0x080112af   Thumb Code   126  netif.o(.text)
    netif_set_default                        0x0801132d   Thumb Code     6  netif.o(.text)
    netif_set_down                           0x08011333   Thumb Code    42  netif.o(.text)
    netif_remove                             0x0801135d   Thumb Code   110  netif.o(.text)
    netif_find                               0x080113cb   Thumb Code    64  netif.o(.text)
    netif_set_up                             0x0801140b   Thumb Code    44  netif.o(.text)
    netif_set_link_up                        0x08011437   Thumb Code    52  netif.o(.text)
    netif_set_link_down                      0x0801146b   Thumb Code    24  netif.o(.text)
    pbuf_free                                0x080114f1   Thumb Code   254  pbuf.o(.text)
    pbuf_alloc                               0x080115ef   Thumb Code   660  pbuf.o(.text)
    pbuf_alloced_custom                      0x08011883   Thumb Code   660  pbuf.o(.text)
    pbuf_realloc                             0x08011b17   Thumb Code   276  pbuf.o(.text)
    pbuf_header                              0x08011d0d   Thumb Code    18  pbuf.o(.text)
    pbuf_header_force                        0x08011d1f   Thumb Code    18  pbuf.o(.text)
    pbuf_clen                                0x08011d31   Thumb Code    18  pbuf.o(.text)
    pbuf_ref                                 0x08011d43   Thumb Code    64  pbuf.o(.text)
    pbuf_cat                                 0x08011d83   Thumb Code   138  pbuf.o(.text)
    pbuf_chain                               0x08011e0d   Thumb Code    22  pbuf.o(.text)
    pbuf_dechain                             0x08011e23   Thumb Code   122  pbuf.o(.text)
    pbuf_copy                                0x08011e9d   Thumb Code   764  pbuf.o(.text)
    pbuf_copy_partial                        0x08012199   Thumb Code   190  pbuf.o(.text)
    pbuf_skip                                0x08012279   Thumb Code    28  pbuf.o(.text)
    pbuf_take                                0x08012295   Thumb Code   260  pbuf.o(.text)
    pbuf_take_at                             0x08012399   Thumb Code   118  pbuf.o(.text)
    pbuf_coalesce                            0x0801240f   Thumb Code    84  pbuf.o(.text)
    pbuf_try_get_at                          0x08012463   Thumb Code    46  pbuf.o(.text)
    pbuf_get_at                              0x08012491   Thumb Code   364  pbuf.o(.text)
    pbuf_put_at                              0x080125fd   Thumb Code    42  pbuf.o(.text)
    pbuf_memcmp                              0x08012627   Thumb Code    98  pbuf.o(.text)
    pbuf_memfind                             0x08012689   Thumb Code    72  pbuf.o(.text)
    pbuf_strstr                              0x080126d1   Thumb Code    60  pbuf.o(.text)
    tcp_init                                 0x0801270d   Thumb Code     2  tcp.o(.text)
    tcp_seg_free                             0x0801270f   Thumb Code    26  tcp.o(.text)
    tcp_segs_free                            0x08012729   Thumb Code    24  tcp.o(.text)
    tcp_pcb_purge                            0x08012741   Thumb Code    64  tcp.o(.text)
    tcp_slowtmr                              0x08012781   Thumb Code  1416  tcp.o(.text)
    tcp_pcb_remove                           0x08012d8d   Thumb Code   172  tcp.o(.text)
    tcp_close                                0x08013013   Thumb Code    28  tcp.o(.text)
    tcp_update_rcv_ann_wnd                   0x0801302f   Thumb Code   334  tcp.o(.text)
    tcp_recved                               0x0801317d   Thumb Code   148  tcp.o(.text)
    tcp_recv_null                            0x08013211   Thumb Code    46  tcp.o(.text)
    tcp_process_refused_data                 0x0801323f   Thumb Code   146  tcp.o(.text)
    tcp_fasttmr                              0x080132d1   Thumb Code   130  tcp.o(.text)
    tcp_tmr                                  0x08013353   Thumb Code    30  tcp.o(.text)
    tcp_shutdown                             0x08013371   Thumb Code    98  tcp.o(.text)
    tcp_abandon                              0x080133d3   Thumb Code   248  tcp.o(.text)
    tcp_abort                                0x080134cb   Thumb Code    14  tcp.o(.text)
    tcp_bind                                 0x08013539   Thumb Code   380  tcp.o(.text)
    tcp_listen_with_backlog_and_err          0x080136c9   Thumb Code   214  tcp.o(.text)
    tcp_listen_with_backlog                  0x0801379f   Thumb Code    18  tcp.o(.text)
    tcp_eff_send_mss_impl                    0x080137b1   Thumb Code    58  tcp.o(.text)
    tcp_next_iss                             0x080137eb   Thumb Code    22  tcp.o(.text)
    tcp_connect                              0x08013801   Thumb Code   340  tcp.o(.text)
    tcp_txnow                                0x08013955   Thumb Code    30  tcp.o(.text)
    tcp_setprio                              0x08013973   Thumb Code     4  tcp.o(.text)
    tcp_alloc                                0x08013b0b   Thumb Code   168  tcp.o(.text)
    tcp_new                                  0x08013bb3   Thumb Code    10  tcp.o(.text)
    tcp_new_ip_type                          0x08013bbd   Thumb Code    16  tcp.o(.text)
    tcp_arg                                  0x08013bcd   Thumb Code     6  tcp.o(.text)
    tcp_recv                                 0x08013bd3   Thumb Code    44  tcp.o(.text)
    tcp_sent                                 0x08013bff   Thumb Code    44  tcp.o(.text)
    tcp_err                                  0x08013c2b   Thumb Code    46  tcp.o(.text)
    tcp_accept                               0x08013c59   Thumb Code    16  tcp.o(.text)
    tcp_poll                                 0x08013c69   Thumb Code    46  tcp.o(.text)
    tcp_netif_ip_addr_changed                0x08013cc1   Thumb Code    70  tcp.o(.text)
    tcp_debug_state_str                      0x08013d07   Thumb Code    10  tcp.o(.text)
    tcp_input                                0x08014fd9   Thumb Code  1878  tcp_in.o(.text)
    tcp_trigger_input_pcb_close              0x0801572f   Thumb Code    14  tcp_in.o(.text)
    tcp_enqueue_flags                        0x080158f7   Thumb Code   394  tcp_out.o(.text)
    tcp_send_fin                             0x08015a81   Thumb Code    74  tcp_out.o(.text)
    tcp_write                                0x08015d57   Thumb Code  1900  tcp_out.o(.text)
    tcp_send_empty_ack                       0x080164c3   Thumb Code   142  tcp_out.o(.text)
    tcp_output                               0x08016627   Thumb Code   862  tcp_out.o(.text)
    tcp_rst                                  0x08016985   Thumb Code   182  tcp_out.o(.text)
    tcp_rexmit_rto                           0x08016a3b   Thumb Code    66  tcp_out.o(.text)
    tcp_rexmit                               0x08016a7d   Thumb Code    98  tcp_out.o(.text)
    tcp_rexmit_fast                          0x08016adf   Thumb Code   110  tcp_out.o(.text)
    tcp_keepalive                            0x08016b4d   Thumb Code   114  tcp_out.o(.text)
    tcp_zero_window_probe                    0x08016bbf   Thumb Code   264  tcp_out.o(.text)
    sys_timeout                              0x08016cc9   Thumb Code   226  timeouts.o(.text)
    tcp_timer_needed                         0x08016dd3   Thumb Code    38  timeouts.o(.text)
    sys_timeouts_init                        0x08016e0f   Thumb Code    38  timeouts.o(.text)
    sys_untimeout                            0x08016e35   Thumb Code    90  timeouts.o(.text)
    sys_restart_timeouts                     0x08016f01   Thumb Code    12  timeouts.o(.text)
    sys_timeouts_mbox_fetch                  0x08016f3d   Thumb Code    58  timeouts.o(.text)
    udp_init                                 0x08017021   Thumb Code     2  udp.o(.text)
    udp_input                                0x080170b5   Thumb Code   362  udp.o(.text)
    udp_bind                                 0x0801721f   Thumb Code   138  udp.o(.text)
    udp_sendto_if_src                        0x080172a9   Thumb Code   256  udp.o(.text)
    udp_sendto_if                            0x080173a9   Thumb Code    82  udp.o(.text)
    udp_sendto                               0x080173fb   Thumb Code   210  udp.o(.text)
    udp_send                                 0x080174cd   Thumb Code    30  udp.o(.text)
    udp_connect                              0x080174eb   Thumb Code   104  udp.o(.text)
    udp_disconnect                           0x08017553   Thumb Code    16  udp.o(.text)
    udp_recv                                 0x08017563   Thumb Code     6  udp.o(.text)
    udp_remove                               0x08017569   Thumb Code    64  udp.o(.text)
    udp_new                                  0x080175a9   Thumb Code    28  udp.o(.text)
    udp_new_ip_type                          0x080175c5   Thumb Code    14  udp.o(.text)
    udp_netif_ip_addr_changed                0x080175d3   Thumb Code    42  udp.o(.text)
    dhcp_renew                               0x0801877d   Thumb Code   178  dhcp_1.o(.text)
    dhcp_supplied_address                    0x08018969   Thumb Code    40  dhcp_1.o(.text)
    dhcp_release                             0x08018991   Thumb Code   162  dhcp_1.o(.text)
    dhcp_coarse_tmr                          0x08018a33   Thumb Code   100  dhcp_1.o(.text)
    dhcp_fine_tmr                            0x08018c43   Thumb Code    54  dhcp_1.o(.text)
    dhcp_set_struct                          0x08018c79   Thumb Code    98  dhcp_1.o(.text)
    dhcp_cleanup                             0x08018cdb   Thumb Code    46  dhcp_1.o(.text)
    dhcp_stop                                0x08018d09   Thumb Code    92  dhcp_1.o(.text)
    dhcp_start                               0x08018d65   Thumb Code   230  dhcp_1.o(.text)
    dhcp_inform                              0x08018e4b   Thumb Code   144  dhcp_1.o(.text)
    dhcp_network_changed                     0x08018edb   Thumb Code    74  dhcp_1.o(.text)
    dhcp_arp_reply                           0x08019063   Thumb Code    64  dhcp_1.o(.text)
    etharp_request                           0x080191f3   Thumb Code    18  etharp.o(.text)
    etharp_tmr                               0x08019205   Thumb Code   216  etharp.o(.text)
    etharp_cleanup_netif                     0x080196a9   Thumb Code    52  etharp.o(.text)
    etharp_find_addr                         0x080196dd   Thumb Code   110  etharp.o(.text)
    etharp_get_entry                         0x0801974b   Thumb Code   164  etharp.o(.text)
    etharp_input                             0x080197ef   Thumb Code   214  etharp.o(.text)
    etharp_query                             0x08019a69   Thumb Code   472  etharp.o(.text)
    etharp_output                            0x08019c41   Thumb Code   376  etharp.o(.text)
    icmp_input                               0x08019e15   Thumb Code   470  icmp.o(.text)
    icmp_dest_unreach                        0x0801a081   Thumb Code    18  icmp.o(.text)
    icmp_time_exceeded                       0x0801a093   Thumb Code    18  icmp.o(.text)
    ip4_route                                0x0801a189   Thumb Code   134  ip4.o(.text)
    ip4_input                                0x0801a20f   Thumb Code   510  ip4.o(.text)
    ip4_output_if_src                        0x0801a40d   Thumb Code   336  ip4.o(.text)
    ip4_output_if                            0x0801a55d   Thumb Code   206  ip4.o(.text)
    ip4_output                               0x0801a62b   Thumb Code    86  ip4.o(.text)
    ip4_addr_isbroadcast_u32                 0x0801a681   Thumb Code    78  ip4_addr.o(.text)
    ip4_addr_netmask_valid                   0x0801a6cf   Thumb Code    56  ip4_addr.o(.text)
    ip4addr_aton                             0x0801a707   Thumb Code   414  ip4_addr.o(.text)
    ipaddr_addr                              0x0801a8a5   Thumb Code    24  ip4_addr.o(.text)
    ip4addr_ntoa_r                           0x0801a8bd   Thumb Code   168  ip4_addr.o(.text)
    ip4addr_ntoa                             0x0801a965   Thumb Code    16  ip4_addr.o(.text)
    ip_reass_tmr                             0x0801ab1f   Thumb Code    48  ip4_frag.o(.text)
    ip4_reass                                0x0801af59   Thumb Code   474  ip4_frag.o(.text)
    ip4_frag                                 0x0801b1b9   Thumb Code   716  ip4_frag.o(.text)
    __aeabi_memcpy                           0x0801b489   Thumb Code    36  memcpya.o(.text)
    __aeabi_memcpy4                          0x0801b489   Thumb Code     0  memcpya.o(.text)
    __aeabi_memcpy8                          0x0801b489   Thumb Code     0  memcpya.o(.text)
    __aeabi_memset                           0x0801b4ad   Thumb Code    14  memseta.o(.text)
    __aeabi_memset4                          0x0801b4ad   Thumb Code     0  memseta.o(.text)
    __aeabi_memset8                          0x0801b4ad   Thumb Code     0  memseta.o(.text)
    __aeabi_memclr                           0x0801b4bb   Thumb Code     4  memseta.o(.text)
    __aeabi_memclr4                          0x0801b4bb   Thumb Code     0  memseta.o(.text)
    __aeabi_memclr8                          0x0801b4bb   Thumb Code     0  memseta.o(.text)
    _memset$wrapper                          0x0801b4bf   Thumb Code    18  memseta.o(.text)
    strlen                                   0x0801b4d1   Thumb Code    14  strlen.o(.text)
    strcmp                                   0x0801b4df   Thumb Code    28  strcmp.o(.text)
    memcmp                                   0x0801b4fb   Thumb Code    26  memcmp.o(.text)
    strncmp                                  0x0801b515   Thumb Code    30  strncmp.o(.text)
    __aeabi_uidiv                            0x0801b533   Thumb Code     0  uidiv.o(.text)
    __aeabi_uidivmod                         0x0801b533   Thumb Code    44  uidiv.o(.text)
    __scatterload                            0x0801b561   Thumb Code    28  init.o(.text)
    __scatterload_rt2                        0x0801b561   Thumb Code     0  init.o(.text)
    __I$use$semihosting$fputc                0x0801b585   Thumb Code     0  iusesemip.o(.text)
    __decompress                             0x0801b585   Thumb Code     0  __dczerorl2.o(.text)
    __decompress1                            0x0801b585   Thumb Code    86  __dczerorl2.o(.text)
    __semihosting_library_function           0x0801b585   Thumb Code     0  semi.o(.text)
    OSStartHighRdy                           0x0801b5dd   Thumb Code     0  os_cpu_a.o(CODE)
    OS_CPU_PendSVHandler                     0x0801b5ff   Thumb Code     0  os_cpu_a.o(CODE)
    __0printf$3                              0x0801b661   Thumb Code    22  printf3.o(i.__0printf$3)
    __1printf$3                              0x0801b661   Thumb Code     0  printf3.o(i.__0printf$3)
    __2printf                                0x0801b661   Thumb Code     0  printf3.o(i.__0printf$3)
    __0sprintf$3                             0x0801b681   Thumb Code    34  printf3.o(i.__0sprintf$3)
    __1sprintf$3                             0x0801b681   Thumb Code     0  printf3.o(i.__0sprintf$3)
    __2sprintf                               0x0801b681   Thumb Code     0  printf3.o(i.__0sprintf$3)
    __scatterload_copy                       0x0801b6a9   Thumb Code    14  handlers.o(i.__scatterload_copy)
    __scatterload_null                       0x0801b6b7   Thumb Code     2  handlers.o(i.__scatterload_null)
    __scatterload_zeroinit                   0x0801b6b9   Thumb Code    14  handlers.o(i.__scatterload_zeroinit)
    fputc                                    0x0801b88b   Thumb Code    18  fputc.o(i.fputc)
    crc_table                                0x0801b89c   Data         512  protocol.o(.constdata)
    OSCfg_IdleTaskStkBasePtr                 0x0801bc30   Data           4  os_cfg_app.o(.constdata)
    OSCfg_IdleTaskStkLimit                   0x0801bc34   Data           4  os_cfg_app.o(.constdata)
    OSCfg_IdleTaskStkSize                    0x0801bc38   Data           4  os_cfg_app.o(.constdata)
    OSCfg_IdleTaskStkSizeRAM                 0x0801bc3c   Data           4  os_cfg_app.o(.constdata)
    OSCfg_IntQBasePtr                        0x0801bc40   Data           4  os_cfg_app.o(.constdata)
    OSCfg_IntQSize                           0x0801bc44   Data           2  os_cfg_app.o(.constdata)
    OSCfg_IntQSizeRAM                        0x0801bc48   Data           4  os_cfg_app.o(.constdata)
    OSCfg_IntQTaskStkBasePtr                 0x0801bc4c   Data           4  os_cfg_app.o(.constdata)
    OSCfg_IntQTaskStkLimit                   0x0801bc50   Data           4  os_cfg_app.o(.constdata)
    OSCfg_IntQTaskStkSize                    0x0801bc54   Data           4  os_cfg_app.o(.constdata)
    OSCfg_IntQTaskStkSizeRAM                 0x0801bc58   Data           4  os_cfg_app.o(.constdata)
    OSCfg_ISRStkBasePtr                      0x0801bc5c   Data           4  os_cfg_app.o(.constdata)
    OSCfg_ISRStkSize                         0x0801bc60   Data           4  os_cfg_app.o(.constdata)
    OSCfg_ISRStkSizeRAM                      0x0801bc64   Data           4  os_cfg_app.o(.constdata)
    OSCfg_MsgPoolSize                        0x0801bc68   Data           2  os_cfg_app.o(.constdata)
    OSCfg_MsgPoolSizeRAM                     0x0801bc6c   Data           4  os_cfg_app.o(.constdata)
    OSCfg_MsgPoolBasePtr                     0x0801bc70   Data           4  os_cfg_app.o(.constdata)
    OSCfg_StatTaskPrio                       0x0801bc74   Data           1  os_cfg_app.o(.constdata)
    OSCfg_StatTaskRate_Hz                    0x0801bc78   Data           4  os_cfg_app.o(.constdata)
    OSCfg_StatTaskStkBasePtr                 0x0801bc7c   Data           4  os_cfg_app.o(.constdata)
    OSCfg_StatTaskStkLimit                   0x0801bc80   Data           4  os_cfg_app.o(.constdata)
    OSCfg_StatTaskStkSize                    0x0801bc84   Data           4  os_cfg_app.o(.constdata)
    OSCfg_StatTaskStkSizeRAM                 0x0801bc88   Data           4  os_cfg_app.o(.constdata)
    OSCfg_StkSizeMin                         0x0801bc8c   Data           4  os_cfg_app.o(.constdata)
    OSCfg_TickRate_Hz                        0x0801bc90   Data           4  os_cfg_app.o(.constdata)
    OSCfg_TickTaskPrio                       0x0801bc94   Data           1  os_cfg_app.o(.constdata)
    OSCfg_TickTaskStkBasePtr                 0x0801bc98   Data           4  os_cfg_app.o(.constdata)
    OSCfg_TickTaskStkLimit                   0x0801bc9c   Data           4  os_cfg_app.o(.constdata)
    OSCfg_TickTaskStkSize                    0x0801bca0   Data           4  os_cfg_app.o(.constdata)
    OSCfg_TickTaskStkSizeRAM                 0x0801bca4   Data           4  os_cfg_app.o(.constdata)
    OSCfg_TickWheelSize                      0x0801bca8   Data           2  os_cfg_app.o(.constdata)
    OSCfg_TickWheelSizeRAM                   0x0801bcac   Data           4  os_cfg_app.o(.constdata)
    OSCfg_TmrTaskPrio                        0x0801bcb0   Data           1  os_cfg_app.o(.constdata)
    OSCfg_TmrTaskRate_Hz                     0x0801bcb4   Data           4  os_cfg_app.o(.constdata)
    OSCfg_TmrTaskStkBasePtr                  0x0801bcb8   Data           4  os_cfg_app.o(.constdata)
    OSCfg_TmrTaskStkLimit                    0x0801bcbc   Data           4  os_cfg_app.o(.constdata)
    OSCfg_TmrTaskStkSize                     0x0801bcc0   Data           4  os_cfg_app.o(.constdata)
    OSCfg_TmrTaskStkSizeRAM                  0x0801bcc4   Data           4  os_cfg_app.o(.constdata)
    OSCfg_TmrWheelSize                       0x0801bcc8   Data           2  os_cfg_app.o(.constdata)
    OSCfg_TmrWheelSizeRAM                    0x0801bccc   Data           4  os_cfg_app.o(.constdata)
    OSCfg_DataSizeRAM                        0x0801bcd0   Data           4  os_cfg_app.o(.constdata)
    OSDbg_DbgEn                              0x0801bcd4   Data           1  os_dbg.o(.constdata)
    OSDbg_ArgChkEn                           0x0801bcd5   Data           1  os_dbg.o(.constdata)
    OSDbg_AppHooksEn                         0x0801bcd6   Data           1  os_dbg.o(.constdata)
    OSDbg_EndiannessTest                     0x0801bcd8   Data           4  os_dbg.o(.constdata)
    OSDbg_CalledFromISRChkEn                 0x0801bcdc   Data           1  os_dbg.o(.constdata)
    OSDbg_FlagEn                             0x0801bcdd   Data           1  os_dbg.o(.constdata)
    OSDbg_FlagGrp                            0x0801bce0   Data          40  os_dbg.o(.constdata)
    OSDbg_FlagDelEn                          0x0801bd08   Data           1  os_dbg.o(.constdata)
    OSDbg_FlagModeClrEn                      0x0801bd09   Data           1  os_dbg.o(.constdata)
    OSDbg_FlagPendAbortEn                    0x0801bd0a   Data           1  os_dbg.o(.constdata)
    OSDbg_FlagGrpSize                        0x0801bd0c   Data           2  os_dbg.o(.constdata)
    OSDbg_FlagWidth                          0x0801bd0e   Data           2  os_dbg.o(.constdata)
    OSDbg_IntQ                               0x0801bd10   Data           2  os_dbg.o(.constdata)
    OSDbg_ISRPostDeferredEn                  0x0801bd12   Data           1  os_dbg.o(.constdata)
    OSDbg_Mem                                0x0801bd14   Data          32  os_dbg.o(.constdata)
    OSDbg_MemEn                              0x0801bd34   Data           1  os_dbg.o(.constdata)
    OSDbg_MemSize                            0x0801bd36   Data           2  os_dbg.o(.constdata)
    OSDbg_MsgEn                              0x0801bd38   Data           1  os_dbg.o(.constdata)
    OSDbg_MsgSize                            0x0801bd3a   Data           2  os_dbg.o(.constdata)
    OSDbg_MsgPoolSize                        0x0801bd3c   Data           2  os_dbg.o(.constdata)
    OSDbg_MsgQSize                           0x0801bd3e   Data           2  os_dbg.o(.constdata)
    OSDbg_Mutex                              0x0801bd40   Data          44  os_dbg.o(.constdata)
    OSDbg_MutexEn                            0x0801bd6c   Data           1  os_dbg.o(.constdata)
    OSDbg_MutexDelEn                         0x0801bd6d   Data           1  os_dbg.o(.constdata)
    OSDbg_MutexPendAbortEn                   0x0801bd6e   Data           1  os_dbg.o(.constdata)
    OSDbg_MutexSize                          0x0801bd70   Data           2  os_dbg.o(.constdata)
    OSDbg_ObjTypeChkEn                       0x0801bd72   Data           1  os_dbg.o(.constdata)
    OSDbg_PendMultiEn                        0x0801bd73   Data           1  os_dbg.o(.constdata)
    OSDbg_PendDataSize                       0x0801bd74   Data           2  os_dbg.o(.constdata)
    OSDbg_PendListSize                       0x0801bd76   Data           2  os_dbg.o(.constdata)
    OSDbg_PendObjSize                        0x0801bd78   Data           2  os_dbg.o(.constdata)
    OSDbg_PrioMax                            0x0801bd7a   Data           2  os_dbg.o(.constdata)
    OSDbg_PrioTblSize                        0x0801bd7c   Data           2  os_dbg.o(.constdata)
    OSDbg_PtrSize                            0x0801bd7e   Data           2  os_dbg.o(.constdata)
    OSDbg_Q                                  0x0801bd80   Data          48  os_dbg.o(.constdata)
    OSDbg_QEn                                0x0801bdb0   Data           1  os_dbg.o(.constdata)
    OSDbg_QDelEn                             0x0801bdb1   Data           1  os_dbg.o(.constdata)
    OSDbg_QFlushEn                           0x0801bdb2   Data           1  os_dbg.o(.constdata)
    OSDbg_QPendAbortEn                       0x0801bdb3   Data           1  os_dbg.o(.constdata)
    OSDbg_QSize                              0x0801bdb4   Data           2  os_dbg.o(.constdata)
    OSDbg_SchedRoundRobinEn                  0x0801bdb6   Data           1  os_dbg.o(.constdata)
    OSDbg_Sem                                0x0801bdb8   Data          40  os_dbg.o(.constdata)
    OSDbg_SemEn                              0x0801bde0   Data           1  os_dbg.o(.constdata)
    OSDbg_SemDelEn                           0x0801bde1   Data           1  os_dbg.o(.constdata)
    OSDbg_SemPendAbortEn                     0x0801bde2   Data           1  os_dbg.o(.constdata)
    OSDbg_SemSetEn                           0x0801bde3   Data           1  os_dbg.o(.constdata)
    OSDbg_SemSize                            0x0801bde4   Data           2  os_dbg.o(.constdata)
    OSDbg_RdyList                            0x0801bde6   Data           2  os_dbg.o(.constdata)
    OSDbg_RdyListSize                        0x0801bde8   Data           4  os_dbg.o(.constdata)
    OSDbg_StkWidth                           0x0801bdec   Data           1  os_dbg.o(.constdata)
    OSDbg_StatTaskEn                         0x0801bded   Data           1  os_dbg.o(.constdata)
    OSDbg_StatTaskStkChkEn                   0x0801bdee   Data           1  os_dbg.o(.constdata)
    OSDbg_TaskChangePrioEn                   0x0801bdef   Data           1  os_dbg.o(.constdata)
    OSDbg_TaskDelEn                          0x0801bdf0   Data           1  os_dbg.o(.constdata)
    OSDbg_TaskQEn                            0x0801bdf1   Data           1  os_dbg.o(.constdata)
    OSDbg_TaskQPendAbortEn                   0x0801bdf2   Data           1  os_dbg.o(.constdata)
    OSDbg_TaskProfileEn                      0x0801bdf3   Data           1  os_dbg.o(.constdata)
    OSDbg_TaskRegTblSize                     0x0801bdf4   Data           2  os_dbg.o(.constdata)
    OSDbg_TaskSemPendAbortEn                 0x0801bdf6   Data           1  os_dbg.o(.constdata)
    OSDbg_TaskSuspendEn                      0x0801bdf7   Data           1  os_dbg.o(.constdata)
    OSDbg_TCBSize                            0x0801bdf8   Data           2  os_dbg.o(.constdata)
    OSDbg_TickSpokeSize                      0x0801bdfa   Data           2  os_dbg.o(.constdata)
    OSDbg_TimeDlyHMSMEn                      0x0801bdfc   Data           1  os_dbg.o(.constdata)
    OSDbg_TimeDlyResumeEn                    0x0801bdfd   Data           1  os_dbg.o(.constdata)
    OSDbg_TLS_TblSize                        0x0801bdfe   Data           2  os_dbg.o(.constdata)
    OSDbg_Tmr                                0x0801be00   Data          52  os_dbg.o(.constdata)
    OSDbg_TmrEn                              0x0801be34   Data           1  os_dbg.o(.constdata)
    OSDbg_TmrDelEn                           0x0801be35   Data           1  os_dbg.o(.constdata)
    OSDbg_TmrSize                            0x0801be36   Data           2  os_dbg.o(.constdata)
    OSDbg_TmrSpokeSize                       0x0801be38   Data           2  os_dbg.o(.constdata)
    OSDbg_VersionNbr                         0x0801be3a   Data           2  os_dbg.o(.constdata)
    OSDbg_DataSize                           0x0801be3c   Data           4  os_dbg.o(.constdata)
    pvNullPointer                            0x0801be40   Data           4  sys_arch.o(.constdata)
    ethbroadcast                             0x0801be44   Data           6  ethernet.o(.constdata)
    ethzero                                  0x0801be4a   Data           6  ethernet.o(.constdata)
    memp_UDP_PCB                             0x0801be50   Data          12  memp.o(.constdata)
    memp_TCP_PCB                             0x0801be5c   Data          12  memp.o(.constdata)
    memp_TCP_PCB_LISTEN                      0x0801be68   Data          12  memp.o(.constdata)
    memp_TCP_SEG                             0x0801be74   Data          12  memp.o(.constdata)
    memp_REASSDATA                           0x0801be80   Data          12  memp.o(.constdata)
    memp_FRAG_PBUF                           0x0801be8c   Data          12  memp.o(.constdata)
    memp_NETBUF                              0x0801be98   Data          12  memp.o(.constdata)
    memp_NETCONN                             0x0801bea4   Data          12  memp.o(.constdata)
    memp_TCPIP_MSG_API                       0x0801beb0   Data          12  memp.o(.constdata)
    memp_SYS_TIMEOUT                         0x0801bebc   Data          12  memp.o(.constdata)
    memp_PBUF                                0x0801bec8   Data          12  memp.o(.constdata)
    memp_PBUF_POOL                           0x0801bed4   Data          12  memp.o(.constdata)
    memp_pools                               0x0801bee0   Data          48  memp.o(.constdata)
    tcp_pcb_lists                            0x0801bf50   Data          16  tcp.o(.constdata)
    lwip_cyclic_timers                       0x0801bf60   Data          40  timeouts.o(.constdata)
    ip_addr_any                              0x0801bf88   Data           4  ip4_addr.o(.constdata)
    ip_addr_broadcast                        0x0801bf8c   Data           4  ip4_addr.o(.constdata)
    Region$$Table$$Base                      0x0801c1bc   Number         0  anon$$obj.o(Region$$Table)
    Region$$Table$$Limit                     0x0801c1dc   Number         0  anon$$obj.o(Region$$Table)
    SystemCoreClock                          0x20000000   Data           4  system_stm32f2xx.o(.data)
    AHBPrescTable                            0x20000004   Data          16  system_stm32f2xx.o(.data)
    heart_time_cnt                           0x20000014   Data           4  protocol.o(.data)
    protocol_stream_num                      0x20000018   Data           2  protocol.o(.data)
    protocol_buff_len                        0x2000001c   Data           4  protocol.o(.data)
    usart1_rx_buff                           0x20000020   Data           4  usart.o(.data)
    usart2_rx_buff                           0x20000024   Data           4  usart.o(.data)
    usart3_rx_buff                           0x20000028   Data           4  usart.o(.data)
    usart4_rx_buff                           0x2000002c   Data           4  usart.o(.data)
    usart5_rx_buff                           0x20000030   Data           4  usart.o(.data)
    gprs_rx_buff                             0x20000034   Data           4  usart.o(.data)
    usart1_rx_status                         0x20000038   Data           1  usart.o(.data)
    usart2_rx_status                         0x20000039   Data           1  usart.o(.data)
    usart3_rx_status                         0x2000003a   Data           1  usart.o(.data)
    usart4_rx_status                         0x2000003b   Data           1  usart.o(.data)
    usart5_rx_status                         0x2000003c   Data           1  usart.o(.data)
    gprs_err_cnt                             0x2000003e   Data           1  gprs.o(.data)
    gprs_status                              0x2000003f   Data           1  gprs.o(.data)
    gprs_rx_cnt                              0x20000040   Data           2  gprs.o(.data)
    gprs_send_at_flag                        0x20000042   Data           1  gprs.o(.data)
    gprs_rx_flag                             0x20000043   Data           1  gprs.o(.data)
    g_timeout_cnt                            0x20000048   Data           4  timer.o(.data)
    time_heart_ms                            0x2000004c   Data           4  timer.o(.data)
    time_ms                                  0x20000050   Data           4  timer.o(.data)
    time_second                              0x20000054   Data           1  timer.o(.data)
    time_minute                              0x20000055   Data           1  timer.o(.data)
    time_hour                                0x20000056   Data           1  timer.o(.data)
    DMATxDescToSet                           0x20000058   Data           4  stm32f2x7_eth.o(.data)
    DMARxDescToGet                           0x2000005c   Data           4  stm32f2x7_eth.o(.data)
    DMA_RX_FRAME_infos                       0x20000060   Data           4  stm32f2x7_eth.o(.data)
    Frame_Rx_index                           0x20000064   Data           4  stm32f2x7_eth.o(.data)
    Mem_PoolTbl                              0x20000078   Data           4  lib_mem.o(.data)
    CPU_TS_TmrFreq_Hz                        0x2000007c   Data           4  cpu_core.o(.data)
    OS_CPU_ExceptStkBase                     0x20000080   Data           4  os_cpu_c.o(.data)
    OSPrioTbl                                0x20000084   Data           8  os_prio.o(.data)
    OS_AppTaskCreateHookPtr                  0x2000008c   Data           4  os_var.o(.data)
    OS_AppTaskDelHookPtr                     0x20000090   Data           4  os_var.o(.data)
    OS_AppTaskReturnHookPtr                  0x20000094   Data           4  os_var.o(.data)
    OS_AppIdleTaskHookPtr                    0x20000098   Data           4  os_var.o(.data)
    OS_AppStatTaskHookPtr                    0x2000009c   Data           4  os_var.o(.data)
    OS_AppTaskSwHookPtr                      0x200000a0   Data           4  os_var.o(.data)
    OS_AppTimeTickHookPtr                    0x200000a4   Data           4  os_var.o(.data)
    OSIdleTaskCtr                            0x200000a8   Data           4  os_var.o(.data)
    OSIntNestingCtr                          0x200000ac   Data           1  os_var.o(.data)
    OSRunning                                0x200000ad   Data           1  os_var.o(.data)
    OSFlagDbgListPtr                         0x200000b0   Data           4  os_var.o(.data)
    OSFlagQty                                0x200000b4   Data           2  os_var.o(.data)
    OSMemDbgListPtr                          0x200000b8   Data           4  os_var.o(.data)
    OSMemQty                                 0x200000bc   Data           2  os_var.o(.data)
    OSMutexDbgListPtr                        0x200000c0   Data           4  os_var.o(.data)
    OSMutexQty                               0x200000c4   Data           2  os_var.o(.data)
    OSPrioCur                                0x200000c6   Data           1  os_var.o(.data)
    OSPrioHighRdy                            0x200000c7   Data           1  os_var.o(.data)
    OSPrioSaved                              0x200000c8   Data           1  os_var.o(.data)
    OSQDbgListPtr                            0x200000cc   Data           4  os_var.o(.data)
    OSQQty                                   0x200000d0   Data           2  os_var.o(.data)
    OSSchedLockTimeBegin                     0x200000d4   Data           4  os_var.o(.data)
    OSSchedLockTimeMax                       0x200000d8   Data           4  os_var.o(.data)
    OSSchedLockTimeMaxCur                    0x200000dc   Data           4  os_var.o(.data)
    OSSchedLockNestingCtr                    0x200000e0   Data           1  os_var.o(.data)
    OSSchedRoundRobinDfltTimeQuanta          0x200000e4   Data           4  os_var.o(.data)
    OSSchedRoundRobinEn                      0x200000e8   Data           1  os_var.o(.data)
    OSSemDbgListPtr                          0x200000ec   Data           4  os_var.o(.data)
    OSSemQty                                 0x200000f0   Data           2  os_var.o(.data)
    OSStatResetFlag                          0x200000f2   Data           1  os_var.o(.data)
    OSStatTaskCPUUsage                       0x200000f4   Data           2  os_var.o(.data)
    OSStatTaskCPUUsageMax                    0x200000f6   Data           2  os_var.o(.data)
    OSStatTaskCtr                            0x200000f8   Data           4  os_var.o(.data)
    OSStatTaskCtrMax                         0x200000fc   Data           4  os_var.o(.data)
    OSStatTaskCtrRun                         0x20000100   Data           4  os_var.o(.data)
    OSStatTaskRdy                            0x20000104   Data           1  os_var.o(.data)
    OSStatTaskTimeMax                        0x20000108   Data           4  os_var.o(.data)
    OSTaskCtxSwCtr                           0x2000010c   Data           4  os_var.o(.data)
    OSTaskDbgListPtr                         0x20000110   Data           4  os_var.o(.data)
    OSTaskQty                                0x20000114   Data           2  os_var.o(.data)
    OSTaskRegNextAvailID                     0x20000116   Data           1  os_var.o(.data)
    OSTickCtr                                0x20000118   Data           4  os_var.o(.data)
    OSTickTaskTimeMax                        0x2000011c   Data           4  os_var.o(.data)
    OSTmrDbgListPtr                          0x20000120   Data           4  os_var.o(.data)
    OSTmrQty                                 0x20000124   Data           2  os_var.o(.data)
    OSTmrTaskTimeMax                         0x20000128   Data           4  os_var.o(.data)
    OSTmrTickCtr                             0x2000012c   Data           4  os_var.o(.data)
    OSTmrUpdateCnt                           0x20000130   Data           4  os_var.o(.data)
    OSTmrUpdateCtr                           0x20000134   Data           4  os_var.o(.data)
    OSTCBCurPtr                              0x20000138   Data           4  os_var.o(.data)
    OSTCBHighRdyPtr                          0x2000013c   Data           4  os_var.o(.data)
    udppcb                                   0x20000140   Data           4  rawudp.o(.data)
    rawudp_recv_buff_len                     0x20000144   Data           4  rawudp.o(.data)
    eth_rx_flag                              0x20000148   Data           1  rawudp.o(.data)
    netif_list                               0x20000190   Data           4  netif.o(.data)
    netif_default                            0x20000194   Data           4  netif.o(.data)
    tcp_ticks                                0x200001a0   Data           4  tcp.o(.data)
    tcp_bound_pcbs                           0x200001a4   Data           4  tcp.o(.data)
    tcp_listen_pcbs                          0x200001a8   Data           4  tcp.o(.data)
    tcp_active_pcbs                          0x200001ac   Data           4  tcp.o(.data)
    tcp_tw_pcbs                              0x200001b0   Data           4  tcp.o(.data)
    tcp_active_pcbs_changed                  0x200001b4   Data           1  tcp.o(.data)
    tcp_input_pcb                            0x200001e0   Data           4  tcp_in.o(.data)
    udp_pcbs                                 0x200001f4   Data           4  udp.o(.data)
    dhcp_rx_options_given                    0x200001f8   Data           8  dhcp_1.o(.data)
    __stdout                                 0x2000021c   Data           4  stdout.o(.data)
    gprs_init_task_TCB                       0x20000a6c   Data         196  app.o(.bss)
    gprs_init_task_stk                       0x20000b30   Data         512  app.o(.bss)
    eth_init_task_TCB                        0x20000d30   Data         196  app.o(.bss)
    eth_init_task_stk                        0x20000df4   Data         512  app.o(.bss)
    protocol_task_TCB                        0x20000ff4   Data         196  app.o(.bss)
    protocol_task_stk                        0x200010b8   Data        2400  app.o(.bss)
    usart1_msg                               0x20001a18   Data          48  app.o(.bss)
    usart2_msg                               0x20001a48   Data          48  app.o(.bss)
    usart3_msg                               0x20001a78   Data          48  app.o(.bss)
    usart4_msg                               0x20001aa8   Data          48  app.o(.bss)
    usart5_msg                               0x20001ad8   Data          48  app.o(.bss)
    eth_msg                                  0x20001b08   Data          48  app.o(.bss)
    tmr1                                     0x20001b38   Data          52  app.o(.bss)
    gprs                                     0x20001b6c   Data          52  app.o(.bss)
    dev_info                                 0x20001ba0   Data          76  protocol.o(.bss)
    protocol_buff                            0x20001bec   Data         512  protocol.o(.bss)
    usart1_task_TCB                          0x20001dec   Data         196  translate.o(.bss)
    usart1_task_stk                          0x20001eb0   Data        2400  translate.o(.bss)
    usart3_task_TCB                          0x20002810   Data         196  translate.o(.bss)
    usart3_task_stk                          0x200028d4   Data        4000  translate.o(.bss)
    translate_task_TCB                       0x20003874   Data         196  translate.o(.bss)
    translate_task_stk                       0x20003938   Data         512  translate.o(.bss)
    translate_buff                           0x20003b38   Data         512  translate.o(.bss)
    w25qxx_flash_buf                         0x20003e80   Data        4096  w25qxx.o(.bss)
    g_timer_cnt                              0x20005084   Data          44  timer.o(.bss)
    DMARxDscrTab                             0x200050b0   Data         160  stm32f2x7_eth.o(.bss)
    DMATxDscrTab                             0x20005150   Data         160  stm32f2x7_eth.o(.bss)
    Rx_Buff                                  0x200051f0   Data        7620  stm32f2x7_eth.o(.bss)
    Tx_Buff                                  0x20006fb4   Data        7620  stm32f2x7_eth.o(.bss)
    RX_Frame_Descriptor                      0x20008d78   Data          12  stm32f2x7_eth.o(.bss)
    Mem_PoolHeap                             0x20008d84   Data          72  lib_mem.o(.bss)
    Mem_Heap                                 0x20008dcc   Data        9216  lib_mem.o(.bss)
    CPU_Name                                 0x2000b1cc   Data          16  cpu_core.o(.bss)
    OSCfg_IdleTaskStk                        0x2000b1dc   Data         512  os_cfg_app.o(.bss)
    OSCfg_ISRStk                             0x2000b3dc   Data        1024  os_cfg_app.o(.bss)
    OSCfg_MsgPool                            0x2000b7dc   Data        1600  os_cfg_app.o(.bss)
    OSCfg_StatTaskStk                        0x2000be1c   Data         512  os_cfg_app.o(.bss)
    OSCfg_TickTaskStk                        0x2000c01c   Data         512  os_cfg_app.o(.bss)
    OSCfg_TickWheel                          0x2000c21c   Data         128  os_cfg_app.o(.bss)
    OSCfg_TmrTaskStk                         0x2000c29c   Data         512  os_cfg_app.o(.bss)
    OSCfg_TmrWheel                           0x2000c49c   Data         128  os_cfg_app.o(.bss)
    OSIdleTaskTCB                            0x2000c51c   Data         196  os_var.o(.bss)
    OSMsgPool                                0x2000c5e0   Data          12  os_var.o(.bss)
    OSRdyList                                0x2000c5ec   Data         768  os_var.o(.bss)
    OSStatTaskTCB                            0x2000c8ec   Data         196  os_var.o(.bss)
    OSTickTaskTCB                            0x2000c9b0   Data         196  os_var.o(.bss)
    OSTmrTaskTCB                             0x2000ca74   Data         196  os_var.o(.bss)
    tcpip_thread_task_stk                    0x2000cb38   Data        4000  sys_arch.o(.bss)
    tcpip_thread_task_TCB                    0x2000dad8   Data         196  sys_arch.o(.bss)
    rawudp_task_TCB                          0x2000db9c   Data         196  rawudp.o(.bss)
    rawudp_task_stk                          0x2000dc60   Data        1024  rawudp.o(.bss)
    rawudp_recv_buff                         0x2000e060   Data         512  rawudp.o(.bss)
    rawudp_send_buff                         0x2000e260   Data         512  rawudp.o(.bss)
    dhcp_task_TCB                            0x2000e460   Data         196  dhcp.o(.bss)
    dhcp_task_stk                            0x2000e524   Data         512  dhcp.o(.bss)
    lwip_dev                                 0x2000e724   Data          23  lwip_comm_1.o(.bss)
    lwip_netif                               0x2000e73c   Data          52  lwip_comm_1.o(.bss)
    lock_tcpip_core                          0x2000e7a0   Data          40  tcpip.o(.bss)
    ip_data                                  0x2000e7c8   Data          24  ip.o(.bss)
    ram_heap                                 0x2000e7e0   Data        5139  mem.o(.bss)
    memp_memory_UDP_PCB_base                 0x2000fc1c   Data         195  memp.o(.bss)
    memp_memory_TCP_PCB_base                 0x2000fcdf   Data        1483  memp.o(.bss)
    memp_memory_TCP_PCB_LISTEN_base          0x200102aa   Data         171  memp.o(.bss)
    memp_memory_TCP_SEG_base                 0x20010355   Data         195  memp.o(.bss)
    memp_memory_REASSDATA_base               0x20010418   Data         163  memp.o(.bss)
    memp_memory_FRAG_PBUF_base               0x200104bb   Data         363  memp.o(.bss)
    memp_memory_NETBUF_base                  0x20010626   Data          35  memp.o(.bss)
    memp_memory_NETCONN_base                 0x20010649   Data         691  memp.o(.bss)
    memp_memory_TCPIP_MSG_API_base           0x200108fc   Data         131  memp.o(.bss)
    memp_memory_SYS_TIMEOUT_base             0x2001097f   Data         131  memp.o(.bss)
    memp_memory_PBUF_base                    0x20010a02   Data         163  memp.o(.bss)
    memp_memory_PBUF_POOL_base               0x20010aa5   Data       15163  memp.o(.bss)
    dhcp_rx_options_val                      0x200145f0   Data          32  dhcp_1.o(.bss)
    __initial_sp                             0x20014b10   Data           0  cstartup.o(STACK)



==============================================================================

Memory Map of the image

  Image Entry point : 0x08000185

  Load Region LR_IROM1 (Base: 0x08000000, Size: 0x0001c3fc, Max: 0x00080000, ABSOLUTE, COMPRESSED[0x0001c210])

    Execution Region ER_IROM1 (Base: 0x08000000, Size: 0x0001c1dc, Max: 0x00080000, ABSOLUTE)

    Base Addr    Size         Type   Attr      Idx    E Section Name        Object

    0x08000000   0x00000184   Data   RO         1630    RESET               cstartup.o
    0x08000184   0x00000000   Code   RO         2700  * .ARM.Collect$$$$00000000  mc_w.l(entry.o)
    0x08000184   0x00000004   Code   RO         2980    .ARM.Collect$$$$00000001  mc_w.l(entry2.o)
    0x08000188   0x00000004   Code   RO         2983    .ARM.Collect$$$$00000004  mc_w.l(entry5.o)
    0x0800018c   0x00000000   Code   RO         2985    .ARM.Collect$$$$00000008  mc_w.l(entry7b.o)
    0x0800018c   0x00000000   Code   RO         2987    .ARM.Collect$$$$0000000A  mc_w.l(entry8b.o)
    0x0800018c   0x00000008   Code   RO         2988    .ARM.Collect$$$$0000000B  mc_w.l(entry9a.o)
    0x08000194   0x00000000   Code   RO         2990    .ARM.Collect$$$$0000000D  mc_w.l(entry10a.o)
    0x08000194   0x00000000   Code   RO         2992    .ARM.Collect$$$$0000000F  mc_w.l(entry11a.o)
    0x08000194   0x00000004   Code   RO         2981    .ARM.Collect$$$$00002712  mc_w.l(entry2.o)
    0x08000198   0x000003b8   Code   RO            2    .text               app.o
    0x08000550   0x000001e0   Code   RO          376    .text               system_stm32f2xx.o
    0x08000730   0x0000098c   Code   RO          398    .text               protocol.o
    0x080010bc   0x0000029c   Code   RO          420    .text               translate.o
    0x08001358   0x00000650   Code   RO          441    .text               bsp.o
    0x080019a8   0x00000428   Code   RO          474    .text               bsp_int.o
    0x08001dd0   0x00000328   Code   RO          581    .text               w25qxx.o
    0x080020f8   0x0000068c   Code   RO          604    .text               usart.o
    0x08002784   0x00000184   Code   RO          650    .text               timer.o
    0x08002908   0x00000084   Code   RO          673    .text               spi.o
    0x0800298c   0x000002dc   Code   RO          689    .text               rtc.o
    0x08002c68   0x0000034c   Code   RO          705    .text               lan8720.o
    0x08002fb4   0x00000e34   Code   RO          840    .text               stm32f2x7_eth.o
    0x08003de8   0x000000e0   Code   RO          860    .text               misc.o
    0x08003ec8   0x0000011c   Code   RO         1020    .text               stm32f2xx_exti.o
    0x08003fe4   0x0000025c   Code   RO         1068    .text               stm32f2xx_gpio.o
    0x08004240   0x00000040   Code   RO         1100    .text               stm32f2xx_iwdg.o
    0x08004280   0x000000d8   Code   RO         1116    .text               stm32f2xx_pwr.o
    0x08004358   0x00000588   Code   RO         1132    .text               stm32f2xx_rcc.o
    0x080048e0   0x00000b08   Code   RO         1166    .text               stm32f2xx_rtc.o
    0x080053e8   0x000003a8   Code   RO         1182    .text               stm32f2xx_spi.o
    0x08005790   0x0000008c   Code   RO         1198    .text               stm32f2xx_syscfg.o
    0x0800581c   0x00000ca2   Code   RO         1214    .text               stm32f2xx_tim.o
    0x080064be   0x00000002   PAD
    0x080064c0   0x0000041a   Code   RO         1230    .text               stm32f2xx_usart.o
    0x080068da   0x00000256   Code   RO         1261    .text               lib_ascii.o
    0x08006b30   0x00000ec4   Code   RO         1294    .text               lib_mem.o
    0x080079f4   0x00000928   Code   RO         1313    .text               lib_str.o
    0x0800831c   0x00000220   Code   RO         1330    .text               lib_mem_a.o
    0x0800853c   0x000002a8   Code   RO         1333    .text               cpu_core.o
    0x080087e4   0x0000077c   Code   RO         1359    .text               cpu_c.o
    0x08008f60   0x00000034   Code   RO         1371    .text               cpu_a.o
    0x08008f94   0x0000026c   Code   RO         1374    .text               os_cpu_c.o
    0x08009200   0x00000002   Code   RO         1395    .text               os_cfg_app.o
    0x08009202   0x00000002   PAD
    0x08009204   0x00000d9c   Code   RO         1418    .text               os_core.o
    0x08009fa0   0x000001ac   Code   RO         1430    .text               os_dbg.o
    0x0800a14c   0x00000af8   Code   RO         1445    .text               os_flag.o
    0x0800ac44   0x000001fc   Code   RO         1463    .text               os_mem.o
    0x0800ae40   0x00000228   Code   RO         1475    .text               os_msg.o
    0x0800b068   0x0000078c   Code   RO         1487    .text               os_mutex.o
    0x0800b7f4   0x0000007c   Code   RO         1511    .text               os_prio.o
    0x0800b870   0x000006d8   Code   RO         1530    .text               os_q.o
    0x0800bf48   0x000006e8   Code   RO         1542    .text               os_sem.o
    0x0800c630   0x000005a8   Code   RO         1554    .text               os_stat.o
    0x0800cbd8   0x00001360   Code   RO         1566    .text               os_task.o
    0x0800df38   0x00000484   Code   RO         1578    .text               os_tick.o
    0x0800e3bc   0x0000045c   Code   RO         1590    .text               os_time.o
    0x0800e818   0x000007f8   Code   RO         1602    .text               os_tmr.o
    0x0800f010   0x00000018   Code   RO         1631    .text               cstartup.o
    0x0800f028   0x000004b8   Code   RO         1636    .text               sys_arch.o
    0x0800f4e0   0x0000033c   Code   RO         1674    .text               rawudp.o
    0x0800f81c   0x000002f4   Code   RO         1703    .text               dhcp.o
    0x0800fb10   0x0000010c   Code   RO         1744    .text               lwip_comm_1.o
    0x0800fc1c   0x00000360   Code   RO         2027    .text               tcpip.o
    0x0800ff7c   0x000001b4   Code   RO         2060    .text               ethernet.o
    0x08010130   0x000001f4   Code   RO         2088    .text               ethernetif.o
    0x08010324   0x00000158   Code   RO         2129    .text               def.o
    0x0801047c   0x00000328   Code   RO         2156    .text               inet_chksum.o
    0x080107a4   0x00000088   Code   RO         2175    .text               init.o
    0x0801082c   0x00000728   Code   RO         2230    .text               mem.o
    0x08010f54   0x00000268   Code   RO         2257    .text               memp.o
    0x080111bc   0x00000334   Code   RO         2312    .text               netif.o
    0x080114f0   0x0000121c   Code   RO         2351    .text               pbuf.o
    0x0801270c   0x000016c0   Code   RO         2406    .text               tcp.o
    0x08013dcc   0x000019b8   Code   RO         2438    .text               tcp_in.o
    0x08015784   0x00001542   Code   RO         2468    .text               tcp_out.o
    0x08016cc6   0x00000002   PAD
    0x08016cc8   0x00000358   Code   RO         2492    .text               timeouts.o
    0x08017020   0x000005e0   Code   RO         2518    .text               udp.o
    0x08017600   0x00001ab4   Code   RO         2556    .text               dhcp_1.o
    0x080190b4   0x00000d60   Code   RO         2583    .text               etharp.o
    0x08019e14   0x00000374   Code   RO         2606    .text               icmp.o
    0x0801a188   0x000004f8   Code   RO         2635    .text               ip4.o
    0x0801a680   0x00000350   Code   RO         2653    .text               ip4_addr.o
    0x0801a9d0   0x00000ab8   Code   RO         2680    .text               ip4_frag.o
    0x0801b488   0x00000024   Code   RO         2703    .text               mc_w.l(memcpya.o)
    0x0801b4ac   0x00000024   Code   RO         2705    .text               mc_w.l(memseta.o)
    0x0801b4d0   0x0000000e   Code   RO         2709    .text               mc_w.l(strlen.o)
    0x0801b4de   0x0000001c   Code   RO         2711    .text               mc_w.l(strcmp.o)
    0x0801b4fa   0x0000001a   Code   RO         2713    .text               mc_w.l(memcmp.o)
    0x0801b514   0x0000001e   Code   RO         2715    .text               mc_w.l(strncmp.o)
    0x0801b532   0x0000002c   Code   RO         2997    .text               mc_w.l(uidiv.o)
    0x0801b55e   0x00000002   PAD
    0x0801b560   0x00000024   Code   RO         3012    .text               mc_w.l(init.o)
    0x0801b584   0x00000000   Code   RO         3014    .text               mc_w.l(semi.o)
    0x0801b584   0x00000000   Code   RO         3021    .text               mc_w.l(iusesemip.o)
    0x0801b584   0x00000056   Code   RO         3032    .text               mc_w.l(__dczerorl2.o)
    0x0801b5da   0x00000002   PAD
    0x0801b5dc   0x00000084   Code   RO         1392    CODE                os_cpu_a.o
    0x0801b660   0x00000020   Code   RO         2808    i.__0printf$3       mc_w.l(printf3.o)
    0x0801b680   0x00000028   Code   RO         2810    i.__0sprintf$3      mc_w.l(printf3.o)
    0x0801b6a8   0x0000000e   Code   RO         3026    i.__scatterload_copy  mc_w.l(handlers.o)
    0x0801b6b6   0x00000002   Code   RO         3027    i.__scatterload_null  mc_w.l(handlers.o)
    0x0801b6b8   0x0000000e   Code   RO         3028    i.__scatterload_zeroinit  mc_w.l(handlers.o)
    0x0801b6c6   0x00000002   PAD
    0x0801b6c8   0x000001b8   Code   RO         2815    i._printf_core      mc_w.l(printf3.o)
    0x0801b880   0x0000000a   Code   RO         2817    i._sputc            mc_w.l(printf3.o)
    0x0801b88a   0x00000012   Code   RO         2994    i.fputc             mc_w.l(fputc.o)
    0x0801b89c   0x00000200   Data   RO          400    .constdata          protocol.o
    0x0801ba9c   0x00000094   Data   RO         1314    .constdata          lib_str.o
    0x0801bb30   0x00000100   Data   RO         1335    .constdata          cpu_core.o
    0x0801bc30   0x000000a4   Data   RO         1397    .constdata          os_cfg_app.o
    0x0801bcd4   0x0000016c   Data   RO         1431    .constdata          os_dbg.o
    0x0801be40   0x00000004   Data   RO         1638    .constdata          sys_arch.o
    0x0801be44   0x0000000c   Data   RO         2061    .constdata          ethernet.o
    0x0801be50   0x000000c0   Data   RO         2259    .constdata          memp.o
    0x0801bf10   0x00000050   Data   RO         2407    .constdata          tcp.o
    0x0801bf60   0x00000028   Data   RO         2493    .constdata          timeouts.o
    0x0801bf88   0x00000008   Data   RO         2655    .constdata          ip4_addr.o
    0x0801bf90   0x00000048   Data   RO         2130    .conststring        def.o
    0x0801bfd8   0x00000041   Data   RO         2176    .conststring        init.o
    0x0801c019   0x00000003   PAD
    0x0801c01c   0x00000075   Data   RO         2408    .conststring        tcp.o
    0x0801c091   0x00000003   PAD
    0x0801c094   0x00000055   Data   RO         2469    .conststring        tcp_out.o
    0x0801c0e9   0x00000003   PAD
    0x0801c0ec   0x0000008c   Data   RO         2558    .conststring        dhcp_1.o
    0x0801c178   0x00000041   Data   RO         2585    .conststring        etharp.o
    0x0801c1b9   0x00000003   PAD
    0x0801c1bc   0x00000020   Data   RO         3024    Region$$Table       anon$$obj.o


    Execution Region RW_IRAM1 (Base: 0x20000000, Size: 0x00014b10, Max: 0x00020000, ABSOLUTE, COMPRESSED[0x00000034])

    Base Addr    Size         Type   Attr      Idx    E Section Name        Object

    0x20000000   0x00000014   Data   RW          377    .data               system_stm32f2xx.o
    0x20000014   0x0000000c   Data   RW          401    .data               protocol.o
    0x20000020   0x0000001d   Data   RW          606    .data               usart.o
    0x2000003d   0x00000001   PAD
    0x2000003e   0x00000007   Data   RW          631    .data               gprs.o
    0x20000045   0x00000003   PAD
    0x20000048   0x0000000f   Data   RW          652    .data               timer.o
    0x20000057   0x00000001   PAD
    0x20000058   0x00000010   Data   RW          842    .data               stm32f2x7_eth.o
    0x20000068   0x00000010   Data   RW         1133    .data               stm32f2xx_rcc.o
    0x20000078   0x00000004   Data   RW         1296    .data               lib_mem.o
    0x2000007c   0x00000004   Data   RW         1336    .data               cpu_core.o
    0x20000080   0x00000004   Data   RW         1375    .data               os_cpu_c.o
    0x20000084   0x00000008   Data   RW         1512    .data               os_prio.o
    0x2000008c   0x000000b4   Data   RW         1615    .data               os_var.o
    0x20000140   0x00000009   Data   RW         1676    .data               rawudp.o
    0x20000149   0x00000003   PAD
    0x2000014c   0x00000008   Data   RW         2029    .data               tcpip.o
    0x20000154   0x0000000c   Data   RW         2232    .data               mem.o
    0x20000160   0x00000030   Data   RW         2260    .data               memp.o
    0x20000190   0x00000009   Data   RW         2313    .data               netif.o
    0x20000199   0x00000003   PAD
    0x2000019c   0x00000020   Data   RW         2409    .data               tcp.o
    0x200001bc   0x00000028   Data   RW         2440    .data               tcp_in.o
    0x200001e4   0x0000000c   Data   RW         2494    .data               timeouts.o
    0x200001f0   0x00000008   Data   RW         2519    .data               udp.o
    0x200001f8   0x00000018   Data   RW         2559    .data               dhcp_1.o
    0x20000210   0x00000001   Data   RW         2586    .data               etharp.o
    0x20000211   0x00000001   PAD
    0x20000212   0x00000002   Data   RW         2636    .data               ip4.o
    0x20000214   0x00000006   Data   RW         2681    .data               ip4_frag.o
    0x2000021a   0x00000002   PAD
    0x2000021c   0x00000004   Data   RW         2996    .data               mc_w.l(stdout.o)
    0x20000220   0x00001980   Zero   RW            3    .bss                app.o
    0x20001ba0   0x0000024c   Zero   RW          399    .bss                protocol.o
    0x20001dec   0x00001f4c   Zero   RW          421    .bss                translate.o
    0x20003d38   0x00000148   Zero   RW          475    .bss                bsp_int.o
    0x20003e80   0x00001000   Zero   RW          582    .bss                w25qxx.o
    0x20004e80   0x00000202   Zero   RW          605    .bss                usart.o
    0x20005082   0x00000002   PAD
    0x20005084   0x0000002c   Zero   RW          651    .bss                timer.o
    0x200050b0   0x00003cd4   Zero   RW          841    .bss                stm32f2x7_eth.o
    0x20008d84   0x00002448   Zero   RW         1295    .bss                lib_mem.o
    0x2000b1cc   0x00000010   Zero   RW         1334    .bss                cpu_core.o
    0x2000b1dc   0x00001340   Zero   RW         1396    .bss                os_cfg_app.o
    0x2000c51c   0x0000061c   Zero   RW         1614    .bss                os_var.o
    0x2000cb38   0x00001064   Zero   RW         1637    .bss                sys_arch.o
    0x2000db9c   0x000008c4   Zero   RW         1675    .bss                rawudp.o
    0x2000e460   0x000002c4   Zero   RW         1704    .bss                dhcp.o
    0x2000e724   0x0000004c   Zero   RW         1745    .bss                lwip_comm_1.o
    0x2000e770   0x00000058   Zero   RW         2028    .bss                tcpip.o
    0x2000e7c8   0x00000018   Zero   RW         2214    .bss                ip.o
    0x2000e7e0   0x0000143c   Zero   RW         2231    .bss                mem.o
    0x2000fc1c   0x000049c4   Zero   RW         2258    .bss                memp.o
    0x200145e0   0x00000010   Zero   RW         2439    .bss                tcp_in.o
    0x200145f0   0x00000020   Zero   RW         2557    .bss                dhcp_1.o
    0x20014610   0x000000f0   Zero   RW         2584    .bss                etharp.o
    0x20014700   0x00000010   Zero   RW         2654    .bss                ip4_addr.o
    0x20014710   0x00000400   Zero   RW         1628    STACK               cstartup.o


==============================================================================

Image component sizes


      Code (inc. data)   RO Data    RW Data    ZI Data      Debug   Object Name

         0          0          0          0          0       2335   api_lib.o
         0          0          0          0          0       2923   api_msg.o
       952        254          0          0       6528     377288   app.o
      1616         60          0          0          0      21495   bsp.o
      1064         10          0          0        328      13598   bsp_int.o
         0          0          0          0          0        564   bsp_ser.o
        52          0          0          0          0        316   cpu_a.o
      1916        102          0          0          0       3489   cpu_c.o
       680         14        256          4         16      14200   cpu_core.o
        24          6        388          0       1024        608   cstartup.o
       344          4         72          0          0       2566   def.o
       756        338          0          0        708       6706   dhcp.o
      6836       1234        140         24         32      18244   dhcp_1.o
      3424        560         65          1        240       8231   etharp.o
       436        128         12          0          0       2068   ethernet.o
       500        116          0          0          0       3203   ethernetif.o
         0          0          0          7          0       3527   gprs.o
       884        228          0          0          0       3170   icmp.o
       808         86          0          0          0       4500   inet_chksum.o
       136         68         65          0          0        468   init.o
         0          0          0          0         24       2910   ip.o
      1272        150          0          2          0       4429   ip4.o
       848         98          8          0         16       9074   ip4_addr.o
      2744        492          0          6          0       7798   ip4_frag.o
       844         38          0          0          0       3404   lan8720.o
       598          0          0          0          0       3856   lib_ascii.o
      3780         62          0          4       9288      24888   lib_mem.o
       544          0          0          0          0        460   lib_mem_a.o
      2344          4        148          0          0      13710   lib_str.o
       268         40          0          0         76       5549   lwip_comm_1.o
      1832        552          0         12       5180       4002   mem.o
       616        216        192         48      18884       8864   memp.o
       224         20          0          0          0       1849   misc.o
         0          0          0          0          0       6984   netbuf.o
       820        110          0          9          0       7381   netif.o
         2          0        164          0       4928      19498   os_cfg_app.o
      3484        272          0          0          0      12211   os_core.o
       132         32          0          0          0        360   os_cpu_a.o
       620         66          0          4          0       3697   os_cpu_c.o
       428        280        364          0          0       4697   os_dbg.o
      2808         84          0          0          0       7683   os_flag.o
       508         16          0          0          0       2696   os_mem.o
       552         14          0          0          0       2614   os_msg.o
      1932         84          0          0          0       5218   os_mutex.o
       124          4          0          8          0       1668   os_prio.o
      1752         58          0          0          0       6112   os_q.o
      1768         58          0          0          0       6152   os_sem.o
      1448        150          0          0          0       2733   os_stat.o
      4960        188          0          0          0      13346   os_task.o
      1156         74          0          0          0       3189   os_tick.o
      1116         54          0          0          0       3141   os_time.o
      2040        134          0          0          0       6630   os_tmr.o
         0          0          0        180       1564      18073   os_var.o
      4636       1284          0          0          0      13130   pbuf.o
      2444        446        512         12        588       8592   protocol.o
       828        132          0          9       2244       2973   rawudp.o
       732         88          0          0          0       3097   rtc.o
       132          4          0          0          0        727   spi.o
      3636        100          0         16      15572      19920   stm32f2x7_eth.o
       284         10          0          0          0       2307   stm32f2xx_exti.o
       604         36          0          0          0       4009   stm32f2xx_gpio.o
        64          6          0          0          0       1293   stm32f2xx_iwdg.o
       216         12          0          0          0       2276   stm32f2xx_pwr.o
      1416         48          0         16          0      10991   stm32f2xx_rcc.o
      2824         36          0          0          0      12101   stm32f2xx_rtc.o
       936         22          0          0          0       6412   stm32f2xx_spi.o
       140         12          0          0          0       1531   stm32f2xx_syscfg.o
      3234         60          0          0          0      22896   stm32f2xx_tim.o
      1050         26          0          0          0       7744   stm32f2xx_usart.o
      1208        270          4          0       4196      10271   sys_arch.o
       480         40          0         20          0       1719   system_stm32f2xx.o
      5824       1148        197         32          0      25030   tcp.o
      6584       1076          0         40         16      15805   tcp_in.o
      5442        996         85          0          0      19646   tcp_out.o
       864        238          0          8         88       6642   tcpip.o
       856        170         40         12          0       4597   timeouts.o
       388         32          0         15         44       3425   timer.o
       668        166          0          0       8012       3338   translate.o
      1504        152          0          8          0       8410   udp.o
      1676         72          0         29        514       5603   usart.o
       808         30          0          0       4096       3808   w25qxx.o

    ----------------------------------------------------------------------
    111476      13270       2756        540      84208     942668   Object Totals
         0          0         32          0          0          0   (incl. Generated)
         6          0         12         14          2          0   (incl. Padding)

    ----------------------------------------------------------------------

      Code (inc. data)   RO Data    RW Data    ZI Data      Debug   Library Member Name

        86          0          0          0          0          0   __dczerorl2.o
         0          0          0          0          0          0   entry.o
         0          0          0          0          0          0   entry10a.o
         0          0          0          0          0          0   entry11a.o
         8          4          0          0          0          0   entry2.o
         4          0          0          0          0          0   entry5.o
         0          0          0          0          0          0   entry7b.o
         0          0          0          0          0          0   entry8b.o
         8          4          0          0          0          0   entry9a.o
        18          0          0          0          0         80   fputc.o
        30          0          0          0          0          0   handlers.o
        36          8          0          0          0         68   init.o
         0          0          0          0          0          0   iusesemip.o
        26          0          0          0          0         80   memcmp.o
        36          0          0          0          0         68   memcpya.o
        36          0          0          0          0        108   memseta.o
       522         20          0          0          0        336   printf3.o
         0          0          0          0          0          0   semi.o
         0          0          0          4          0          0   stdout.o
        28          0          0          0          0         76   strcmp.o
        14          0          0          0          0         68   strlen.o
        30          0          0          0          0         80   strncmp.o
        44          0          0          0          0         80   uidiv.o

    ----------------------------------------------------------------------
       932         36          0          4          0       1044   Library Totals
         6          0          0          0          0          0   (incl. Padding)

    ----------------------------------------------------------------------

      Code (inc. data)   RO Data    RW Data    ZI Data      Debug   Library Name

       926         36          0          4          0       1044   mc_w.l

    ----------------------------------------------------------------------
       932         36          0          4          0       1044   Library Totals

    ----------------------------------------------------------------------

==============================================================================


      Code (inc. data)   RO Data    RW Data    ZI Data      Debug   

    112408      13306       2756        544      84208     936352   Grand Totals
    112408      13306       2756         52      84208     936352   ELF Image Totals (compressed)
    112408      13306       2756         52          0          0   ROM Totals

==============================================================================

    Total RO  Size (Code + RO Data)               115164 ( 112.46kB)
    Total RW  Size (RW Data + ZI Data)             84752 (  82.77kB)
    Total ROM Size (Code + RO Data + RW Data)     115216 ( 112.52kB)

==============================================================================

