<html>
<body>
<pre>
<h1>µVision Build Log</h1>
<h2>Tool Versions:</h2>
IDE-Version: ¦ÌVision V5.18.0.0
Copyright (C) 2016 ARM Ltd and ARM Germany GmbH. All rights reserved.
License Information: dk dk, dk, LIC=JDAQD-8X2UW-SEYH0-BA29V-YLS2E-BKCHM
 
Tool Versions:
Toolchain:       MDK-ARM Professional  Version: 5.18
Toolchain Path:  D:\Keil_v5\ARM\ARMCC\Bin
C Compiler:      Armcc.exe V5.06 update 1 (build 61)
Assembler:       Armasm.exe V5.06 update 1 (build 61)
Linker/Locator:  ArmLink.exe V5.06 update 1 (build 61)
Library Manager: ArmAr.exe V5.06 update 1 (build 61)
Hex Converter:   FromElf.exe V5.06 update 1 (build 61)
CPU DLL:         SARMCM3.DLL V5.18
Dialog DLL:      DCM.DLL V1.13.6.0
Target DLL:      STLink\ST-LINKIII-KEIL_SWO.dll V2.0.18.0
Dialog DLL:      TCM.DLL V1.14.8.0
 
<h2>Project:</h2>
E:\github\gatewayapp\src\project\uCOS-III.uvprojx
Project File Date:  01/23/2018

<h2>Output:</h2>
*** Using Compiler 'V5.06 update 1 (build 61)', folder: 'D:\Keil_v5\ARM\ARMCC\Bin'
Rebuild target 'uCOS-III'
compiling os_app_hooks.c...
compiling system_stm32f2xx.c...
compiling app.c...
compiling protocol.c...
compiling translate.c...
compiling bsp.c...
compiling bsp_int.c...
compiling bsp_ioe.c...
compiling bsp_lcd.c...
compiling bsp_os.c...
compiling bsp_ser.c...
compiling w25qxx.c...
compiling usart.c...
compiling gprs.c...
compiling timer.c...
compiling spi.c...
compiling lan8720.c...
compiling rtc.c...
compiling button.c...
compiling diskio.c...
compiling flash.c...
compiling ffsystem.c...
compiling ffunicode.c...
compiling ff.c...
compiling misc.c...
compiling stm32f2x7_eth.c...
compiling stm32f2xx_adc.c...
compiling stm32f2xx_crc.c...
compiling stm32f2xx_cryp.c...
compiling stm32f2xx_cryp_aes.c...
compiling stm32f2xx_cryp_des.c...
compiling stm32f2xx_cryp_tdes.c...
compiling stm32f2xx_dac.c...
compiling stm32f2xx_dcmi.c...
compiling stm32f2xx_dma.c...
compiling stm32f2xx_exti.c...
compiling stm32f2xx_gpio.c...
compiling stm32f2xx_fsmc.c...
compiling stm32f2xx_flash.c...
compiling stm32f2xx_iwdg.c...
compiling stm32f2xx_pwr.c...
compiling stm32f2xx_i2c.c...
compiling stm32f2xx_rng.c...
compiling stm32f2xx_rtc.c...
compiling stm32f2xx_rcc.c...
compiling stm32f2xx_spi.c...
compiling stm32f2xx_syscfg.c...
compiling stm32f2xx_tim.c...
compiling lib_ascii.c...
compiling lib_math.c...
compiling stm32f2xx_wwdg.c...
compiling stm32f2xx_usart.c...
compiling lib_mem.c...
compiling lib_str.c...
assembling lib_mem_a.asm...
assembling cpu_a.asm...
compiling cpu_core.c...
compiling cpu_c.c...
assembling os_cpu_a.s...
compiling os_cpu_c.c...
compiling os_cfg_app.c...
compiling os_dbg.c...
compiling os_flag.c...
compiling os_core.c...
compiling os_msg.c...
compiling os_int.c...
compiling os_mem.c...
compiling os_prio.c...
compiling os_pend_multi.c...
compiling os_mutex.c...
compiling os_sem.c...
compiling os_stat.c...
compiling os_q.c...
compiling os_tick.c...
compiling os_time.c...
compiling os_task.c...
compiling os_var.c...
assembling cstartup.s...
compiling os_tmr.c...
compiling sys_arch.c...
compiling dhcp.c...
compiling rawudp.c...
compiling lwip_comm.c...
compiling api_lib.c...
compiling api_msg.c...
compiling netbuf.c...
compiling netdb.c...
compiling err.c...
compiling netifapi.c...
compiling tcpip.c...
compiling sockets.c...
compiling ethernet.c...
compiling ethernetif.c...
compiling def.c...
compiling dns.c...
compiling inet_chksum.c...
compiling init.c...
compiling ip.c...
compiling mem.c...
compiling memp.c...
compiling netif.c...
compiling raw.c...
compiling pbuf.c...
compiling stats.c...
compiling sys.c...
compiling tcp.c...
compiling tcp_in.c...
compiling timeouts.c...
compiling tcp_out.c...
compiling udp.c...
compiling autoip.c...
compiling dhcp.c...
compiling etharp.c...
compiling igmp.c...
compiling icmp.c...
compiling ip4.c...
compiling ip4_frag.c...
compiling ip4_addr.c...
linking...
Program Size: Code=112480 RO-data=2756 RW-data=544 ZI-data=84208  
FromELF: creating hex file...
".\Obj\uCOS-III.axf" - 0 Error(s), 0 Warning(s).

<h2>Software Packages used:</h2>

Package Vendor: ARM
                http://www.keil.com/pack/ARM.CMSIS.4.5.0.pack
                ARM::CMSIS:CORE:4.3.0
                CMSIS (Cortex Microcontroller Software Interface Standard)
   * Component: CORE Version: 4.3.0

<h2>Collection of Component include folders:</h2>
  E:\github\gatewayapp\src\project\RTE
  D:\Keil_v5\ARM\PACK\ARM\CMSIS\4.5.0\CMSIS\Include
  D:\Keil_v5\ARM\PACK\Keil\STM32F2xx_DFP\2.7.0\Drivers\CMSIS\Device\ST\STM32F2xx\Include

<h2>Collection of Component Files used:</h2>

   * Component: ARM::CMSIS:CORE:4.3.0
Build Time Elapsed:  00:00:59
</pre>
</body>
</html>
